AF-A0A0R2YED9-F1-model_v4_conserved	AF-A0A0R2YED9-F1-model_v4_conserved	1.007E+00	1.000E+00	1.000E+00	100.000	140	140	140
AF-A0A0R2YED9-F1-model_v4_conserved	AF-A0A649UEZ7-F1-model_v4_conserved	1.004E+00	9.966E-01	9.966E-01	99.200	140	140	140
AF-A0A0R2YED9-F1-model_v4_conserved	Q9RMI1_conserved	1.001E+00	9.724E-01	9.865E-01	92.700	140	137	138
AF-A0A0R2YED9-F1-model_v4_conserved	AF-A0A4Y5ULP0-F1-model_v4_conserved	1.001E+00	9.729E-01	9.729E-01	99.200	140	137	140
AF-A0A0R2YED9-F1-model_v4_conserved	AF-A0A7D4P6F2-F1-model_v4_conserved	9.937E-01	9.656E-01	9.656E-01	77.300	140	137	140
AF-A0A0R2YED9-F1-model_v4_conserved	Q6XL59_conserved	9.951E-01	9.668E-01	9.600E-01	78.800	140	137	141
AF-A0A0R2YED9-F1-model_v4_conserved	Q44079_conserved	1.001E+00	9.650E-01	9.582E-01	81.600	140	136	141
AF-A0A0R2YED9-F1-model_v4_conserved	Q6XL58_conserved	1.000E+00	9.645E-01	9.577E-01	82.300	140	136	141
AF-A0A0R2YED9-F1-model_v4_conserved	Q6XL60_conserved	1.000E+00	9.645E-01	9.577E-01	80.800	140	136	141
AF-A0A0R2YED9-F1-model_v4_conserved	Q6XL57_conserved	9.998E-01	9.643E-01	9.575E-01	82.300	140	136	141
AF-A0A0R2YED9-F1-model_v4_conserved	Q6X1Z3_conserved	9.998E-01	9.643E-01	9.575E-01	81.600	140	136	141
AF-A0A0R2YED9-F1-model_v4_conserved	Q8KQ24_conserved	9.997E-01	9.642E-01	9.573E-01	82.300	140	136	141
AF-A0A0R2YED9-F1-model_v4_conserved	AF-A0A6B9URS2-F1-model_v4_conserved	1.004E+00	9.612E-01	9.544E-01	80.000	140	135	141
AF-A0A4Y5ULP0-F1-model_v4_conserved	AF-A0A4Y5ULP0-F1-model_v4_conserved	1.007E+00	1.000E+00	1.000E+00	100.000	140	140	140
AF-A0A4Y5ULP0-F1-model_v4_conserved	Q9RMI1_conserved	1.004E+00	9.684E-01	9.824E-01	93.300	140	136	138
AF-A0A4Y5ULP0-F1-model_v4_conserved	AF-A0A0R2YED9-F1-model_v4_conserved	1.001E+00	9.729E-01	9.729E-01	99.200	140	137	140
AF-A0A4Y5ULP0-F1-model_v4_conserved	AF-A0A649UEZ7-F1-model_v4_conserved	1.001E+00	9.728E-01	9.728E-01	100.000	140	137	140
AF-A0A4Y5ULP0-F1-model_v4_conserved	AF-A0A7D4P6F2-F1-model_v4_conserved	9.804E-01	9.665E-01	9.665E-01	76.900	140	139	140
AF-A0A4Y5ULP0-F1-model_v4_conserved	Q6XL59_conserved	1.001E+00	9.651E-01	9.582E-01	80.100	140	136	141
AF-A0A4Y5ULP0-F1-model_v4_conserved	Q44079_conserved	1.001E+00	9.650E-01	9.582E-01	82.300	140	136	141
AF-A0A4Y5ULP0-F1-model_v4_conserved	Q6XL58_conserved	1.000E+00	9.646E-01	9.578E-01	83.000	140	136	141
AF-A0A4Y5ULP0-F1-model_v4_conserved	Q6XL60_conserved	1.000E+00	9.646E-01	9.577E-01	81.600	140	136	141
AF-A0A4Y5ULP0-F1-model_v4_conserved	Q6X1Z3_conserved	9.999E-01	9.644E-01	9.576E-01	82.300	140	136	141
AF-A0A4Y5ULP0-F1-model_v4_conserved	Q6XL57_conserved	9.999E-01	9.644E-01	9.576E-01	83.000	140	136	141
AF-A0A4Y5ULP0-F1-model_v4_conserved	Q8KQ24_conserved	9.998E-01	9.643E-01	9.575E-01	83.000	140	136	141
AF-A0A4Y5ULP0-F1-model_v4_conserved	AF-A0A6B9URS2-F1-model_v4_conserved	1.004E+00	9.613E-01	9.545E-01	80.700	140	135	141
AF-A0A649UEZ7-F1-model_v4_conserved	AF-A0A649UEZ7-F1-model_v4_conserved	1.007E+00	1.000E+00	1.000E+00	100.000	140	140	140
AF-A0A649UEZ7-F1-model_v4_conserved	AF-A0A0R2YED9-F1-model_v4_conserved	1.004E+00	9.966E-01	9.966E-01	99.200	140	140	140
AF-A0A649UEZ7-F1-model_v4_conserved	Q9RMI1_conserved	1.001E+00	9.725E-01	9.866E-01	93.400	140	137	138
AF-A0A649UEZ7-F1-model_v4_conserved	AF-A0A4Y5ULP0-F1-model_v4_conserved	1.001E+00	9.728E-01	9.728E-01	100.000	140	137	140
AF-A0A649UEZ7-F1-model_v4_conserved	AF-A0A7D4P6F2-F1-model_v4_conserved	9.937E-01	9.656E-01	9.656E-01	78.100	140	137	140
AF-A0A649UEZ7-F1-model_v4_conserved	Q6XL59_conserved	9.954E-01	9.671E-01	9.603E-01	79.500	140	137	141
AF-A0A649UEZ7-F1-model_v4_conserved	Q44079_conserved	1.001E+00	9.653E-01	9.585E-01	82.300	140	136	141
AF-A0A649UEZ7-F1-model_v4_conserved	Q6XL60_conserved	1.000E+00	9.648E-01	9.580E-01	81.600	140	136	141
AF-A0A649UEZ7-F1-model_v4_conserved	Q6XL58_conserved	1.000E+00	9.648E-01	9.580E-01	83.000	140	136	141
AF-A0A649UEZ7-F1-model_v4_conserved	Q6XL57_conserved	1.000E+00	9.646E-01	9.578E-01	83.000	140	136	141
AF-A0A649UEZ7-F1-model_v4_conserved	Q6X1Z3_conserved	1.000E+00	9.646E-01	9.578E-01	82.300	140	136	141
AF-A0A649UEZ7-F1-model_v4_conserved	Q8KQ24_conserved	1.000E+00	9.645E-01	9.576E-01	83.000	140	136	141
AF-A0A649UEZ7-F1-model_v4_conserved	AF-A0A6B9URS2-F1-model_v4_conserved	1.004E+00	9.614E-01	9.546E-01	80.700	140	135	141
AF-A0A6B9URS2-F1-model_v4_conserved	AF-A0A6B9URS2-F1-model_v4_conserved	1.007E+00	1.000E+00	1.000E+00	100.000	141	141	141
AF-A0A6B9URS2-F1-model_v4_conserved	Q9RMI1_conserved	1.005E+00	9.548E-01	9.755E-01	83.700	141	135	138
AF-A0A6B9URS2-F1-model_v4_conserved	Q6XL58_conserved	9.901E-01	9.623E-01	9.623E-01	83.400	141	139	141
AF-A0A6B9URS2-F1-model_v4_conserved	Q6XL57_conserved	9.951E-01	9.600E-01	9.600E-01	83.300	141	138	141
AF-A0A6B9URS2-F1-model_v4_conserved	AF-A0A649UEZ7-F1-model_v4_conserved	1.004E+00	9.546E-01	9.614E-01	80.700	141	135	140
AF-A0A6B9URS2-F1-model_v4_conserved	AF-A0A4Y5ULP0-F1-model_v4_conserved	1.004E+00	9.545E-01	9.613E-01	80.700	141	135	140
AF-A0A6B9URS2-F1-model_v4_conserved	AF-A0A0R2YED9-F1-model_v4_conserved	1.004E+00	9.544E-01	9.612E-01	80.000	141	135	140
AF-A0A6B9URS2-F1-model_v4_conserved	Q6XL59_conserved	1.000E+00	9.580E-01	9.580E-01	83.200	141	137	141
AF-A0A6B9URS2-F1-model_v4_conserved	Q6XL60_conserved	1.000E+00	9.577E-01	9.577E-01	83.900	141	137	141
AF-A0A6B9URS2-F1-model_v4_conserved	Q6X1Z3_conserved	9.999E-01	9.576E-01	9.576E-01	83.200	141	137	141
AF-A0A6B9URS2-F1-model_v4_conserved	Q8KQ24_conserved	1.004E+00	9.546E-01	9.546E-01	85.100	141	135	141
AF-A0A6B9URS2-F1-model_v4_conserved	Q44079_conserved	1.004E+00	9.545E-01	9.545E-01	85.900	141	135	141
AF-A0A6B9URS2-F1-model_v4_conserved	AF-A0A7D4P6F2-F1-model_v4_conserved	1.000E+00	9.509E-01	9.576E-01	73.300	141	135	140
AF-A0A7D4P6F2-F1-model_v4_conserved	AF-A0A7D4P6F2-F1-model_v4_conserved	1.007E+00	1.000E+00	1.000E+00	100.000	140	140	140
AF-A0A7D4P6F2-F1-model_v4_conserved	Q9RMI1_conserved	9.925E-01	9.644E-01	9.783E-01	78.100	140	137	138
AF-A0A7D4P6F2-F1-model_v4_conserved	Q6XL59_conserved	1.002E+00	9.668E-01	9.600E-01	83.000	140	136	141
AF-A0A7D4P6F2-F1-model_v4_conserved	AF-A0A0R2YED9-F1-model_v4_conserved	9.937E-01	9.656E-01	9.656E-01	77.300	140	137	140
AF-A0A7D4P6F2-F1-model_v4_conserved	AF-A0A4Y5ULP0-F1-model_v4_conserved	9.804E-01	9.665E-01	9.665E-01	76.900	140	139	140
AF-A0A7D4P6F2-F1-model_v4_conserved	AF-A0A649UEZ7-F1-model_v4_conserved	9.937E-01	9.656E-01	9.656E-01	78.100	140	137	140
AF-A0A7D4P6F2-F1-model_v4_conserved	Q6XL58_conserved	1.002E+00	9.666E-01	9.598E-01	84.500	140	136	141
AF-A0A7D4P6F2-F1-model_v4_conserved	Q6X1Z3_conserved	1.002E+00	9.666E-01	9.597E-01	83.800	140	136	141
AF-A0A7D4P6F2-F1-model_v4_conserved	Q44079_conserved	1.002E+00	9.666E-01	9.597E-01	85.200	140	136	141
AF-A0A7D4P6F2-F1-model_v4_conserved	Q8KQ24_conserved	1.002E+00	9.666E-01	9.597E-01	83.800	140	136	141
AF-A0A7D4P6F2-F1-model_v4_conserved	Q6XL57_conserved	1.002E+00	9.665E-01	9.596E-01	84.500	140	136	141
AF-A0A7D4P6F2-F1-model_v4_conserved	Q6XL60_conserved	1.002E+00	9.664E-01	9.596E-01	83.000	140	136	141
AF-A0A7D4P6F2-F1-model_v4_conserved	AF-A0A6B9URS2-F1-model_v4_conserved	1.000E+00	9.576E-01	9.509E-01	73.300	140	135	141
Q44079_conserved	Q44079_conserved	1.007E+00	1.000E+00	1.000E+00	100.000	141	141	141
Q44079_conserved	Q6X1Z3_conserved	9.944E-01	9.804E-01	9.804E-01	97.100	141	140	141
Q44079_conserved	Q6XL60_conserved	9.940E-01	9.800E-01	9.800E-01	95.700	141	140	141
Q44079_conserved	Q8KQ24_conserved	9.940E-01	9.799E-01	9.799E-01	97.100	141	140	141
Q44079_conserved	Q9RMI1_conserved	1.003E+00	9.604E-01	9.812E-01	86.000	141	136	138
Q44079_conserved	Q6XL58_conserved	1.003E+00	9.672E-01	9.672E-01	97.800	141	137	141
Q44079_conserved	Q6XL57_conserved	1.003E+00	9.671E-01	9.671E-01	97.800	141	137	141
Q44079_conserved	Q6XL59_conserved	1.002E+00	9.669E-01	9.669E-01	97.800	141	137	141
Q44079_conserved	AF-A0A7D4P6F2-F1-model_v4_conserved	1.002E+00	9.597E-01	9.666E-01	85.200	141	136	140
Q44079_conserved	AF-A0A649UEZ7-F1-model_v4_conserved	1.001E+00	9.585E-01	9.653E-01	82.300	141	136	140
Q44079_conserved	AF-A0A4Y5ULP0-F1-model_v4_conserved	1.001E+00	9.582E-01	9.650E-01	82.300	141	136	140
Q44079_conserved	AF-A0A0R2YED9-F1-model_v4_conserved	1.001E+00	9.582E-01	9.650E-01	81.600	141	136	140
Q44079_conserved	AF-A0A6B9URS2-F1-model_v4_conserved	1.004E+00	9.545E-01	9.545E-01	85.900	141	135	141
Q6X1Z3_conserved	Q6X1Z3_conserved	1.007E+00	1.000E+00	1.000E+00	100.000	141	141	141
Q6X1Z3_conserved	Q6XL60_conserved	1.004E+00	9.969E-01	9.969E-01	97.100	141	141	141
Q6X1Z3_conserved	Q8KQ24_conserved	9.996E-01	9.925E-01	9.925E-01	98.500	141	141	141
Q6X1Z3_conserved	Q44079_conserved	9.944E-01	9.804E-01	9.804E-01	97.100	141	140	141
Q6X1Z3_conserved	Q6XL57_conserved	1.007E+00	9.714E-01	9.714E-01	99.200	141	137	141
Q6X1Z3_conserved	Q6XL58_conserved	1.007E+00	9.714E-01	9.714E-01	99.200	141	137	141
Q6X1Z3_conserved	Q6XL59_conserved	1.007E+00	9.712E-01	9.712E-01	94.800	141	137	141
Q6X1Z3_conserved	Q9RMI1_conserved	1.002E+00	9.595E-01	9.803E-01	86.000	141	136	138
Q6X1Z3_conserved	AF-A0A7D4P6F2-F1-model_v4_conserved	1.002E+00	9.597E-01	9.666E-01	83.800	141	136	140
Q6X1Z3_conserved	AF-A0A649UEZ7-F1-model_v4_conserved	1.000E+00	9.578E-01	9.646E-01	82.300	141	136	140
Q6X1Z3_conserved	AF-A0A4Y5ULP0-F1-model_v4_conserved	9.999E-01	9.576E-01	9.644E-01	82.300	141	136	140
Q6X1Z3_conserved	AF-A0A0R2YED9-F1-model_v4_conserved	9.998E-01	9.575E-01	9.643E-01	81.600	141	136	140
Q6X1Z3_conserved	AF-A0A6B9URS2-F1-model_v4_conserved	9.999E-01	9.576E-01	9.576E-01	83.200	141	137	141
Q6XL57_conserved	Q6XL57_conserved	1.007E+00	1.000E+00	1.000E+00	100.000	141	141	141
Q6XL57_conserved	Q6XL58_conserved	9.972E-01	9.831E-01	9.831E-01	100.000	141	140	141
Q6XL57_conserved	Q6XL59_conserved	1.002E+00	9.732E-01	9.732E-01	95.600	141	138	141
Q6XL57_conserved	Q6X1Z3_conserved	1.007E+00	9.714E-01	9.714E-01	99.200	141	137	141
Q6XL57_conserved	Q6XL60_conserved	1.007E+00	9.712E-01	9.712E-01	97.800	141	137	141
Q6XL57_conserved	Q9RMI1_conserved	9.961E-01	9.612E-01	9.818E-01	86.100	141	137	138
Q6XL57_conserved	Q44079_conserved	1.003E+00	9.671E-01	9.671E-01	97.800	141	137	141
Q6XL57_conserved	Q8KQ24_conserved	1.002E+00	9.668E-01	9.668E-01	99.200	141	137	141
Q6XL57_conserved	AF-A0A7D4P6F2-F1-model_v4_conserved	1.002E+00	9.596E-01	9.665E-01	84.500	141	136	140
Q6XL57_conserved	AF-A0A649UEZ7-F1-model_v4_conserved	1.000E+00	9.578E-01	9.646E-01	83.000	141	136	140
Q6XL57_conserved	AF-A0A4Y5ULP0-F1-model_v4_conserved	9.999E-01	9.576E-01	9.644E-01	83.000	141	136	140
Q6XL57_conserved	AF-A0A0R2YED9-F1-model_v4_conserved	9.998E-01	9.575E-01	9.643E-01	82.300	141	136	140
Q6XL57_conserved	AF-A0A6B9URS2-F1-model_v4_conserved	9.951E-01	9.600E-01	9.600E-01	83.300	141	138	141
Q6XL58_conserved	Q6XL58_conserved	1.007E+00	1.000E+00	1.000E+00	100.000	141	141	141
Q6XL58_conserved	Q6XL57_conserved	9.972E-01	9.831E-01	9.831E-01	100.000	141	140	141
Q6XL58_conserved	Q6XL59_conserved	1.001E+00	9.730E-01	9.730E-01	95.600	141	138	141
Q6XL58_conserved	Q6X1Z3_conserved	1.007E+00	9.714E-01	9.714E-01	99.200	141	137	141
Q6XL58_conserved	Q6XL60_conserved	1.007E+00	9.712E-01	9.712E-01	97.800	141	137	141
Q6XL58_conserved	Q9RMI1_conserved	1.002E+00	9.599E-01	9.807E-01	86.700	141	136	138
Q6XL58_conserved	Q44079_conserved	1.003E+00	9.672E-01	9.672E-01	97.800	141	137	141
Q6XL58_conserved	Q8KQ24_conserved	1.002E+00	9.668E-01	9.668E-01	99.200	141	137	141
Q6XL58_conserved	AF-A0A7D4P6F2-F1-model_v4_conserved	1.002E+00	9.598E-01	9.666E-01	84.500	141	136	140
Q6XL58_conserved	AF-A0A6B9URS2-F1-model_v4_conserved	9.901E-01	9.623E-01	9.623E-01	83.400	141	139	141
Q6XL58_conserved	AF-A0A649UEZ7-F1-model_v4_conserved	1.000E+00	9.580E-01	9.648E-01	83.000	141	136	140
Q6XL58_conserved	AF-A0A4Y5ULP0-F1-model_v4_conserved	1.000E+00	9.578E-01	9.646E-01	83.000	141	136	140
Q6XL58_conserved	AF-A0A0R2YED9-F1-model_v4_conserved	1.000E+00	9.577E-01	9.645E-01	82.300	141	136	140
Q6XL59_conserved	Q6XL59_conserved	1.007E+00	1.000E+00	1.000E+00	100.000	141	141	141
Q6XL59_conserved	Q9RMI1_conserved	1.000E+00	9.651E-01	9.860E-01	83.200	141	137	138
Q6XL59_conserved	Q6XL57_conserved	1.002E+00	9.732E-01	9.732E-01	95.600	141	138	141
Q6XL59_conserved	Q6XL58_conserved	1.001E+00	9.730E-01	9.730E-01	95.600	141	138	141
Q6XL59_conserved	Q6X1Z3_conserved	1.007E+00	9.712E-01	9.712E-01	94.800	141	137	141
Q6XL59_conserved	Q6XL60_conserved	1.007E+00	9.708E-01	9.708E-01	93.400	141	137	141
Q6XL59_conserved	Q44079_conserved	1.002E+00	9.669E-01	9.669E-01	97.800	141	137	141
Q6XL59_conserved	Q8KQ24_conserved	1.002E+00	9.665E-01	9.665E-01	94.800	141	137	141
Q6XL59_conserved	AF-A0A7D4P6F2-F1-model_v4_conserved	1.002E+00	9.600E-01	9.668E-01	83.000	141	136	140
Q6XL59_conserved	AF-A0A649UEZ7-F1-model_v4_conserved	9.954E-01	9.603E-01	9.671E-01	79.500	141	137	140
Q6XL59_conserved	AF-A0A0R2YED9-F1-model_v4_conserved	9.951E-01	9.600E-01	9.668E-01	78.800	141	137	140
Q6XL59_conserved	AF-A0A4Y5ULP0-F1-model_v4_conserved	1.001E+00	9.582E-01	9.651E-01	80.100	141	136	140
Q6XL59_conserved	AF-A0A6B9URS2-F1-model_v4_conserved	1.000E+00	9.580E-01	9.580E-01	83.200	141	137	141
Q6XL60_conserved	Q6XL60_conserved	1.007E+00	1.000E+00	1.000E+00	100.000	141	141	141
Q6XL60_conserved	Q6X1Z3_conserved	1.004E+00	9.969E-01	9.969E-01	97.100	141	141	141
Q6XL60_conserved	Q8KQ24_conserved	1.001E+00	9.942E-01	9.942E-01	97.100	141	141	141
Q6XL60_conserved	Q44079_conserved	9.940E-01	9.800E-01	9.800E-01	95.700	141	140	141
Q6XL60_conserved	Q6XL58_conserved	1.007E+00	9.712E-01	9.712E-01	97.800	141	137	141
Q6XL60_conserved	Q6XL57_conserved	1.007E+00	9.712E-01	9.712E-01	97.800	141	137	141
Q6XL60_conserved	Q6XL59_conserved	1.007E+00	9.708E-01	9.708E-01	93.400	141	137	141
Q6XL60_conserved	Q9RMI1_conserved	1.002E+00	9.599E-01	9.807E-01	85.200	141	136	138
Q6XL60_conserved	AF-A0A7D4P6F2-F1-model_v4_conserved	1.002E+00	9.596E-01	9.664E-01	83.000	141	136	140
Q6XL60_conserved	AF-A0A649UEZ7-F1-model_v4_conserved	1.000E+00	9.580E-01	9.648E-01	81.600	141	136	140
Q6XL60_conserved	AF-A0A4Y5ULP0-F1-model_v4_conserved	1.000E+00	9.577E-01	9.646E-01	81.600	141	136	140
Q6XL60_conserved	AF-A0A0R2YED9-F1-model_v4_conserved	1.000E+00	9.577E-01	9.645E-01	80.800	141	136	140
Q6XL60_conserved	AF-A0A6B9URS2-F1-model_v4_conserved	1.000E+00	9.577E-01	9.577E-01	83.900	141	137	141
Q8KQ24_conserved	Q8KQ24_conserved	1.007E+00	1.000E+00	1.000E+00	100.000	141	141	141
Q8KQ24_conserved	Q6XL60_conserved	1.001E+00	9.942E-01	9.942E-01	97.100	141	141	141
Q8KQ24_conserved	Q6X1Z3_conserved	9.996E-01	9.925E-01	9.925E-01	98.500	141	141	141
Q8KQ24_conserved	Q44079_conserved	9.940E-01	9.799E-01	9.799E-01	97.100	141	140	141
Q8KQ24_conserved	Q9RMI1_conserved	1.002E+00	9.595E-01	9.803E-01	86.000	141	136	138
Q8KQ24_conserved	Q6XL58_conserved	1.002E+00	9.668E-01	9.668E-01	99.200	141	137	141
Q8KQ24_conserved	Q6XL57_conserved	1.002E+00	9.668E-01	9.668E-01	99.200	141	137	141
Q8KQ24_conserved	Q6XL59_conserved	1.002E+00	9.665E-01	9.665E-01	94.800	141	137	141
Q8KQ24_conserved	AF-A0A7D4P6F2-F1-model_v4_conserved	1.002E+00	9.597E-01	9.666E-01	83.800	141	136	140
Q8KQ24_conserved	AF-A0A649UEZ7-F1-model_v4_conserved	1.000E+00	9.576E-01	9.645E-01	83.000	141	136	140
Q8KQ24_conserved	AF-A0A4Y5ULP0-F1-model_v4_conserved	9.998E-01	9.575E-01	9.643E-01	83.000	141	136	140
Q8KQ24_conserved	AF-A0A0R2YED9-F1-model_v4_conserved	9.997E-01	9.573E-01	9.642E-01	82.300	141	136	140
Q8KQ24_conserved	AF-A0A6B9URS2-F1-model_v4_conserved	1.004E+00	9.546E-01	9.546E-01	85.100	141	135	141
Q9RMI1_conserved	Q9RMI1_conserved	1.007E+00	1.000E+00	1.000E+00	100.000	138	138	138
Q9RMI1_conserved	AF-A0A649UEZ7-F1-model_v4_conserved	1.001E+00	9.866E-01	9.725E-01	93.400	138	137	140
Q9RMI1_conserved	AF-A0A0R2YED9-F1-model_v4_conserved	1.001E+00	9.865E-01	9.724E-01	92.700	138	137	140
Q9RMI1_conserved	AF-A0A4Y5ULP0-F1-model_v4_conserved	1.004E+00	9.824E-01	9.684E-01	93.300	138	136	140
Q9RMI1_conserved	Q6XL59_conserved	1.000E+00	9.860E-01	9.651E-01	83.200	138	137	141
Q9RMI1_conserved	Q6XL57_conserved	9.961E-01	9.818E-01	9.612E-01	86.100	138	137	141
Q9RMI1_conserved	Q44079_conserved	1.003E+00	9.812E-01	9.604E-01	86.000	138	136	141
Q9RMI1_conserved	Q6XL58_conserved	1.002E+00	9.807E-01	9.599E-01	86.700	138	136	141
Q9RMI1_conserved	Q6XL60_conserved	1.002E+00	9.807E-01	9.599E-01	85.200	138	136	141
Q9RMI1_conserved	Q8KQ24_conserved	1.002E+00	9.803E-01	9.595E-01	86.000	138	136	141
Q9RMI1_conserved	Q6X1Z3_conserved	1.002E+00	9.803E-01	9.595E-01	86.000	138	136	141
Q9RMI1_conserved	AF-A0A7D4P6F2-F1-model_v4_conserved	9.925E-01	9.783E-01	9.644E-01	78.100	138	137	140
Q9RMI1_conserved	AF-A0A6B9URS2-F1-model_v4_conserved	1.005E+00	9.755E-01	9.548E-01	83.700	138	135	141
