O52244_conserved	O52244_conserved	1.016E+00	1.000E+00	1.000E+00	100.000	64	64	64
O52244_conserved	O52246_conserved	1.015E+00	9.996E-01	9.996E-01	98.400	64	64	64
O52244_conserved	O52247_conserved	1.015E+00	9.992E-01	9.992E-01	98.400	64	64	64
O52244_conserved	Q44245_conserved	1.015E+00	9.990E-01	9.990E-01	100.000	64	64	64
O52244_conserved	O52242_conserved	1.014E+00	9.985E-01	9.985E-01	100.000	64	64	64
O52244_conserved	O52241_conserved	1.014E+00	9.983E-01	9.983E-01	96.800	64	64	64
O52244_conserved	O52245_conserved	1.014E+00	9.981E-01	9.981E-01	98.400	64	64	64
O52244_conserved	Q44057_conserved	1.011E+00	9.950E-01	9.950E-01	93.700	64	64	64
O52244_conserved	Q43899_conserved	1.009E+00	9.935E-01	9.935E-01	100.000	64	64	64
O52244_conserved	O52243_conserved	1.008E+00	9.921E-01	9.921E-01	98.400	64	64	64
O52244_conserved	Q44246_conserved	1.001E+00	9.858E-01	9.858E-01	98.400	64	64	64
O52244_conserved	Q9R381_conserved	9.858E-01	9.709E-01	9.709E-01	75.000	64	64	64
O52244_conserved	Q54441_conserved	9.802E-01	9.654E-01	9.654E-01	73.400	64	64	64
O52244_conserved	S6CFI8_conserved	9.864E-01	9.564E-01	9.564E-01	82.500	64	63	64
O52244_conserved	Q03635_conserved	9.872E-01	9.421E-01	9.717E-01	72.500	64	62	62
O52244_conserved	Q8ZPB6_conserved	9.746E-01	9.600E-01	9.600E-01	75.000	64	64	64
O52244_conserved	V5XKM9_conserved	9.637E-01	9.349E-01	9.349E-01	66.600	64	63	64
O52244_conserved	A0A6F8Z5F1_conserved	9.625E-01	9.338E-01	9.338E-01	66.600	64	63	64
O52244_conserved	Q9RBW7_conserved	9.625E-01	9.338E-01	9.338E-01	66.600	64	63	64
O52244_conserved	Q75ZP9_conserved	9.489E-01	9.350E-01	9.350E-01	59.300	64	64	64
O52244_conserved	P50858_conserved	9.455E-01	9.179E-01	9.179E-01	68.200	64	63	64
O52244_conserved	AF-Q9AIK8-F1-model_v4_conserved	8.610E-01	6.997E-01	8.040E-01	48.300	64	62	55
O52244_conserved	AF-Q9AIK9-F1-model_v4_conserved	8.586E-01	7.004E-01	8.042E-01	50.800	64	61	55
O52247_conserved	O52247_conserved	1.016E+00	1.000E+00	1.000E+00	100.000	64	64	64
O52247_conserved	O52244_conserved	1.015E+00	9.992E-01	9.992E-01	98.400	64	64	64
O52247_conserved	O52246_conserved	1.015E+00	9.991E-01	9.991E-01	96.800	64	64	64
O52247_conserved	Q44245_conserved	1.015E+00	9.991E-01	9.991E-01	98.400	64	64	64
O52247_conserved	O52241_conserved	1.015E+00	9.987E-01	9.987E-01	95.300	64	64	64
O52247_conserved	O52245_conserved	1.014E+00	9.983E-01	9.983E-01	96.800	64	64	64
O52247_conserved	O52242_conserved	1.014E+00	9.978E-01	9.978E-01	98.400	64	64	64
O52247_conserved	Q44057_conserved	1.011E+00	9.949E-01	9.949E-01	92.100	64	64	64
O52247_conserved	Q43899_conserved	1.009E+00	9.936E-01	9.936E-01	98.400	64	64	64
O52247_conserved	O52243_conserved	1.008E+00	9.924E-01	9.924E-01	96.800	64	64	64
O52247_conserved	Q44246_conserved	1.002E+00	9.862E-01	9.862E-01	96.800	64	64	64
O52247_conserved	Q9R381_conserved	9.870E-01	9.720E-01	9.720E-01	73.400	64	64	64
O52247_conserved	Q54441_conserved	9.808E-01	9.659E-01	9.659E-01	73.400	64	64	64
O52247_conserved	S6CFI8_conserved	9.864E-01	9.564E-01	9.564E-01	80.900	64	63	64
O52247_conserved	Q03635_conserved	9.866E-01	9.416E-01	9.711E-01	70.900	64	62	62
O52247_conserved	Q8ZPB6_conserved	9.749E-01	9.603E-01	9.603E-01	73.400	64	64	64
O52247_conserved	V5XKM9_conserved	9.640E-01	9.352E-01	9.352E-01	65.000	64	63	64
O52247_conserved	A0A6F8Z5F1_conserved	9.628E-01	9.341E-01	9.341E-01	65.000	64	63	64
O52247_conserved	Q9RBW7_conserved	9.629E-01	9.341E-01	9.341E-01	65.000	64	63	64
O52247_conserved	Q75ZP9_conserved	9.493E-01	9.354E-01	9.354E-01	57.800	64	64	64
O52247_conserved	P50858_conserved	9.454E-01	9.178E-01	9.178E-01	66.600	64	63	64
O52247_conserved	AF-Q9AIK8-F1-model_v4_conserved	8.616E-01	6.999E-01	8.044E-01	46.700	64	62	55
O52247_conserved	AF-Q9AIK9-F1-model_v4_conserved	8.589E-01	7.006E-01	8.046E-01	49.100	64	61	55
Q43899_conserved	Q43899_conserved	1.016E+00	1.000E+00	1.000E+00	100.000	64	64	64
Q43899_conserved	Q44246_conserved	1.009E+00	9.938E-01	9.938E-01	98.400	64	64	64
Q43899_conserved	O52247_conserved	1.009E+00	9.936E-01	9.936E-01	98.400	64	64	64
Q43899_conserved	O52244_conserved	1.009E+00	9.935E-01	9.935E-01	100.000	64	64	64
Q43899_conserved	Q44245_conserved	1.009E+00	9.933E-01	9.933E-01	100.000	64	64	64
Q43899_conserved	O52246_conserved	1.009E+00	9.932E-01	9.932E-01	98.400	64	64	64
Q43899_conserved	O52241_conserved	1.009E+00	9.929E-01	9.929E-01	96.800	64	64	64
Q43899_conserved	O52242_conserved	1.007E+00	9.917E-01	9.917E-01	100.000	64	64	64
Q43899_conserved	O52245_conserved	1.004E+00	9.889E-01	9.889E-01	98.400	64	64	64
Q43899_conserved	Q44057_conserved	1.004E+00	9.881E-01	9.881E-01	93.700	64	64	64
Q43899_conserved	O52243_conserved	1.001E+00	9.860E-01	9.860E-01	98.400	64	64	64
Q43899_conserved	Q03635_conserved	9.949E-01	9.492E-01	9.792E-01	72.500	64	62	62
Q43899_conserved	Q8ZPB6_conserved	9.839E-01	9.690E-01	9.690E-01	75.000	64	64	64
Q43899_conserved	Q54441_conserved	9.818E-01	9.669E-01	9.669E-01	73.400	64	64	64
Q43899_conserved	S6CFI8_conserved	9.893E-01	9.592E-01	9.592E-01	82.500	64	63	64
Q43899_conserved	Q9R381_conserved	9.779E-01	9.632E-01	9.632E-01	75.000	64	64	64
Q43899_conserved	V5XKM9_conserved	9.692E-01	9.401E-01	9.401E-01	66.600	64	63	64
Q43899_conserved	Q75ZP9_conserved	9.596E-01	9.454E-01	9.454E-01	59.300	64	64	64
Q43899_conserved	Q9RBW7_conserved	9.674E-01	9.384E-01	9.384E-01	66.600	64	63	64
Q43899_conserved	A0A6F8Z5F1_conserved	9.662E-01	9.373E-01	9.373E-01	66.600	64	63	64
Q43899_conserved	P50858_conserved	9.488E-01	9.210E-01	9.210E-01	68.200	64	63	64
Q43899_conserved	AF-Q9AIK8-F1-model_v4_conserved	8.639E-01	7.012E-01	8.064E-01	48.300	64	62	55
Q43899_conserved	AF-Q9AIK9-F1-model_v4_conserved	8.614E-01	6.997E-01	8.044E-01	48.300	64	62	55
Q54441_conserved	Q54441_conserved	1.016E+00	1.000E+00	1.000E+00	100.000	64	64	64
Q54441_conserved	S6CFI8_conserved	1.005E+00	9.742E-01	9.742E-01	80.900	64	63	64
Q54441_conserved	Q9R381_conserved	9.901E-01	9.749E-01	9.749E-01	76.500	64	64	64
Q54441_conserved	Q8ZPB6_conserved	9.889E-01	9.738E-01	9.738E-01	76.500	64	64	64
Q54441_conserved	Q03635_conserved	1.000E+00	9.542E-01	9.844E-01	77.400	64	62	62
Q54441_conserved	Q44057_conserved	9.848E-01	9.698E-01	9.698E-01	68.700	64	64	64
Q54441_conserved	O52243_conserved	9.832E-01	9.683E-01	9.683E-01	71.800	64	64	64
Q54441_conserved	Q43899_conserved	9.818E-01	9.669E-01	9.669E-01	73.400	64	64	64
Q54441_conserved	O52247_conserved	9.808E-01	9.659E-01	9.659E-01	73.400	64	64	64
Q54441_conserved	O52241_conserved	9.803E-01	9.654E-01	9.654E-01	73.400	64	64	64
Q54441_conserved	O52244_conserved	9.802E-01	9.654E-01	9.654E-01	73.400	64	64	64
Q54441_conserved	O52246_conserved	9.798E-01	9.650E-01	9.650E-01	73.400	64	64	64
Q54441_conserved	Q44245_conserved	9.797E-01	9.649E-01	9.649E-01	73.400	64	64	64
Q54441_conserved	O52242_conserved	9.781E-01	9.633E-01	9.633E-01	73.400	64	64	64
Q54441_conserved	O52245_conserved	9.772E-01	9.625E-01	9.625E-01	71.800	64	64	64
Q54441_conserved	Q44246_conserved	9.766E-01	9.619E-01	9.619E-01	73.400	64	64	64
Q54441_conserved	Q9RBW7_conserved	9.837E-01	9.537E-01	9.537E-01	76.100	64	63	64
Q54441_conserved	V5XKM9_conserved	9.836E-01	9.535E-01	9.535E-01	73.000	64	63	64
Q54441_conserved	A0A6F8Z5F1_conserved	9.823E-01	9.523E-01	9.523E-01	74.600	64	63	64
Q54441_conserved	Q75ZP9_conserved	9.647E-01	9.504E-01	9.504E-01	59.300	64	64	64
Q54441_conserved	P50858_conserved	9.717E-01	9.426E-01	9.426E-01	60.300	64	63	64
Q54441_conserved	AF-Q9AIK8-F1-model_v4_conserved	8.447E-01	6.878E-01	7.893E-01	35.400	64	62	55
Q54441_conserved	AF-Q9AIK9-F1-model_v4_conserved	8.433E-01	6.871E-01	7.882E-01	35.400	64	62	55
Q8ZPB6_conserved	Q8ZPB6_conserved	1.016E+00	1.000E+00	1.000E+00	100.000	64	64	64
Q8ZPB6_conserved	Q03635_conserved	1.010E+00	9.632E-01	9.940E-01	90.300	64	62	62
Q8ZPB6_conserved	Q54441_conserved	9.889E-01	9.738E-01	9.738E-01	76.500	64	64	64
Q8ZPB6_conserved	Q9R381_conserved	9.856E-01	9.707E-01	9.707E-01	100.000	64	64	64
Q8ZPB6_conserved	S6CFI8_conserved	9.953E-01	9.649E-01	9.649E-01	73.000	64	63	64
Q8ZPB6_conserved	Q43899_conserved	9.839E-01	9.690E-01	9.690E-01	75.000	64	64	64
Q8ZPB6_conserved	Q44246_conserved	9.817E-01	9.668E-01	9.668E-01	75.000	64	64	64
Q8ZPB6_conserved	Q44057_conserved	9.793E-01	9.645E-01	9.645E-01	71.800	64	64	64
Q8ZPB6_conserved	O52243_conserved	9.793E-01	9.646E-01	9.646E-01	73.400	64	64	64
Q8ZPB6_conserved	O52247_conserved	9.749E-01	9.603E-01	9.603E-01	73.400	64	64	64
Q8ZPB6_conserved	O52244_conserved	9.746E-01	9.600E-01	9.600E-01	75.000	64	64	64
Q8ZPB6_conserved	O52241_conserved	9.741E-01	9.595E-01	9.595E-01	75.000	64	64	64
Q8ZPB6_conserved	Q44245_conserved	9.741E-01	9.595E-01	9.595E-01	75.000	64	64	64
Q8ZPB6_conserved	O52246_conserved	9.733E-01	9.587E-01	9.587E-01	73.400	64	64	64
Q8ZPB6_conserved	O52242_conserved	9.707E-01	9.563E-01	9.563E-01	75.000	64	64	64
Q8ZPB6_conserved	O52245_conserved	9.700E-01	9.555E-01	9.555E-01	73.400	64	64	64
Q8ZPB6_conserved	Q9RBW7_conserved	9.729E-01	9.436E-01	9.436E-01	69.800	64	63	64
Q8ZPB6_conserved	V5XKM9_conserved	9.720E-01	9.428E-01	9.428E-01	69.800	64	63	64
Q8ZPB6_conserved	Q75ZP9_conserved	9.618E-01	9.475E-01	9.475E-01	59.300	64	64	64
Q8ZPB6_conserved	A0A6F8Z5F1_conserved	9.686E-01	9.395E-01	9.395E-01	69.800	64	63	64
Q8ZPB6_conserved	P50858_conserved	9.539E-01	9.259E-01	9.259E-01	61.900	64	63	64
Q8ZPB6_conserved	AF-Q9AIK8-F1-model_v4_conserved	8.547E-01	6.952E-01	7.984E-01	38.700	64	62	55
Q8ZPB6_conserved	AF-Q9AIK9-F1-model_v4_conserved	8.536E-01	6.943E-01	7.974E-01	38.700	64	62	55
O52241_conserved	O52241_conserved	1.016E+00	1.000E+00	1.000E+00	100.000	64	64	64
O52241_conserved	O52247_conserved	1.015E+00	9.987E-01	9.987E-01	95.300	64	64	64
O52241_conserved	Q44245_conserved	1.014E+00	9.985E-01	9.985E-01	96.800	64	64	64
O52241_conserved	O52246_conserved	1.014E+00	9.983E-01	9.983E-01	95.300	64	64	64
O52241_conserved	O52244_conserved	1.014E+00	9.983E-01	9.983E-01	96.800	64	64	64
O52241_conserved	O52245_conserved	1.013E+00	9.976E-01	9.976E-01	95.300	64	64	64
O52241_conserved	O52242_conserved	1.012E+00	9.965E-01	9.965E-01	96.800	64	64	64
O52241_conserved	Q44057_conserved	1.011E+00	9.949E-01	9.949E-01	92.100	64	64	64
O52241_conserved	Q43899_conserved	1.009E+00	9.929E-01	9.929E-01	96.800	64	64	64
O52241_conserved	O52243_conserved	1.007E+00	9.917E-01	9.917E-01	95.300	64	64	64
O52241_conserved	Q44246_conserved	1.000E+00	9.850E-01	9.850E-01	95.300	64	64	64
O52241_conserved	Q9R381_conserved	9.881E-01	9.730E-01	9.730E-01	75.000	64	64	64
O52241_conserved	Q54441_conserved	9.803E-01	9.654E-01	9.654E-01	73.400	64	64	64
O52241_conserved	Q03635_conserved	9.868E-01	9.419E-01	9.714E-01	72.500	64	62	62
O52241_conserved	S6CFI8_conserved	9.860E-01	9.560E-01	9.560E-01	82.500	64	63	64
O52241_conserved	Q8ZPB6_conserved	9.741E-01	9.595E-01	9.595E-01	75.000	64	64	64
O52241_conserved	V5XKM9_conserved	9.642E-01	9.354E-01	9.354E-01	66.600	64	63	64
O52241_conserved	A0A6F8Z5F1_conserved	9.629E-01	9.342E-01	9.342E-01	66.600	64	63	64
O52241_conserved	Q9RBW7_conserved	9.628E-01	9.341E-01	9.341E-01	66.600	64	63	64
O52241_conserved	Q75ZP9_conserved	9.488E-01	9.349E-01	9.349E-01	56.200	64	64	64
O52241_conserved	P50858_conserved	9.477E-01	9.200E-01	9.200E-01	69.800	64	63	64
O52241_conserved	AF-Q9AIK8-F1-model_v4_conserved	8.610E-01	6.997E-01	8.041E-01	46.700	64	62	55
O52241_conserved	AF-Q9AIK9-F1-model_v4_conserved	8.594E-01	7.011E-01	8.051E-01	49.100	64	61	55
P50858_conserved	P50858_conserved	1.016E+00	1.000E+00	1.000E+00	100.000	64	64	64
P50858_conserved	Q54441_conserved	9.717E-01	9.426E-01	9.426E-01	60.300	64	63	64
P50858_conserved	S6CFI8_conserved	9.670E-01	9.382E-01	9.382E-01	66.600	64	63	64
P50858_conserved	Q03635_conserved	9.613E-01	9.186E-01	9.466E-01	59.600	64	62	62
P50858_conserved	V5XKM9_conserved	9.550E-01	9.267E-01	9.267E-01	57.100	64	63	64
P50858_conserved	Q9R381_conserved	9.578E-01	9.296E-01	9.296E-01	61.900	64	63	64
P50858_conserved	Q9RBW7_conserved	9.525E-01	9.243E-01	9.243E-01	57.100	64	63	64
P50858_conserved	Q44057_conserved	9.537E-01	9.256E-01	9.256E-01	65.000	64	63	64
P50858_conserved	A0A6F8Z5F1_conserved	9.504E-01	9.223E-01	9.223E-01	57.100	64	63	64
P50858_conserved	Q8ZPB6_conserved	9.539E-01	9.259E-01	9.259E-01	61.900	64	63	64
P50858_conserved	O52243_conserved	9.520E-01	9.242E-01	9.242E-01	66.600	64	63	64
P50858_conserved	Q43899_conserved	9.488E-01	9.210E-01	9.210E-01	68.200	64	63	64
P50858_conserved	O52241_conserved	9.477E-01	9.200E-01	9.200E-01	69.800	64	63	64
P50858_conserved	O52244_conserved	9.455E-01	9.179E-01	9.179E-01	68.200	64	63	64
P50858_conserved	O52246_conserved	9.454E-01	9.178E-01	9.178E-01	66.600	64	63	64
P50858_conserved	O52247_conserved	9.454E-01	9.178E-01	9.178E-01	66.600	64	63	64
P50858_conserved	Q44245_conserved	9.453E-01	9.177E-01	9.177E-01	68.200	64	63	64
P50858_conserved	O52245_conserved	9.442E-01	9.167E-01	9.167E-01	66.600	64	63	64
P50858_conserved	O52242_conserved	9.433E-01	9.158E-01	9.158E-01	68.200	64	63	64
P50858_conserved	Q44246_conserved	9.410E-01	9.136E-01	9.136E-01	68.200	64	63	64
P50858_conserved	Q75ZP9_conserved	9.348E-01	9.078E-01	9.078E-01	47.600	64	63	64
P50858_conserved	AF-Q9AIK9-F1-model_v4_conserved	8.516E-01	6.799E-01	7.812E-01	49.100	64	61	55
P50858_conserved	AF-Q9AIK8-F1-model_v4_conserved	8.489E-01	6.782E-01	7.789E-01	49.100	64	61	55
S6CFI8_conserved	S6CFI8_conserved	1.016E+00	1.000E+00	1.000E+00	100.000	64	64	64
S6CFI8_conserved	Q54441_conserved	1.005E+00	9.742E-01	9.742E-01	80.900	64	63	64
S6CFI8_conserved	Q03635_conserved	1.002E+00	9.561E-01	9.865E-01	77.400	64	62	62
S6CFI8_conserved	Q9R381_conserved	9.962E-01	9.657E-01	9.657E-01	73.000	64	63	64
S6CFI8_conserved	Q8ZPB6_conserved	9.953E-01	9.649E-01	9.649E-01	73.000	64	63	64
S6CFI8_conserved	O52243_conserved	9.935E-01	9.632E-01	9.632E-01	82.500	64	63	64
S6CFI8_conserved	Q44057_conserved	9.903E-01	9.600E-01	9.600E-01	77.700	64	63	64
S6CFI8_conserved	V5XKM9_conserved	9.869E-01	9.567E-01	9.567E-01	74.600	64	63	64
S6CFI8_conserved	Q43899_conserved	9.893E-01	9.592E-01	9.592E-01	82.500	64	63	64
S6CFI8_conserved	Q9RBW7_conserved	9.862E-01	9.560E-01	9.560E-01	74.600	64	63	64
S6CFI8_conserved	Q44245_conserved	9.867E-01	9.567E-01	9.567E-01	82.500	64	63	64
S6CFI8_conserved	O52246_conserved	9.867E-01	9.567E-01	9.567E-01	80.900	64	63	64
S6CFI8_conserved	O52244_conserved	9.864E-01	9.564E-01	9.564E-01	82.500	64	63	64
S6CFI8_conserved	O52247_conserved	9.864E-01	9.564E-01	9.564E-01	80.900	64	63	64
S6CFI8_conserved	A0A6F8Z5F1_conserved	9.837E-01	9.537E-01	9.537E-01	74.600	64	63	64
S6CFI8_conserved	O52241_conserved	9.860E-01	9.560E-01	9.560E-01	82.500	64	63	64
S6CFI8_conserved	O52245_conserved	9.844E-01	9.545E-01	9.545E-01	80.900	64	63	64
S6CFI8_conserved	Q44246_conserved	9.832E-01	9.534E-01	9.534E-01	82.500	64	63	64
S6CFI8_conserved	O52242_conserved	9.835E-01	9.537E-01	9.537E-01	82.500	64	63	64
S6CFI8_conserved	Q75ZP9_conserved	9.707E-01	9.417E-01	9.417E-01	60.300	64	63	64
S6CFI8_conserved	P50858_conserved	9.670E-01	9.382E-01	9.382E-01	66.600	64	63	64
S6CFI8_conserved	AF-Q9AIK8-F1-model_v4_conserved	8.490E-01	6.783E-01	7.790E-01	42.600	64	61	55
S6CFI8_conserved	AF-Q9AIK9-F1-model_v4_conserved	8.468E-01	6.771E-01	7.773E-01	42.600	64	61	55
O52243_conserved	O52243_conserved	1.016E+00	1.000E+00	1.000E+00	100.000	64	64	64
O52243_conserved	O52245_conserved	1.009E+00	9.930E-01	9.930E-01	96.800	64	64	64
O52243_conserved	O52247_conserved	1.008E+00	9.924E-01	9.924E-01	96.800	64	64	64
O52243_conserved	O52246_conserved	1.008E+00	9.924E-01	9.924E-01	96.800	64	64	64
O52243_conserved	O52244_conserved	1.008E+00	9.921E-01	9.921E-01	98.400	64	64	64
O52243_conserved	Q44245_conserved	1.007E+00	9.918E-01	9.918E-01	98.400	64	64	64
O52243_conserved	O52241_conserved	1.007E+00	9.917E-01	9.917E-01	95.300	64	64	64
O52243_conserved	O52242_conserved	1.006E+00	9.907E-01	9.907E-01	98.400	64	64	64
O52243_conserved	Q44057_conserved	1.004E+00	9.883E-01	9.883E-01	92.100	64	64	64
O52243_conserved	Q43899_conserved	1.001E+00	9.860E-01	9.860E-01	98.400	64	64	64
O52243_conserved	Q9R381_conserved	9.940E-01	9.788E-01	9.788E-01	73.400	64	64	64
O52243_conserved	Q44246_conserved	9.928E-01	9.777E-01	9.777E-01	96.800	64	64	64
O52243_conserved	Q54441_conserved	9.832E-01	9.683E-01	9.683E-01	71.800	64	64	64
O52243_conserved	S6CFI8_conserved	9.935E-01	9.632E-01	9.632E-01	82.500	64	63	64
O52243_conserved	Q03635_conserved	9.907E-01	9.455E-01	9.752E-01	70.900	64	62	62
O52243_conserved	Q8ZPB6_conserved	9.793E-01	9.646E-01	9.646E-01	73.400	64	64	64
O52243_conserved	V5XKM9_conserved	9.720E-01	9.429E-01	9.429E-01	66.600	64	63	64
O52243_conserved	Q9RBW7_conserved	9.704E-01	9.413E-01	9.413E-01	66.600	64	63	64
O52243_conserved	A0A6F8Z5F1_conserved	9.696E-01	9.406E-01	9.406E-01	66.600	64	63	64
O52243_conserved	Q75ZP9_conserved	9.488E-01	9.349E-01	9.349E-01	59.300	64	64	64
O52243_conserved	P50858_conserved	9.520E-01	9.242E-01	9.242E-01	66.600	64	63	64
O52243_conserved	AF-Q9AIK8-F1-model_v4_conserved	8.565E-01	6.965E-01	8.000E-01	46.700	64	62	55
O52243_conserved	AF-Q9AIK9-F1-model_v4_conserved	8.548E-01	6.976E-01	8.002E-01	49.100	64	61	55
AF-Q9AIK9-F1-model_v4_conserved	AF-Q9AIK9-F1-model_v4_conserved	1.019E+00	1.000E+00	1.000E+00	100.000	55	55	55
AF-Q9AIK9-F1-model_v4_conserved	AF-Q9AIK8-F1-model_v4_conserved	1.012E+00	9.934E-01	9.934E-01	100.000	55	55	55
AF-Q9AIK9-F1-model_v4_conserved	Q44057_conserved	8.605E-01	8.059E-01	7.015E-01	50.800	55	61	64
AF-Q9AIK9-F1-model_v4_conserved	Q43899_conserved	8.614E-01	8.044E-01	6.997E-01	48.300	55	62	64
AF-Q9AIK9-F1-model_v4_conserved	Q44246_conserved	8.613E-01	8.042E-01	6.997E-01	48.300	55	62	64
AF-Q9AIK9-F1-model_v4_conserved	O52241_conserved	8.594E-01	8.051E-01	7.011E-01	49.100	55	61	64
AF-Q9AIK9-F1-model_v4_conserved	O52247_conserved	8.589E-01	8.046E-01	7.006E-01	49.100	55	61	64
AF-Q9AIK9-F1-model_v4_conserved	O52242_conserved	8.580E-01	8.043E-01	7.003E-01	50.800	55	61	64
AF-Q9AIK9-F1-model_v4_conserved	O52244_conserved	8.586E-01	8.042E-01	7.004E-01	50.800	55	61	64
AF-Q9AIK9-F1-model_v4_conserved	O52245_conserved	8.566E-01	8.031E-01	6.994E-01	49.100	55	61	64
AF-Q9AIK9-F1-model_v4_conserved	Q44245_conserved	8.569E-01	8.027E-01	6.992E-01	50.800	55	61	64
AF-Q9AIK9-F1-model_v4_conserved	O52246_conserved	8.570E-01	8.006E-01	6.993E-01	49.100	55	61	64
AF-Q9AIK9-F1-model_v4_conserved	O52243_conserved	8.548E-01	8.002E-01	6.976E-01	49.100	55	61	64
AF-Q9AIK9-F1-model_v4_conserved	Q8ZPB6_conserved	8.536E-01	7.974E-01	6.943E-01	38.700	55	62	64
AF-Q9AIK9-F1-model_v4_conserved	Q9R381_conserved	8.494E-01	7.941E-01	6.926E-01	40.900	55	61	64
AF-Q9AIK9-F1-model_v4_conserved	Q54441_conserved	8.433E-01	7.882E-01	6.871E-01	35.400	55	62	64
AF-Q9AIK9-F1-model_v4_conserved	P50858_conserved	8.516E-01	7.812E-01	6.799E-01	49.100	55	61	64
AF-Q9AIK9-F1-model_v4_conserved	Q03635_conserved	8.498E-01	7.656E-01	6.862E-01	35.000	55	60	62
AF-Q9AIK9-F1-model_v4_conserved	S6CFI8_conserved	8.468E-01	7.773E-01	6.771E-01	42.600	55	61	64
AF-Q9AIK9-F1-model_v4_conserved	Q75ZP9_conserved	8.170E-01	7.779E-01	6.799E-01	34.400	55	61	64
AF-Q9AIK9-F1-model_v4_conserved	V5XKM9_conserved	8.296E-01	7.623E-01	6.651E-01	37.700	55	61	64
AF-Q9AIK9-F1-model_v4_conserved	Q9RBW7_conserved	8.280E-01	7.609E-01	6.642E-01	36.000	55	61	64
AF-Q9AIK9-F1-model_v4_conserved	A0A6F8Z5F1_conserved	8.242E-01	7.580E-01	6.621E-01	37.700	55	61	64
Q44245_conserved	Q44245_conserved	1.016E+00	1.000E+00	1.000E+00	100.000	64	64	64
Q44245_conserved	O52246_conserved	1.015E+00	9.991E-01	9.991E-01	98.400	64	64	64
Q44245_conserved	O52247_conserved	1.015E+00	9.991E-01	9.991E-01	98.400	64	64	64
Q44245_conserved	O52244_conserved	1.015E+00	9.990E-01	9.990E-01	100.000	64	64	64
Q44245_conserved	O52241_conserved	1.014E+00	9.985E-01	9.985E-01	96.800	64	64	64
Q44245_conserved	O52245_conserved	1.014E+00	9.980E-01	9.980E-01	98.400	64	64	64
Q44245_conserved	O52242_conserved	1.013E+00	9.974E-01	9.974E-01	100.000	64	64	64
Q44245_conserved	Q44057_conserved	1.011E+00	9.950E-01	9.950E-01	93.700	64	64	64
Q44245_conserved	Q43899_conserved	1.009E+00	9.933E-01	9.933E-01	100.000	64	64	64
Q44245_conserved	O52243_conserved	1.007E+00	9.918E-01	9.918E-01	98.400	64	64	64
Q44245_conserved	Q44246_conserved	9.997E-01	9.844E-01	9.844E-01	98.400	64	64	64
Q44245_conserved	Q9R381_conserved	9.874E-01	9.724E-01	9.724E-01	75.000	64	64	64
Q44245_conserved	Q54441_conserved	9.797E-01	9.649E-01	9.649E-01	73.400	64	64	64
Q44245_conserved	S6CFI8_conserved	9.867E-01	9.567E-01	9.567E-01	82.500	64	63	64
Q44245_conserved	Q03635_conserved	9.859E-01	9.410E-01	9.704E-01	72.500	64	62	62
Q44245_conserved	Q8ZPB6_conserved	9.741E-01	9.595E-01	9.595E-01	75.000	64	64	64
Q44245_conserved	V5XKM9_conserved	9.630E-01	9.343E-01	9.343E-01	66.600	64	63	64
Q44245_conserved	Q9RBW7_conserved	9.627E-01	9.340E-01	9.340E-01	66.600	64	63	64
Q44245_conserved	A0A6F8Z5F1_conserved	9.624E-01	9.337E-01	9.337E-01	66.600	64	63	64
Q44245_conserved	Q75ZP9_conserved	9.480E-01	9.341E-01	9.341E-01	59.300	64	64	64
Q44245_conserved	P50858_conserved	9.453E-01	9.177E-01	9.177E-01	68.200	64	63	64
Q44245_conserved	AF-Q9AIK8-F1-model_v4_conserved	8.595E-01	6.986E-01	8.027E-01	48.300	64	62	55
Q44245_conserved	AF-Q9AIK9-F1-model_v4_conserved	8.569E-01	6.992E-01	8.027E-01	50.800	64	61	55
Q9R381_conserved	Q9R381_conserved	1.016E+00	1.000E+00	1.000E+00	100.000	64	64	64
Q9R381_conserved	O52243_conserved	9.940E-01	9.788E-01	9.788E-01	73.400	64	64	64
Q9R381_conserved	Q44057_conserved	9.910E-01	9.758E-01	9.758E-01	71.800	64	64	64
Q9R381_conserved	Q54441_conserved	9.901E-01	9.749E-01	9.749E-01	76.500	64	64	64
Q9R381_conserved	O52245_conserved	9.885E-01	9.734E-01	9.734E-01	73.400	64	64	64
Q9R381_conserved	O52241_conserved	9.881E-01	9.730E-01	9.730E-01	75.000	64	64	64
Q9R381_conserved	Q44245_conserved	9.874E-01	9.724E-01	9.724E-01	75.000	64	64	64
Q9R381_conserved	O52247_conserved	9.870E-01	9.720E-01	9.720E-01	73.400	64	64	64
Q9R381_conserved	O52246_conserved	9.862E-01	9.712E-01	9.712E-01	73.400	64	64	64
Q9R381_conserved	O52244_conserved	9.858E-01	9.709E-01	9.709E-01	75.000	64	64	64
Q9R381_conserved	Q8ZPB6_conserved	9.856E-01	9.707E-01	9.707E-01	100.000	64	64	64
Q9R381_conserved	S6CFI8_conserved	9.962E-01	9.657E-01	9.657E-01	73.000	64	63	64
Q9R381_conserved	O52242_conserved	9.824E-01	9.676E-01	9.676E-01	75.000	64	64	64
Q9R381_conserved	Q03635_conserved	9.932E-01	9.477E-01	9.775E-01	90.300	64	62	62
Q9R381_conserved	Q43899_conserved	9.779E-01	9.632E-01	9.632E-01	75.000	64	64	64
Q9R381_conserved	Q44246_conserved	9.723E-01	9.577E-01	9.577E-01	75.000	64	64	64
Q9R381_conserved	Q9RBW7_conserved	9.734E-01	9.440E-01	9.440E-01	69.800	64	63	64
Q9R381_conserved	A0A6F8Z5F1_conserved	9.733E-01	9.439E-01	9.439E-01	69.800	64	63	64
Q9R381_conserved	V5XKM9_conserved	9.729E-01	9.435E-01	9.435E-01	69.800	64	63	64
Q9R381_conserved	Q75ZP9_conserved	9.509E-01	9.370E-01	9.370E-01	59.300	64	64	64
Q9R381_conserved	P50858_conserved	9.578E-01	9.296E-01	9.296E-01	61.900	64	63	64
Q9R381_conserved	AF-Q9AIK8-F1-model_v4_conserved	8.494E-01	6.917E-01	7.938E-01	38.700	64	62	55
Q9R381_conserved	AF-Q9AIK9-F1-model_v4_conserved	8.494E-01	6.926E-01	7.941E-01	40.900	64	61	55
V5XKM9_conserved	V5XKM9_conserved	1.016E+00	1.000E+00	1.000E+00	100.000	64	64	64
V5XKM9_conserved	A0A6F8Z5F1_conserved	1.012E+00	9.961E-01	9.961E-01	95.300	64	64	64
V5XKM9_conserved	Q9RBW7_conserved	1.002E+00	9.869E-01	9.869E-01	95.300	64	64	64
V5XKM9_conserved	S6CFI8_conserved	9.869E-01	9.567E-01	9.567E-01	74.600	64	63	64
V5XKM9_conserved	Q54441_conserved	9.836E-01	9.535E-01	9.535E-01	73.000	64	63	64
V5XKM9_conserved	Q03635_conserved	9.793E-01	9.347E-01	9.640E-01	70.900	64	62	62
V5XKM9_conserved	Q9R381_conserved	9.729E-01	9.435E-01	9.435E-01	69.800	64	63	64
V5XKM9_conserved	Q8ZPB6_conserved	9.720E-01	9.428E-01	9.428E-01	69.800	64	63	64
V5XKM9_conserved	O52243_conserved	9.720E-01	9.429E-01	9.429E-01	66.600	64	63	64
V5XKM9_conserved	Q43899_conserved	9.692E-01	9.401E-01	9.401E-01	66.600	64	63	64
V5XKM9_conserved	Q44057_conserved	9.663E-01	9.373E-01	9.373E-01	65.000	64	63	64
V5XKM9_conserved	O52241_conserved	9.642E-01	9.354E-01	9.354E-01	66.600	64	63	64
V5XKM9_conserved	O52247_conserved	9.640E-01	9.352E-01	9.352E-01	65.000	64	63	64
V5XKM9_conserved	O52246_conserved	9.638E-01	9.350E-01	9.350E-01	65.000	64	63	64
V5XKM9_conserved	O52244_conserved	9.637E-01	9.349E-01	9.349E-01	66.600	64	63	64
V5XKM9_conserved	Q44246_conserved	9.631E-01	9.343E-01	9.343E-01	66.600	64	63	64
V5XKM9_conserved	Q44245_conserved	9.630E-01	9.343E-01	9.343E-01	66.600	64	63	64
V5XKM9_conserved	O52242_conserved	9.623E-01	9.336E-01	9.336E-01	66.600	64	63	64
V5XKM9_conserved	O52245_conserved	9.616E-01	9.330E-01	9.330E-01	66.600	64	63	64
V5XKM9_conserved	Q75ZP9_conserved	9.569E-01	9.284E-01	9.284E-01	53.900	64	63	64
V5XKM9_conserved	P50858_conserved	9.550E-01	9.267E-01	9.267E-01	57.100	64	63	64
V5XKM9_conserved	AF-Q9AIK8-F1-model_v4_conserved	8.315E-01	6.664E-01	7.639E-01	37.700	64	61	55
V5XKM9_conserved	AF-Q9AIK9-F1-model_v4_conserved	8.296E-01	6.651E-01	7.623E-01	37.700	64	61	55
O52242_conserved	O52242_conserved	1.016E+00	1.000E+00	1.000E+00	100.000	64	64	64
O52242_conserved	O52246_conserved	1.014E+00	9.985E-01	9.985E-01	98.400	64	64	64
O52242_conserved	O52244_conserved	1.014E+00	9.985E-01	9.985E-01	100.000	64	64	64
O52242_conserved	O52247_conserved	1.014E+00	9.978E-01	9.978E-01	98.400	64	64	64
O52242_conserved	Q44245_conserved	1.013E+00	9.974E-01	9.974E-01	100.000	64	64	64
O52242_conserved	O52241_conserved	1.012E+00	9.965E-01	9.965E-01	96.800	64	64	64
O52242_conserved	O52245_conserved	1.012E+00	9.964E-01	9.964E-01	98.400	64	64	64
O52242_conserved	Q44057_conserved	1.008E+00	9.925E-01	9.925E-01	93.700	64	64	64
O52242_conserved	Q43899_conserved	1.007E+00	9.917E-01	9.917E-01	100.000	64	64	64
O52242_conserved	O52243_conserved	1.006E+00	9.907E-01	9.907E-01	98.400	64	64	64
O52242_conserved	Q44246_conserved	9.993E-01	9.839E-01	9.839E-01	98.400	64	64	64
O52242_conserved	Q9R381_conserved	9.824E-01	9.676E-01	9.676E-01	75.000	64	64	64
O52242_conserved	Q54441_conserved	9.781E-01	9.633E-01	9.633E-01	73.400	64	64	64
O52242_conserved	Q03635_conserved	9.849E-01	9.401E-01	9.695E-01	72.500	64	62	62
O52242_conserved	S6CFI8_conserved	9.835E-01	9.537E-01	9.537E-01	82.500	64	63	64
O52242_conserved	Q8ZPB6_conserved	9.707E-01	9.563E-01	9.563E-01	75.000	64	64	64
O52242_conserved	V5XKM9_conserved	9.623E-01	9.336E-01	9.336E-01	66.600	64	63	64
O52242_conserved	A0A6F8Z5F1_conserved	9.612E-01	9.326E-01	9.326E-01	66.600	64	63	64
O52242_conserved	Q9RBW7_conserved	9.608E-01	9.322E-01	9.322E-01	66.600	64	63	64
O52242_conserved	Q75ZP9_conserved	9.497E-01	9.358E-01	9.358E-01	59.300	64	64	64
O52242_conserved	P50858_conserved	9.433E-01	9.158E-01	9.158E-01	68.200	64	63	64
O52242_conserved	AF-Q9AIK8-F1-model_v4_conserved	8.601E-01	6.993E-01	8.036E-01	48.300	64	62	55
O52242_conserved	AF-Q9AIK9-F1-model_v4_conserved	8.580E-01	7.003E-01	8.043E-01	50.800	64	61	55
Q9RBW7_conserved	Q9RBW7_conserved	1.016E+00	1.000E+00	1.000E+00	100.000	64	64	64
Q9RBW7_conserved	V5XKM9_conserved	1.002E+00	9.869E-01	9.869E-01	95.300	64	64	64
Q9RBW7_conserved	A0A6F8Z5F1_conserved	1.002E+00	9.862E-01	9.862E-01	96.800	64	64	64
Q9RBW7_conserved	S6CFI8_conserved	9.862E-01	9.560E-01	9.560E-01	74.600	64	63	64
Q9RBW7_conserved	Q54441_conserved	9.837E-01	9.537E-01	9.537E-01	76.100	64	63	64
Q9RBW7_conserved	Q03635_conserved	9.775E-01	9.330E-01	9.622E-01	70.900	64	62	62
Q9RBW7_conserved	Q9R381_conserved	9.734E-01	9.440E-01	9.440E-01	69.800	64	63	64
Q9RBW7_conserved	Q8ZPB6_conserved	9.729E-01	9.436E-01	9.436E-01	69.800	64	63	64
Q9RBW7_conserved	O52243_conserved	9.704E-01	9.413E-01	9.413E-01	66.600	64	63	64
Q9RBW7_conserved	Q43899_conserved	9.674E-01	9.384E-01	9.384E-01	66.600	64	63	64
Q9RBW7_conserved	Q44057_conserved	9.662E-01	9.373E-01	9.373E-01	65.000	64	63	64
Q9RBW7_conserved	O52247_conserved	9.629E-01	9.341E-01	9.341E-01	65.000	64	63	64
Q9RBW7_conserved	Q44245_conserved	9.627E-01	9.340E-01	9.340E-01	66.600	64	63	64
Q9RBW7_conserved	O52241_conserved	9.628E-01	9.341E-01	9.341E-01	66.600	64	63	64
Q9RBW7_conserved	O52246_conserved	9.626E-01	9.339E-01	9.339E-01	66.600	64	63	64
Q9RBW7_conserved	O52244_conserved	9.625E-01	9.338E-01	9.338E-01	66.600	64	63	64
Q9RBW7_conserved	Q44246_conserved	9.605E-01	9.319E-01	9.319E-01	66.600	64	63	64
Q9RBW7_conserved	O52242_conserved	9.608E-01	9.322E-01	9.322E-01	66.600	64	63	64
Q9RBW7_conserved	O52245_conserved	9.604E-01	9.319E-01	9.319E-01	66.600	64	63	64
Q9RBW7_conserved	Q75ZP9_conserved	9.543E-01	9.259E-01	9.259E-01	53.900	64	63	64
Q9RBW7_conserved	P50858_conserved	9.525E-01	9.243E-01	9.243E-01	57.100	64	63	64
Q9RBW7_conserved	AF-Q9AIK8-F1-model_v4_conserved	8.310E-01	6.660E-01	7.635E-01	37.700	64	61	55
Q9RBW7_conserved	AF-Q9AIK9-F1-model_v4_conserved	8.280E-01	6.642E-01	7.609E-01	36.000	64	61	55
A0A6F8Z5F1_conserved	A0A6F8Z5F1_conserved	1.016E+00	1.000E+00	1.000E+00	100.000	64	64	64
A0A6F8Z5F1_conserved	V5XKM9_conserved	1.012E+00	9.961E-01	9.961E-01	95.300	64	64	64
A0A6F8Z5F1_conserved	Q9RBW7_conserved	1.002E+00	9.862E-01	9.862E-01	96.800	64	64	64
A0A6F8Z5F1_conserved	S6CFI8_conserved	9.837E-01	9.537E-01	9.537E-01	74.600	64	63	64
A0A6F8Z5F1_conserved	Q54441_conserved	9.823E-01	9.523E-01	9.523E-01	74.600	64	63	64
A0A6F8Z5F1_conserved	Q03635_conserved	9.743E-01	9.301E-01	9.591E-01	70.900	64	62	62
A0A6F8Z5F1_conserved	Q9R381_conserved	9.733E-01	9.439E-01	9.439E-01	69.800	64	63	64
A0A6F8Z5F1_conserved	Q8ZPB6_conserved	9.686E-01	9.395E-01	9.395E-01	69.800	64	63	64
A0A6F8Z5F1_conserved	O52243_conserved	9.696E-01	9.406E-01	9.406E-01	66.600	64	63	64
A0A6F8Z5F1_conserved	Q43899_conserved	9.662E-01	9.373E-01	9.373E-01	66.600	64	63	64
A0A6F8Z5F1_conserved	Q44057_conserved	9.651E-01	9.362E-01	9.362E-01	65.000	64	63	64
A0A6F8Z5F1_conserved	O52241_conserved	9.629E-01	9.342E-01	9.342E-01	66.600	64	63	64
A0A6F8Z5F1_conserved	O52247_conserved	9.628E-01	9.341E-01	9.341E-01	65.000	64	63	64
A0A6F8Z5F1_conserved	O52246_conserved	9.627E-01	9.340E-01	9.340E-01	65.000	64	63	64
A0A6F8Z5F1_conserved	Q44245_conserved	9.624E-01	9.337E-01	9.337E-01	66.600	64	63	64
A0A6F8Z5F1_conserved	O52244_conserved	9.625E-01	9.338E-01	9.338E-01	66.600	64	63	64
A0A6F8Z5F1_conserved	O52242_conserved	9.612E-01	9.326E-01	9.326E-01	66.600	64	63	64
A0A6F8Z5F1_conserved	Q44246_conserved	9.606E-01	9.320E-01	9.320E-01	66.600	64	63	64
A0A6F8Z5F1_conserved	O52245_conserved	9.606E-01	9.321E-01	9.321E-01	66.600	64	63	64
A0A6F8Z5F1_conserved	Q75ZP9_conserved	9.565E-01	9.280E-01	9.280E-01	53.900	64	63	64
A0A6F8Z5F1_conserved	P50858_conserved	9.504E-01	9.223E-01	9.223E-01	57.100	64	63	64
A0A6F8Z5F1_conserved	AF-Q9AIK8-F1-model_v4_conserved	8.274E-01	6.641E-01	7.607E-01	37.700	64	61	55
A0A6F8Z5F1_conserved	AF-Q9AIK9-F1-model_v4_conserved	8.242E-01	6.621E-01	7.580E-01	37.700	64	61	55
O52246_conserved	O52246_conserved	1.016E+00	1.000E+00	1.000E+00	100.000	64	64	64
O52246_conserved	O52244_conserved	1.015E+00	9.996E-01	9.996E-01	98.400	64	64	64
O52246_conserved	Q44245_conserved	1.015E+00	9.991E-01	9.991E-01	98.400	64	64	64
O52246_conserved	O52247_conserved	1.015E+00	9.991E-01	9.991E-01	96.800	64	64	64
O52246_conserved	O52242_conserved	1.014E+00	9.985E-01	9.985E-01	98.400	64	64	64
O52246_conserved	O52245_conserved	1.014E+00	9.984E-01	9.984E-01	96.800	64	64	64
O52246_conserved	O52241_conserved	1.014E+00	9.983E-01	9.983E-01	95.300	64	64	64
O52246_conserved	Q44057_conserved	1.011E+00	9.949E-01	9.949E-01	92.100	64	64	64
O52246_conserved	Q43899_conserved	1.009E+00	9.932E-01	9.932E-01	98.400	64	64	64
O52246_conserved	O52243_conserved	1.008E+00	9.924E-01	9.924E-01	96.800	64	64	64
O52246_conserved	Q44246_conserved	1.000E+00	9.847E-01	9.847E-01	96.800	64	64	64
O52246_conserved	Q9R381_conserved	9.862E-01	9.712E-01	9.712E-01	73.400	64	64	64
O52246_conserved	Q54441_conserved	9.798E-01	9.650E-01	9.650E-01	73.400	64	64	64
O52246_conserved	S6CFI8_conserved	9.867E-01	9.567E-01	9.567E-01	80.900	64	63	64
O52246_conserved	Q03635_conserved	9.862E-01	9.413E-01	9.708E-01	70.900	64	62	62
O52246_conserved	Q8ZPB6_conserved	9.733E-01	9.587E-01	9.587E-01	73.400	64	64	64
O52246_conserved	V5XKM9_conserved	9.638E-01	9.350E-01	9.350E-01	65.000	64	63	64
O52246_conserved	A0A6F8Z5F1_conserved	9.627E-01	9.340E-01	9.340E-01	65.000	64	63	64
O52246_conserved	Q9RBW7_conserved	9.626E-01	9.339E-01	9.339E-01	66.600	64	63	64
O52246_conserved	Q75ZP9_conserved	9.486E-01	9.347E-01	9.347E-01	57.800	64	64	64
O52246_conserved	P50858_conserved	9.454E-01	9.178E-01	9.178E-01	66.600	64	63	64
O52246_conserved	AF-Q9AIK8-F1-model_v4_conserved	8.571E-01	6.985E-01	8.026E-01	46.700	64	62	55
O52246_conserved	AF-Q9AIK9-F1-model_v4_conserved	8.570E-01	6.993E-01	8.006E-01	49.100	64	61	55
Q44057_conserved	Q44057_conserved	1.016E+00	1.000E+00	1.000E+00	100.000	64	64	64
Q44057_conserved	Q44245_conserved	1.011E+00	9.950E-01	9.950E-01	93.700	64	64	64
Q44057_conserved	O52244_conserved	1.011E+00	9.950E-01	9.950E-01	93.700	64	64	64
Q44057_conserved	O52246_conserved	1.011E+00	9.949E-01	9.949E-01	92.100	64	64	64
Q44057_conserved	O52241_conserved	1.011E+00	9.949E-01	9.949E-01	92.100	64	64	64
Q44057_conserved	O52247_conserved	1.011E+00	9.949E-01	9.949E-01	92.100	64	64	64
Q44057_conserved	O52245_conserved	1.010E+00	9.946E-01	9.946E-01	92.100	64	64	64
Q44057_conserved	O52242_conserved	1.008E+00	9.925E-01	9.925E-01	93.700	64	64	64
Q44057_conserved	O52243_conserved	1.004E+00	9.883E-01	9.883E-01	92.100	64	64	64
Q44057_conserved	Q43899_conserved	1.004E+00	9.881E-01	9.881E-01	93.700	64	64	64
Q44057_conserved	Q44246_conserved	9.944E-01	9.792E-01	9.792E-01	95.300	64	64	64
Q44057_conserved	Q9R381_conserved	9.910E-01	9.758E-01	9.758E-01	71.800	64	64	64
Q44057_conserved	Q54441_conserved	9.848E-01	9.698E-01	9.698E-01	68.700	64	64	64
Q44057_conserved	S6CFI8_conserved	9.903E-01	9.600E-01	9.600E-01	77.700	64	63	64
Q44057_conserved	Q8ZPB6_conserved	9.793E-01	9.645E-01	9.645E-01	71.800	64	64	64
Q44057_conserved	Q03635_conserved	9.887E-01	9.435E-01	9.732E-01	69.300	64	62	62
Q44057_conserved	Q9RBW7_conserved	9.662E-01	9.373E-01	9.373E-01	65.000	64	63	64
Q44057_conserved	V5XKM9_conserved	9.663E-01	9.373E-01	9.373E-01	65.000	64	63	64
Q44057_conserved	A0A6F8Z5F1_conserved	9.651E-01	9.362E-01	9.362E-01	65.000	64	63	64
Q44057_conserved	Q75ZP9_conserved	9.466E-01	9.327E-01	9.327E-01	59.300	64	64	64
Q44057_conserved	P50858_conserved	9.537E-01	9.256E-01	9.256E-01	65.000	64	63	64
Q44057_conserved	AF-Q9AIK8-F1-model_v4_conserved	8.615E-01	6.997E-01	8.043E-01	48.300	64	62	55
Q44057_conserved	AF-Q9AIK9-F1-model_v4_conserved	8.605E-01	7.015E-01	8.059E-01	50.800	64	61	55
Q44246_conserved	Q44246_conserved	1.016E+00	1.000E+00	1.000E+00	100.000	64	64	64
Q44246_conserved	Q43899_conserved	1.009E+00	9.938E-01	9.938E-01	98.400	64	64	64
Q44246_conserved	O52247_conserved	1.002E+00	9.862E-01	9.862E-01	96.800	64	64	64
Q44246_conserved	O52244_conserved	1.001E+00	9.858E-01	9.858E-01	98.400	64	64	64
Q44246_conserved	O52241_conserved	1.000E+00	9.850E-01	9.850E-01	95.300	64	64	64
Q44246_conserved	O52246_conserved	1.000E+00	9.847E-01	9.847E-01	96.800	64	64	64
Q44246_conserved	Q44245_conserved	9.997E-01	9.844E-01	9.844E-01	98.400	64	64	64
Q44246_conserved	O52242_conserved	9.993E-01	9.839E-01	9.839E-01	98.400	64	64	64
Q44246_conserved	Q44057_conserved	9.944E-01	9.792E-01	9.792E-01	95.300	64	64	64
Q44246_conserved	O52245_conserved	9.946E-01	9.794E-01	9.794E-01	96.800	64	64	64
Q44246_conserved	O52243_conserved	9.928E-01	9.777E-01	9.777E-01	96.800	64	64	64
Q44246_conserved	Q03635_conserved	9.936E-01	9.480E-01	9.779E-01	72.500	64	62	62
Q44246_conserved	Q8ZPB6_conserved	9.817E-01	9.668E-01	9.668E-01	75.000	64	64	64
Q44246_conserved	Q54441_conserved	9.766E-01	9.619E-01	9.619E-01	73.400	64	64	64
Q44246_conserved	S6CFI8_conserved	9.832E-01	9.534E-01	9.534E-01	82.500	64	63	64
Q44246_conserved	Q9R381_conserved	9.723E-01	9.577E-01	9.577E-01	75.000	64	64	64
Q44246_conserved	Q75ZP9_conserved	9.670E-01	9.525E-01	9.525E-01	59.300	64	64	64
Q44246_conserved	V5XKM9_conserved	9.631E-01	9.343E-01	9.343E-01	66.600	64	63	64
Q44246_conserved	A0A6F8Z5F1_conserved	9.606E-01	9.320E-01	9.320E-01	66.600	64	63	64
Q44246_conserved	Q9RBW7_conserved	9.605E-01	9.319E-01	9.319E-01	66.600	64	63	64
Q44246_conserved	P50858_conserved	9.410E-01	9.136E-01	9.136E-01	68.200	64	63	64
Q44246_conserved	AF-Q9AIK8-F1-model_v4_conserved	8.647E-01	7.018E-01	8.071E-01	48.300	64	62	55
Q44246_conserved	AF-Q9AIK9-F1-model_v4_conserved	8.613E-01	6.997E-01	8.042E-01	48.300	64	62	55
Q75ZP9_conserved	Q75ZP9_conserved	1.016E+00	1.000E+00	1.000E+00	100.000	64	64	64
Q75ZP9_conserved	Q44246_conserved	9.670E-01	9.525E-01	9.525E-01	59.300	64	64	64
Q75ZP9_conserved	Q03635_conserved	9.777E-01	9.336E-01	9.626E-01	58.000	64	62	62
Q75ZP9_conserved	Q54441_conserved	9.647E-01	9.504E-01	9.504E-01	59.300	64	64	64
Q75ZP9_conserved	Q8ZPB6_conserved	9.618E-01	9.475E-01	9.475E-01	59.300	64	64	64
Q75ZP9_conserved	S6CFI8_conserved	9.707E-01	9.417E-01	9.417E-01	60.300	64	63	64
Q75ZP9_conserved	Q43899_conserved	9.596E-01	9.454E-01	9.454E-01	59.300	64	64	64
Q75ZP9_conserved	A0A6F8Z5F1_conserved	9.565E-01	9.280E-01	9.280E-01	53.900	64	63	64
Q75ZP9_conserved	Q9R381_conserved	9.509E-01	9.370E-01	9.370E-01	59.300	64	64	64
Q75ZP9_conserved	V5XKM9_conserved	9.569E-01	9.284E-01	9.284E-01	53.900	64	63	64
Q75ZP9_conserved	O52247_conserved	9.493E-01	9.354E-01	9.354E-01	57.800	64	64	64
Q75ZP9_conserved	O52242_conserved	9.497E-01	9.358E-01	9.358E-01	59.300	64	64	64
Q75ZP9_conserved	O52244_conserved	9.489E-01	9.350E-01	9.350E-01	59.300	64	64	64
Q75ZP9_conserved	O52241_conserved	9.488E-01	9.349E-01	9.349E-01	56.200	64	64	64
Q75ZP9_conserved	O52246_conserved	9.486E-01	9.347E-01	9.347E-01	57.800	64	64	64
Q75ZP9_conserved	Q9RBW7_conserved	9.543E-01	9.259E-01	9.259E-01	53.900	64	63	64
Q75ZP9_conserved	Q44057_conserved	9.466E-01	9.327E-01	9.327E-01	59.300	64	64	64
Q75ZP9_conserved	Q44245_conserved	9.480E-01	9.341E-01	9.341E-01	59.300	64	64	64
Q75ZP9_conserved	O52243_conserved	9.488E-01	9.349E-01	9.349E-01	59.300	64	64	64
Q75ZP9_conserved	O52245_conserved	9.409E-01	9.272E-01	9.272E-01	57.800	64	64	64
Q75ZP9_conserved	P50858_conserved	9.348E-01	9.078E-01	9.078E-01	47.600	64	63	64
Q75ZP9_conserved	AF-Q9AIK8-F1-model_v4_conserved	8.197E-01	6.814E-01	7.802E-01	34.400	64	61	55
Q75ZP9_conserved	AF-Q9AIK9-F1-model_v4_conserved	8.170E-01	6.799E-01	7.779E-01	34.400	64	61	55
AF-Q9AIK8-F1-model_v4_conserved	AF-Q9AIK8-F1-model_v4_conserved	1.019E+00	1.000E+00	1.000E+00	100.000	55	55	55
AF-Q9AIK8-F1-model_v4_conserved	AF-Q9AIK9-F1-model_v4_conserved	1.012E+00	9.934E-01	9.934E-01	100.000	55	55	55
AF-Q9AIK8-F1-model_v4_conserved	Q44246_conserved	8.647E-01	8.071E-01	7.018E-01	48.300	55	62	64
AF-Q9AIK8-F1-model_v4_conserved	Q43899_conserved	8.639E-01	8.064E-01	7.012E-01	48.300	55	62	64
AF-Q9AIK8-F1-model_v4_conserved	Q44057_conserved	8.615E-01	8.043E-01	6.997E-01	48.300	55	62	64
AF-Q9AIK8-F1-model_v4_conserved	O52247_conserved	8.616E-01	8.044E-01	6.999E-01	46.700	55	62	64
AF-Q9AIK8-F1-model_v4_conserved	O52244_conserved	8.610E-01	8.040E-01	6.997E-01	48.300	55	62	64
AF-Q9AIK8-F1-model_v4_conserved	O52241_conserved	8.610E-01	8.041E-01	6.997E-01	46.700	55	62	64
AF-Q9AIK8-F1-model_v4_conserved	O52242_conserved	8.601E-01	8.036E-01	6.993E-01	48.300	55	62	64
AF-Q9AIK8-F1-model_v4_conserved	Q44245_conserved	8.595E-01	8.027E-01	6.986E-01	48.300	55	62	64
AF-Q9AIK8-F1-model_v4_conserved	O52246_conserved	8.571E-01	8.026E-01	6.985E-01	46.700	55	62	64
AF-Q9AIK8-F1-model_v4_conserved	O52245_conserved	8.590E-01	8.021E-01	6.981E-01	48.300	55	62	64
AF-Q9AIK8-F1-model_v4_conserved	O52243_conserved	8.565E-01	8.000E-01	6.965E-01	46.700	55	62	64
AF-Q9AIK8-F1-model_v4_conserved	Q8ZPB6_conserved	8.547E-01	7.984E-01	6.952E-01	38.700	55	62	64
AF-Q9AIK8-F1-model_v4_conserved	Q9R381_conserved	8.494E-01	7.938E-01	6.917E-01	38.700	55	62	64
AF-Q9AIK8-F1-model_v4_conserved	Q54441_conserved	8.447E-01	7.893E-01	6.878E-01	35.400	55	62	64
AF-Q9AIK8-F1-model_v4_conserved	P50858_conserved	8.489E-01	7.789E-01	6.782E-01	49.100	55	61	64
AF-Q9AIK8-F1-model_v4_conserved	S6CFI8_conserved	8.490E-01	7.790E-01	6.783E-01	42.600	55	61	64
AF-Q9AIK8-F1-model_v4_conserved	Q03635_conserved	8.502E-01	7.659E-01	6.865E-01	35.000	55	60	62
AF-Q9AIK8-F1-model_v4_conserved	Q75ZP9_conserved	8.197E-01	7.802E-01	6.814E-01	34.400	55	61	64
AF-Q9AIK8-F1-model_v4_conserved	V5XKM9_conserved	8.315E-01	7.639E-01	6.664E-01	37.700	55	61	64
AF-Q9AIK8-F1-model_v4_conserved	Q9RBW7_conserved	8.310E-01	7.635E-01	6.660E-01	37.700	55	61	64
AF-Q9AIK8-F1-model_v4_conserved	A0A6F8Z5F1_conserved	8.274E-01	7.607E-01	6.641E-01	37.700	55	61	64
O52245_conserved	O52245_conserved	1.016E+00	1.000E+00	1.000E+00	100.000	64	64	64
O52245_conserved	O52246_conserved	1.014E+00	9.984E-01	9.984E-01	96.800	64	64	64
O52245_conserved	O52247_conserved	1.014E+00	9.983E-01	9.983E-01	96.800	64	64	64
O52245_conserved	O52244_conserved	1.014E+00	9.981E-01	9.981E-01	98.400	64	64	64
O52245_conserved	Q44245_conserved	1.014E+00	9.980E-01	9.980E-01	98.400	64	64	64
O52245_conserved	O52241_conserved	1.013E+00	9.976E-01	9.976E-01	95.300	64	64	64
O52245_conserved	O52242_conserved	1.012E+00	9.964E-01	9.964E-01	98.400	64	64	64
O52245_conserved	Q44057_conserved	1.010E+00	9.946E-01	9.946E-01	92.100	64	64	64
O52245_conserved	O52243_conserved	1.009E+00	9.930E-01	9.930E-01	96.800	64	64	64
O52245_conserved	Q43899_conserved	1.004E+00	9.889E-01	9.889E-01	98.400	64	64	64
O52245_conserved	Q44246_conserved	9.946E-01	9.794E-01	9.794E-01	96.800	64	64	64
O52245_conserved	Q9R381_conserved	9.885E-01	9.734E-01	9.734E-01	73.400	64	64	64
O52245_conserved	Q54441_conserved	9.772E-01	9.625E-01	9.625E-01	71.800	64	64	64
O52245_conserved	S6CFI8_conserved	9.844E-01	9.545E-01	9.545E-01	80.900	64	63	64
O52245_conserved	Q03635_conserved	9.814E-01	9.369E-01	9.661E-01	70.900	64	62	62
O52245_conserved	Q8ZPB6_conserved	9.700E-01	9.555E-01	9.555E-01	73.400	64	64	64
O52245_conserved	V5XKM9_conserved	9.616E-01	9.330E-01	9.330E-01	66.600	64	63	64
O52245_conserved	A0A6F8Z5F1_conserved	9.606E-01	9.321E-01	9.321E-01	66.600	64	63	64
O52245_conserved	Q9RBW7_conserved	9.604E-01	9.319E-01	9.319E-01	66.600	64	63	64
O52245_conserved	Q75ZP9_conserved	9.409E-01	9.272E-01	9.272E-01	57.800	64	64	64
O52245_conserved	P50858_conserved	9.442E-01	9.167E-01	9.167E-01	66.600	64	63	64
O52245_conserved	AF-Q9AIK8-F1-model_v4_conserved	8.590E-01	6.981E-01	8.021E-01	48.300	64	62	55
O52245_conserved	AF-Q9AIK9-F1-model_v4_conserved	8.566E-01	6.994E-01	8.031E-01	49.100	64	61	55
Q03635_conserved	Q03635_conserved	1.016E+00	1.000E+00	1.000E+00	100.000	62	62	62
Q03635_conserved	Q8ZPB6_conserved	1.010E+00	9.940E-01	9.632E-01	90.300	62	62	64
Q03635_conserved	S6CFI8_conserved	1.002E+00	9.865E-01	9.561E-01	77.400	62	62	64
Q03635_conserved	Q54441_conserved	1.000E+00	9.844E-01	9.542E-01	77.400	62	62	64
Q03635_conserved	Q43899_conserved	9.949E-01	9.792E-01	9.492E-01	72.500	62	62	64
Q03635_conserved	Q44246_conserved	9.936E-01	9.779E-01	9.480E-01	72.500	62	62	64
Q03635_conserved	Q9R381_conserved	9.932E-01	9.775E-01	9.477E-01	90.300	62	62	64
Q03635_conserved	O52243_conserved	9.907E-01	9.752E-01	9.455E-01	70.900	62	62	64
Q03635_conserved	Q44057_conserved	9.887E-01	9.732E-01	9.435E-01	69.300	62	62	64
Q03635_conserved	O52244_conserved	9.872E-01	9.717E-01	9.421E-01	72.500	62	62	64
Q03635_conserved	O52241_conserved	9.868E-01	9.714E-01	9.419E-01	72.500	62	62	64
Q03635_conserved	O52247_conserved	9.866E-01	9.711E-01	9.416E-01	70.900	62	62	64
Q03635_conserved	O52246_conserved	9.862E-01	9.708E-01	9.413E-01	70.900	62	62	64
Q03635_conserved	Q44245_conserved	9.859E-01	9.704E-01	9.410E-01	72.500	62	62	64
Q03635_conserved	O52242_conserved	9.849E-01	9.695E-01	9.401E-01	72.500	62	62	64
Q03635_conserved	V5XKM9_conserved	9.793E-01	9.640E-01	9.347E-01	70.900	62	62	64
Q03635_conserved	O52245_conserved	9.814E-01	9.661E-01	9.369E-01	70.900	62	62	64
Q03635_conserved	Q9RBW7_conserved	9.775E-01	9.622E-01	9.330E-01	70.900	62	62	64
Q03635_conserved	Q75ZP9_conserved	9.777E-01	9.626E-01	9.336E-01	58.000	62	62	64
Q03635_conserved	A0A6F8Z5F1_conserved	9.743E-01	9.591E-01	9.301E-01	70.900	62	62	64
Q03635_conserved	P50858_conserved	9.613E-01	9.466E-01	9.186E-01	59.600	62	62	64
Q03635_conserved	AF-Q9AIK8-F1-model_v4_conserved	8.502E-01	6.865E-01	7.659E-01	35.000	62	60	55
Q03635_conserved	AF-Q9AIK9-F1-model_v4_conserved	8.498E-01	6.862E-01	7.656E-01	35.000	62	60	55
