Q53289_Q50_lddt	Q53289_Q50_lddt	1.009E+00	1.000E+00	1.000E+00	100.000	107	107	107
Q53289_Q50_lddt	Q70E83_Q50_lddt	1.009E+00	1.000E+00	1.000E+00	100.000	107	107	107
Q53289_Q50_lddt	G8GB95_Q50_lddt	1.009E+00	9.999E-01	9.999E-01	99.000	107	107	107
Q53289_Q50_lddt	Q9R977_Q50_lddt	1.009E+00	9.999E-01	9.999E-01	100.000	107	107	107
Q53289_Q50_lddt	B0F5D7_Q50_lddt	1.009E+00	9.999E-01	9.999E-01	99.000	107	107	107
Q53289_Q50_lddt	Q8GLI5_Q50_lddt	1.009E+00	9.998E-01	9.998E-01	99.000	107	107	107
Q53289_Q50_lddt	A0A386JBE1_Q50_lddt	1.009E+00	9.998E-01	9.998E-01	99.000	107	107	107
Q53289_Q50_lddt	B2ZNP2_Q50_lddt	1.009E+00	9.997E-01	9.997E-01	98.100	107	107	107
Q53289_Q50_lddt	F1BYQ0_Q50_lddt	1.009E+00	9.993E-01	9.993E-01	97.100	107	107	107
Q53289_Q50_lddt	A6N6U3_Q50_lddt	1.008E+00	9.984E-01	9.984E-01	78.500	107	107	107
Q53289_Q50_lddt	Q79PC7_Q50_lddt	1.008E+00	9.981E-01	9.981E-01	81.300	107	107	107
Q53289_Q50_lddt	Q79TB7_Q50_lddt	1.006E+00	9.967E-01	9.967E-01	99.000	107	107	107
Q53289_Q50_lddt	B8Y9I3_Q50_lddt	1.010E+00	9.812E-01	9.999E-01	99.000	107	105	105
Q53289_Q50_lddt	A7UMS1_Q50_lddt	1.009E+00	9.810E-01	9.997E-01	99.000	107	105	105
Q53289_Q50_lddt	Q0VTT5_Q50_lddt	1.009E+00	9.807E-01	9.994E-01	88.500	107	105	105
Q53289_Q50_lddt	Q9S445_Q50_lddt	1.008E+00	9.801E-01	9.988E-01	83.800	107	105	105
Q53289_Q50_lddt	Q51734_Q50_lddt	9.932E-01	9.655E-01	9.655E-01	63.800	107	105	107
Q53289_Q50_lddt	Q93ET8_Q50_lddt	9.723E-01	9.107E-01	9.630E-01	34.600	107	101	101
Q53289_Q50_lddt	A0A0B6VRK1_Q50_lddt	9.668E-01	9.319E-01	9.404E-01	35.500	107	104	106
Q53289_Q50_lddt	A0A1I9ZKY4_Q50_lddt	9.671E-01	9.062E-01	9.579E-01	35.600	107	101	101
Q53289_Q50_lddt	Q764C8_Q50_lddt	9.365E-01	7.939E-01	9.171E-01	34.200	107	105	92
Q53289_Q50_lddt	Q75PS3_Q50_lddt	9.327E-01	7.911E-01	9.135E-01	35.200	107	105	92
Q9R977_Q50_lddt	Q9R977_Q50_lddt	1.009E+00	1.000E+00	1.000E+00	100.000	107	107	107
Q9R977_Q50_lddt	G8GB95_Q50_lddt	1.009E+00	9.999E-01	9.999E-01	99.000	107	107	107
Q9R977_Q50_lddt	Q53289_Q50_lddt	1.009E+00	9.999E-01	9.999E-01	100.000	107	107	107
Q9R977_Q50_lddt	Q8GLI5_Q50_lddt	1.009E+00	9.999E-01	9.999E-01	99.000	107	107	107
Q9R977_Q50_lddt	Q70E83_Q50_lddt	1.009E+00	9.999E-01	9.999E-01	100.000	107	107	107
Q9R977_Q50_lddt	B0F5D7_Q50_lddt	1.009E+00	9.998E-01	9.998E-01	99.000	107	107	107
Q9R977_Q50_lddt	A0A386JBE1_Q50_lddt	1.009E+00	9.998E-01	9.998E-01	99.000	107	107	107
Q9R977_Q50_lddt	B2ZNP2_Q50_lddt	1.009E+00	9.998E-01	9.998E-01	98.100	107	107	107
Q9R977_Q50_lddt	F1BYQ0_Q50_lddt	1.009E+00	9.994E-01	9.994E-01	97.100	107	107	107
Q9R977_Q50_lddt	Q79PC7_Q50_lddt	1.008E+00	9.984E-01	9.984E-01	81.300	107	107	107
Q9R977_Q50_lddt	A6N6U3_Q50_lddt	1.008E+00	9.983E-01	9.983E-01	78.500	107	107	107
Q9R977_Q50_lddt	Q79TB7_Q50_lddt	1.006E+00	9.965E-01	9.965E-01	99.000	107	107	107
Q9R977_Q50_lddt	B8Y9I3_Q50_lddt	1.009E+00	9.811E-01	9.998E-01	99.000	107	105	105
Q9R977_Q50_lddt	A7UMS1_Q50_lddt	1.009E+00	9.811E-01	9.997E-01	99.000	107	105	105
Q9R977_Q50_lddt	Q0VTT5_Q50_lddt	1.009E+00	9.805E-01	9.991E-01	88.500	107	105	105
Q9R977_Q50_lddt	Q9S445_Q50_lddt	1.008E+00	9.802E-01	9.988E-01	83.800	107	105	105
Q9R977_Q50_lddt	Q51734_Q50_lddt	9.931E-01	9.655E-01	9.655E-01	63.800	107	105	107
Q9R977_Q50_lddt	Q93ET8_Q50_lddt	9.725E-01	9.109E-01	9.632E-01	34.600	107	101	101
Q9R977_Q50_lddt	A0A0B6VRK1_Q50_lddt	9.668E-01	9.319E-01	9.404E-01	35.500	107	104	106
Q9R977_Q50_lddt	A0A1I9ZKY4_Q50_lddt	9.674E-01	9.064E-01	9.582E-01	35.600	107	101	101
Q9R977_Q50_lddt	Q764C8_Q50_lddt	9.363E-01	7.938E-01	9.169E-01	34.200	107	105	92
Q9R977_Q50_lddt	Q75PS3_Q50_lddt	9.327E-01	7.911E-01	9.134E-01	35.200	107	105	92
Q51734_Q50_lddt	Q51734_Q50_lddt	1.009E+00	1.000E+00	1.000E+00	100.000	107	107	107
Q51734_Q50_lddt	Q9S445_Q50_lddt	9.927E-01	9.650E-01	9.833E-01	63.800	107	105	105
Q51734_Q50_lddt	Q8GLI5_Q50_lddt	9.934E-01	9.657E-01	9.657E-01	62.800	107	105	107
Q51734_Q50_lddt	Q70E83_Q50_lddt	9.933E-01	9.656E-01	9.656E-01	63.800	107	105	107
Q51734_Q50_lddt	G8GB95_Q50_lddt	9.933E-01	9.656E-01	9.656E-01	64.700	107	105	107
Q51734_Q50_lddt	B2ZNP2_Q50_lddt	9.932E-01	9.655E-01	9.655E-01	61.900	107	105	107
Q51734_Q50_lddt	Q53289_Q50_lddt	9.932E-01	9.655E-01	9.655E-01	63.800	107	105	107
Q51734_Q50_lddt	B0F5D7_Q50_lddt	9.931E-01	9.655E-01	9.655E-01	62.800	107	105	107
Q51734_Q50_lddt	Q9R977_Q50_lddt	9.931E-01	9.655E-01	9.655E-01	63.800	107	105	107
Q51734_Q50_lddt	F1BYQ0_Q50_lddt	9.931E-01	9.654E-01	9.654E-01	61.900	107	105	107
Q51734_Q50_lddt	A0A386JBE1_Q50_lddt	9.930E-01	9.653E-01	9.653E-01	62.800	107	105	107
Q51734_Q50_lddt	A6N6U3_Q50_lddt	9.927E-01	9.651E-01	9.651E-01	62.800	107	105	107
Q51734_Q50_lddt	Q79PC7_Q50_lddt	9.922E-01	9.645E-01	9.645E-01	66.600	107	105	107
Q51734_Q50_lddt	Q79TB7_Q50_lddt	9.911E-01	9.635E-01	9.635E-01	62.800	107	105	107
Q51734_Q50_lddt	Q0VTT5_Q50_lddt	9.932E-01	9.470E-01	9.650E-01	65.000	107	103	105
Q51734_Q50_lddt	B8Y9I3_Q50_lddt	9.928E-01	9.467E-01	9.646E-01	63.100	107	103	105
Q51734_Q50_lddt	A7UMS1_Q50_lddt	9.925E-01	9.465E-01	9.644E-01	62.100	107	103	105
Q51734_Q50_lddt	A0A0B6VRK1_Q50_lddt	9.606E-01	9.433E-01	9.519E-01	33.900	107	106	106
Q51734_Q50_lddt	Q93ET8_Q50_lddt	9.749E-01	9.130E-01	9.656E-01	30.600	107	101	101
Q51734_Q50_lddt	A0A1I9ZKY4_Q50_lddt	9.652E-01	9.045E-01	9.561E-01	36.600	107	101	101
Q51734_Q50_lddt	Q764C8_Q50_lddt	9.418E-01	7.977E-01	9.222E-01	28.500	107	105	92
Q51734_Q50_lddt	Q75PS3_Q50_lddt	9.377E-01	7.947E-01	9.183E-01	27.600	107	105	92
Q8GLI5_Q50_lddt	Q8GLI5_Q50_lddt	1.009E+00	1.000E+00	1.000E+00	100.000	107	107	107
Q8GLI5_Q50_lddt	G8GB95_Q50_lddt	1.009E+00	9.999E-01	9.999E-01	98.100	107	107	107
Q8GLI5_Q50_lddt	Q9R977_Q50_lddt	1.009E+00	9.999E-01	9.999E-01	99.000	107	107	107
Q8GLI5_Q50_lddt	Q53289_Q50_lddt	1.009E+00	9.998E-01	9.998E-01	99.000	107	107	107
Q8GLI5_Q50_lddt	Q70E83_Q50_lddt	1.009E+00	9.998E-01	9.998E-01	99.000	107	107	107
Q8GLI5_Q50_lddt	B0F5D7_Q50_lddt	1.009E+00	9.998E-01	9.998E-01	98.100	107	107	107
Q8GLI5_Q50_lddt	B2ZNP2_Q50_lddt	1.009E+00	9.997E-01	9.997E-01	97.100	107	107	107
Q8GLI5_Q50_lddt	A0A386JBE1_Q50_lddt	1.009E+00	9.997E-01	9.997E-01	98.100	107	107	107
Q8GLI5_Q50_lddt	F1BYQ0_Q50_lddt	1.009E+00	9.994E-01	9.994E-01	96.200	107	107	107
Q8GLI5_Q50_lddt	Q79PC7_Q50_lddt	1.008E+00	9.984E-01	9.984E-01	80.300	107	107	107
Q8GLI5_Q50_lddt	A6N6U3_Q50_lddt	1.008E+00	9.984E-01	9.984E-01	77.500	107	107	107
Q8GLI5_Q50_lddt	Q79TB7_Q50_lddt	1.006E+00	9.968E-01	9.968E-01	98.100	107	107	107
Q8GLI5_Q50_lddt	B8Y9I3_Q50_lddt	1.009E+00	9.810E-01	9.997E-01	98.000	107	105	105
Q8GLI5_Q50_lddt	A7UMS1_Q50_lddt	1.009E+00	9.809E-01	9.996E-01	98.000	107	105	105
Q8GLI5_Q50_lddt	Q0VTT5_Q50_lddt	1.009E+00	9.806E-01	9.992E-01	87.600	107	105	105
Q8GLI5_Q50_lddt	Q9S445_Q50_lddt	1.008E+00	9.802E-01	9.989E-01	82.800	107	105	105
Q8GLI5_Q50_lddt	Q51734_Q50_lddt	9.934E-01	9.657E-01	9.657E-01	62.800	107	105	107
Q8GLI5_Q50_lddt	Q93ET8_Q50_lddt	9.729E-01	9.113E-01	9.636E-01	33.600	107	101	101
Q8GLI5_Q50_lddt	A0A0B6VRK1_Q50_lddt	9.672E-01	9.323E-01	9.408E-01	34.600	107	104	106
Q8GLI5_Q50_lddt	A0A1I9ZKY4_Q50_lddt	9.675E-01	9.065E-01	9.583E-01	34.600	107	101	101
Q8GLI5_Q50_lddt	Q764C8_Q50_lddt	9.371E-01	7.944E-01	9.177E-01	34.200	107	105	92
Q8GLI5_Q50_lddt	Q75PS3_Q50_lddt	9.335E-01	7.917E-01	9.142E-01	35.200	107	105	92
A0A0B6VRK1_Q50_lddt	A0A0B6VRK1_Q50_lddt	1.010E+00	1.000E+00	1.000E+00	100.000	106	106	106
A0A0B6VRK1_Q50_lddt	A0A1I9ZKY4_Q50_lddt	9.938E-01	9.383E-01	9.841E-01	54.400	106	101	101
A0A0B6VRK1_Q50_lddt	Q93ET8_Q50_lddt	9.866E-01	9.319E-01	9.771E-01	43.500	106	101	101
A0A0B6VRK1_Q50_lddt	Q9S445_Q50_lddt	9.685E-01	9.420E-01	9.507E-01	34.600	106	104	105
A0A0B6VRK1_Q50_lddt	Q51734_Q50_lddt	9.606E-01	9.519E-01	9.433E-01	33.900	106	106	107
A0A0B6VRK1_Q50_lddt	F1BYQ0_Q50_lddt	9.682E-01	9.417E-01	9.332E-01	35.500	106	104	107
A0A0B6VRK1_Q50_lddt	B0F5D7_Q50_lddt	9.679E-01	9.414E-01	9.329E-01	35.500	106	104	107
A0A0B6VRK1_Q50_lddt	B2ZNP2_Q50_lddt	9.677E-01	9.412E-01	9.327E-01	35.500	106	104	107
A0A0B6VRK1_Q50_lddt	G8GB95_Q50_lddt	9.675E-01	9.410E-01	9.325E-01	36.500	106	104	107
A0A0B6VRK1_Q50_lddt	A0A386JBE1_Q50_lddt	9.674E-01	9.409E-01	9.324E-01	35.500	106	104	107
A0A0B6VRK1_Q50_lddt	Q8GLI5_Q50_lddt	9.672E-01	9.408E-01	9.323E-01	34.600	106	104	107
A0A0B6VRK1_Q50_lddt	Q53289_Q50_lddt	9.668E-01	9.404E-01	9.319E-01	35.500	106	104	107
A0A0B6VRK1_Q50_lddt	Q9R977_Q50_lddt	9.668E-01	9.404E-01	9.319E-01	35.500	106	104	107
A0A0B6VRK1_Q50_lddt	Q70E83_Q50_lddt	9.668E-01	9.403E-01	9.318E-01	35.500	106	104	107
A0A0B6VRK1_Q50_lddt	A6N6U3_Q50_lddt	9.660E-01	9.396E-01	9.311E-01	34.600	106	104	107
A0A0B6VRK1_Q50_lddt	Q79TB7_Q50_lddt	9.644E-01	9.381E-01	9.296E-01	35.500	106	104	107
A0A0B6VRK1_Q50_lddt	Q79PC7_Q50_lddt	9.638E-01	9.375E-01	9.290E-01	35.500	106	104	107
A0A0B6VRK1_Q50_lddt	Q0VTT5_Q50_lddt	9.676E-01	9.235E-01	9.320E-01	37.200	106	102	105
A0A0B6VRK1_Q50_lddt	A7UMS1_Q50_lddt	9.676E-01	9.234E-01	9.320E-01	35.200	106	102	105
A0A0B6VRK1_Q50_lddt	B8Y9I3_Q50_lddt	9.670E-01	9.229E-01	9.314E-01	35.200	106	102	105
A0A0B6VRK1_Q50_lddt	Q75PS3_Q50_lddt	9.486E-01	8.100E-01	9.287E-01	28.500	106	105	92
A0A0B6VRK1_Q50_lddt	Q764C8_Q50_lddt	9.451E-01	8.074E-01	9.254E-01	28.500	106	105	92
F1BYQ0_Q50_lddt	F1BYQ0_Q50_lddt	1.009E+00	1.000E+00	1.000E+00	100.000	107	107	107
F1BYQ0_Q50_lddt	A0A386JBE1_Q50_lddt	1.009E+00	9.996E-01	9.996E-01	98.100	107	107	107
F1BYQ0_Q50_lddt	B2ZNP2_Q50_lddt	1.009E+00	9.996E-01	9.996E-01	97.100	107	107	107
F1BYQ0_Q50_lddt	B0F5D7_Q50_lddt	1.009E+00	9.995E-01	9.995E-01	98.100	107	107	107
F1BYQ0_Q50_lddt	Q8GLI5_Q50_lddt	1.009E+00	9.994E-01	9.994E-01	96.200	107	107	107
F1BYQ0_Q50_lddt	Q9R977_Q50_lddt	1.009E+00	9.994E-01	9.994E-01	97.100	107	107	107
F1BYQ0_Q50_lddt	G8GB95_Q50_lddt	1.009E+00	9.994E-01	9.994E-01	96.200	107	107	107
F1BYQ0_Q50_lddt	Q70E83_Q50_lddt	1.009E+00	9.993E-01	9.993E-01	97.100	107	107	107
F1BYQ0_Q50_lddt	Q53289_Q50_lddt	1.009E+00	9.993E-01	9.993E-01	97.100	107	107	107
F1BYQ0_Q50_lddt	A6N6U3_Q50_lddt	1.007E+00	9.981E-01	9.981E-01	76.600	107	107	107
F1BYQ0_Q50_lddt	Q79PC7_Q50_lddt	1.007E+00	9.979E-01	9.979E-01	78.500	107	107	107
F1BYQ0_Q50_lddt	Q79TB7_Q50_lddt	1.006E+00	9.967E-01	9.967E-01	98.100	107	107	107
F1BYQ0_Q50_lddt	A7UMS1_Q50_lddt	1.009E+00	9.807E-01	9.993E-01	98.000	107	105	105
F1BYQ0_Q50_lddt	B8Y9I3_Q50_lddt	1.009E+00	9.805E-01	9.991E-01	96.100	107	105	105
F1BYQ0_Q50_lddt	Q0VTT5_Q50_lddt	1.008E+00	9.801E-01	9.988E-01	85.700	107	105	105
F1BYQ0_Q50_lddt	Q9S445_Q50_lddt	1.008E+00	9.799E-01	9.985E-01	80.900	107	105	105
F1BYQ0_Q50_lddt	Q51734_Q50_lddt	9.931E-01	9.654E-01	9.654E-01	61.900	107	105	107
F1BYQ0_Q50_lddt	Q93ET8_Q50_lddt	9.741E-01	9.123E-01	9.648E-01	34.600	107	101	101
F1BYQ0_Q50_lddt	A0A0B6VRK1_Q50_lddt	9.682E-01	9.332E-01	9.417E-01	35.500	107	104	106
F1BYQ0_Q50_lddt	A0A1I9ZKY4_Q50_lddt	9.694E-01	9.082E-01	9.602E-01	35.600	107	101	101
F1BYQ0_Q50_lddt	Q764C8_Q50_lddt	9.388E-01	7.956E-01	9.193E-01	34.200	107	105	92
F1BYQ0_Q50_lddt	Q75PS3_Q50_lddt	9.350E-01	7.928E-01	9.157E-01	35.200	107	105	92
Q75PS3_Q50_lddt	Q75PS3_Q50_lddt	1.011E+00	1.000E+00	1.000E+00	100.000	92	92	92
Q75PS3_Q50_lddt	Q764C8_Q50_lddt	1.006E+00	9.953E-01	9.953E-01	75.000	92	92	92
Q75PS3_Q50_lddt	A0A0B6VRK1_Q50_lddt	9.486E-01	9.287E-01	8.100E-01	28.500	92	105	106
Q75PS3_Q50_lddt	Q93ET8_Q50_lddt	9.370E-01	8.982E-01	8.215E-01	25.200	92	103	101
Q75PS3_Q50_lddt	Q9S445_Q50_lddt	9.341E-01	9.148E-01	8.066E-01	32.300	92	105	105
Q75PS3_Q50_lddt	A0A1I9ZKY4_Q50_lddt	9.367E-01	8.979E-01	8.212E-01	25.200	92	103	101
Q75PS3_Q50_lddt	Q51734_Q50_lddt	9.377E-01	9.183E-01	7.947E-01	27.600	92	105	107
Q75PS3_Q50_lddt	F1BYQ0_Q50_lddt	9.350E-01	9.157E-01	7.928E-01	35.200	92	105	107
Q75PS3_Q50_lddt	B2ZNP2_Q50_lddt	9.346E-01	9.153E-01	7.925E-01	35.200	92	105	107
Q75PS3_Q50_lddt	A0A386JBE1_Q50_lddt	9.336E-01	9.144E-01	7.918E-01	35.200	92	105	107
Q75PS3_Q50_lddt	Q8GLI5_Q50_lddt	9.335E-01	9.142E-01	7.917E-01	35.200	92	105	107
Q75PS3_Q50_lddt	B0F5D7_Q50_lddt	9.335E-01	9.142E-01	7.916E-01	35.200	92	105	107
Q75PS3_Q50_lddt	G8GB95_Q50_lddt	9.331E-01	9.139E-01	7.914E-01	35.200	92	105	107
Q75PS3_Q50_lddt	Q79TB7_Q50_lddt	9.330E-01	9.137E-01	7.913E-01	35.200	92	105	107
Q75PS3_Q50_lddt	Q70E83_Q50_lddt	9.329E-01	9.136E-01	7.912E-01	35.200	92	105	107
Q75PS3_Q50_lddt	Q53289_Q50_lddt	9.327E-01	9.135E-01	7.911E-01	35.200	92	105	107
Q75PS3_Q50_lddt	Q9R977_Q50_lddt	9.327E-01	9.134E-01	7.911E-01	35.200	92	105	107
Q75PS3_Q50_lddt	A6N6U3_Q50_lddt	9.321E-01	9.129E-01	7.905E-01	33.300	92	105	107
Q75PS3_Q50_lddt	Q79PC7_Q50_lddt	9.318E-01	9.126E-01	7.905E-01	31.400	92	105	107
Q75PS3_Q50_lddt	Q0VTT5_Q50_lddt	9.318E-01	8.934E-01	7.877E-01	31.000	92	103	105
Q75PS3_Q50_lddt	A7UMS1_Q50_lddt	9.312E-01	8.928E-01	7.873E-01	33.900	92	103	105
Q75PS3_Q50_lddt	B8Y9I3_Q50_lddt	9.302E-01	8.919E-01	7.865E-01	33.900	92	103	105
Q93ET8_Q50_lddt	Q93ET8_Q50_lddt	1.010E+00	1.000E+00	1.000E+00	100.000	101	101	101
Q93ET8_Q50_lddt	A0A1I9ZKY4_Q50_lddt	9.892E-01	9.796E-01	9.796E-01	42.500	101	101	101
Q93ET8_Q50_lddt	A0A0B6VRK1_Q50_lddt	9.866E-01	9.771E-01	9.319E-01	43.500	101	101	106
Q93ET8_Q50_lddt	Q9S445_Q50_lddt	9.738E-01	9.645E-01	9.289E-01	37.600	101	101	105
Q93ET8_Q50_lddt	Q51734_Q50_lddt	9.749E-01	9.656E-01	9.130E-01	30.600	101	101	107
Q93ET8_Q50_lddt	F1BYQ0_Q50_lddt	9.741E-01	9.648E-01	9.123E-01	34.600	101	101	107
Q93ET8_Q50_lddt	A6N6U3_Q50_lddt	9.738E-01	9.645E-01	9.121E-01	35.600	101	101	107
Q93ET8_Q50_lddt	B0F5D7_Q50_lddt	9.736E-01	9.643E-01	9.119E-01	34.600	101	101	107
Q93ET8_Q50_lddt	B2ZNP2_Q50_lddt	9.734E-01	9.640E-01	9.117E-01	34.600	101	101	107
Q93ET8_Q50_lddt	G8GB95_Q50_lddt	9.730E-01	9.637E-01	9.113E-01	34.600	101	101	107
Q93ET8_Q50_lddt	Q8GLI5_Q50_lddt	9.729E-01	9.636E-01	9.113E-01	33.600	101	101	107
Q93ET8_Q50_lddt	A0A386JBE1_Q50_lddt	9.729E-01	9.636E-01	9.113E-01	34.600	101	101	107
Q93ET8_Q50_lddt	Q9R977_Q50_lddt	9.725E-01	9.632E-01	9.109E-01	34.600	101	101	107
Q93ET8_Q50_lddt	Q79TB7_Q50_lddt	9.724E-01	9.631E-01	9.108E-01	34.600	101	101	107
Q93ET8_Q50_lddt	Q53289_Q50_lddt	9.723E-01	9.630E-01	9.107E-01	34.600	101	101	107
Q93ET8_Q50_lddt	Q70E83_Q50_lddt	9.722E-01	9.629E-01	9.107E-01	34.600	101	101	107
Q93ET8_Q50_lddt	Q79PC7_Q50_lddt	9.713E-01	9.620E-01	9.099E-01	38.600	101	101	107
Q93ET8_Q50_lddt	Q0VTT5_Q50_lddt	9.720E-01	9.441E-01	9.093E-01	35.300	101	99	105
Q93ET8_Q50_lddt	A7UMS1_Q50_lddt	9.718E-01	9.439E-01	9.091E-01	34.300	101	99	105
Q93ET8_Q50_lddt	B8Y9I3_Q50_lddt	9.712E-01	9.433E-01	9.086E-01	35.300	101	99	105
Q93ET8_Q50_lddt	Q75PS3_Q50_lddt	9.370E-01	8.215E-01	8.982E-01	25.200	101	103	92
Q93ET8_Q50_lddt	Q764C8_Q50_lddt	9.367E-01	8.213E-01	8.979E-01	21.300	101	103	92
Q70E83_Q50_lddt	Q70E83_Q50_lddt	1.009E+00	1.000E+00	1.000E+00	100.000	107	107	107
Q70E83_Q50_lddt	Q53289_Q50_lddt	1.009E+00	1.000E+00	1.000E+00	100.000	107	107	107
Q70E83_Q50_lddt	G8GB95_Q50_lddt	1.009E+00	9.999E-01	9.999E-01	99.000	107	107	107
Q70E83_Q50_lddt	Q9R977_Q50_lddt	1.009E+00	9.999E-01	9.999E-01	100.000	107	107	107
Q70E83_Q50_lddt	Q8GLI5_Q50_lddt	1.009E+00	9.998E-01	9.998E-01	99.000	107	107	107
Q70E83_Q50_lddt	B0F5D7_Q50_lddt	1.009E+00	9.998E-01	9.998E-01	99.000	107	107	107
Q70E83_Q50_lddt	B2ZNP2_Q50_lddt	1.009E+00	9.997E-01	9.997E-01	98.100	107	107	107
Q70E83_Q50_lddt	A0A386JBE1_Q50_lddt	1.009E+00	9.997E-01	9.997E-01	99.000	107	107	107
Q70E83_Q50_lddt	F1BYQ0_Q50_lddt	1.009E+00	9.993E-01	9.993E-01	97.100	107	107	107
Q70E83_Q50_lddt	A6N6U3_Q50_lddt	1.008E+00	9.985E-01	9.985E-01	78.500	107	107	107
Q70E83_Q50_lddt	Q79PC7_Q50_lddt	1.008E+00	9.982E-01	9.982E-01	81.300	107	107	107
Q70E83_Q50_lddt	Q79TB7_Q50_lddt	1.006E+00	9.969E-01	9.969E-01	99.000	107	107	107
Q70E83_Q50_lddt	B8Y9I3_Q50_lddt	1.009E+00	9.811E-01	9.998E-01	99.000	107	105	105
Q70E83_Q50_lddt	A7UMS1_Q50_lddt	1.009E+00	9.809E-01	9.996E-01	99.000	107	105	105
Q70E83_Q50_lddt	Q0VTT5_Q50_lddt	1.009E+00	9.807E-01	9.993E-01	88.500	107	105	105
Q70E83_Q50_lddt	Q9S445_Q50_lddt	1.008E+00	9.802E-01	9.988E-01	83.800	107	105	105
Q70E83_Q50_lddt	Q51734_Q50_lddt	9.933E-01	9.656E-01	9.656E-01	63.800	107	105	107
Q70E83_Q50_lddt	Q93ET8_Q50_lddt	9.722E-01	9.107E-01	9.629E-01	34.600	107	101	101
Q70E83_Q50_lddt	A0A0B6VRK1_Q50_lddt	9.668E-01	9.318E-01	9.403E-01	35.500	107	104	106
Q70E83_Q50_lddt	A0A1I9ZKY4_Q50_lddt	9.668E-01	9.059E-01	9.576E-01	35.600	107	101	101
Q70E83_Q50_lddt	Q764C8_Q50_lddt	9.367E-01	7.941E-01	9.174E-01	34.200	107	105	92
Q70E83_Q50_lddt	Q75PS3_Q50_lddt	9.329E-01	7.912E-01	9.136E-01	35.200	107	105	92
Q79TB7_Q50_lddt	Q79TB7_Q50_lddt	1.009E+00	1.000E+00	1.000E+00	100.000	107	107	107
Q79TB7_Q50_lddt	G8GB95_Q50_lddt	1.006E+00	9.969E-01	9.969E-01	98.100	107	107	107
Q79TB7_Q50_lddt	Q70E83_Q50_lddt	1.006E+00	9.969E-01	9.969E-01	99.000	107	107	107
Q79TB7_Q50_lddt	Q8GLI5_Q50_lddt	1.006E+00	9.968E-01	9.968E-01	98.100	107	107	107
Q79TB7_Q50_lddt	B2ZNP2_Q50_lddt	1.006E+00	9.967E-01	9.967E-01	99.000	107	107	107
Q79TB7_Q50_lddt	Q53289_Q50_lddt	1.006E+00	9.967E-01	9.967E-01	99.000	107	107	107
Q79TB7_Q50_lddt	F1BYQ0_Q50_lddt	1.006E+00	9.967E-01	9.967E-01	98.100	107	107	107
Q79TB7_Q50_lddt	B0F5D7_Q50_lddt	1.006E+00	9.966E-01	9.966E-01	100.000	107	107	107
Q79TB7_Q50_lddt	Q9R977_Q50_lddt	1.006E+00	9.965E-01	9.965E-01	99.000	107	107	107
Q79TB7_Q50_lddt	A6N6U3_Q50_lddt	1.006E+00	9.963E-01	9.963E-01	78.500	107	107	107
Q79TB7_Q50_lddt	A0A386JBE1_Q50_lddt	1.006E+00	9.962E-01	9.962E-01	100.000	107	107	107
Q79TB7_Q50_lddt	Q79PC7_Q50_lddt	1.005E+00	9.958E-01	9.958E-01	80.300	107	107	107
Q79TB7_Q50_lddt	Q9S445_Q50_lddt	1.006E+00	9.782E-01	9.967E-01	82.800	107	105	105
Q79TB7_Q50_lddt	Q0VTT5_Q50_lddt	1.006E+00	9.778E-01	9.964E-01	87.600	107	105	105
Q79TB7_Q50_lddt	B8Y9I3_Q50_lddt	1.006E+00	9.775E-01	9.960E-01	98.000	107	105	105
Q79TB7_Q50_lddt	A7UMS1_Q50_lddt	1.005E+00	9.767E-01	9.952E-01	100.000	107	105	105
Q79TB7_Q50_lddt	Q51734_Q50_lddt	9.911E-01	9.635E-01	9.635E-01	62.800	107	105	107
Q79TB7_Q50_lddt	Q93ET8_Q50_lddt	9.724E-01	9.108E-01	9.631E-01	34.600	107	101	101
Q79TB7_Q50_lddt	A0A0B6VRK1_Q50_lddt	9.644E-01	9.296E-01	9.381E-01	35.500	107	104	106
Q79TB7_Q50_lddt	A0A1I9ZKY4_Q50_lddt	9.612E-01	9.009E-01	9.521E-01	35.600	107	101	101
Q79TB7_Q50_lddt	Q764C8_Q50_lddt	9.358E-01	7.934E-01	9.164E-01	34.200	107	105	92
Q79TB7_Q50_lddt	Q75PS3_Q50_lddt	9.330E-01	7.913E-01	9.137E-01	35.200	107	105	92
Q764C8_Q50_lddt	Q764C8_Q50_lddt	1.011E+00	1.000E+00	1.000E+00	100.000	92	92	92
Q764C8_Q50_lddt	Q75PS3_Q50_lddt	1.006E+00	9.953E-01	9.953E-01	75.000	92	92	92
Q764C8_Q50_lddt	A0A0B6VRK1_Q50_lddt	9.451E-01	9.254E-01	8.074E-01	28.500	92	105	106
Q764C8_Q50_lddt	Q9S445_Q50_lddt	9.375E-01	9.181E-01	8.092E-01	31.400	92	105	105
Q764C8_Q50_lddt	Q51734_Q50_lddt	9.418E-01	9.222E-01	7.977E-01	28.500	92	105	107
Q764C8_Q50_lddt	Q93ET8_Q50_lddt	9.367E-01	8.979E-01	8.213E-01	21.300	92	103	101
Q764C8_Q50_lddt	F1BYQ0_Q50_lddt	9.388E-01	9.193E-01	7.956E-01	34.200	92	105	107
Q764C8_Q50_lddt	A0A1I9ZKY4_Q50_lddt	9.352E-01	8.966E-01	8.202E-01	28.100	92	103	101
Q764C8_Q50_lddt	B2ZNP2_Q50_lddt	9.383E-01	9.189E-01	7.953E-01	34.200	92	105	107
Q764C8_Q50_lddt	A0A386JBE1_Q50_lddt	9.374E-01	9.180E-01	7.946E-01	34.200	92	105	107
Q764C8_Q50_lddt	B0F5D7_Q50_lddt	9.373E-01	9.179E-01	7.946E-01	34.200	92	105	107
Q764C8_Q50_lddt	Q8GLI5_Q50_lddt	9.371E-01	9.177E-01	7.944E-01	34.200	92	105	107
Q764C8_Q50_lddt	G8GB95_Q50_lddt	9.367E-01	9.174E-01	7.941E-01	34.200	92	105	107
Q764C8_Q50_lddt	Q70E83_Q50_lddt	9.367E-01	9.174E-01	7.941E-01	34.200	92	105	107
Q764C8_Q50_lddt	Q53289_Q50_lddt	9.365E-01	9.171E-01	7.939E-01	34.200	92	105	107
Q764C8_Q50_lddt	Q9R977_Q50_lddt	9.363E-01	9.169E-01	7.938E-01	34.200	92	105	107
Q764C8_Q50_lddt	A6N6U3_Q50_lddt	9.360E-01	9.166E-01	7.936E-01	31.400	92	105	107
Q764C8_Q50_lddt	Q79TB7_Q50_lddt	9.358E-01	9.164E-01	7.934E-01	34.200	92	105	107
Q764C8_Q50_lddt	Q79PC7_Q50_lddt	9.354E-01	9.161E-01	7.932E-01	32.300	92	105	107
Q764C8_Q50_lddt	Q0VTT5_Q50_lddt	9.354E-01	8.967E-01	7.904E-01	30.000	92	103	105
Q764C8_Q50_lddt	A7UMS1_Q50_lddt	9.349E-01	8.963E-01	7.901E-01	33.000	92	103	105
Q764C8_Q50_lddt	B8Y9I3_Q50_lddt	9.336E-01	8.950E-01	7.891E-01	33.000	92	103	105
A0A1I9ZKY4_Q50_lddt	A0A1I9ZKY4_Q50_lddt	1.010E+00	1.000E+00	1.000E+00	100.000	101	101	101
A0A1I9ZKY4_Q50_lddt	Q93ET8_Q50_lddt	9.892E-01	9.796E-01	9.796E-01	42.500	101	101	101
A0A1I9ZKY4_Q50_lddt	A0A0B6VRK1_Q50_lddt	9.938E-01	9.841E-01	9.383E-01	54.400	101	101	106
A0A1I9ZKY4_Q50_lddt	Q9S445_Q50_lddt	9.686E-01	9.594E-01	9.242E-01	37.600	101	101	105
A0A1I9ZKY4_Q50_lddt	F1BYQ0_Q50_lddt	9.694E-01	9.602E-01	9.082E-01	35.600	101	101	107
A0A1I9ZKY4_Q50_lddt	A0A386JBE1_Q50_lddt	9.686E-01	9.593E-01	9.075E-01	35.600	101	101	107
A0A1I9ZKY4_Q50_lddt	B0F5D7_Q50_lddt	9.686E-01	9.593E-01	9.074E-01	35.600	101	101	107
A0A1I9ZKY4_Q50_lddt	B2ZNP2_Q50_lddt	9.684E-01	9.592E-01	9.073E-01	35.600	101	101	107
A0A1I9ZKY4_Q50_lddt	G8GB95_Q50_lddt	9.678E-01	9.585E-01	9.067E-01	36.600	101	101	107
A0A1I9ZKY4_Q50_lddt	Q8GLI5_Q50_lddt	9.675E-01	9.583E-01	9.065E-01	34.600	101	101	107
A0A1I9ZKY4_Q50_lddt	Q9R977_Q50_lddt	9.674E-01	9.582E-01	9.064E-01	35.600	101	101	107
A0A1I9ZKY4_Q50_lddt	Q53289_Q50_lddt	9.671E-01	9.579E-01	9.062E-01	35.600	101	101	107
A0A1I9ZKY4_Q50_lddt	A6N6U3_Q50_lddt	9.670E-01	9.578E-01	9.061E-01	37.600	101	101	107
A0A1I9ZKY4_Q50_lddt	Q70E83_Q50_lddt	9.668E-01	9.576E-01	9.059E-01	35.600	101	101	107
A0A1I9ZKY4_Q50_lddt	Q79PC7_Q50_lddt	9.653E-01	9.562E-01	9.046E-01	37.600	101	101	107
A0A1I9ZKY4_Q50_lddt	Q51734_Q50_lddt	9.652E-01	9.561E-01	9.045E-01	36.600	101	101	107
A0A1I9ZKY4_Q50_lddt	Q79TB7_Q50_lddt	9.612E-01	9.521E-01	9.009E-01	35.600	101	101	107
A0A1I9ZKY4_Q50_lddt	A7UMS1_Q50_lddt	9.679E-01	9.402E-01	9.057E-01	35.300	101	99	105
A0A1I9ZKY4_Q50_lddt	B8Y9I3_Q50_lddt	9.664E-01	9.388E-01	9.044E-01	35.300	101	99	105
A0A1I9ZKY4_Q50_lddt	Q0VTT5_Q50_lddt	9.661E-01	9.385E-01	9.041E-01	37.300	101	99	105
A0A1I9ZKY4_Q50_lddt	Q75PS3_Q50_lddt	9.367E-01	8.212E-01	8.979E-01	25.200	101	103	92
A0A1I9ZKY4_Q50_lddt	Q764C8_Q50_lddt	9.352E-01	8.202E-01	8.966E-01	28.100	101	103	92
A0A386JBE1_Q50_lddt	A0A386JBE1_Q50_lddt	1.009E+00	1.000E+00	1.000E+00	100.000	107	107	107
A0A386JBE1_Q50_lddt	B0F5D7_Q50_lddt	1.009E+00	9.999E-01	9.999E-01	100.000	107	107	107
A0A386JBE1_Q50_lddt	B2ZNP2_Q50_lddt	1.009E+00	9.999E-01	9.999E-01	99.000	107	107	107
A0A386JBE1_Q50_lddt	Q9R977_Q50_lddt	1.009E+00	9.998E-01	9.998E-01	99.000	107	107	107
A0A386JBE1_Q50_lddt	Q53289_Q50_lddt	1.009E+00	9.998E-01	9.998E-01	99.000	107	107	107
A0A386JBE1_Q50_lddt	G8GB95_Q50_lddt	1.009E+00	9.998E-01	9.998E-01	98.100	107	107	107
A0A386JBE1_Q50_lddt	Q70E83_Q50_lddt	1.009E+00	9.997E-01	9.997E-01	99.000	107	107	107
A0A386JBE1_Q50_lddt	Q8GLI5_Q50_lddt	1.009E+00	9.997E-01	9.997E-01	98.100	107	107	107
A0A386JBE1_Q50_lddt	F1BYQ0_Q50_lddt	1.009E+00	9.996E-01	9.996E-01	98.100	107	107	107
A0A386JBE1_Q50_lddt	A6N6U3_Q50_lddt	1.008E+00	9.983E-01	9.983E-01	78.500	107	107	107
A0A386JBE1_Q50_lddt	Q79PC7_Q50_lddt	1.008E+00	9.981E-01	9.981E-01	80.300	107	107	107
A0A386JBE1_Q50_lddt	Q79TB7_Q50_lddt	1.006E+00	9.962E-01	9.962E-01	100.000	107	107	107
A0A386JBE1_Q50_lddt	A7UMS1_Q50_lddt	1.009E+00	9.812E-01	9.999E-01	100.000	107	105	105
A0A386JBE1_Q50_lddt	B8Y9I3_Q50_lddt	1.009E+00	9.810E-01	9.997E-01	98.000	107	105	105
A0A386JBE1_Q50_lddt	Q0VTT5_Q50_lddt	1.009E+00	9.804E-01	9.990E-01	87.600	107	105	105
A0A386JBE1_Q50_lddt	Q9S445_Q50_lddt	1.008E+00	9.800E-01	9.986E-01	82.800	107	105	105
A0A386JBE1_Q50_lddt	Q51734_Q50_lddt	9.930E-01	9.653E-01	9.653E-01	62.800	107	105	107
A0A386JBE1_Q50_lddt	Q93ET8_Q50_lddt	9.729E-01	9.113E-01	9.636E-01	34.600	107	101	101
A0A386JBE1_Q50_lddt	A0A0B6VRK1_Q50_lddt	9.674E-01	9.324E-01	9.409E-01	35.500	107	104	106
A0A386JBE1_Q50_lddt	A0A1I9ZKY4_Q50_lddt	9.686E-01	9.075E-01	9.593E-01	35.600	107	101	101
A0A386JBE1_Q50_lddt	Q764C8_Q50_lddt	9.374E-01	7.946E-01	9.180E-01	34.200	107	105	92
A0A386JBE1_Q50_lddt	Q75PS3_Q50_lddt	9.336E-01	7.918E-01	9.144E-01	35.200	107	105	92
A6N6U3_Q50_lddt	A6N6U3_Q50_lddt	1.009E+00	1.000E+00	1.000E+00	100.000	107	107	107
A6N6U3_Q50_lddt	Q79PC7_Q50_lddt	1.008E+00	9.988E-01	9.988E-01	84.100	107	107	107
A6N6U3_Q50_lddt	G8GB95_Q50_lddt	1.008E+00	9.985E-01	9.985E-01	78.500	107	107	107
A6N6U3_Q50_lddt	Q70E83_Q50_lddt	1.008E+00	9.985E-01	9.985E-01	78.500	107	107	107
A6N6U3_Q50_lddt	B0F5D7_Q50_lddt	1.008E+00	9.984E-01	9.984E-01	78.500	107	107	107
A6N6U3_Q50_lddt	Q53289_Q50_lddt	1.008E+00	9.984E-01	9.984E-01	78.500	107	107	107
A6N6U3_Q50_lddt	Q8GLI5_Q50_lddt	1.008E+00	9.984E-01	9.984E-01	77.500	107	107	107
A6N6U3_Q50_lddt	B2ZNP2_Q50_lddt	1.008E+00	9.984E-01	9.984E-01	78.500	107	107	107
A6N6U3_Q50_lddt	Q9R977_Q50_lddt	1.008E+00	9.983E-01	9.983E-01	78.500	107	107	107
A6N6U3_Q50_lddt	A0A386JBE1_Q50_lddt	1.008E+00	9.983E-01	9.983E-01	78.500	107	107	107
A6N6U3_Q50_lddt	F1BYQ0_Q50_lddt	1.007E+00	9.981E-01	9.981E-01	76.600	107	107	107
A6N6U3_Q50_lddt	Q79TB7_Q50_lddt	1.006E+00	9.963E-01	9.963E-01	78.500	107	107	107
A6N6U3_Q50_lddt	Q9S445_Q50_lddt	1.008E+00	9.799E-01	9.985E-01	84.700	107	105	105
A6N6U3_Q50_lddt	Q0VTT5_Q50_lddt	1.008E+00	9.796E-01	9.982E-01	82.800	107	105	105
A6N6U3_Q50_lddt	B8Y9I3_Q50_lddt	1.008E+00	9.795E-01	9.981E-01	78.000	107	105	105
A6N6U3_Q50_lddt	A7UMS1_Q50_lddt	1.007E+00	9.793E-01	9.979E-01	78.000	107	105	105
A6N6U3_Q50_lddt	Q51734_Q50_lddt	9.927E-01	9.651E-01	9.651E-01	62.800	107	105	107
A6N6U3_Q50_lddt	Q93ET8_Q50_lddt	9.738E-01	9.121E-01	9.645E-01	35.600	107	101	101
A6N6U3_Q50_lddt	A0A0B6VRK1_Q50_lddt	9.660E-01	9.311E-01	9.396E-01	34.600	107	104	106
A6N6U3_Q50_lddt	A0A1I9ZKY4_Q50_lddt	9.670E-01	9.061E-01	9.578E-01	37.600	107	101	101
A6N6U3_Q50_lddt	Q764C8_Q50_lddt	9.360E-01	7.936E-01	9.166E-01	31.400	107	105	92
A6N6U3_Q50_lddt	Q75PS3_Q50_lddt	9.321E-01	7.905E-01	9.129E-01	33.300	107	105	92
A7UMS1_Q50_lddt	A7UMS1_Q50_lddt	1.010E+00	1.000E+00	1.000E+00	100.000	105	105	105
A7UMS1_Q50_lddt	B8Y9I3_Q50_lddt	1.009E+00	9.998E-01	9.998E-01	98.000	105	105	105
A7UMS1_Q50_lddt	Q0VTT5_Q50_lddt	1.009E+00	9.990E-01	9.990E-01	87.600	105	105	105
A7UMS1_Q50_lddt	A0A386JBE1_Q50_lddt	1.009E+00	9.999E-01	9.812E-01	100.000	105	105	107
A7UMS1_Q50_lddt	B0F5D7_Q50_lddt	1.009E+00	9.998E-01	9.811E-01	100.000	105	105	107
A7UMS1_Q50_lddt	Q9R977_Q50_lddt	1.009E+00	9.997E-01	9.811E-01	99.000	105	105	107
A7UMS1_Q50_lddt	B2ZNP2_Q50_lddt	1.009E+00	9.997E-01	9.810E-01	99.000	105	105	107
A7UMS1_Q50_lddt	Q53289_Q50_lddt	1.009E+00	9.997E-01	9.810E-01	99.000	105	105	107
A7UMS1_Q50_lddt	G8GB95_Q50_lddt	1.009E+00	9.996E-01	9.810E-01	98.000	105	105	107
A7UMS1_Q50_lddt	Q70E83_Q50_lddt	1.009E+00	9.996E-01	9.809E-01	99.000	105	105	107
A7UMS1_Q50_lddt	Q8GLI5_Q50_lddt	1.009E+00	9.996E-01	9.809E-01	98.000	105	105	107
A7UMS1_Q50_lddt	F1BYQ0_Q50_lddt	1.009E+00	9.993E-01	9.807E-01	98.000	105	105	107
A7UMS1_Q50_lddt	A6N6U3_Q50_lddt	1.007E+00	9.979E-01	9.793E-01	78.000	105	105	107
A7UMS1_Q50_lddt	Q79PC7_Q50_lddt	1.007E+00	9.977E-01	9.791E-01	80.000	105	105	107
A7UMS1_Q50_lddt	Q79TB7_Q50_lddt	1.005E+00	9.952E-01	9.767E-01	100.000	105	105	107
A7UMS1_Q50_lddt	Q9S445_Q50_lddt	1.008E+00	9.793E-01	9.793E-01	82.500	105	103	105
A7UMS1_Q50_lddt	Q51734_Q50_lddt	9.925E-01	9.644E-01	9.465E-01	62.100	105	103	107
A7UMS1_Q50_lddt	A0A0B6VRK1_Q50_lddt	9.676E-01	9.320E-01	9.234E-01	35.200	105	102	106
A7UMS1_Q50_lddt	Q93ET8_Q50_lddt	9.718E-01	9.091E-01	9.439E-01	34.300	105	99	101
A7UMS1_Q50_lddt	A0A1I9ZKY4_Q50_lddt	9.679E-01	9.057E-01	9.402E-01	35.300	105	99	101
A7UMS1_Q50_lddt	Q764C8_Q50_lddt	9.349E-01	7.901E-01	8.963E-01	33.000	105	103	92
A7UMS1_Q50_lddt	Q75PS3_Q50_lddt	9.312E-01	7.873E-01	8.928E-01	33.900	105	103	92
B0F5D7_Q50_lddt	B0F5D7_Q50_lddt	1.009E+00	1.000E+00	1.000E+00	100.000	107	107	107
B0F5D7_Q50_lddt	A0A386JBE1_Q50_lddt	1.009E+00	9.999E-01	9.999E-01	100.000	107	107	107
B0F5D7_Q50_lddt	B2ZNP2_Q50_lddt	1.009E+00	9.999E-01	9.999E-01	99.000	107	107	107
B0F5D7_Q50_lddt	Q53289_Q50_lddt	1.009E+00	9.999E-01	9.999E-01	99.000	107	107	107
B0F5D7_Q50_lddt	G8GB95_Q50_lddt	1.009E+00	9.998E-01	9.998E-01	98.100	107	107	107
B0F5D7_Q50_lddt	Q9R977_Q50_lddt	1.009E+00	9.998E-01	9.998E-01	99.000	107	107	107
B0F5D7_Q50_lddt	Q70E83_Q50_lddt	1.009E+00	9.998E-01	9.998E-01	99.000	107	107	107
B0F5D7_Q50_lddt	Q8GLI5_Q50_lddt	1.009E+00	9.998E-01	9.998E-01	98.100	107	107	107
B0F5D7_Q50_lddt	F1BYQ0_Q50_lddt	1.009E+00	9.995E-01	9.995E-01	98.100	107	107	107
B0F5D7_Q50_lddt	A6N6U3_Q50_lddt	1.008E+00	9.984E-01	9.984E-01	78.500	107	107	107
B0F5D7_Q50_lddt	Q79PC7_Q50_lddt	1.007E+00	9.981E-01	9.981E-01	80.300	107	107	107
B0F5D7_Q50_lddt	Q79TB7_Q50_lddt	1.006E+00	9.966E-01	9.966E-01	100.000	107	107	107
B0F5D7_Q50_lddt	A7UMS1_Q50_lddt	1.009E+00	9.811E-01	9.998E-01	100.000	107	105	105
B0F5D7_Q50_lddt	B8Y9I3_Q50_lddt	1.009E+00	9.811E-01	9.997E-01	98.000	107	105	105
B0F5D7_Q50_lddt	Q0VTT5_Q50_lddt	1.009E+00	9.805E-01	9.991E-01	87.600	107	105	105
B0F5D7_Q50_lddt	Q9S445_Q50_lddt	1.008E+00	9.800E-01	9.987E-01	82.800	107	105	105
B0F5D7_Q50_lddt	Q51734_Q50_lddt	9.931E-01	9.655E-01	9.655E-01	62.800	107	105	107
B0F5D7_Q50_lddt	Q93ET8_Q50_lddt	9.736E-01	9.119E-01	9.643E-01	34.600	107	101	101
B0F5D7_Q50_lddt	A0A0B6VRK1_Q50_lddt	9.679E-01	9.329E-01	9.414E-01	35.500	107	104	106
B0F5D7_Q50_lddt	A0A1I9ZKY4_Q50_lddt	9.686E-01	9.074E-01	9.593E-01	35.600	107	101	101
B0F5D7_Q50_lddt	Q764C8_Q50_lddt	9.373E-01	7.946E-01	9.179E-01	34.200	107	105	92
B0F5D7_Q50_lddt	Q75PS3_Q50_lddt	9.335E-01	7.916E-01	9.142E-01	35.200	107	105	92
B2ZNP2_Q50_lddt	B2ZNP2_Q50_lddt	1.009E+00	1.000E+00	1.000E+00	100.000	107	107	107
B2ZNP2_Q50_lddt	A0A386JBE1_Q50_lddt	1.009E+00	9.999E-01	9.999E-01	99.000	107	107	107
B2ZNP2_Q50_lddt	B0F5D7_Q50_lddt	1.009E+00	9.999E-01	9.999E-01	99.000	107	107	107
B2ZNP2_Q50_lddt	Q9R977_Q50_lddt	1.009E+00	9.998E-01	9.998E-01	98.100	107	107	107
B2ZNP2_Q50_lddt	G8GB95_Q50_lddt	1.009E+00	9.997E-01	9.997E-01	97.100	107	107	107
B2ZNP2_Q50_lddt	Q8GLI5_Q50_lddt	1.009E+00	9.997E-01	9.997E-01	97.100	107	107	107
B2ZNP2_Q50_lddt	Q53289_Q50_lddt	1.009E+00	9.997E-01	9.997E-01	98.100	107	107	107
B2ZNP2_Q50_lddt	Q70E83_Q50_lddt	1.009E+00	9.997E-01	9.997E-01	98.100	107	107	107
B2ZNP2_Q50_lddt	F1BYQ0_Q50_lddt	1.009E+00	9.996E-01	9.996E-01	97.100	107	107	107
B2ZNP2_Q50_lddt	A6N6U3_Q50_lddt	1.008E+00	9.984E-01	9.984E-01	78.500	107	107	107
B2ZNP2_Q50_lddt	Q79PC7_Q50_lddt	1.008E+00	9.982E-01	9.982E-01	80.300	107	107	107
B2ZNP2_Q50_lddt	Q79TB7_Q50_lddt	1.006E+00	9.967E-01	9.967E-01	99.000	107	107	107
B2ZNP2_Q50_lddt	A7UMS1_Q50_lddt	1.009E+00	9.810E-01	9.997E-01	99.000	107	105	105
B2ZNP2_Q50_lddt	B8Y9I3_Q50_lddt	1.009E+00	9.809E-01	9.996E-01	97.100	107	105	105
B2ZNP2_Q50_lddt	Q0VTT5_Q50_lddt	1.009E+00	9.804E-01	9.990E-01	87.600	107	105	105
B2ZNP2_Q50_lddt	Q9S445_Q50_lddt	1.008E+00	9.801E-01	9.987E-01	82.800	107	105	105
B2ZNP2_Q50_lddt	Q51734_Q50_lddt	9.932E-01	9.655E-01	9.655E-01	61.900	107	105	107
B2ZNP2_Q50_lddt	Q93ET8_Q50_lddt	9.734E-01	9.117E-01	9.640E-01	34.600	107	101	101
B2ZNP2_Q50_lddt	A0A0B6VRK1_Q50_lddt	9.677E-01	9.327E-01	9.412E-01	35.500	107	104	106
B2ZNP2_Q50_lddt	A0A1I9ZKY4_Q50_lddt	9.684E-01	9.073E-01	9.592E-01	35.600	107	101	101
B2ZNP2_Q50_lddt	Q764C8_Q50_lddt	9.383E-01	7.953E-01	9.189E-01	34.200	107	105	92
B2ZNP2_Q50_lddt	Q75PS3_Q50_lddt	9.346E-01	7.925E-01	9.153E-01	35.200	107	105	92
B8Y9I3_Q50_lddt	B8Y9I3_Q50_lddt	1.010E+00	1.000E+00	1.000E+00	100.000	105	105	105
B8Y9I3_Q50_lddt	A7UMS1_Q50_lddt	1.009E+00	9.998E-01	9.998E-01	98.000	105	105	105
B8Y9I3_Q50_lddt	Q0VTT5_Q50_lddt	1.009E+00	9.994E-01	9.994E-01	88.500	105	105	105
B8Y9I3_Q50_lddt	Q53289_Q50_lddt	1.010E+00	9.999E-01	9.812E-01	99.000	105	105	107
B8Y9I3_Q50_lddt	Q70E83_Q50_lddt	1.009E+00	9.998E-01	9.811E-01	99.000	105	105	107
B8Y9I3_Q50_lddt	G8GB95_Q50_lddt	1.009E+00	9.998E-01	9.811E-01	98.000	105	105	107
B8Y9I3_Q50_lddt	Q9R977_Q50_lddt	1.009E+00	9.998E-01	9.811E-01	99.000	105	105	107
B8Y9I3_Q50_lddt	B0F5D7_Q50_lddt	1.009E+00	9.997E-01	9.811E-01	98.000	105	105	107
B8Y9I3_Q50_lddt	Q8GLI5_Q50_lddt	1.009E+00	9.997E-01	9.810E-01	98.000	105	105	107
B8Y9I3_Q50_lddt	A0A386JBE1_Q50_lddt	1.009E+00	9.997E-01	9.810E-01	98.000	105	105	107
B8Y9I3_Q50_lddt	B2ZNP2_Q50_lddt	1.009E+00	9.996E-01	9.809E-01	97.100	105	105	107
B8Y9I3_Q50_lddt	F1BYQ0_Q50_lddt	1.009E+00	9.991E-01	9.805E-01	96.100	105	105	107
B8Y9I3_Q50_lddt	A6N6U3_Q50_lddt	1.008E+00	9.981E-01	9.795E-01	78.000	105	105	107
B8Y9I3_Q50_lddt	Q79PC7_Q50_lddt	1.007E+00	9.979E-01	9.792E-01	80.900	105	105	107
B8Y9I3_Q50_lddt	Q79TB7_Q50_lddt	1.006E+00	9.960E-01	9.775E-01	98.000	105	105	107
B8Y9I3_Q50_lddt	Q9S445_Q50_lddt	1.008E+00	9.795E-01	9.795E-01	83.400	105	103	105
B8Y9I3_Q50_lddt	Q51734_Q50_lddt	9.928E-01	9.646E-01	9.467E-01	63.100	105	103	107
B8Y9I3_Q50_lddt	A0A0B6VRK1_Q50_lddt	9.670E-01	9.314E-01	9.229E-01	35.200	105	102	106
B8Y9I3_Q50_lddt	Q93ET8_Q50_lddt	9.712E-01	9.086E-01	9.433E-01	35.300	105	99	101
B8Y9I3_Q50_lddt	A0A1I9ZKY4_Q50_lddt	9.664E-01	9.044E-01	9.388E-01	35.300	105	99	101
B8Y9I3_Q50_lddt	Q764C8_Q50_lddt	9.336E-01	7.891E-01	8.950E-01	33.000	105	103	92
B8Y9I3_Q50_lddt	Q75PS3_Q50_lddt	9.302E-01	7.865E-01	8.919E-01	33.900	105	103	92
G8GB95_Q50_lddt	G8GB95_Q50_lddt	1.009E+00	1.000E+00	1.000E+00	100.000	107	107	107
G8GB95_Q50_lddt	Q53289_Q50_lddt	1.009E+00	9.999E-01	9.999E-01	99.000	107	107	107
G8GB95_Q50_lddt	Q70E83_Q50_lddt	1.009E+00	9.999E-01	9.999E-01	99.000	107	107	107
G8GB95_Q50_lddt	Q9R977_Q50_lddt	1.009E+00	9.999E-01	9.999E-01	99.000	107	107	107
G8GB95_Q50_lddt	Q8GLI5_Q50_lddt	1.009E+00	9.999E-01	9.999E-01	98.100	107	107	107
G8GB95_Q50_lddt	B0F5D7_Q50_lddt	1.009E+00	9.998E-01	9.998E-01	98.100	107	107	107
G8GB95_Q50_lddt	A0A386JBE1_Q50_lddt	1.009E+00	9.998E-01	9.998E-01	98.100	107	107	107
G8GB95_Q50_lddt	B2ZNP2_Q50_lddt	1.009E+00	9.997E-01	9.997E-01	97.100	107	107	107
G8GB95_Q50_lddt	F1BYQ0_Q50_lddt	1.009E+00	9.994E-01	9.994E-01	96.200	107	107	107
G8GB95_Q50_lddt	A6N6U3_Q50_lddt	1.008E+00	9.985E-01	9.985E-01	78.500	107	107	107
G8GB95_Q50_lddt	Q79PC7_Q50_lddt	1.008E+00	9.983E-01	9.983E-01	80.300	107	107	107
G8GB95_Q50_lddt	Q79TB7_Q50_lddt	1.006E+00	9.969E-01	9.969E-01	98.100	107	107	107
G8GB95_Q50_lddt	B8Y9I3_Q50_lddt	1.009E+00	9.811E-01	9.998E-01	98.000	107	105	105
G8GB95_Q50_lddt	A7UMS1_Q50_lddt	1.009E+00	9.810E-01	9.996E-01	98.000	107	105	105
G8GB95_Q50_lddt	Q0VTT5_Q50_lddt	1.009E+00	9.806E-01	9.993E-01	88.500	107	105	105
G8GB95_Q50_lddt	Q9S445_Q50_lddt	1.008E+00	9.802E-01	9.989E-01	83.800	107	105	105
G8GB95_Q50_lddt	Q51734_Q50_lddt	9.933E-01	9.656E-01	9.656E-01	64.700	107	105	107
G8GB95_Q50_lddt	Q93ET8_Q50_lddt	9.730E-01	9.113E-01	9.637E-01	34.600	107	101	101
G8GB95_Q50_lddt	A0A0B6VRK1_Q50_lddt	9.675E-01	9.325E-01	9.410E-01	36.500	107	104	106
G8GB95_Q50_lddt	A0A1I9ZKY4_Q50_lddt	9.678E-01	9.067E-01	9.585E-01	36.600	107	101	101
G8GB95_Q50_lddt	Q764C8_Q50_lddt	9.367E-01	7.941E-01	9.174E-01	34.200	107	105	92
G8GB95_Q50_lddt	Q75PS3_Q50_lddt	9.331E-01	7.914E-01	9.139E-01	35.200	107	105	92
Q0VTT5_Q50_lddt	Q0VTT5_Q50_lddt	1.010E+00	1.000E+00	1.000E+00	100.000	105	105	105
Q0VTT5_Q50_lddt	B8Y9I3_Q50_lddt	1.009E+00	9.994E-01	9.994E-01	88.500	105	105	105
Q0VTT5_Q50_lddt	A7UMS1_Q50_lddt	1.009E+00	9.990E-01	9.990E-01	87.600	105	105	105
Q0VTT5_Q50_lddt	Q53289_Q50_lddt	1.009E+00	9.994E-01	9.807E-01	88.500	105	105	107
Q0VTT5_Q50_lddt	Q70E83_Q50_lddt	1.009E+00	9.993E-01	9.807E-01	88.500	105	105	107
Q0VTT5_Q50_lddt	G8GB95_Q50_lddt	1.009E+00	9.993E-01	9.806E-01	88.500	105	105	107
Q0VTT5_Q50_lddt	Q8GLI5_Q50_lddt	1.009E+00	9.992E-01	9.806E-01	87.600	105	105	107
Q0VTT5_Q50_lddt	Q9R977_Q50_lddt	1.009E+00	9.991E-01	9.805E-01	88.500	105	105	107
Q0VTT5_Q50_lddt	B0F5D7_Q50_lddt	1.009E+00	9.991E-01	9.805E-01	87.600	105	105	107
Q0VTT5_Q50_lddt	A0A386JBE1_Q50_lddt	1.009E+00	9.990E-01	9.804E-01	87.600	105	105	107
Q0VTT5_Q50_lddt	B2ZNP2_Q50_lddt	1.009E+00	9.990E-01	9.804E-01	87.600	105	105	107
Q0VTT5_Q50_lddt	F1BYQ0_Q50_lddt	1.008E+00	9.988E-01	9.801E-01	85.700	105	105	107
Q0VTT5_Q50_lddt	A6N6U3_Q50_lddt	1.008E+00	9.982E-01	9.796E-01	82.800	105	105	107
Q0VTT5_Q50_lddt	Q79PC7_Q50_lddt	1.007E+00	9.979E-01	9.793E-01	86.600	105	105	107
Q0VTT5_Q50_lddt	Q79TB7_Q50_lddt	1.006E+00	9.964E-01	9.778E-01	87.600	105	105	107
Q0VTT5_Q50_lddt	Q9S445_Q50_lddt	1.009E+00	9.799E-01	9.799E-01	87.300	105	103	105
Q0VTT5_Q50_lddt	Q51734_Q50_lddt	9.932E-01	9.650E-01	9.470E-01	65.000	105	103	107
Q0VTT5_Q50_lddt	A0A0B6VRK1_Q50_lddt	9.676E-01	9.320E-01	9.235E-01	37.200	105	102	106
Q0VTT5_Q50_lddt	Q93ET8_Q50_lddt	9.720E-01	9.093E-01	9.441E-01	35.300	105	99	101
Q0VTT5_Q50_lddt	A0A1I9ZKY4_Q50_lddt	9.661E-01	9.041E-01	9.385E-01	37.300	105	99	101
Q0VTT5_Q50_lddt	Q764C8_Q50_lddt	9.354E-01	7.904E-01	8.967E-01	30.000	105	103	92
Q0VTT5_Q50_lddt	Q75PS3_Q50_lddt	9.318E-01	7.877E-01	8.934E-01	31.000	105	103	92
Q79PC7_Q50_lddt	Q79PC7_Q50_lddt	1.009E+00	1.000E+00	1.000E+00	100.000	107	107	107
Q79PC7_Q50_lddt	A6N6U3_Q50_lddt	1.008E+00	9.988E-01	9.988E-01	84.100	107	107	107
Q79PC7_Q50_lddt	Q8GLI5_Q50_lddt	1.008E+00	9.984E-01	9.984E-01	80.300	107	107	107
Q79PC7_Q50_lddt	Q9R977_Q50_lddt	1.008E+00	9.984E-01	9.984E-01	81.300	107	107	107
Q79PC7_Q50_lddt	G8GB95_Q50_lddt	1.008E+00	9.983E-01	9.983E-01	80.300	107	107	107
Q79PC7_Q50_lddt	Q70E83_Q50_lddt	1.008E+00	9.982E-01	9.982E-01	81.300	107	107	107
Q79PC7_Q50_lddt	B2ZNP2_Q50_lddt	1.008E+00	9.982E-01	9.982E-01	80.300	107	107	107
Q79PC7_Q50_lddt	Q53289_Q50_lddt	1.008E+00	9.981E-01	9.981E-01	81.300	107	107	107
Q79PC7_Q50_lddt	A0A386JBE1_Q50_lddt	1.008E+00	9.981E-01	9.981E-01	80.300	107	107	107
Q79PC7_Q50_lddt	B0F5D7_Q50_lddt	1.007E+00	9.981E-01	9.981E-01	80.300	107	107	107
Q79PC7_Q50_lddt	F1BYQ0_Q50_lddt	1.007E+00	9.979E-01	9.979E-01	78.500	107	107	107
Q79PC7_Q50_lddt	Q79TB7_Q50_lddt	1.005E+00	9.958E-01	9.958E-01	80.300	107	107	107
Q79PC7_Q50_lddt	Q9S445_Q50_lddt	1.009E+00	9.803E-01	9.989E-01	90.400	107	105	105
Q79PC7_Q50_lddt	Q0VTT5_Q50_lddt	1.007E+00	9.793E-01	9.979E-01	86.600	107	105	105
Q79PC7_Q50_lddt	B8Y9I3_Q50_lddt	1.007E+00	9.792E-01	9.979E-01	80.900	107	105	105
Q79PC7_Q50_lddt	A7UMS1_Q50_lddt	1.007E+00	9.791E-01	9.977E-01	80.000	107	105	105
Q79PC7_Q50_lddt	Q51734_Q50_lddt	9.922E-01	9.645E-01	9.645E-01	66.600	107	105	107
Q79PC7_Q50_lddt	Q93ET8_Q50_lddt	9.713E-01	9.099E-01	9.620E-01	38.600	107	101	101
Q79PC7_Q50_lddt	A0A0B6VRK1_Q50_lddt	9.638E-01	9.290E-01	9.375E-01	35.500	107	104	106
Q79PC7_Q50_lddt	A0A1I9ZKY4_Q50_lddt	9.653E-01	9.046E-01	9.562E-01	37.600	107	101	101
Q79PC7_Q50_lddt	Q764C8_Q50_lddt	9.354E-01	7.932E-01	9.161E-01	32.300	107	105	92
Q79PC7_Q50_lddt	Q75PS3_Q50_lddt	9.318E-01	7.905E-01	9.126E-01	31.400	107	105	92
Q9S445_Q50_lddt	Q9S445_Q50_lddt	1.010E+00	1.000E+00	1.000E+00	100.000	105	105	105
Q9S445_Q50_lddt	Q79PC7_Q50_lddt	1.009E+00	9.989E-01	9.803E-01	90.400	105	105	107
Q9S445_Q50_lddt	Q8GLI5_Q50_lddt	1.008E+00	9.989E-01	9.802E-01	82.800	105	105	107
Q9S445_Q50_lddt	G8GB95_Q50_lddt	1.008E+00	9.989E-01	9.802E-01	83.800	105	105	107
Q9S445_Q50_lddt	Q9R977_Q50_lddt	1.008E+00	9.988E-01	9.802E-01	83.800	105	105	107
Q9S445_Q50_lddt	Q70E83_Q50_lddt	1.008E+00	9.988E-01	9.802E-01	83.800	105	105	107
Q9S445_Q50_lddt	Q53289_Q50_lddt	1.008E+00	9.988E-01	9.801E-01	83.800	105	105	107
Q9S445_Q50_lddt	B2ZNP2_Q50_lddt	1.008E+00	9.987E-01	9.801E-01	82.800	105	105	107
Q9S445_Q50_lddt	B0F5D7_Q50_lddt	1.008E+00	9.987E-01	9.800E-01	82.800	105	105	107
Q9S445_Q50_lddt	A0A386JBE1_Q50_lddt	1.008E+00	9.986E-01	9.800E-01	82.800	105	105	107
Q9S445_Q50_lddt	F1BYQ0_Q50_lddt	1.008E+00	9.985E-01	9.799E-01	80.900	105	105	107
Q9S445_Q50_lddt	A6N6U3_Q50_lddt	1.008E+00	9.985E-01	9.799E-01	84.700	105	105	107
Q9S445_Q50_lddt	Q79TB7_Q50_lddt	1.006E+00	9.967E-01	9.782E-01	82.800	105	105	107
Q9S445_Q50_lddt	Q0VTT5_Q50_lddt	1.009E+00	9.799E-01	9.799E-01	87.300	105	103	105
Q9S445_Q50_lddt	B8Y9I3_Q50_lddt	1.008E+00	9.795E-01	9.795E-01	83.400	105	103	105
Q9S445_Q50_lddt	A7UMS1_Q50_lddt	1.008E+00	9.793E-01	9.793E-01	82.500	105	103	105
Q9S445_Q50_lddt	Q51734_Q50_lddt	9.927E-01	9.833E-01	9.650E-01	63.800	105	105	107
Q9S445_Q50_lddt	Q93ET8_Q50_lddt	9.738E-01	9.289E-01	9.645E-01	37.600	105	101	101
Q9S445_Q50_lddt	A0A0B6VRK1_Q50_lddt	9.685E-01	9.507E-01	9.420E-01	34.600	105	104	106
Q9S445_Q50_lddt	A0A1I9ZKY4_Q50_lddt	9.686E-01	9.242E-01	9.594E-01	37.600	105	101	101
Q9S445_Q50_lddt	Q764C8_Q50_lddt	9.375E-01	8.092E-01	9.181E-01	31.400	105	105	92
Q9S445_Q50_lddt	Q75PS3_Q50_lddt	9.341E-01	8.066E-01	9.148E-01	32.300	105	105	92
