Q0VTT5_conserved	Q0VTT5_conserved	1.010E+00	1.000E+00	1.000E+00	100.000	97	97	97
Q0VTT5_conserved	A7UMS1_conserved	1.001E+00	9.912E-01	9.912E-01	95.800	97	97	97
Q0VTT5_conserved	Q9R977_conserved	1.009E+00	9.984E-01	9.685E-01	96.900	97	97	100
Q0VTT5_conserved	B2ZNP2_conserved	1.008E+00	9.976E-01	9.677E-01	94.800	97	97	100
Q0VTT5_conserved	A0A386JBE1_conserved	1.007E+00	9.971E-01	9.672E-01	94.800	97	97	100
Q0VTT5_conserved	Q9S445_conserved	1.007E+00	9.967E-01	9.669E-01	95.800	97	97	100
Q0VTT5_conserved	B8Y9I3_conserved	9.942E-01	9.841E-01	9.841E-01	96.900	97	97	97
Q0VTT5_conserved	F1BYQ0_conserved	1.006E+00	9.957E-01	9.659E-01	93.800	97	97	100
Q0VTT5_conserved	Q8GLI5_conserved	9.991E-01	9.889E-01	9.595E-01	95.800	97	97	100
Q0VTT5_conserved	Q79PC7_conserved	9.987E-01	9.884E-01	9.590E-01	95.800	97	97	100
Q0VTT5_conserved	B0F5D7_conserved	9.951E-01	9.849E-01	9.557E-01	94.800	97	97	100
Q0VTT5_conserved	G8GB95_conserved	9.947E-01	9.845E-01	9.552E-01	96.900	97	97	100
Q0VTT5_conserved	Q70E83_conserved	9.941E-01	9.839E-01	9.547E-01	96.900	97	97	100
Q0VTT5_conserved	Q53289_conserved	9.940E-01	9.838E-01	9.546E-01	96.900	97	97	100
Q0VTT5_conserved	A6N6U3_conserved	9.865E-01	9.764E-01	9.475E-01	93.800	97	97	100
Q0VTT5_conserved	Q51734_conserved	9.986E-01	9.680E-01	9.486E-01	84.300	97	96	99
Q0VTT5_conserved	Q79TB7_conserved	9.849E-01	9.748E-01	9.460E-01	92.800	97	98	100
Q0VTT5_conserved	A0A0B6VRK1_conserved	8.824E-01	8.570E-01	8.408E-01	43.800	97	98	99
Q0VTT5_conserved	Q93ET8_conserved	8.822E-01	8.571E-01	8.412E-01	40.200	97	97	99
Q0VTT5_conserved	A0A1I9ZKY4_conserved	8.690E-01	8.442E-01	8.362E-01	40.800	97	98	98
Q0VTT5_conserved	Q764C8_conserved	8.460E-01	7.261E-01	8.103E-01	37.100	97	97	86
Q0VTT5_conserved	Q75PS3_conserved	8.425E-01	7.241E-01	8.078E-01	37.100	97	97	86
Q51734_conserved	Q51734_conserved	1.010E+00	1.000E+00	1.000E+00	100.000	99	99	99
Q51734_conserved	Q70E83_conserved	1.003E+00	9.831E-01	9.734E-01	84.800	99	99	100
Q51734_conserved	G8GB95_conserved	1.003E+00	9.830E-01	9.732E-01	84.800	99	99	100
Q51734_conserved	Q53289_conserved	1.003E+00	9.829E-01	9.731E-01	84.800	99	99	100
Q51734_conserved	Q8GLI5_conserved	1.003E+00	9.827E-01	9.729E-01	83.800	99	99	100
Q51734_conserved	B0F5D7_conserved	1.003E+00	9.825E-01	9.727E-01	82.800	99	99	100
Q51734_conserved	Q9R977_conserved	9.989E-01	9.788E-01	9.691E-01	84.800	99	99	100
Q51734_conserved	A0A386JBE1_conserved	9.984E-01	9.784E-01	9.687E-01	82.800	99	99	100
Q51734_conserved	B2ZNP2_conserved	9.981E-01	9.781E-01	9.684E-01	82.800	99	99	100
Q51734_conserved	Q9S445_conserved	9.980E-01	9.780E-01	9.683E-01	79.700	99	99	100
Q51734_conserved	Q79TB7_conserved	9.973E-01	9.773E-01	9.677E-01	83.800	99	99	100
Q51734_conserved	F1BYQ0_conserved	9.964E-01	9.765E-01	9.668E-01	81.800	99	99	100
Q51734_conserved	A6N6U3_conserved	9.953E-01	9.754E-01	9.658E-01	79.700	99	99	100
Q51734_conserved	B8Y9I3_conserved	1.003E+00	9.524E-01	9.720E-01	84.300	99	96	97
Q51734_conserved	Q79PC7_conserved	9.897E-01	9.700E-01	9.604E-01	82.800	99	99	100
Q51734_conserved	A7UMS1_conserved	1.001E+00	9.510E-01	9.705E-01	83.300	99	96	97
Q51734_conserved	Q0VTT5_conserved	9.986E-01	9.486E-01	9.680E-01	84.300	99	96	97
Q51734_conserved	Q93ET8_conserved	8.968E-01	8.716E-01	8.716E-01	39.000	99	100	99
Q51734_conserved	A0A0B6VRK1_conserved	8.733E-01	8.650E-01	8.650E-01	39.800	99	103	99
Q51734_conserved	A0A1I9ZKY4_conserved	8.706E-01	8.543E-01	8.624E-01	37.200	99	102	98
Q51734_conserved	Q764C8_conserved	8.533E-01	7.424E-01	8.443E-01	35.300	99	99	86
Q51734_conserved	Q75PS3_conserved	8.491E-01	7.391E-01	8.402E-01	33.300	99	99	86
Q53289_conserved	Q53289_conserved	1.010E+00	1.000E+00	1.000E+00	100.000	100	100	100
Q53289_conserved	Q70E83_conserved	1.010E+00	9.999E-01	9.999E-01	100.000	100	100	100
Q53289_conserved	G8GB95_conserved	1.010E+00	9.999E-01	9.999E-01	100.000	100	100	100
Q53289_conserved	B0F5D7_conserved	1.009E+00	9.989E-01	9.989E-01	98.000	100	100	100
Q53289_conserved	Q8GLI5_conserved	1.006E+00	9.963E-01	9.963E-01	99.000	100	100	100
Q53289_conserved	A6N6U3_conserved	1.001E+00	9.910E-01	9.910E-01	93.000	100	100	100
Q53289_conserved	Q79TB7_conserved	1.002E+00	9.918E-01	9.918E-01	99.000	100	100	100
Q53289_conserved	B8Y9I3_conserved	1.010E+00	9.699E-01	9.999E-01	100.000	100	97	97
Q53289_conserved	Q9R977_conserved	9.961E-01	9.863E-01	9.863E-01	100.000	100	100	100
Q53289_conserved	A0A386JBE1_conserved	9.962E-01	9.863E-01	9.863E-01	98.000	100	100	100
Q53289_conserved	B2ZNP2_conserved	9.945E-01	9.847E-01	9.847E-01	98.000	100	100	100
Q53289_conserved	Q9S445_conserved	9.948E-01	9.849E-01	9.849E-01	92.000	100	100	100
Q53289_conserved	F1BYQ0_conserved	9.928E-01	9.830E-01	9.830E-01	97.000	100	100	100
Q53289_conserved	A7UMS1_conserved	1.004E+00	9.642E-01	9.939E-01	98.900	100	97	97
Q53289_conserved	Q51734_conserved	1.003E+00	9.731E-01	9.829E-01	84.800	100	99	99
Q53289_conserved	Q79PC7_conserved	9.863E-01	9.766E-01	9.766E-01	93.000	100	100	100
Q53289_conserved	Q0VTT5_conserved	9.940E-01	9.546E-01	9.838E-01	96.900	100	97	97
Q53289_conserved	A0A0B6VRK1_conserved	8.965E-01	8.712E-01	8.795E-01	41.500	100	101	99
Q53289_conserved	Q93ET8_conserved	8.995E-01	8.744E-01	8.826E-01	39.000	100	100	99
Q53289_conserved	A0A1I9ZKY4_conserved	8.849E-01	8.602E-01	8.765E-01	39.600	100	101	98
Q53289_conserved	Q764C8_conserved	8.517E-01	7.343E-01	8.427E-01	40.000	100	100	86
Q53289_conserved	Q75PS3_conserved	8.482E-01	7.315E-01	8.392E-01	39.000	100	100	86
Q70E83_conserved	Q70E83_conserved	1.010E+00	1.000E+00	1.000E+00	100.000	100	100	100
Q70E83_conserved	Q53289_conserved	1.010E+00	9.999E-01	9.999E-01	100.000	100	100	100
Q70E83_conserved	G8GB95_conserved	1.010E+00	9.999E-01	9.999E-01	100.000	100	100	100
Q70E83_conserved	B0F5D7_conserved	1.009E+00	9.989E-01	9.989E-01	98.000	100	100	100
Q70E83_conserved	Q8GLI5_conserved	1.006E+00	9.963E-01	9.963E-01	99.000	100	100	100
Q70E83_conserved	Q79TB7_conserved	1.002E+00	9.919E-01	9.919E-01	99.000	100	100	100
Q70E83_conserved	A6N6U3_conserved	1.001E+00	9.909E-01	9.909E-01	93.000	100	100	100
Q70E83_conserved	B8Y9I3_conserved	1.010E+00	9.698E-01	9.998E-01	100.000	100	97	97
Q70E83_conserved	Q9R977_conserved	9.962E-01	9.863E-01	9.863E-01	100.000	100	100	100
Q70E83_conserved	A0A386JBE1_conserved	9.962E-01	9.863E-01	9.863E-01	98.000	100	100	100
Q70E83_conserved	B2ZNP2_conserved	9.945E-01	9.847E-01	9.847E-01	98.000	100	100	100
Q70E83_conserved	Q9S445_conserved	9.948E-01	9.850E-01	9.850E-01	92.000	100	100	100
Q70E83_conserved	F1BYQ0_conserved	9.928E-01	9.830E-01	9.830E-01	97.000	100	100	100
Q70E83_conserved	A7UMS1_conserved	1.004E+00	9.642E-01	9.938E-01	98.900	100	97	97
Q70E83_conserved	Q51734_conserved	1.003E+00	9.734E-01	9.831E-01	84.800	100	99	99
Q70E83_conserved	Q79PC7_conserved	9.863E-01	9.766E-01	9.766E-01	93.000	100	100	100
Q70E83_conserved	Q0VTT5_conserved	9.941E-01	9.547E-01	9.839E-01	96.900	100	97	97
Q70E83_conserved	A0A0B6VRK1_conserved	8.962E-01	8.709E-01	8.792E-01	41.500	100	101	99
Q70E83_conserved	Q93ET8_conserved	8.993E-01	8.742E-01	8.824E-01	39.000	100	100	99
Q70E83_conserved	A0A1I9ZKY4_conserved	8.844E-01	8.597E-01	8.760E-01	39.600	100	101	98
Q70E83_conserved	Q764C8_conserved	8.519E-01	7.345E-01	8.429E-01	40.000	100	100	86
Q70E83_conserved	Q75PS3_conserved	8.482E-01	7.316E-01	8.393E-01	39.000	100	100	86
Q75PS3_conserved	Q75PS3_conserved	1.012E+00	1.000E+00	1.000E+00	100.000	86	86	86
Q75PS3_conserved	Q764C8_conserved	1.003E+00	9.918E-01	9.918E-01	81.300	86	86	86
Q75PS3_conserved	A0A0B6VRK1_conserved	8.990E-01	8.893E-01	7.797E-01	30.300	86	99	99
Q75PS3_conserved	A0A1I9ZKY4_conserved	8.868E-01	8.773E-01	7.772E-01	28.200	86	99	98
Q75PS3_conserved	Q93ET8_conserved	8.872E-01	8.777E-01	7.713E-01	27.000	86	100	99
Q75PS3_conserved	F1BYQ0_conserved	8.550E-01	8.459E-01	7.369E-01	38.000	86	100	100
Q75PS3_conserved	B2ZNP2_conserved	8.532E-01	8.442E-01	7.355E-01	38.000	86	100	100
Q75PS3_conserved	A0A386JBE1_conserved	8.524E-01	8.433E-01	7.348E-01	38.000	86	100	100
Q75PS3_conserved	Q51734_conserved	8.491E-01	8.402E-01	7.391E-01	33.300	86	99	99
Q75PS3_conserved	Q9S445_conserved	8.509E-01	8.419E-01	7.336E-01	37.000	86	100	100
Q75PS3_conserved	B0F5D7_conserved	8.505E-01	8.416E-01	7.334E-01	38.000	86	100	100
Q75PS3_conserved	Q9R977_conserved	8.500E-01	8.411E-01	7.330E-01	39.000	86	100	100
Q75PS3_conserved	Q79TB7_conserved	8.500E-01	8.411E-01	7.331E-01	39.000	86	100	100
Q75PS3_conserved	Q8GLI5_conserved	8.491E-01	8.402E-01	7.322E-01	39.000	86	100	100
Q75PS3_conserved	G8GB95_conserved	8.490E-01	8.401E-01	7.322E-01	39.000	86	100	100
Q75PS3_conserved	Q70E83_conserved	8.482E-01	8.393E-01	7.316E-01	39.000	86	100	100
Q75PS3_conserved	Q53289_conserved	8.482E-01	8.392E-01	7.315E-01	39.000	86	100	100
Q75PS3_conserved	A6N6U3_conserved	8.481E-01	8.392E-01	7.316E-01	38.000	86	100	100
Q75PS3_conserved	Q79PC7_conserved	8.477E-01	8.388E-01	7.312E-01	36.000	86	100	100
Q75PS3_conserved	A7UMS1_conserved	8.434E-01	8.079E-01	7.242E-01	37.100	86	97	97
Q75PS3_conserved	Q0VTT5_conserved	8.425E-01	8.078E-01	7.241E-01	37.100	86	97	97
Q75PS3_conserved	B8Y9I3_conserved	8.410E-01	8.057E-01	7.224E-01	37.100	86	97	97
Q764C8_conserved	Q764C8_conserved	1.012E+00	1.000E+00	1.000E+00	100.000	86	86	86
Q764C8_conserved	Q75PS3_conserved	1.003E+00	9.918E-01	9.918E-01	81.300	86	86	86
Q764C8_conserved	A0A0B6VRK1_conserved	8.971E-01	8.874E-01	7.784E-01	30.300	86	99	99
Q764C8_conserved	Q93ET8_conserved	8.901E-01	8.806E-01	7.730E-01	25.000	86	100	99
Q764C8_conserved	A0A1I9ZKY4_conserved	8.865E-01	8.770E-01	7.772E-01	29.200	86	99	98
Q764C8_conserved	F1BYQ0_conserved	8.582E-01	8.491E-01	7.394E-01	39.000	86	100	100
Q764C8_conserved	B2ZNP2_conserved	8.565E-01	8.474E-01	7.380E-01	39.000	86	100	100
Q764C8_conserved	Q51734_conserved	8.533E-01	8.443E-01	7.424E-01	35.300	86	99	99
Q764C8_conserved	A0A386JBE1_conserved	8.558E-01	8.467E-01	7.375E-01	39.000	86	100	100
Q764C8_conserved	B0F5D7_conserved	8.541E-01	8.451E-01	7.362E-01	39.000	86	100	100
Q764C8_conserved	Q9R977_conserved	8.533E-01	8.443E-01	7.356E-01	40.000	86	100	100
Q764C8_conserved	Q9S445_conserved	8.530E-01	8.439E-01	7.352E-01	37.000	86	100	100
Q764C8_conserved	Q79TB7_conserved	8.526E-01	8.437E-01	7.352E-01	40.000	86	100	100
Q764C8_conserved	G8GB95_conserved	8.525E-01	8.435E-01	7.349E-01	40.000	86	100	100
Q764C8_conserved	Q8GLI5_conserved	8.524E-01	8.434E-01	7.348E-01	40.000	86	100	100
Q764C8_conserved	Q70E83_conserved	8.519E-01	8.429E-01	7.345E-01	40.000	86	100	100
Q764C8_conserved	Q53289_conserved	8.517E-01	8.427E-01	7.343E-01	40.000	86	100	100
Q764C8_conserved	A6N6U3_conserved	8.513E-01	8.423E-01	7.340E-01	38.000	86	100	100
Q764C8_conserved	Q79PC7_conserved	8.500E-01	8.410E-01	7.329E-01	36.000	86	100	100
Q764C8_conserved	A7UMS1_conserved	8.466E-01	8.109E-01	7.267E-01	38.100	86	97	97
Q764C8_conserved	Q0VTT5_conserved	8.460E-01	8.103E-01	7.261E-01	37.100	86	97	97
Q764C8_conserved	B8Y9I3_conserved	8.442E-01	8.087E-01	7.249E-01	38.100	86	97	97
Q79PC7_conserved	Q79PC7_conserved	1.010E+00	1.000E+00	1.000E+00	100.000	100	100	100
Q79PC7_conserved	Q9S445_conserved	1.002E+00	9.924E-01	9.924E-01	94.000	100	100	100
Q79PC7_conserved	Q9R977_conserved	9.976E-01	9.877E-01	9.877E-01	93.000	100	100	100
Q79PC7_conserved	B2ZNP2_conserved	9.972E-01	9.873E-01	9.873E-01	91.000	100	100	100
Q79PC7_conserved	A0A386JBE1_conserved	9.968E-01	9.869E-01	9.869E-01	91.000	100	100	100
Q79PC7_conserved	A6N6U3_conserved	9.950E-01	9.851E-01	9.851E-01	93.000	100	100	100
Q79PC7_conserved	F1BYQ0_conserved	9.950E-01	9.852E-01	9.852E-01	90.000	100	100	100
Q79PC7_conserved	Q8GLI5_conserved	9.908E-01	9.810E-01	9.810E-01	92.000	100	100	100
Q79PC7_conserved	B0F5D7_conserved	9.876E-01	9.779E-01	9.779E-01	91.000	100	100	100
Q79PC7_conserved	G8GB95_conserved	9.870E-01	9.773E-01	9.773E-01	93.000	100	100	100
Q79PC7_conserved	Q53289_conserved	9.863E-01	9.766E-01	9.766E-01	93.000	100	100	100
Q79PC7_conserved	Q70E83_conserved	9.863E-01	9.766E-01	9.766E-01	93.000	100	100	100
Q79PC7_conserved	Q0VTT5_conserved	9.987E-01	9.590E-01	9.884E-01	95.800	100	97	97
Q79PC7_conserved	A7UMS1_conserved	9.919E-01	9.527E-01	9.818E-01	92.700	100	97	97
Q79PC7_conserved	Q79TB7_conserved	9.795E-01	9.699E-01	9.699E-01	92.000	100	100	100
Q79PC7_conserved	Q51734_conserved	9.897E-01	9.604E-01	9.700E-01	82.800	100	99	99
Q79PC7_conserved	B8Y9I3_conserved	9.857E-01	9.469E-01	9.757E-01	93.800	100	97	97
Q79PC7_conserved	A0A0B6VRK1_conserved	8.875E-01	8.626E-01	8.708E-01	41.500	100	101	99
Q79PC7_conserved	Q93ET8_conserved	8.848E-01	8.602E-01	8.683E-01	39.600	100	101	99
Q79PC7_conserved	A0A1I9ZKY4_conserved	8.751E-01	8.508E-01	8.668E-01	42.500	100	101	98
Q79PC7_conserved	Q764C8_conserved	8.500E-01	7.329E-01	8.410E-01	36.000	100	100	86
Q79PC7_conserved	Q75PS3_conserved	8.477E-01	7.312E-01	8.388E-01	36.000	100	100	86
Q79TB7_conserved	Q79TB7_conserved	1.010E+00	1.000E+00	1.000E+00	100.000	100	100	100
Q79TB7_conserved	Q70E83_conserved	1.002E+00	9.919E-01	9.919E-01	99.000	100	100	100
Q79TB7_conserved	B0F5D7_conserved	1.002E+00	9.919E-01	9.919E-01	99.000	100	100	100
Q79TB7_conserved	Q53289_conserved	1.002E+00	9.918E-01	9.918E-01	99.000	100	100	100
Q79TB7_conserved	G8GB95_conserved	1.002E+00	9.916E-01	9.916E-01	99.000	100	100	100
Q79TB7_conserved	Q8GLI5_conserved	9.968E-01	9.870E-01	9.870E-01	98.000	100	100	100
Q79TB7_conserved	A6N6U3_conserved	9.963E-01	9.865E-01	9.865E-01	93.000	100	100	100
Q79TB7_conserved	F1BYQ0_conserved	9.894E-01	9.796E-01	9.796E-01	95.000	100	101	100
Q79TB7_conserved	A0A386JBE1_conserved	9.886E-01	9.788E-01	9.788E-01	96.000	100	101	100
Q79TB7_conserved	B8Y9I3_conserved	1.001E+00	9.610E-01	9.905E-01	98.900	100	97	97
Q79TB7_conserved	B2ZNP2_conserved	9.872E-01	9.775E-01	9.775E-01	99.000	100	100	100
Q79TB7_conserved	Q9S445_conserved	9.876E-01	9.779E-01	9.779E-01	91.000	100	100	100
Q79TB7_conserved	Q9R977_conserved	9.863E-01	9.765E-01	9.765E-01	99.000	100	100	100
Q79TB7_conserved	Q51734_conserved	9.973E-01	9.677E-01	9.773E-01	83.800	100	99	99
Q79TB7_conserved	A7UMS1_conserved	9.928E-01	9.537E-01	9.828E-01	100.000	100	97	97
Q79TB7_conserved	Q79PC7_conserved	9.795E-01	9.699E-01	9.699E-01	92.000	100	100	100
Q79TB7_conserved	Q0VTT5_conserved	9.849E-01	9.460E-01	9.748E-01	92.800	100	98	97
Q79TB7_conserved	Q93ET8_conserved	9.002E-01	8.751E-01	8.833E-01	39.000	100	100	99
Q79TB7_conserved	A0A0B6VRK1_conserved	8.936E-01	8.686E-01	8.768E-01	41.000	100	100	99
Q79TB7_conserved	A0A1I9ZKY4_conserved	8.787E-01	8.542E-01	8.704E-01	39.600	100	101	98
Q79TB7_conserved	Q764C8_conserved	8.526E-01	7.352E-01	8.437E-01	40.000	100	100	86
Q79TB7_conserved	Q75PS3_conserved	8.500E-01	7.331E-01	8.411E-01	39.000	100	100	86
Q8GLI5_conserved	Q8GLI5_conserved	1.010E+00	1.000E+00	1.000E+00	100.000	100	100	100
Q8GLI5_conserved	B0F5D7_conserved	1.007E+00	9.974E-01	9.974E-01	97.000	100	100	100
Q8GLI5_conserved	G8GB95_conserved	1.007E+00	9.971E-01	9.971E-01	99.000	100	100	100
Q8GLI5_conserved	Q53289_conserved	1.006E+00	9.963E-01	9.963E-01	99.000	100	100	100
Q8GLI5_conserved	Q70E83_conserved	1.006E+00	9.963E-01	9.963E-01	99.000	100	100	100
Q8GLI5_conserved	A0A386JBE1_conserved	1.002E+00	9.918E-01	9.918E-01	97.000	100	100	100
Q8GLI5_conserved	Q9R977_conserved	1.001E+00	9.912E-01	9.912E-01	99.000	100	100	100
Q8GLI5_conserved	Q9S445_conserved	9.996E-01	9.897E-01	9.897E-01	91.000	100	100	100
Q8GLI5_conserved	B2ZNP2_conserved	9.987E-01	9.888E-01	9.888E-01	97.000	100	100	100
Q8GLI5_conserved	F1BYQ0_conserved	9.980E-01	9.881E-01	9.881E-01	96.000	100	100	100
Q8GLI5_conserved	A7UMS1_conserved	1.009E+00	9.688E-01	9.987E-01	97.900	100	97	97
Q8GLI5_conserved	A6N6U3_conserved	9.966E-01	9.867E-01	9.867E-01	92.000	100	100	100
Q8GLI5_conserved	Q79TB7_conserved	9.968E-01	9.870E-01	9.870E-01	98.000	100	100	100
Q8GLI5_conserved	B8Y9I3_conserved	1.006E+00	9.663E-01	9.961E-01	98.900	100	97	97
Q8GLI5_conserved	Q51734_conserved	1.003E+00	9.729E-01	9.827E-01	83.800	100	99	99
Q8GLI5_conserved	Q79PC7_conserved	9.908E-01	9.810E-01	9.810E-01	92.000	100	100	100
Q8GLI5_conserved	Q0VTT5_conserved	9.991E-01	9.595E-01	9.889E-01	95.800	100	97	97
Q8GLI5_conserved	A0A0B6VRK1_conserved	8.944E-01	8.692E-01	8.775E-01	40.500	100	101	99
Q8GLI5_conserved	Q93ET8_conserved	8.966E-01	8.717E-01	8.798E-01	38.000	100	100	99
Q8GLI5_conserved	A0A1I9ZKY4_conserved	8.835E-01	8.588E-01	8.751E-01	38.600	100	101	98
Q8GLI5_conserved	Q764C8_conserved	8.524E-01	7.348E-01	8.434E-01	40.000	100	100	86
Q8GLI5_conserved	Q75PS3_conserved	8.491E-01	7.322E-01	8.402E-01	39.000	100	100	86
Q93ET8_conserved	Q93ET8_conserved	1.010E+00	1.000E+00	1.000E+00	100.000	99	99	99
Q93ET8_conserved	A0A1I9ZKY4_conserved	9.654E-01	9.465E-01	9.558E-01	55.000	99	100	98
Q93ET8_conserved	A0A0B6VRK1_conserved	9.701E-01	9.511E-01	9.511E-01	55.500	99	99	99
Q93ET8_conserved	B0F5D7_conserved	9.011E-01	8.841E-01	8.759E-01	39.000	99	100	100
Q93ET8_conserved	A6N6U3_conserved	8.992E-01	8.822E-01	8.740E-01	39.600	99	101	100
Q93ET8_conserved	Q79TB7_conserved	9.002E-01	8.833E-01	8.751E-01	39.000	99	100	100
Q93ET8_conserved	G8GB95_conserved	8.997E-01	8.829E-01	8.747E-01	39.000	99	100	100
Q93ET8_conserved	Q53289_conserved	8.995E-01	8.826E-01	8.744E-01	39.000	99	100	100
Q93ET8_conserved	Q70E83_conserved	8.993E-01	8.824E-01	8.742E-01	39.000	99	100	100
Q93ET8_conserved	Q8GLI5_conserved	8.966E-01	8.798E-01	8.717E-01	38.000	99	100	100
Q93ET8_conserved	Q51734_conserved	8.968E-01	8.716E-01	8.716E-01	39.000	99	100	99
Q93ET8_conserved	F1BYQ0_conserved	8.926E-01	8.759E-01	8.678E-01	39.000	99	100	100
Q93ET8_conserved	A0A386JBE1_conserved	8.912E-01	8.746E-01	8.665E-01	39.000	99	100	100
Q93ET8_conserved	B2ZNP2_conserved	8.892E-01	8.726E-01	8.646E-01	39.000	99	100	100
Q93ET8_conserved	Q9S445_conserved	8.892E-01	8.726E-01	8.646E-01	42.000	99	100	100
Q93ET8_conserved	Q9R977_conserved	8.882E-01	8.716E-01	8.636E-01	39.000	99	100	100
Q93ET8_conserved	Q79PC7_conserved	8.848E-01	8.683E-01	8.602E-01	39.600	99	101	100
Q93ET8_conserved	B8Y9I3_conserved	8.944E-01	8.526E-01	8.688E-01	38.100	99	97	97
Q93ET8_conserved	A7UMS1_conserved	8.899E-01	8.484E-01	8.645E-01	38.100	99	97	97
Q93ET8_conserved	Q0VTT5_conserved	8.822E-01	8.412E-01	8.571E-01	40.200	99	97	97
Q93ET8_conserved	Q764C8_conserved	8.901E-01	7.730E-01	8.806E-01	25.000	99	100	86
Q93ET8_conserved	Q75PS3_conserved	8.880E-01	7.713E-01	8.785E-01	27.000	99	100	86
A0A0B6VRK1_conserved	A0A0B6VRK1_conserved	1.010E+00	1.000E+00	1.000E+00	100.000	99	99	99
A0A0B6VRK1_conserved	A0A1I9ZKY4_conserved	9.716E-01	9.523E-01	9.619E-01	60.000	99	100	98
A0A0B6VRK1_conserved	Q93ET8_conserved	9.701E-01	9.511E-01	9.511E-01	55.500	99	99	99
A0A0B6VRK1_conserved	A6N6U3_conserved	8.994E-01	8.823E-01	8.740E-01	40.500	99	101	100
A0A0B6VRK1_conserved	B0F5D7_conserved	8.981E-01	8.810E-01	8.727E-01	41.500	99	101	100
A0A0B6VRK1_conserved	G8GB95_conserved	8.969E-01	8.799E-01	8.716E-01	41.500	99	101	100
A0A0B6VRK1_conserved	Q53289_conserved	8.965E-01	8.795E-01	8.712E-01	41.500	99	101	100
A0A0B6VRK1_conserved	Q70E83_conserved	8.962E-01	8.792E-01	8.709E-01	41.500	99	101	100
A0A0B6VRK1_conserved	Q8GLI5_conserved	8.944E-01	8.775E-01	8.692E-01	40.500	99	101	100
A0A0B6VRK1_conserved	Q79TB7_conserved	8.936E-01	8.768E-01	8.686E-01	41.000	99	100	100
A0A0B6VRK1_conserved	A0A386JBE1_conserved	8.887E-01	8.719E-01	8.637E-01	41.500	99	101	100
A0A0B6VRK1_conserved	F1BYQ0_conserved	8.887E-01	8.720E-01	8.638E-01	41.000	99	100	100
A0A0B6VRK1_conserved	Q9S445_conserved	8.883E-01	8.716E-01	8.634E-01	42.500	99	101	100
A0A0B6VRK1_conserved	Q79PC7_conserved	8.875E-01	8.708E-01	8.626E-01	41.500	99	101	100
A0A0B6VRK1_conserved	B2ZNP2_conserved	8.865E-01	8.698E-01	8.617E-01	41.500	99	101	100
A0A0B6VRK1_conserved	Q51734_conserved	8.733E-01	8.650E-01	8.650E-01	39.800	99	103	99
A0A0B6VRK1_conserved	Q9R977_conserved	8.861E-01	8.694E-01	8.612E-01	41.500	99	101	100
A0A0B6VRK1_conserved	B8Y9I3_conserved	8.938E-01	8.514E-01	8.679E-01	41.800	99	98	97
A0A0B6VRK1_conserved	A7UMS1_conserved	8.903E-01	8.481E-01	8.645E-01	41.800	99	98	97
A0A0B6VRK1_conserved	Q0VTT5_conserved	8.824E-01	8.408E-01	8.570E-01	43.800	99	98	97
A0A0B6VRK1_conserved	Q75PS3_conserved	8.990E-01	7.797E-01	8.893E-01	30.300	99	99	86
A0A0B6VRK1_conserved	Q764C8_conserved	8.971E-01	7.784E-01	8.874E-01	30.300	99	99	86
A0A1I9ZKY4_conserved	A0A1I9ZKY4_conserved	1.010E+00	1.000E+00	1.000E+00	100.000	98	98	98
A0A1I9ZKY4_conserved	A0A0B6VRK1_conserved	9.716E-01	9.619E-01	9.523E-01	60.000	98	100	99
A0A1I9ZKY4_conserved	Q93ET8_conserved	9.654E-01	9.558E-01	9.465E-01	55.000	98	100	99
A0A1I9ZKY4_conserved	B0F5D7_conserved	8.866E-01	8.782E-01	8.618E-01	39.600	98	101	100
A0A1I9ZKY4_conserved	G8GB95_conserved	8.855E-01	8.771E-01	8.607E-01	39.600	98	101	100
A0A1I9ZKY4_conserved	A6N6U3_conserved	8.850E-01	8.766E-01	8.603E-01	40.500	98	101	100
A0A1I9ZKY4_conserved	Q53289_conserved	8.849E-01	8.765E-01	8.602E-01	39.600	98	101	100
A0A1I9ZKY4_conserved	Q70E83_conserved	8.844E-01	8.760E-01	8.597E-01	39.600	98	101	100
A0A1I9ZKY4_conserved	Q8GLI5_conserved	8.835E-01	8.751E-01	8.588E-01	38.600	98	101	100
A0A1I9ZKY4_conserved	F1BYQ0_conserved	8.782E-01	8.699E-01	8.537E-01	39.600	98	101	100
A0A1I9ZKY4_conserved	A0A386JBE1_conserved	8.782E-01	8.699E-01	8.537E-01	39.600	98	101	100
A0A1I9ZKY4_conserved	Q79TB7_conserved	8.787E-01	8.704E-01	8.542E-01	39.600	98	101	100
A0A1I9ZKY4_conserved	B2ZNP2_conserved	8.759E-01	8.676E-01	8.515E-01	39.600	98	101	100
A0A1I9ZKY4_conserved	Q9S445_conserved	8.762E-01	8.679E-01	8.518E-01	42.500	98	101	100
A0A1I9ZKY4_conserved	Q9R977_conserved	8.753E-01	8.670E-01	8.510E-01	39.600	98	101	100
A0A1I9ZKY4_conserved	Q79PC7_conserved	8.751E-01	8.668E-01	8.508E-01	42.500	98	101	100
A0A1I9ZKY4_conserved	Q51734_conserved	8.706E-01	8.624E-01	8.543E-01	37.200	98	102	99
A0A1I9ZKY4_conserved	B8Y9I3_conserved	8.806E-01	8.472E-01	8.553E-01	39.700	98	98	97
A0A1I9ZKY4_conserved	A7UMS1_conserved	8.776E-01	8.444E-01	8.525E-01	39.700	98	98	97
A0A1I9ZKY4_conserved	Q0VTT5_conserved	8.690E-01	8.362E-01	8.442E-01	40.800	98	98	97
A0A1I9ZKY4_conserved	Q75PS3_conserved	8.868E-01	7.772E-01	8.773E-01	28.200	98	99	86
A0A1I9ZKY4_conserved	Q764C8_conserved	8.865E-01	7.772E-01	8.770E-01	29.200	98	99	86
A0A386JBE1_conserved	A0A386JBE1_conserved	1.010E+00	1.000E+00	1.000E+00	100.000	100	100	100
A0A386JBE1_conserved	Q9R977_conserved	1.009E+00	9.989E-01	9.989E-01	98.000	100	100	100
A0A386JBE1_conserved	B2ZNP2_conserved	1.008E+00	9.981E-01	9.981E-01	100.000	100	100	100
A0A386JBE1_conserved	F1BYQ0_conserved	1.008E+00	9.980E-01	9.980E-01	99.000	100	100	100
A0A386JBE1_conserved	Q9S445_conserved	1.005E+00	9.952E-01	9.952E-01	90.000	100	100	100
A0A386JBE1_conserved	Q8GLI5_conserved	1.002E+00	9.918E-01	9.918E-01	97.000	100	100	100
A0A386JBE1_conserved	B0F5D7_conserved	9.987E-01	9.888E-01	9.888E-01	100.000	100	100	100
A0A386JBE1_conserved	G8GB95_conserved	9.970E-01	9.871E-01	9.871E-01	98.000	100	100	100
A0A386JBE1_conserved	Q53289_conserved	9.962E-01	9.863E-01	9.863E-01	98.000	100	100	100
A0A386JBE1_conserved	Q70E83_conserved	9.962E-01	9.863E-01	9.863E-01	98.000	100	100	100
A0A386JBE1_conserved	Q79PC7_conserved	9.968E-01	9.869E-01	9.869E-01	91.000	100	100	100
A0A386JBE1_conserved	Q0VTT5_conserved	1.007E+00	9.672E-01	9.971E-01	94.800	100	97	97
A0A386JBE1_conserved	A7UMS1_conserved	1.004E+00	9.644E-01	9.941E-01	98.900	100	97	97
A0A386JBE1_conserved	Q79TB7_conserved	9.886E-01	9.788E-01	9.788E-01	96.000	100	101	100
A0A386JBE1_conserved	A6N6U3_conserved	9.871E-01	9.773E-01	9.773E-01	92.000	100	100	100
A0A386JBE1_conserved	Q51734_conserved	9.984E-01	9.687E-01	9.784E-01	82.800	100	99	99
A0A386JBE1_conserved	B8Y9I3_conserved	9.959E-01	9.564E-01	9.857E-01	97.900	100	97	97
A0A386JBE1_conserved	A0A0B6VRK1_conserved	8.887E-01	8.637E-01	8.719E-01	41.500	100	101	99
A0A386JBE1_conserved	Q93ET8_conserved	8.912E-01	8.665E-01	8.746E-01	39.000	100	100	99
A0A386JBE1_conserved	A0A1I9ZKY4_conserved	8.782E-01	8.537E-01	8.699E-01	39.600	100	101	98
A0A386JBE1_conserved	Q764C8_conserved	8.558E-01	7.375E-01	8.467E-01	39.000	100	100	86
A0A386JBE1_conserved	Q75PS3_conserved	8.524E-01	7.348E-01	8.433E-01	38.000	100	100	86
A6N6U3_conserved	A6N6U3_conserved	1.010E+00	1.000E+00	1.000E+00	100.000	100	100	100
A6N6U3_conserved	Q53289_conserved	1.001E+00	9.910E-01	9.910E-01	93.000	100	100	100
A6N6U3_conserved	Q70E83_conserved	1.001E+00	9.909E-01	9.909E-01	93.000	100	100	100
A6N6U3_conserved	G8GB95_conserved	1.001E+00	9.908E-01	9.908E-01	93.000	100	100	100
A6N6U3_conserved	B0F5D7_conserved	9.999E-01	9.900E-01	9.900E-01	92.000	100	100	100
A6N6U3_conserved	Q8GLI5_conserved	9.966E-01	9.867E-01	9.867E-01	92.000	100	100	100
A6N6U3_conserved	Q79PC7_conserved	9.950E-01	9.851E-01	9.851E-01	93.000	100	100	100
A6N6U3_conserved	Q79TB7_conserved	9.963E-01	9.865E-01	9.865E-01	93.000	100	100	100
A6N6U3_conserved	Q9S445_conserved	9.902E-01	9.804E-01	9.804E-01	91.000	100	100	100
A6N6U3_conserved	B8Y9I3_conserved	1.001E+00	9.608E-01	9.903E-01	92.700	100	97	97
A6N6U3_conserved	A0A386JBE1_conserved	9.871E-01	9.773E-01	9.773E-01	92.000	100	100	100
A6N6U3_conserved	Q9R977_conserved	9.865E-01	9.767E-01	9.767E-01	93.000	100	100	100
A6N6U3_conserved	B2ZNP2_conserved	9.857E-01	9.760E-01	9.760E-01	92.000	100	100	100
A6N6U3_conserved	F1BYQ0_conserved	9.846E-01	9.749E-01	9.749E-01	91.000	100	100	100
A6N6U3_conserved	Q51734_conserved	9.953E-01	9.658E-01	9.754E-01	79.700	100	99	99
A6N6U3_conserved	A7UMS1_conserved	9.938E-01	9.545E-01	9.836E-01	92.700	100	97	97
A6N6U3_conserved	Q0VTT5_conserved	9.865E-01	9.475E-01	9.764E-01	93.800	100	97	97
A6N6U3_conserved	A0A0B6VRK1_conserved	8.994E-01	8.740E-01	8.823E-01	40.500	100	101	99
A6N6U3_conserved	Q93ET8_conserved	8.992E-01	8.740E-01	8.822E-01	39.600	100	101	99
A6N6U3_conserved	A0A1I9ZKY4_conserved	8.850E-01	8.603E-01	8.766E-01	40.500	100	101	98
A6N6U3_conserved	Q764C8_conserved	8.513E-01	7.340E-01	8.423E-01	38.000	100	100	86
A6N6U3_conserved	Q75PS3_conserved	8.481E-01	7.316E-01	8.392E-01	38.000	100	100	86
A7UMS1_conserved	A7UMS1_conserved	1.010E+00	1.000E+00	1.000E+00	100.000	97	97	97
A7UMS1_conserved	B8Y9I3_conserved	1.004E+00	9.941E-01	9.941E-01	98.900	97	97	97
A7UMS1_conserved	Q0VTT5_conserved	1.001E+00	9.912E-01	9.912E-01	95.800	97	97	97
A7UMS1_conserved	Q8GLI5_conserved	1.009E+00	9.987E-01	9.688E-01	97.900	97	97	100
A7UMS1_conserved	B0F5D7_conserved	1.006E+00	9.957E-01	9.659E-01	98.900	97	97	100
A7UMS1_conserved	G8GB95_conserved	1.005E+00	9.947E-01	9.650E-01	98.900	97	97	100
A7UMS1_conserved	A0A386JBE1_conserved	1.004E+00	9.941E-01	9.644E-01	98.900	97	97	100
A7UMS1_conserved	Q53289_conserved	1.004E+00	9.939E-01	9.642E-01	98.900	97	97	100
A7UMS1_conserved	Q70E83_conserved	1.004E+00	9.938E-01	9.642E-01	98.900	97	97	100
A7UMS1_conserved	Q9R977_conserved	1.004E+00	9.933E-01	9.637E-01	98.900	97	97	100
A7UMS1_conserved	B2ZNP2_conserved	1.001E+00	9.908E-01	9.613E-01	98.900	97	97	100
A7UMS1_conserved	Q9S445_conserved	1.001E+00	9.906E-01	9.611E-01	91.700	97	97	100
A7UMS1_conserved	F1BYQ0_conserved	1.000E+00	9.900E-01	9.606E-01	97.900	97	97	100
A7UMS1_conserved	A6N6U3_conserved	9.938E-01	9.836E-01	9.545E-01	92.700	97	97	100
A7UMS1_conserved	Q79TB7_conserved	9.928E-01	9.828E-01	9.537E-01	100.000	97	97	100
A7UMS1_conserved	Q79PC7_conserved	9.919E-01	9.818E-01	9.527E-01	92.700	97	97	100
A7UMS1_conserved	Q51734_conserved	1.001E+00	9.705E-01	9.510E-01	83.300	97	96	99
A7UMS1_conserved	A0A0B6VRK1_conserved	8.903E-01	8.645E-01	8.481E-01	41.800	97	98	99
A7UMS1_conserved	Q93ET8_conserved	8.899E-01	8.645E-01	8.484E-01	38.100	97	97	99
A7UMS1_conserved	A0A1I9ZKY4_conserved	8.776E-01	8.525E-01	8.444E-01	39.700	97	98	98
A7UMS1_conserved	Q764C8_conserved	8.466E-01	7.267E-01	8.109E-01	38.100	97	97	86
A7UMS1_conserved	Q75PS3_conserved	8.434E-01	7.242E-01	8.079E-01	37.100	97	97	86
B0F5D7_conserved	B0F5D7_conserved	1.010E+00	1.000E+00	1.000E+00	100.000	100	100	100
B0F5D7_conserved	G8GB95_conserved	1.009E+00	9.992E-01	9.992E-01	98.000	100	100	100
B0F5D7_conserved	Q53289_conserved	1.009E+00	9.989E-01	9.989E-01	98.000	100	100	100
B0F5D7_conserved	Q70E83_conserved	1.009E+00	9.989E-01	9.989E-01	98.000	100	100	100
B0F5D7_conserved	Q8GLI5_conserved	1.007E+00	9.974E-01	9.974E-01	97.000	100	100	100
B0F5D7_conserved	Q79TB7_conserved	1.002E+00	9.919E-01	9.919E-01	99.000	100	100	100
B0F5D7_conserved	A6N6U3_conserved	9.999E-01	9.900E-01	9.900E-01	92.000	100	100	100
B0F5D7_conserved	A0A386JBE1_conserved	9.987E-01	9.888E-01	9.888E-01	100.000	100	100	100
B0F5D7_conserved	Q9R977_conserved	9.975E-01	9.876E-01	9.876E-01	98.000	100	100	100
B0F5D7_conserved	B2ZNP2_conserved	9.967E-01	9.868E-01	9.868E-01	100.000	100	100	100
B0F5D7_conserved	B8Y9I3_conserved	1.009E+00	9.689E-01	9.988E-01	97.900	100	97	97
B0F5D7_conserved	F1BYQ0_conserved	9.960E-01	9.862E-01	9.862E-01	99.000	100	100	100
B0F5D7_conserved	Q9S445_conserved	9.960E-01	9.862E-01	9.862E-01	90.000	100	100	100
B0F5D7_conserved	A7UMS1_conserved	1.006E+00	9.659E-01	9.957E-01	98.900	100	97	97
B0F5D7_conserved	Q51734_conserved	1.003E+00	9.727E-01	9.825E-01	82.800	100	99	99
B0F5D7_conserved	Q79PC7_conserved	9.876E-01	9.779E-01	9.779E-01	91.000	100	100	100
B0F5D7_conserved	Q0VTT5_conserved	9.951E-01	9.557E-01	9.849E-01	94.800	100	97	97
B0F5D7_conserved	A0A0B6VRK1_conserved	8.981E-01	8.727E-01	8.810E-01	41.500	100	101	99
B0F5D7_conserved	Q93ET8_conserved	9.011E-01	8.759E-01	8.841E-01	39.000	100	100	99
B0F5D7_conserved	A0A1I9ZKY4_conserved	8.866E-01	8.618E-01	8.782E-01	39.600	100	101	98
B0F5D7_conserved	Q764C8_conserved	8.541E-01	7.362E-01	8.451E-01	39.000	100	100	86
B0F5D7_conserved	Q75PS3_conserved	8.505E-01	7.334E-01	8.416E-01	38.000	100	100	86
B2ZNP2_conserved	B2ZNP2_conserved	1.010E+00	1.000E+00	1.000E+00	100.000	100	100	100
B2ZNP2_conserved	Q9R977_conserved	1.009E+00	9.988E-01	9.988E-01	98.000	100	100	100
B2ZNP2_conserved	A0A386JBE1_conserved	1.008E+00	9.981E-01	9.981E-01	100.000	100	100	100
B2ZNP2_conserved	F1BYQ0_conserved	1.008E+00	9.975E-01	9.975E-01	99.000	100	100	100
B2ZNP2_conserved	Q9S445_conserved	1.005E+00	9.949E-01	9.949E-01	90.000	100	100	100
B2ZNP2_conserved	Q8GLI5_conserved	9.987E-01	9.888E-01	9.888E-01	97.000	100	100	100
B2ZNP2_conserved	B0F5D7_conserved	9.967E-01	9.868E-01	9.868E-01	100.000	100	100	100
B2ZNP2_conserved	Q79PC7_conserved	9.972E-01	9.873E-01	9.873E-01	91.000	100	100	100
B2ZNP2_conserved	G8GB95_conserved	9.952E-01	9.853E-01	9.853E-01	98.000	100	100	100
B2ZNP2_conserved	Q0VTT5_conserved	1.008E+00	9.677E-01	9.976E-01	94.800	100	97	97
B2ZNP2_conserved	Q70E83_conserved	9.945E-01	9.847E-01	9.847E-01	98.000	100	100	100
B2ZNP2_conserved	Q53289_conserved	9.945E-01	9.847E-01	9.847E-01	98.000	100	100	100
B2ZNP2_conserved	A7UMS1_conserved	1.001E+00	9.613E-01	9.908E-01	98.900	100	97	97
B2ZNP2_conserved	Q79TB7_conserved	9.872E-01	9.775E-01	9.775E-01	99.000	100	100	100
B2ZNP2_conserved	A6N6U3_conserved	9.857E-01	9.760E-01	9.760E-01	92.000	100	100	100
B2ZNP2_conserved	Q51734_conserved	9.981E-01	9.684E-01	9.781E-01	82.800	100	99	99
B2ZNP2_conserved	B8Y9I3_conserved	9.941E-01	9.547E-01	9.839E-01	97.900	100	97	97
B2ZNP2_conserved	A0A0B6VRK1_conserved	8.865E-01	8.617E-01	8.698E-01	41.500	100	101	99
B2ZNP2_conserved	Q93ET8_conserved	8.892E-01	8.646E-01	8.726E-01	39.000	100	100	99
B2ZNP2_conserved	A0A1I9ZKY4_conserved	8.759E-01	8.515E-01	8.676E-01	39.600	100	101	98
B2ZNP2_conserved	Q764C8_conserved	8.565E-01	7.380E-01	8.474E-01	39.000	100	100	86
B2ZNP2_conserved	Q75PS3_conserved	8.532E-01	7.355E-01	8.442E-01	38.000	100	100	86
B8Y9I3_conserved	B8Y9I3_conserved	1.010E+00	1.000E+00	1.000E+00	100.000	97	97	97
B8Y9I3_conserved	A7UMS1_conserved	1.004E+00	9.941E-01	9.941E-01	98.900	97	97	97
B8Y9I3_conserved	Q53289_conserved	1.010E+00	9.999E-01	9.699E-01	100.000	97	97	100
B8Y9I3_conserved	G8GB95_conserved	1.010E+00	9.998E-01	9.698E-01	100.000	97	97	100
B8Y9I3_conserved	Q70E83_conserved	1.010E+00	9.998E-01	9.698E-01	100.000	97	97	100
B8Y9I3_conserved	B0F5D7_conserved	1.009E+00	9.988E-01	9.689E-01	97.900	97	97	100
B8Y9I3_conserved	Q0VTT5_conserved	9.942E-01	9.841E-01	9.841E-01	96.900	97	97	97
B8Y9I3_conserved	Q8GLI5_conserved	1.006E+00	9.961E-01	9.663E-01	98.900	97	97	100
B8Y9I3_conserved	A6N6U3_conserved	1.001E+00	9.903E-01	9.608E-01	92.700	97	97	100
B8Y9I3_conserved	Q79TB7_conserved	1.001E+00	9.905E-01	9.610E-01	98.900	97	97	100
B8Y9I3_conserved	Q9R977_conserved	9.959E-01	9.858E-01	9.564E-01	100.000	97	97	100
B8Y9I3_conserved	A0A386JBE1_conserved	9.959E-01	9.857E-01	9.564E-01	97.900	97	97	100
B8Y9I3_conserved	B2ZNP2_conserved	9.941E-01	9.839E-01	9.547E-01	97.900	97	97	100
B8Y9I3_conserved	Q9S445_conserved	9.944E-01	9.843E-01	9.551E-01	92.700	97	97	100
B8Y9I3_conserved	F1BYQ0_conserved	9.922E-01	9.821E-01	9.529E-01	96.900	97	97	100
B8Y9I3_conserved	Q51734_conserved	1.003E+00	9.720E-01	9.524E-01	84.300	97	96	99
B8Y9I3_conserved	Q79PC7_conserved	9.857E-01	9.757E-01	9.469E-01	93.800	97	97	100
B8Y9I3_conserved	A0A0B6VRK1_conserved	8.938E-01	8.679E-01	8.514E-01	41.800	97	98	99
B8Y9I3_conserved	Q93ET8_conserved	8.944E-01	8.688E-01	8.526E-01	38.100	97	97	99
B8Y9I3_conserved	A0A1I9ZKY4_conserved	8.806E-01	8.553E-01	8.472E-01	39.700	97	98	98
B8Y9I3_conserved	Q764C8_conserved	8.442E-01	7.249E-01	8.087E-01	38.100	97	97	86
B8Y9I3_conserved	Q75PS3_conserved	8.410E-01	7.224E-01	8.057E-01	37.100	97	97	86
F1BYQ0_conserved	F1BYQ0_conserved	1.010E+00	1.000E+00	1.000E+00	100.000	100	100	100
F1BYQ0_conserved	A0A386JBE1_conserved	1.008E+00	9.980E-01	9.980E-01	99.000	100	100	100
F1BYQ0_conserved	B2ZNP2_conserved	1.008E+00	9.975E-01	9.975E-01	99.000	100	100	100
F1BYQ0_conserved	Q9R977_conserved	1.007E+00	9.968E-01	9.968E-01	97.000	100	100	100
F1BYQ0_conserved	Q9S445_conserved	1.004E+00	9.937E-01	9.937E-01	89.000	100	100	100
F1BYQ0_conserved	Q8GLI5_conserved	9.980E-01	9.881E-01	9.881E-01	96.000	100	100	100
F1BYQ0_conserved	B0F5D7_conserved	9.960E-01	9.862E-01	9.862E-01	99.000	100	100	100
F1BYQ0_conserved	Q79PC7_conserved	9.950E-01	9.852E-01	9.852E-01	90.000	100	100	100
F1BYQ0_conserved	G8GB95_conserved	9.937E-01	9.838E-01	9.838E-01	97.000	100	100	100
F1BYQ0_conserved	Q0VTT5_conserved	1.006E+00	9.659E-01	9.957E-01	93.800	100	97	97
F1BYQ0_conserved	Q53289_conserved	9.928E-01	9.830E-01	9.830E-01	97.000	100	100	100
F1BYQ0_conserved	Q70E83_conserved	9.928E-01	9.830E-01	9.830E-01	97.000	100	100	100
F1BYQ0_conserved	Q79TB7_conserved	9.894E-01	9.796E-01	9.796E-01	95.000	100	101	100
F1BYQ0_conserved	A7UMS1_conserved	1.000E+00	9.606E-01	9.900E-01	97.900	100	97	97
F1BYQ0_conserved	A6N6U3_conserved	9.846E-01	9.749E-01	9.749E-01	91.000	100	100	100
F1BYQ0_conserved	Q51734_conserved	9.964E-01	9.668E-01	9.765E-01	81.800	100	99	99
F1BYQ0_conserved	B8Y9I3_conserved	9.922E-01	9.529E-01	9.821E-01	96.900	100	97	97
F1BYQ0_conserved	Q93ET8_conserved	8.926E-01	8.678E-01	8.759E-01	39.000	100	100	99
F1BYQ0_conserved	A0A0B6VRK1_conserved	8.887E-01	8.638E-01	8.720E-01	41.000	100	100	99
F1BYQ0_conserved	A0A1I9ZKY4_conserved	8.782E-01	8.537E-01	8.699E-01	39.600	100	101	98
F1BYQ0_conserved	Q764C8_conserved	8.582E-01	7.394E-01	8.491E-01	39.000	100	100	86
F1BYQ0_conserved	Q75PS3_conserved	8.550E-01	7.369E-01	8.459E-01	38.000	100	100	86
G8GB95_conserved	G8GB95_conserved	1.010E+00	1.000E+00	1.000E+00	100.000	100	100	100
G8GB95_conserved	Q53289_conserved	1.010E+00	9.999E-01	9.999E-01	100.000	100	100	100
G8GB95_conserved	Q70E83_conserved	1.010E+00	9.999E-01	9.999E-01	100.000	100	100	100
G8GB95_conserved	B0F5D7_conserved	1.009E+00	9.992E-01	9.992E-01	98.000	100	100	100
G8GB95_conserved	Q8GLI5_conserved	1.007E+00	9.971E-01	9.971E-01	99.000	100	100	100
G8GB95_conserved	Q79TB7_conserved	1.002E+00	9.916E-01	9.916E-01	99.000	100	100	100
G8GB95_conserved	A6N6U3_conserved	1.001E+00	9.908E-01	9.908E-01	93.000	100	100	100
G8GB95_conserved	B8Y9I3_conserved	1.010E+00	9.698E-01	9.998E-01	100.000	100	97	97
G8GB95_conserved	Q9R977_conserved	9.969E-01	9.870E-01	9.870E-01	100.000	100	100	100
G8GB95_conserved	A0A386JBE1_conserved	9.970E-01	9.871E-01	9.871E-01	98.000	100	100	100
G8GB95_conserved	B2ZNP2_conserved	9.952E-01	9.853E-01	9.853E-01	98.000	100	100	100
G8GB95_conserved	Q9S445_conserved	9.955E-01	9.856E-01	9.856E-01	92.000	100	100	100
G8GB95_conserved	F1BYQ0_conserved	9.937E-01	9.838E-01	9.838E-01	97.000	100	100	100
G8GB95_conserved	A7UMS1_conserved	1.005E+00	9.650E-01	9.947E-01	98.900	100	97	97
G8GB95_conserved	Q51734_conserved	1.003E+00	9.732E-01	9.830E-01	84.800	100	99	99
G8GB95_conserved	Q79PC7_conserved	9.870E-01	9.773E-01	9.773E-01	93.000	100	100	100
G8GB95_conserved	Q0VTT5_conserved	9.947E-01	9.552E-01	9.845E-01	96.900	100	97	97
G8GB95_conserved	A0A0B6VRK1_conserved	8.969E-01	8.716E-01	8.799E-01	41.500	100	101	99
G8GB95_conserved	Q93ET8_conserved	8.997E-01	8.747E-01	8.829E-01	39.000	100	100	99
G8GB95_conserved	A0A1I9ZKY4_conserved	8.855E-01	8.607E-01	8.771E-01	39.600	100	101	98
G8GB95_conserved	Q764C8_conserved	8.525E-01	7.349E-01	8.435E-01	40.000	100	100	86
G8GB95_conserved	Q75PS3_conserved	8.490E-01	7.322E-01	8.401E-01	39.000	100	100	86
Q9R977_conserved	Q9R977_conserved	1.010E+00	1.000E+00	1.000E+00	100.000	100	100	100
Q9R977_conserved	A0A386JBE1_conserved	1.009E+00	9.989E-01	9.989E-01	98.000	100	100	100
Q9R977_conserved	B2ZNP2_conserved	1.009E+00	9.988E-01	9.988E-01	98.000	100	100	100
Q9R977_conserved	F1BYQ0_conserved	1.007E+00	9.968E-01	9.968E-01	97.000	100	100	100
Q9R977_conserved	Q9S445_conserved	1.006E+00	9.956E-01	9.956E-01	92.000	100	100	100
Q9R977_conserved	Q8GLI5_conserved	1.001E+00	9.912E-01	9.912E-01	99.000	100	100	100
Q9R977_conserved	B0F5D7_conserved	9.975E-01	9.876E-01	9.876E-01	98.000	100	100	100
Q9R977_conserved	G8GB95_conserved	9.969E-01	9.870E-01	9.870E-01	100.000	100	100	100
Q9R977_conserved	Q79PC7_conserved	9.976E-01	9.877E-01	9.877E-01	93.000	100	100	100
Q9R977_conserved	Q70E83_conserved	9.962E-01	9.863E-01	9.863E-01	100.000	100	100	100
Q9R977_conserved	Q53289_conserved	9.961E-01	9.863E-01	9.863E-01	100.000	100	100	100
Q9R977_conserved	Q0VTT5_conserved	1.009E+00	9.685E-01	9.984E-01	96.900	100	97	97
Q9R977_conserved	A7UMS1_conserved	1.004E+00	9.637E-01	9.933E-01	98.900	100	97	97
Q9R977_conserved	A6N6U3_conserved	9.865E-01	9.767E-01	9.767E-01	93.000	100	100	100
Q9R977_conserved	Q51734_conserved	9.989E-01	9.691E-01	9.788E-01	84.800	100	99	99
Q9R977_conserved	Q79TB7_conserved	9.863E-01	9.765E-01	9.765E-01	99.000	100	100	100
Q9R977_conserved	B8Y9I3_conserved	9.959E-01	9.564E-01	9.858E-01	100.000	100	97	97
Q9R977_conserved	A0A0B6VRK1_conserved	8.861E-01	8.612E-01	8.694E-01	41.500	100	101	99
Q9R977_conserved	Q93ET8_conserved	8.882E-01	8.636E-01	8.716E-01	39.000	100	100	99
Q9R977_conserved	A0A1I9ZKY4_conserved	8.753E-01	8.510E-01	8.670E-01	39.600	100	101	98
Q9R977_conserved	Q764C8_conserved	8.533E-01	7.356E-01	8.443E-01	40.000	100	100	86
Q9R977_conserved	Q75PS3_conserved	8.500E-01	7.330E-01	8.411E-01	39.000	100	100	86
Q9S445_conserved	Q9S445_conserved	1.010E+00	1.000E+00	1.000E+00	100.000	100	100	100
Q9S445_conserved	Q9R977_conserved	1.006E+00	9.956E-01	9.956E-01	92.000	100	100	100
Q9S445_conserved	A0A386JBE1_conserved	1.005E+00	9.952E-01	9.952E-01	90.000	100	100	100
Q9S445_conserved	B2ZNP2_conserved	1.005E+00	9.949E-01	9.949E-01	90.000	100	100	100
Q9S445_conserved	F1BYQ0_conserved	1.004E+00	9.937E-01	9.937E-01	89.000	100	100	100
Q9S445_conserved	Q79PC7_conserved	1.002E+00	9.924E-01	9.924E-01	94.000	100	100	100
Q9S445_conserved	Q8GLI5_conserved	9.996E-01	9.897E-01	9.897E-01	91.000	100	100	100
Q9S445_conserved	B0F5D7_conserved	9.960E-01	9.862E-01	9.862E-01	90.000	100	100	100
Q9S445_conserved	G8GB95_conserved	9.955E-01	9.856E-01	9.856E-01	92.000	100	100	100
Q9S445_conserved	Q70E83_conserved	9.948E-01	9.850E-01	9.850E-01	92.000	100	100	100
Q9S445_conserved	Q53289_conserved	9.948E-01	9.849E-01	9.849E-01	92.000	100	100	100
Q9S445_conserved	Q0VTT5_conserved	1.007E+00	9.669E-01	9.967E-01	95.800	100	97	97
Q9S445_conserved	A6N6U3_conserved	9.902E-01	9.804E-01	9.804E-01	91.000	100	100	100
Q9S445_conserved	A7UMS1_conserved	1.001E+00	9.611E-01	9.906E-01	91.700	100	97	97
Q9S445_conserved	Q79TB7_conserved	9.876E-01	9.779E-01	9.779E-01	91.000	100	100	100
Q9S445_conserved	Q51734_conserved	9.980E-01	9.683E-01	9.780E-01	79.700	100	99	99
Q9S445_conserved	B8Y9I3_conserved	9.944E-01	9.551E-01	9.843E-01	92.700	100	97	97
Q9S445_conserved	A0A0B6VRK1_conserved	8.883E-01	8.634E-01	8.716E-01	42.500	100	101	99
Q9S445_conserved	Q93ET8_conserved	8.892E-01	8.646E-01	8.726E-01	42.000	100	100	99
Q9S445_conserved	A0A1I9ZKY4_conserved	8.762E-01	8.518E-01	8.679E-01	42.500	100	101	98
Q9S445_conserved	Q764C8_conserved	8.530E-01	7.352E-01	8.439E-01	37.000	100	100	86
Q9S445_conserved	Q75PS3_conserved	8.509E-01	7.336E-01	8.419E-01	37.000	100	100	86
