Q58M16_conserved	Q58M16_conserved	1.008E+00	1.000E+00	1.000E+00	100.000	131	131	131
Q58M16_conserved	O68183_conserved	1.003E+00	9.955E-01	9.955E-01	99.200	131	131	131
Q58M16_conserved	AF-A0A1L5KKZ3-F1-model_v4_conserved	9.358E-01	8.949E-01	9.149E-01	49.600	131	131	128
Q58M16_conserved	Q93ET9_conserved	9.351E-01	8.944E-01	9.143E-01	54.900	131	131	128
Q58M16_conserved	Q4VR94_conserved	9.260E-01	8.994E-01	9.059E-01	57.600	131	130	130
Q58M16_conserved	P96762_conserved	8.779E-01	8.595E-01	8.195E-01	45.100	131	135	138
AF-A0A1L5KKZ3-F1-model_v4_conserved	AF-A0A1L5KKZ3-F1-model_v4_conserved	1.008E+00	1.000E+00	1.000E+00	100.000	128	128	128
AF-A0A1L5KKZ3-F1-model_v4_conserved	Q93ET9_conserved	9.838E-01	9.613E-01	9.613E-01	76.900	128	126	128
AF-A0A1L5KKZ3-F1-model_v4_conserved	O68183_conserved	9.420E-01	9.209E-01	9.006E-01	49.600	128	131	131
AF-A0A1L5KKZ3-F1-model_v4_conserved	Q58M16_conserved	9.358E-01	9.149E-01	8.949E-01	49.600	128	131	131
AF-A0A1L5KKZ3-F1-model_v4_conserved	Q4VR94_conserved	9.038E-01	8.839E-01	8.710E-01	47.300	128	131	130
AF-A0A1L5KKZ3-F1-model_v4_conserved	P96762_conserved	8.556E-01	8.378E-01	7.832E-01	37.000	128	135	138
O68183_conserved	O68183_conserved	1.008E+00	1.000E+00	1.000E+00	100.000	131	131	131
O68183_conserved	Q58M16_conserved	1.003E+00	9.955E-01	9.955E-01	99.200	131	131	131
O68183_conserved	AF-A0A1L5KKZ3-F1-model_v4_conserved	9.420E-01	9.006E-01	9.209E-01	49.600	131	131	128
O68183_conserved	Q93ET9_conserved	9.368E-01	8.958E-01	9.158E-01	54.100	131	131	128
O68183_conserved	Q4VR94_conserved	9.305E-01	9.037E-01	9.102E-01	57.600	131	130	130
O68183_conserved	P96762_conserved	8.697E-01	8.575E-01	8.178E-01	44.400	131	135	138
P96762_conserved	P96762_conserved	1.007E+00	1.000E+00	1.000E+00	100.000	138	138	138
P96762_conserved	Q58M16_conserved	8.779E-01	8.195E-01	8.595E-01	45.100	138	135	131
P96762_conserved	O68183_conserved	8.697E-01	8.178E-01	8.575E-01	44.400	138	135	131
P96762_conserved	Q93ET9_conserved	8.530E-01	7.860E-01	8.410E-01	44.100	138	136	128
P96762_conserved	AF-A0A1L5KKZ3-F1-model_v4_conserved	8.556E-01	7.832E-01	8.378E-01	37.000	138	135	128
P96762_conserved	Q4VR94_conserved	8.339E-01	7.852E-01	8.283E-01	39.100	138	138	130
Q4VR94_conserved	Q4VR94_conserved	1.008E+00	1.000E+00	1.000E+00	100.000	130	130	130
Q4VR94_conserved	O68183_conserved	9.305E-01	9.102E-01	9.037E-01	57.600	130	130	131
Q4VR94_conserved	Q58M16_conserved	9.260E-01	9.059E-01	8.994E-01	57.600	130	130	131
Q4VR94_conserved	AF-A0A1L5KKZ3-F1-model_v4_conserved	9.038E-01	8.710E-01	8.839E-01	47.300	130	131	128
Q4VR94_conserved	Q93ET9_conserved	8.983E-01	8.662E-01	8.788E-01	51.500	130	130	128
Q4VR94_conserved	P96762_conserved	8.339E-01	8.283E-01	7.852E-01	39.100	130	138	138
Q93ET9_conserved	Q93ET9_conserved	1.008E+00	1.000E+00	1.000E+00	100.000	128	128	128
Q93ET9_conserved	AF-A0A1L5KKZ3-F1-model_v4_conserved	9.838E-01	9.613E-01	9.613E-01	76.900	128	126	128
Q93ET9_conserved	O68183_conserved	9.368E-01	9.158E-01	8.958E-01	54.100	128	131	131
Q93ET9_conserved	Q58M16_conserved	9.351E-01	9.143E-01	8.944E-01	54.900	128	131	131
Q93ET9_conserved	Q4VR94_conserved	8.983E-01	8.788E-01	8.662E-01	51.500	128	130	130
Q93ET9_conserved	P96762_conserved	8.530E-01	8.410E-01	7.860E-01	44.100	128	136	138
