AF-A0A2Z4PJD3-F1-model_v6_conserved	AF-A0A2Z4PJD3-F1-model_v6_conserved	1.003E+00	1.000E+00	1.000E+00	100.000	351	351	351
AF-A0A2Z4PJD3-F1-model_v6_conserved	AF-B0B4B3-F1-model_v6_conserved	1.003E+00	9.997E-01	9.997E-01	99.400	351	351	351
AF-A0A2Z4PJD3-F1-model_v6_conserved	AF-O52836-F1-model_v6_conserved	9.939E-01	9.910E-01	9.910E-01	96.000	351	351	351
AF-A0A2Z4PJD3-F1-model_v6_conserved	AF-A0A142BVK9-F1-model_v6_conserved	9.918E-01	9.890E-01	9.890E-01	96.200	351	351	351
AF-A0A2Z4PJD3-F1-model_v6_conserved	AF-A0AAW6K3V4-F1-model_v6_conserved	9.905E-01	9.877E-01	9.877E-01	93.400	351	351	351
AF-A0A2Z4PJD3-F1-model_v6_conserved	AF-A0A825BJ35-F1-model_v6_conserved	9.907E-01	9.879E-01	9.879E-01	88.600	351	351	351
AF-A0A2Z4PJD3-F1-model_v6_conserved	AF-D2U569-F1-model_v6_conserved	9.883E-01	9.856E-01	9.856E-01	89.100	351	351	351
AF-A0A2Z4PJD3-F1-model_v6_conserved	tet_O_W_O_conserved	9.877E-01	9.849E-01	9.849E-01	96.800	351	351	351
AF-A0A2Z4PJD3-F1-model_v6_conserved	tet_O_M_O_conserved	9.875E-01	9.848E-01	9.848E-01	92.500	351	351	351
AF-A0A2Z4PJD3-F1-model_v6_conserved	AF-B0BD04-F1-model_v6_conserved	9.928E-01	9.760E-01	9.900E-01	95.100	351	348	346
AF-A0A2Z4PJD3-F1-model_v6_conserved	AF-A0A411NMM1-F1-model_v6_conserved	9.837E-01	9.809E-01	9.809E-01	91.400	351	351	351
AF-A0A2Z4PJD3-F1-model_v6_conserved	AF-Q67709-F1-model_v6_conserved	9.873E-01	9.734E-01	9.734E-01	91.000	351	347	351
AF-A0A2Z4PJD3-F1-model_v6_conserved	tet32_conserved	9.658E-01	9.631E-01	9.631E-01	91.700	351	351	351
AF-A0A2Z4PJD3-F1-model_v6_conserved	AF-L8EW08-F1-model_v6_conserved	9.366E-01	9.289E-01	9.289E-01	55.800	351	349	351
AF-A0A2Z4PJD3-F1-model_v6_conserved	AF-A0AAE4LCH5-F1-model_v6_conserved	9.264E-01	9.214E-01	9.214E-01	60.100	351	351	351
AF-A0A2Z4PJD3-F1-model_v6_conserved	AF-A0A9X2M8Q0-F1-model_v6_conserved	9.210E-01	9.160E-01	9.160E-01	63.700	351	350	351
AF-A0A2Z4PJD3-F1-model_v6_conserved	tet_36_conserved	9.033E-01	9.009E-01	9.009E-01	66.300	351	351	351
AF-A0A2Z4PJD3-F1-model_v6_conserved	AF-A0A6N7VH36-F1-model_v6_conserved	8.900E-01	8.877E-01	8.877E-01	68.000	351	351	351
AF-A0A2Z4PJD3-F1-model_v6_conserved	SL_otrA_conserved	8.074E-01	7.867E-01	7.990E-01	46.800	351	361	345
AF-A0A411NMM1-F1-model_v6_conserved	AF-A0A411NMM1-F1-model_v6_conserved	1.003E+00	1.000E+00	1.000E+00	100.000	351	351	351
AF-A0A411NMM1-F1-model_v6_conserved	AF-D2U569-F1-model_v6_conserved	9.889E-01	9.861E-01	9.861E-01	89.700	351	351	351
AF-A0A411NMM1-F1-model_v6_conserved	AF-B0BD04-F1-model_v6_conserved	9.943E-01	9.774E-01	9.914E-01	87.000	351	348	346
AF-A0A411NMM1-F1-model_v6_conserved	AF-B0B4B3-F1-model_v6_conserved	9.855E-01	9.827E-01	9.827E-01	90.800	351	351	351
AF-A0A411NMM1-F1-model_v6_conserved	AF-A0A2Z4PJD3-F1-model_v6_conserved	9.837E-01	9.809E-01	9.809E-01	91.400	351	351	351
AF-A0A411NMM1-F1-model_v6_conserved	AF-Q67709-F1-model_v6_conserved	9.874E-01	9.763E-01	9.763E-01	91.100	351	349	351
AF-A0A411NMM1-F1-model_v6_conserved	AF-A0A825BJ35-F1-model_v6_conserved	9.720E-01	9.693E-01	9.693E-01	86.800	351	351	351
AF-A0A411NMM1-F1-model_v6_conserved	AF-A0AAW6K3V4-F1-model_v6_conserved	9.699E-01	9.673E-01	9.673E-01	90.500	351	351	351
AF-A0A411NMM1-F1-model_v6_conserved	tet_O_M_O_conserved	9.683E-01	9.656E-01	9.656E-01	98.500	351	351	351
AF-A0A411NMM1-F1-model_v6_conserved	AF-O52836-F1-model_v6_conserved	9.661E-01	9.635E-01	9.635E-01	88.600	351	351	351
AF-A0A411NMM1-F1-model_v6_conserved	AF-A0A142BVK9-F1-model_v6_conserved	9.597E-01	9.570E-01	9.570E-01	88.800	351	351	351
AF-A0A411NMM1-F1-model_v6_conserved	tet_O_W_O_conserved	9.588E-01	9.561E-01	9.561E-01	89.400	351	351	351
AF-A0A411NMM1-F1-model_v6_conserved	AF-A0AAE4LCH5-F1-model_v6_conserved	9.467E-01	9.441E-01	9.441E-01	62.000	351	353	351
AF-A0A411NMM1-F1-model_v6_conserved	AF-L8EW08-F1-model_v6_conserved	9.336E-01	9.286E-01	9.286E-01	53.500	351	351	351
AF-A0A411NMM1-F1-model_v6_conserved	tet32_conserved	9.262E-01	9.237E-01	9.237E-01	89.400	351	351	351
AF-A0A411NMM1-F1-model_v6_conserved	AF-A0A6N7VH36-F1-model_v6_conserved	9.213E-01	9.188E-01	9.188E-01	66.800	351	353	351
AF-A0A411NMM1-F1-model_v6_conserved	AF-A0A9X2M8Q0-F1-model_v6_conserved	8.926E-01	8.879E-01	8.879E-01	63.100	351	350	351
AF-A0A411NMM1-F1-model_v6_conserved	tet_36_conserved	8.785E-01	8.763E-01	8.763E-01	66.600	351	351	351
AF-A0A411NMM1-F1-model_v6_conserved	SL_otrA_conserved	7.908E-01	7.708E-01	7.826E-01	45.100	351	361	345
AF-A0A9X2M8Q0-F1-model_v6_conserved	AF-A0A9X2M8Q0-F1-model_v6_conserved	1.003E+00	1.000E+00	1.000E+00	100.000	351	351	351
AF-A0A9X2M8Q0-F1-model_v6_conserved	tet_36_conserved	9.587E-01	9.534E-01	9.534E-01	60.800	351	350	351
AF-A0A9X2M8Q0-F1-model_v6_conserved	AF-A0A142BVK9-F1-model_v6_conserved	9.378E-01	9.302E-01	9.302E-01	61.300	351	349	351
AF-A0A9X2M8Q0-F1-model_v6_conserved	AF-A0AAW6K3V4-F1-model_v6_conserved	9.341E-01	9.290E-01	9.290E-01	63.400	351	350	351
AF-A0A9X2M8Q0-F1-model_v6_conserved	AF-A0A2Z4PJD3-F1-model_v6_conserved	9.210E-01	9.160E-01	9.160E-01	63.700	351	350	351
AF-A0A9X2M8Q0-F1-model_v6_conserved	AF-O52836-F1-model_v6_conserved	9.225E-01	9.151E-01	9.151E-01	61.600	351	349	351
AF-A0A9X2M8Q0-F1-model_v6_conserved	AF-B0B4B3-F1-model_v6_conserved	9.181E-01	9.132E-01	9.132E-01	63.400	351	350	351
AF-A0A9X2M8Q0-F1-model_v6_conserved	tet_O_M_O_conserved	9.182E-01	9.133E-01	9.133E-01	63.400	351	350	351
AF-A0A9X2M8Q0-F1-model_v6_conserved	tet32_conserved	9.148E-01	9.074E-01	9.074E-01	63.300	351	349	351
AF-A0A9X2M8Q0-F1-model_v6_conserved	AF-A0A825BJ35-F1-model_v6_conserved	9.061E-01	9.013E-01	9.013E-01	64.500	351	350	351
AF-A0A9X2M8Q0-F1-model_v6_conserved	tet_O_W_O_conserved	9.070E-01	8.998E-01	8.998E-01	62.100	351	349	351
AF-A0A9X2M8Q0-F1-model_v6_conserved	AF-Q67709-F1-model_v6_conserved	9.082E-01	8.986E-01	8.986E-01	61.200	351	351	351
AF-A0A9X2M8Q0-F1-model_v6_conserved	AF-B0BD04-F1-model_v6_conserved	9.072E-01	8.927E-01	9.047E-01	61.100	351	350	346
AF-A0A9X2M8Q0-F1-model_v6_conserved	AF-A0A411NMM1-F1-model_v6_conserved	8.926E-01	8.879E-01	8.879E-01	63.100	351	350	351
AF-A0A9X2M8Q0-F1-model_v6_conserved	AF-D2U569-F1-model_v6_conserved	8.921E-01	8.875E-01	8.875E-01	61.400	351	350	351
AF-A0A9X2M8Q0-F1-model_v6_conserved	AF-A0AAE4LCH5-F1-model_v6_conserved	8.856E-01	8.833E-01	8.833E-01	59.500	351	351	351
AF-A0A9X2M8Q0-F1-model_v6_conserved	AF-L8EW08-F1-model_v6_conserved	8.417E-01	8.395E-01	8.395E-01	58.500	351	352	351
AF-A0A9X2M8Q0-F1-model_v6_conserved	AF-A0A6N7VH36-F1-model_v6_conserved	8.072E-01	8.011E-01	8.011E-01	61.900	351	355	351
AF-A0A9X2M8Q0-F1-model_v6_conserved	SL_otrA_conserved	7.079E-01	6.928E-01	7.028E-01	46.400	351	364	345
AF-A0AAW6K3V4-F1-model_v6_conserved	AF-A0AAW6K3V4-F1-model_v6_conserved	1.003E+00	1.000E+00	1.000E+00	100.000	351	351	351
AF-A0AAW6K3V4-F1-model_v6_conserved	AF-A0A142BVK9-F1-model_v6_conserved	9.913E-01	9.885E-01	9.885E-01	90.300	351	351	351
AF-A0AAW6K3V4-F1-model_v6_conserved	AF-A0A2Z4PJD3-F1-model_v6_conserved	9.905E-01	9.877E-01	9.877E-01	93.400	351	351	351
AF-A0AAW6K3V4-F1-model_v6_conserved	AF-B0B4B3-F1-model_v6_conserved	9.901E-01	9.873E-01	9.873E-01	92.800	351	351	351
AF-A0AAW6K3V4-F1-model_v6_conserved	AF-A0A825BJ35-F1-model_v6_conserved	9.900E-01	9.872E-01	9.872E-01	89.700	351	351	351
AF-A0AAW6K3V4-F1-model_v6_conserved	AF-O52836-F1-model_v6_conserved	9.898E-01	9.870E-01	9.870E-01	90.000	351	351	351
AF-A0AAW6K3V4-F1-model_v6_conserved	tet_O_M_O_conserved	9.860E-01	9.832E-01	9.832E-01	91.700	351	351	351
AF-A0AAW6K3V4-F1-model_v6_conserved	AF-D2U569-F1-model_v6_conserved	9.861E-01	9.833E-01	9.833E-01	87.700	351	351	351
AF-A0AAW6K3V4-F1-model_v6_conserved	tet_O_W_O_conserved	9.847E-01	9.819E-01	9.819E-01	90.800	351	351	351
AF-A0AAW6K3V4-F1-model_v6_conserved	AF-B0BD04-F1-model_v6_conserved	9.833E-01	9.668E-01	9.805E-01	88.500	351	348	346
AF-A0AAW6K3V4-F1-model_v6_conserved	tet32_conserved	9.750E-01	9.723E-01	9.723E-01	97.100	351	351	351
AF-A0AAW6K3V4-F1-model_v6_conserved	AF-A0A411NMM1-F1-model_v6_conserved	9.699E-01	9.673E-01	9.673E-01	90.500	351	351	351
AF-A0AAW6K3V4-F1-model_v6_conserved	AF-Q67709-F1-model_v6_conserved	9.787E-01	9.650E-01	9.650E-01	89.600	351	347	351
AF-A0AAW6K3V4-F1-model_v6_conserved	AF-A0A9X2M8Q0-F1-model_v6_conserved	9.341E-01	9.290E-01	9.290E-01	63.400	351	350	351
AF-A0AAW6K3V4-F1-model_v6_conserved	AF-A0AAE4LCH5-F1-model_v6_conserved	9.307E-01	9.257E-01	9.257E-01	60.300	351	351	351
AF-A0AAW6K3V4-F1-model_v6_conserved	AF-L8EW08-F1-model_v6_conserved	9.244E-01	9.169E-01	9.169E-01	56.400	351	349	351
AF-A0AAW6K3V4-F1-model_v6_conserved	tet_36_conserved	9.198E-01	9.173E-01	9.173E-01	65.200	351	351	351
AF-A0AAW6K3V4-F1-model_v6_conserved	AF-A0A6N7VH36-F1-model_v6_conserved	8.845E-01	8.822E-01	8.822E-01	68.000	351	351	351
AF-A0AAW6K3V4-F1-model_v6_conserved	SL_otrA_conserved	7.865E-01	7.666E-01	7.784E-01	46.500	351	361	345
AF-D2U569-F1-model_v6_conserved	AF-D2U569-F1-model_v6_conserved	1.003E+00	1.000E+00	1.000E+00	100.000	351	351	351
AF-D2U569-F1-model_v6_conserved	AF-A0A825BJ35-F1-model_v6_conserved	9.917E-01	9.889E-01	9.889E-01	86.600	351	351	351
AF-D2U569-F1-model_v6_conserved	AF-B0BD04-F1-model_v6_conserved	9.958E-01	9.789E-01	9.930E-01	87.600	351	348	346
AF-D2U569-F1-model_v6_conserved	AF-B0B4B3-F1-model_v6_conserved	9.894E-01	9.866E-01	9.866E-01	88.600	351	351	351
AF-D2U569-F1-model_v6_conserved	AF-A0A411NMM1-F1-model_v6_conserved	9.889E-01	9.861E-01	9.861E-01	89.700	351	351	351
AF-D2U569-F1-model_v6_conserved	AF-A0A2Z4PJD3-F1-model_v6_conserved	9.883E-01	9.856E-01	9.856E-01	89.100	351	351	351
AF-D2U569-F1-model_v6_conserved	AF-A0AAW6K3V4-F1-model_v6_conserved	9.861E-01	9.833E-01	9.833E-01	87.700	351	351	351
AF-D2U569-F1-model_v6_conserved	AF-Q67709-F1-model_v6_conserved	9.917E-01	9.777E-01	9.777E-01	93.000	351	347	351
AF-D2U569-F1-model_v6_conserved	tet_O_M_O_conserved	9.826E-01	9.798E-01	9.798E-01	91.100	351	351	351
AF-D2U569-F1-model_v6_conserved	AF-O52836-F1-model_v6_conserved	9.819E-01	9.792E-01	9.792E-01	89.100	351	351	351
AF-D2U569-F1-model_v6_conserved	tet_O_W_O_conserved	9.811E-01	9.784E-01	9.784E-01	90.000	351	351	351
AF-D2U569-F1-model_v6_conserved	AF-A0A142BVK9-F1-model_v6_conserved	9.750E-01	9.723E-01	9.723E-01	89.400	351	351	351
AF-D2U569-F1-model_v6_conserved	tet32_conserved	9.556E-01	9.530E-01	9.530E-01	88.300	351	351	351
AF-D2U569-F1-model_v6_conserved	AF-L8EW08-F1-model_v6_conserved	9.446E-01	9.368E-01	9.368E-01	52.700	351	349	351
AF-D2U569-F1-model_v6_conserved	AF-A0AAE4LCH5-F1-model_v6_conserved	9.371E-01	9.320E-01	9.320E-01	60.200	351	352	351
AF-D2U569-F1-model_v6_conserved	AF-A0A6N7VH36-F1-model_v6_conserved	9.185E-01	9.160E-01	9.160E-01	65.000	351	352	351
AF-D2U569-F1-model_v6_conserved	AF-A0A9X2M8Q0-F1-model_v6_conserved	8.921E-01	8.875E-01	8.875E-01	61.400	351	350	351
AF-D2U569-F1-model_v6_conserved	tet_36_conserved	8.792E-01	8.769E-01	8.769E-01	64.100	351	351	351
AF-D2U569-F1-model_v6_conserved	SL_otrA_conserved	8.114E-01	7.906E-01	8.029E-01	44.500	351	361	345
AF-Q67709-F1-model_v6_conserved	AF-Q67709-F1-model_v6_conserved	1.003E+00	1.000E+00	1.000E+00	100.000	351	351	351
AF-Q67709-F1-model_v6_conserved	AF-B0BD04-F1-model_v6_conserved	9.974E-01	9.804E-01	9.946E-01	90.400	351	346	346
AF-Q67709-F1-model_v6_conserved	AF-D2U569-F1-model_v6_conserved	9.917E-01	9.777E-01	9.777E-01	93.000	351	347	351
AF-Q67709-F1-model_v6_conserved	AF-A0A411NMM1-F1-model_v6_conserved	9.874E-01	9.763E-01	9.763E-01	91.100	351	349	351
AF-Q67709-F1-model_v6_conserved	AF-B0B4B3-F1-model_v6_conserved	9.878E-01	9.739E-01	9.739E-01	90.400	351	347	351
AF-Q67709-F1-model_v6_conserved	AF-A0A2Z4PJD3-F1-model_v6_conserved	9.873E-01	9.734E-01	9.734E-01	91.000	351	347	351
AF-Q67709-F1-model_v6_conserved	AF-A0A825BJ35-F1-model_v6_conserved	9.855E-01	9.716E-01	9.716E-01	88.100	351	347	351
AF-Q67709-F1-model_v6_conserved	tet_O_M_O_conserved	9.820E-01	9.683E-01	9.683E-01	93.900	351	347	351
AF-Q67709-F1-model_v6_conserved	AF-A0AAW6K3V4-F1-model_v6_conserved	9.787E-01	9.650E-01	9.650E-01	89.600	351	347	351
AF-Q67709-F1-model_v6_conserved	AF-O52836-F1-model_v6_conserved	9.787E-01	9.649E-01	9.649E-01	90.400	351	347	351
AF-Q67709-F1-model_v6_conserved	tet_O_W_O_conserved	9.756E-01	9.620E-01	9.620E-01	91.300	351	347	351
AF-Q67709-F1-model_v6_conserved	AF-A0A142BVK9-F1-model_v6_conserved	9.747E-01	9.611E-01	9.611E-01	90.700	351	347	351
AF-Q67709-F1-model_v6_conserved	tet32_conserved	9.532E-01	9.401E-01	9.401E-01	90.200	351	347	351
AF-Q67709-F1-model_v6_conserved	AF-A0AAE4LCH5-F1-model_v6_conserved	9.445E-01	9.341E-01	9.341E-01	60.300	351	351	351
AF-Q67709-F1-model_v6_conserved	AF-L8EW08-F1-model_v6_conserved	9.366E-01	9.315E-01	9.315E-01	51.500	351	351	351
AF-Q67709-F1-model_v6_conserved	AF-A0A6N7VH36-F1-model_v6_conserved	9.132E-01	9.010E-01	9.010E-01	66.100	351	349	351
AF-Q67709-F1-model_v6_conserved	AF-A0A9X2M8Q0-F1-model_v6_conserved	9.082E-01	8.986E-01	8.986E-01	61.200	351	351	351
AF-Q67709-F1-model_v6_conserved	tet_36_conserved	8.828E-01	8.713E-01	8.713E-01	64.000	351	348	351
AF-Q67709-F1-model_v6_conserved	SL_otrA_conserved	8.071E-01	7.864E-01	7.987E-01	45.400	351	361	345
AF-A0AAE4LCH5-F1-model_v6_conserved	AF-A0AAE4LCH5-F1-model_v6_conserved	1.003E+00	1.000E+00	1.000E+00	100.000	351	351	351
AF-A0AAE4LCH5-F1-model_v6_conserved	AF-A0A411NMM1-F1-model_v6_conserved	9.467E-01	9.441E-01	9.441E-01	62.000	351	353	351
AF-A0AAE4LCH5-F1-model_v6_conserved	AF-B0BD04-F1-model_v6_conserved	9.509E-01	9.352E-01	9.482E-01	60.500	351	350	346
AF-A0AAE4LCH5-F1-model_v6_conserved	AF-A0A6N7VH36-F1-model_v6_conserved	9.413E-01	9.362E-01	9.362E-01	71.400	351	350	351
AF-A0AAE4LCH5-F1-model_v6_conserved	AF-Q67709-F1-model_v6_conserved	9.445E-01	9.341E-01	9.341E-01	60.300	351	351	351
AF-A0AAE4LCH5-F1-model_v6_conserved	AF-D2U569-F1-model_v6_conserved	9.371E-01	9.320E-01	9.320E-01	60.200	351	352	351
AF-A0AAE4LCH5-F1-model_v6_conserved	AF-A0AAW6K3V4-F1-model_v6_conserved	9.307E-01	9.257E-01	9.257E-01	60.300	351	351	351
AF-A0AAE4LCH5-F1-model_v6_conserved	AF-B0B4B3-F1-model_v6_conserved	9.283E-01	9.233E-01	9.233E-01	60.100	351	351	351
AF-A0AAE4LCH5-F1-model_v6_conserved	AF-A0A2Z4PJD3-F1-model_v6_conserved	9.264E-01	9.214E-01	9.214E-01	60.100	351	351	351
AF-A0AAE4LCH5-F1-model_v6_conserved	AF-O52836-F1-model_v6_conserved	9.249E-01	9.174E-01	9.174E-01	61.100	351	350	351
AF-A0AAE4LCH5-F1-model_v6_conserved	AF-A0A825BJ35-F1-model_v6_conserved	9.204E-01	9.157E-01	9.157E-01	61.500	351	351	351
AF-A0AAE4LCH5-F1-model_v6_conserved	tet_O_M_O_conserved	9.187E-01	9.138E-01	9.138E-01	60.600	351	351	351
AF-A0AAE4LCH5-F1-model_v6_conserved	AF-A0A142BVK9-F1-model_v6_conserved	9.210E-01	9.135E-01	9.135E-01	60.800	351	350	351
AF-A0AAE4LCH5-F1-model_v6_conserved	tet_O_W_O_conserved	9.112E-01	9.039E-01	9.039E-01	61.100	351	350	351
AF-A0AAE4LCH5-F1-model_v6_conserved	AF-L8EW08-F1-model_v6_conserved	8.898E-01	8.875E-01	8.875E-01	51.400	351	352	351
AF-A0AAE4LCH5-F1-model_v6_conserved	AF-A0A9X2M8Q0-F1-model_v6_conserved	8.856E-01	8.833E-01	8.833E-01	59.500	351	351	351
AF-A0AAE4LCH5-F1-model_v6_conserved	tet32_conserved	8.880E-01	8.811E-01	8.811E-01	61.100	351	350	351
AF-A0AAE4LCH5-F1-model_v6_conserved	tet_36_conserved	8.691E-01	8.646E-01	8.646E-01	79.400	351	351	351
AF-A0AAE4LCH5-F1-model_v6_conserved	SL_otrA_conserved	7.361E-01	7.217E-01	7.325E-01	39.100	351	368	345
AF-B0BD04-F1-model_v6_conserved	AF-B0BD04-F1-model_v6_conserved	1.003E+00	1.000E+00	1.000E+00	100.000	346	346	346
AF-B0BD04-F1-model_v6_conserved	AF-Q67709-F1-model_v6_conserved	9.974E-01	9.946E-01	9.804E-01	90.400	346	346	351
AF-B0BD04-F1-model_v6_conserved	AF-D2U569-F1-model_v6_conserved	9.958E-01	9.930E-01	9.789E-01	87.600	346	348	351
AF-B0BD04-F1-model_v6_conserved	AF-A0A411NMM1-F1-model_v6_conserved	9.943E-01	9.914E-01	9.774E-01	87.000	346	348	351
AF-B0BD04-F1-model_v6_conserved	AF-B0B4B3-F1-model_v6_conserved	9.939E-01	9.910E-01	9.770E-01	94.500	346	348	351
AF-B0BD04-F1-model_v6_conserved	AF-A0A2Z4PJD3-F1-model_v6_conserved	9.928E-01	9.900E-01	9.760E-01	95.100	346	348	351
AF-B0BD04-F1-model_v6_conserved	AF-A0A825BJ35-F1-model_v6_conserved	9.877E-01	9.849E-01	9.710E-01	85.300	346	348	351
AF-B0BD04-F1-model_v6_conserved	AF-O52836-F1-model_v6_conserved	9.860E-01	9.832E-01	9.694E-01	98.200	346	347	351
AF-B0BD04-F1-model_v6_conserved	tet_O_M_O_conserved	9.856E-01	9.828E-01	9.690E-01	88.200	346	348	351
AF-B0BD04-F1-model_v6_conserved	tet_O_W_O_conserved	9.841E-01	9.813E-01	9.676E-01	98.500	346	347	351
AF-B0BD04-F1-model_v6_conserved	AF-A0AAW6K3V4-F1-model_v6_conserved	9.833E-01	9.805E-01	9.668E-01	88.500	346	348	351
AF-B0BD04-F1-model_v6_conserved	AF-A0A142BVK9-F1-model_v6_conserved	9.813E-01	9.785E-01	9.648E-01	97.900	346	347	351
AF-B0BD04-F1-model_v6_conserved	tet32_conserved	9.573E-01	9.546E-01	9.415E-01	89.300	346	347	351
AF-B0BD04-F1-model_v6_conserved	AF-A0AAE4LCH5-F1-model_v6_conserved	9.509E-01	9.482E-01	9.352E-01	60.500	346	350	351
AF-B0BD04-F1-model_v6_conserved	AF-L8EW08-F1-model_v6_conserved	9.426E-01	9.399E-01	9.271E-01	55.200	346	346	351
AF-B0BD04-F1-model_v6_conserved	AF-A0A6N7VH36-F1-model_v6_conserved	9.222E-01	9.196E-01	9.073E-01	66.600	346	348	351
AF-B0BD04-F1-model_v6_conserved	AF-A0A9X2M8Q0-F1-model_v6_conserved	9.072E-01	9.047E-01	8.927E-01	61.100	346	350	351
AF-B0BD04-F1-model_v6_conserved	tet_36_conserved	8.839E-01	8.815E-01	8.700E-01	63.300	346	349	351
AF-B0BD04-F1-model_v6_conserved	SL_otrA_conserved	8.088E-01	7.982E-01	8.003E-01	46.800	346	361	345
SL_otrA_conserved	SL_otrA_conserved	1.003E+00	1.000E+00	1.000E+00	100.000	345	345	345
SL_otrA_conserved	AF-L8EW08-F1-model_v6_conserved	8.389E-01	8.300E-01	8.170E-01	59.000	345	359	351
SL_otrA_conserved	tet_O_W_O_conserved	8.304E-01	8.217E-01	8.088E-01	48.000	345	360	351
SL_otrA_conserved	AF-A0A825BJ35-F1-model_v6_conserved	8.252E-01	8.165E-01	8.039E-01	45.800	345	360	351
SL_otrA_conserved	tet32_conserved	8.174E-01	8.152E-01	8.026E-01	45.500	345	371	351
SL_otrA_conserved	AF-B0BD04-F1-model_v6_conserved	8.088E-01	8.003E-01	7.982E-01	46.800	345	361	346
SL_otrA_conserved	tet_O_M_O_conserved	8.122E-01	8.037E-01	7.913E-01	46.300	345	360	351
SL_otrA_conserved	AF-D2U569-F1-model_v6_conserved	8.114E-01	8.029E-01	7.906E-01	44.500	345	361	351
SL_otrA_conserved	AF-O52836-F1-model_v6_conserved	8.120E-01	8.035E-01	7.912E-01	47.500	345	360	351
SL_otrA_conserved	AF-B0B4B3-F1-model_v6_conserved	8.089E-01	8.004E-01	7.880E-01	46.500	345	361	351
SL_otrA_conserved	AF-A0A2Z4PJD3-F1-model_v6_conserved	8.074E-01	7.990E-01	7.867E-01	46.800	345	361	351
SL_otrA_conserved	AF-Q67709-F1-model_v6_conserved	8.071E-01	7.987E-01	7.864E-01	45.400	345	361	351
SL_otrA_conserved	AF-A0A142BVK9-F1-model_v6_conserved	7.936E-01	7.916E-01	7.795E-01	45.800	345	371	351
SL_otrA_conserved	AF-A0A411NMM1-F1-model_v6_conserved	7.908E-01	7.826E-01	7.708E-01	45.100	345	361	351
SL_otrA_conserved	AF-A0AAW6K3V4-F1-model_v6_conserved	7.865E-01	7.784E-01	7.666E-01	46.500	345	361	351
SL_otrA_conserved	AF-A0A6N7VH36-F1-model_v6_conserved	7.538E-01	7.463E-01	7.355E-01	43.300	345	360	351
SL_otrA_conserved	AF-A0AAE4LCH5-F1-model_v6_conserved	7.361E-01	7.325E-01	7.217E-01	39.100	345	368	351
SL_otrA_conserved	AF-A0A9X2M8Q0-F1-model_v6_conserved	7.079E-01	7.028E-01	6.928E-01	46.400	345	364	351
SL_otrA_conserved	tet_36_conserved	6.920E-01	6.870E-01	6.766E-01	42.200	345	369	351
tet_O_M_O_conserved	tet_O_M_O_conserved	1.003E+00	1.000E+00	1.000E+00	100.000	351	351	351
tet_O_M_O_conserved	AF-A0A142BVK9-F1-model_v6_conserved	9.896E-01	9.868E-01	9.868E-01	90.000	351	351	351
tet_O_M_O_conserved	tet_O_W_O_conserved	9.887E-01	9.859E-01	9.859E-01	90.500	351	351	351
tet_O_M_O_conserved	AF-O52836-F1-model_v6_conserved	9.881E-01	9.854E-01	9.854E-01	89.700	351	351	351
tet_O_M_O_conserved	AF-A0A2Z4PJD3-F1-model_v6_conserved	9.875E-01	9.848E-01	9.848E-01	92.500	351	351	351
tet_O_M_O_conserved	AF-B0B4B3-F1-model_v6_conserved	9.868E-01	9.841E-01	9.841E-01	92.000	351	351	351
tet_O_M_O_conserved	AF-A0AAW6K3V4-F1-model_v6_conserved	9.860E-01	9.832E-01	9.832E-01	91.700	351	351	351
tet_O_M_O_conserved	AF-A0A825BJ35-F1-model_v6_conserved	9.851E-01	9.823E-01	9.823E-01	87.400	351	351	351
tet_O_M_O_conserved	AF-D2U569-F1-model_v6_conserved	9.826E-01	9.798E-01	9.798E-01	91.100	351	351	351
tet_O_M_O_conserved	AF-B0BD04-F1-model_v6_conserved	9.856E-01	9.690E-01	9.828E-01	88.200	351	348	346
tet_O_M_O_conserved	tet32_conserved	9.788E-01	9.760E-01	9.760E-01	90.500	351	351	351
tet_O_M_O_conserved	AF-Q67709-F1-model_v6_conserved	9.820E-01	9.683E-01	9.683E-01	93.900	351	347	351
tet_O_M_O_conserved	AF-A0A411NMM1-F1-model_v6_conserved	9.683E-01	9.656E-01	9.656E-01	98.500	351	351	351
tet_O_M_O_conserved	AF-A0AAE4LCH5-F1-model_v6_conserved	9.187E-01	9.138E-01	9.138E-01	60.600	351	351	351
tet_O_M_O_conserved	AF-L8EW08-F1-model_v6_conserved	9.189E-01	9.115E-01	9.115E-01	54.700	351	349	351
tet_O_M_O_conserved	AF-A0A9X2M8Q0-F1-model_v6_conserved	9.182E-01	9.133E-01	9.133E-01	63.400	351	350	351
tet_O_M_O_conserved	tet_36_conserved	8.948E-01	8.924E-01	8.924E-01	65.000	351	352	351
tet_O_M_O_conserved	AF-A0A6N7VH36-F1-model_v6_conserved	8.840E-01	8.817E-01	8.817E-01	67.500	351	351	351
tet_O_M_O_conserved	SL_otrA_conserved	8.122E-01	7.913E-01	8.037E-01	46.300	351	360	345
tet_O_W_O_conserved	tet_O_W_O_conserved	1.003E+00	1.000E+00	1.000E+00	100.000	351	351	351
tet_O_W_O_conserved	AF-O52836-F1-model_v6_conserved	9.972E-01	9.943E-01	9.943E-01	99.100	351	351	351
tet_O_W_O_conserved	AF-A0A142BVK9-F1-model_v6_conserved	9.940E-01	9.912E-01	9.912E-01	98.800	351	351	351
tet_O_W_O_conserved	tet_O_M_O_conserved	9.887E-01	9.859E-01	9.859E-01	90.500	351	351	351
tet_O_W_O_conserved	AF-A0A825BJ35-F1-model_v6_conserved	9.888E-01	9.860E-01	9.860E-01	87.700	351	351	351
tet_O_W_O_conserved	AF-A0A2Z4PJD3-F1-model_v6_conserved	9.877E-01	9.849E-01	9.849E-01	96.800	351	351	351
tet_O_W_O_conserved	AF-B0B4B3-F1-model_v6_conserved	9.873E-01	9.845E-01	9.845E-01	96.200	351	351	351
tet_O_W_O_conserved	tet32_conserved	9.873E-01	9.845E-01	9.845E-01	90.800	351	351	351
tet_O_W_O_conserved	AF-A0AAW6K3V4-F1-model_v6_conserved	9.847E-01	9.819E-01	9.819E-01	90.800	351	351	351
tet_O_W_O_conserved	AF-D2U569-F1-model_v6_conserved	9.811E-01	9.784E-01	9.784E-01	90.000	351	351	351
tet_O_W_O_conserved	AF-B0BD04-F1-model_v6_conserved	9.841E-01	9.676E-01	9.813E-01	98.500	351	347	346
tet_O_W_O_conserved	AF-Q67709-F1-model_v6_conserved	9.756E-01	9.620E-01	9.620E-01	91.300	351	347	351
tet_O_W_O_conserved	AF-A0A411NMM1-F1-model_v6_conserved	9.588E-01	9.561E-01	9.561E-01	89.400	351	351	351
tet_O_W_O_conserved	AF-L8EW08-F1-model_v6_conserved	9.345E-01	9.243E-01	9.243E-01	55.100	351	348	351
tet_O_W_O_conserved	AF-A0AAE4LCH5-F1-model_v6_conserved	9.112E-01	9.039E-01	9.039E-01	61.100	351	350	351
tet_O_W_O_conserved	AF-A0A9X2M8Q0-F1-model_v6_conserved	9.070E-01	8.998E-01	8.998E-01	62.100	351	349	351
tet_O_W_O_conserved	AF-A0A6N7VH36-F1-model_v6_conserved	8.891E-01	8.867E-01	8.867E-01	67.500	351	351	351
tet_O_W_O_conserved	tet_36_conserved	8.834E-01	8.811E-01	8.811E-01	65.300	351	352	351
tet_O_W_O_conserved	SL_otrA_conserved	8.304E-01	8.088E-01	8.217E-01	48.000	351	360	345
AF-A0A142BVK9-F1-model_v6_conserved	AF-A0A142BVK9-F1-model_v6_conserved	1.003E+00	1.000E+00	1.000E+00	100.000	351	351	351
AF-A0A142BVK9-F1-model_v6_conserved	AF-O52836-F1-model_v6_conserved	9.994E-01	9.966E-01	9.966E-01	99.700	351	351	351
AF-A0A142BVK9-F1-model_v6_conserved	tet_O_W_O_conserved	9.940E-01	9.912E-01	9.912E-01	98.800	351	351	351
AF-A0A142BVK9-F1-model_v6_conserved	AF-A0A2Z4PJD3-F1-model_v6_conserved	9.918E-01	9.890E-01	9.890E-01	96.200	351	351	351
AF-A0A142BVK9-F1-model_v6_conserved	AF-A0AAW6K3V4-F1-model_v6_conserved	9.913E-01	9.885E-01	9.885E-01	90.300	351	351	351
AF-A0A142BVK9-F1-model_v6_conserved	AF-B0B4B3-F1-model_v6_conserved	9.906E-01	9.878E-01	9.878E-01	96.800	351	351	351
AF-A0A142BVK9-F1-model_v6_conserved	tet_O_M_O_conserved	9.896E-01	9.868E-01	9.868E-01	90.000	351	351	351
AF-A0A142BVK9-F1-model_v6_conserved	tet32_conserved	9.861E-01	9.833E-01	9.833E-01	90.300	351	351	351
AF-A0A142BVK9-F1-model_v6_conserved	AF-A0A825BJ35-F1-model_v6_conserved	9.859E-01	9.831E-01	9.831E-01	87.700	351	351	351
AF-A0A142BVK9-F1-model_v6_conserved	AF-B0BD04-F1-model_v6_conserved	9.813E-01	9.648E-01	9.785E-01	97.900	351	347	346
AF-A0A142BVK9-F1-model_v6_conserved	AF-D2U569-F1-model_v6_conserved	9.750E-01	9.723E-01	9.723E-01	89.400	351	351	351
AF-A0A142BVK9-F1-model_v6_conserved	AF-Q67709-F1-model_v6_conserved	9.747E-01	9.611E-01	9.611E-01	90.700	351	347	351
AF-A0A142BVK9-F1-model_v6_conserved	AF-A0A411NMM1-F1-model_v6_conserved	9.597E-01	9.570E-01	9.570E-01	88.800	351	351	351
AF-A0A142BVK9-F1-model_v6_conserved	AF-A0A9X2M8Q0-F1-model_v6_conserved	9.378E-01	9.302E-01	9.302E-01	61.300	351	349	351
AF-A0A142BVK9-F1-model_v6_conserved	AF-A0AAE4LCH5-F1-model_v6_conserved	9.210E-01	9.135E-01	9.135E-01	60.800	351	350	351
AF-A0A142BVK9-F1-model_v6_conserved	tet_36_conserved	9.110E-01	9.086E-01	9.086E-01	64.700	351	352	351
AF-A0A142BVK9-F1-model_v6_conserved	AF-L8EW08-F1-model_v6_conserved	9.169E-01	9.070E-01	9.070E-01	54.500	351	348	351
AF-A0A142BVK9-F1-model_v6_conserved	AF-A0A6N7VH36-F1-model_v6_conserved	8.766E-01	8.743E-01	8.743E-01	67.200	351	351	351
AF-A0A142BVK9-F1-model_v6_conserved	SL_otrA_conserved	7.936E-01	7.795E-01	7.916E-01	45.800	351	371	345
AF-A0A6N7VH36-F1-model_v6_conserved	AF-A0A6N7VH36-F1-model_v6_conserved	1.003E+00	1.000E+00	1.000E+00	100.000	351	351	351
AF-A0A6N7VH36-F1-model_v6_conserved	AF-A0AAE4LCH5-F1-model_v6_conserved	9.413E-01	9.362E-01	9.362E-01	71.400	351	350	351
AF-A0A6N7VH36-F1-model_v6_conserved	AF-A0A411NMM1-F1-model_v6_conserved	9.213E-01	9.188E-01	9.188E-01	66.800	351	353	351
AF-A0A6N7VH36-F1-model_v6_conserved	AF-D2U569-F1-model_v6_conserved	9.185E-01	9.160E-01	9.160E-01	65.000	351	352	351
AF-A0A6N7VH36-F1-model_v6_conserved	AF-B0BD04-F1-model_v6_conserved	9.222E-01	9.073E-01	9.196E-01	66.600	351	348	346
AF-A0A6N7VH36-F1-model_v6_conserved	AF-Q67709-F1-model_v6_conserved	9.132E-01	9.010E-01	9.010E-01	66.100	351	349	351
AF-A0A6N7VH36-F1-model_v6_conserved	AF-A0A825BJ35-F1-model_v6_conserved	8.951E-01	8.928E-01	8.928E-01	69.500	351	351	351
AF-A0A6N7VH36-F1-model_v6_conserved	AF-B0B4B3-F1-model_v6_conserved	8.926E-01	8.903E-01	8.903E-01	68.000	351	351	351
AF-A0A6N7VH36-F1-model_v6_conserved	AF-L8EW08-F1-model_v6_conserved	8.977E-01	8.882E-01	8.882E-01	55.800	351	349	351
AF-A0A6N7VH36-F1-model_v6_conserved	AF-O52836-F1-model_v6_conserved	8.903E-01	8.879E-01	8.879E-01	67.500	351	351	351
AF-A0A6N7VH36-F1-model_v6_conserved	AF-A0A2Z4PJD3-F1-model_v6_conserved	8.900E-01	8.877E-01	8.877E-01	68.000	351	351	351
AF-A0A6N7VH36-F1-model_v6_conserved	tet_O_W_O_conserved	8.891E-01	8.867E-01	8.867E-01	67.500	351	351	351
AF-A0A6N7VH36-F1-model_v6_conserved	AF-A0AAW6K3V4-F1-model_v6_conserved	8.845E-01	8.822E-01	8.822E-01	68.000	351	351	351
AF-A0A6N7VH36-F1-model_v6_conserved	tet_O_M_O_conserved	8.840E-01	8.817E-01	8.817E-01	67.500	351	351	351
AF-A0A6N7VH36-F1-model_v6_conserved	AF-A0A142BVK9-F1-model_v6_conserved	8.766E-01	8.743E-01	8.743E-01	67.200	351	351	351
AF-A0A6N7VH36-F1-model_v6_conserved	tet32_conserved	8.555E-01	8.533E-01	8.533E-01	63.700	351	353	351
AF-A0A6N7VH36-F1-model_v6_conserved	AF-A0A9X2M8Q0-F1-model_v6_conserved	8.072E-01	8.011E-01	8.011E-01	61.900	351	355	351
AF-A0A6N7VH36-F1-model_v6_conserved	tet_36_conserved	7.952E-01	7.929E-01	7.929E-01	59.300	351	359	351
AF-A0A6N7VH36-F1-model_v6_conserved	SL_otrA_conserved	7.538E-01	7.355E-01	7.463E-01	43.300	351	360	345
AF-A0A825BJ35-F1-model_v6_conserved	AF-A0A825BJ35-F1-model_v6_conserved	1.003E+00	1.000E+00	1.000E+00	100.000	351	351	351
AF-A0A825BJ35-F1-model_v6_conserved	AF-D2U569-F1-model_v6_conserved	9.917E-01	9.889E-01	9.889E-01	86.600	351	351	351
AF-A0A825BJ35-F1-model_v6_conserved	AF-B0B4B3-F1-model_v6_conserved	9.911E-01	9.883E-01	9.883E-01	88.600	351	351	351
AF-A0A825BJ35-F1-model_v6_conserved	AF-A0A2Z4PJD3-F1-model_v6_conserved	9.907E-01	9.879E-01	9.879E-01	88.600	351	351	351
AF-A0A825BJ35-F1-model_v6_conserved	AF-O52836-F1-model_v6_conserved	9.903E-01	9.875E-01	9.875E-01	87.400	351	351	351
AF-A0A825BJ35-F1-model_v6_conserved	AF-A0AAW6K3V4-F1-model_v6_conserved	9.900E-01	9.872E-01	9.872E-01	89.700	351	351	351
AF-A0A825BJ35-F1-model_v6_conserved	tet_O_W_O_conserved	9.888E-01	9.860E-01	9.860E-01	87.700	351	351	351
AF-A0A825BJ35-F1-model_v6_conserved	AF-A0A142BVK9-F1-model_v6_conserved	9.859E-01	9.831E-01	9.831E-01	87.700	351	351	351
AF-A0A825BJ35-F1-model_v6_conserved	tet_O_M_O_conserved	9.851E-01	9.823E-01	9.823E-01	87.400	351	351	351
AF-A0A825BJ35-F1-model_v6_conserved	AF-B0BD04-F1-model_v6_conserved	9.877E-01	9.710E-01	9.849E-01	85.300	351	348	346
AF-A0A825BJ35-F1-model_v6_conserved	AF-Q67709-F1-model_v6_conserved	9.855E-01	9.716E-01	9.716E-01	88.100	351	347	351
AF-A0A825BJ35-F1-model_v6_conserved	tet32_conserved	9.756E-01	9.729E-01	9.729E-01	89.700	351	351	351
AF-A0A825BJ35-F1-model_v6_conserved	AF-A0A411NMM1-F1-model_v6_conserved	9.720E-01	9.693E-01	9.693E-01	86.800	351	351	351
AF-A0A825BJ35-F1-model_v6_conserved	AF-L8EW08-F1-model_v6_conserved	9.416E-01	9.338E-01	9.338E-01	54.100	351	349	351
AF-A0A825BJ35-F1-model_v6_conserved	AF-A0AAE4LCH5-F1-model_v6_conserved	9.204E-01	9.157E-01	9.157E-01	61.500	351	351	351
AF-A0A825BJ35-F1-model_v6_conserved	AF-A0A9X2M8Q0-F1-model_v6_conserved	9.061E-01	9.013E-01	9.013E-01	64.500	351	350	351
AF-A0A825BJ35-F1-model_v6_conserved	AF-A0A6N7VH36-F1-model_v6_conserved	8.951E-01	8.928E-01	8.928E-01	69.500	351	351	351
AF-A0A825BJ35-F1-model_v6_conserved	tet_36_conserved	8.886E-01	8.863E-01	8.863E-01	65.600	351	352	351
AF-A0A825BJ35-F1-model_v6_conserved	SL_otrA_conserved	8.252E-01	8.039E-01	8.165E-01	45.800	351	360	345
AF-B0B4B3-F1-model_v6_conserved	AF-B0B4B3-F1-model_v6_conserved	1.003E+00	1.000E+00	1.000E+00	100.000	351	351	351
AF-B0B4B3-F1-model_v6_conserved	AF-A0A2Z4PJD3-F1-model_v6_conserved	1.003E+00	9.997E-01	9.997E-01	99.400	351	351	351
AF-B0B4B3-F1-model_v6_conserved	AF-O52836-F1-model_v6_conserved	9.937E-01	9.909E-01	9.909E-01	96.500	351	351	351
AF-B0B4B3-F1-model_v6_conserved	AF-A0A825BJ35-F1-model_v6_conserved	9.911E-01	9.883E-01	9.883E-01	88.600	351	351	351
AF-B0B4B3-F1-model_v6_conserved	AF-A0A142BVK9-F1-model_v6_conserved	9.906E-01	9.878E-01	9.878E-01	96.800	351	351	351
AF-B0B4B3-F1-model_v6_conserved	AF-A0AAW6K3V4-F1-model_v6_conserved	9.901E-01	9.873E-01	9.873E-01	92.800	351	351	351
AF-B0B4B3-F1-model_v6_conserved	AF-D2U569-F1-model_v6_conserved	9.894E-01	9.866E-01	9.866E-01	88.600	351	351	351
AF-B0B4B3-F1-model_v6_conserved	AF-B0BD04-F1-model_v6_conserved	9.939E-01	9.770E-01	9.910E-01	94.500	351	348	346
AF-B0B4B3-F1-model_v6_conserved	tet_O_W_O_conserved	9.873E-01	9.845E-01	9.845E-01	96.200	351	351	351
AF-B0B4B3-F1-model_v6_conserved	tet_O_M_O_conserved	9.868E-01	9.841E-01	9.841E-01	92.000	351	351	351
AF-B0B4B3-F1-model_v6_conserved	AF-A0A411NMM1-F1-model_v6_conserved	9.855E-01	9.827E-01	9.827E-01	90.800	351	351	351
AF-B0B4B3-F1-model_v6_conserved	AF-Q67709-F1-model_v6_conserved	9.878E-01	9.739E-01	9.739E-01	90.400	351	347	351
AF-B0B4B3-F1-model_v6_conserved	tet32_conserved	9.643E-01	9.616E-01	9.616E-01	91.100	351	351	351
AF-B0B4B3-F1-model_v6_conserved	AF-L8EW08-F1-model_v6_conserved	9.380E-01	9.304E-01	9.304E-01	55.500	351	349	351
AF-B0B4B3-F1-model_v6_conserved	AF-A0AAE4LCH5-F1-model_v6_conserved	9.283E-01	9.233E-01	9.233E-01	60.100	351	351	351
AF-B0B4B3-F1-model_v6_conserved	AF-A0A9X2M8Q0-F1-model_v6_conserved	9.181E-01	9.132E-01	9.132E-01	63.400	351	350	351
AF-B0B4B3-F1-model_v6_conserved	tet_36_conserved	9.008E-01	8.984E-01	8.984E-01	66.300	351	351	351
AF-B0B4B3-F1-model_v6_conserved	AF-A0A6N7VH36-F1-model_v6_conserved	8.926E-01	8.903E-01	8.903E-01	68.000	351	351	351
AF-B0B4B3-F1-model_v6_conserved	SL_otrA_conserved	8.089E-01	7.880E-01	8.004E-01	46.500	351	361	345
AF-L8EW08-F1-model_v6_conserved	AF-L8EW08-F1-model_v6_conserved	1.003E+00	1.000E+00	1.000E+00	100.000	351	351	351
AF-L8EW08-F1-model_v6_conserved	AF-D2U569-F1-model_v6_conserved	9.446E-01	9.368E-01	9.368E-01	52.700	351	349	351
AF-L8EW08-F1-model_v6_conserved	AF-A0A825BJ35-F1-model_v6_conserved	9.416E-01	9.338E-01	9.338E-01	54.100	351	349	351
AF-L8EW08-F1-model_v6_conserved	AF-B0BD04-F1-model_v6_conserved	9.426E-01	9.271E-01	9.399E-01	55.200	351	346	346
AF-L8EW08-F1-model_v6_conserved	AF-Q67709-F1-model_v6_conserved	9.366E-01	9.315E-01	9.315E-01	51.500	351	351	351
AF-L8EW08-F1-model_v6_conserved	AF-B0B4B3-F1-model_v6_conserved	9.380E-01	9.304E-01	9.304E-01	55.500	351	349	351
AF-L8EW08-F1-model_v6_conserved	AF-A0A2Z4PJD3-F1-model_v6_conserved	9.366E-01	9.289E-01	9.289E-01	55.800	351	349	351
AF-L8EW08-F1-model_v6_conserved	AF-A0A411NMM1-F1-model_v6_conserved	9.336E-01	9.286E-01	9.286E-01	53.500	351	351	351
AF-L8EW08-F1-model_v6_conserved	tet_O_W_O_conserved	9.345E-01	9.243E-01	9.243E-01	55.100	351	348	351
AF-L8EW08-F1-model_v6_conserved	AF-O52836-F1-model_v6_conserved	9.274E-01	9.173E-01	9.173E-01	54.800	351	348	351
AF-L8EW08-F1-model_v6_conserved	AF-A0AAW6K3V4-F1-model_v6_conserved	9.244E-01	9.169E-01	9.169E-01	56.400	351	349	351
AF-L8EW08-F1-model_v6_conserved	tet_O_M_O_conserved	9.189E-01	9.115E-01	9.115E-01	54.700	351	349	351
AF-L8EW08-F1-model_v6_conserved	AF-A0A142BVK9-F1-model_v6_conserved	9.169E-01	9.070E-01	9.070E-01	54.500	351	348	351
AF-L8EW08-F1-model_v6_conserved	tet32_conserved	9.022E-01	8.926E-01	8.926E-01	56.300	351	348	351
AF-L8EW08-F1-model_v6_conserved	AF-A0A6N7VH36-F1-model_v6_conserved	8.977E-01	8.882E-01	8.882E-01	55.800	351	349	351
AF-L8EW08-F1-model_v6_conserved	AF-A0AAE4LCH5-F1-model_v6_conserved	8.898E-01	8.875E-01	8.875E-01	51.400	351	352	351
AF-L8EW08-F1-model_v6_conserved	AF-A0A9X2M8Q0-F1-model_v6_conserved	8.417E-01	8.395E-01	8.395E-01	58.500	351	352	351
AF-L8EW08-F1-model_v6_conserved	SL_otrA_conserved	8.389E-01	8.170E-01	8.300E-01	59.000	351	359	345
AF-L8EW08-F1-model_v6_conserved	tet_36_conserved	8.229E-01	8.167E-01	8.167E-01	52.100	351	349	351
AF-O52836-F1-model_v6_conserved	AF-O52836-F1-model_v6_conserved	1.003E+00	1.000E+00	1.000E+00	100.000	351	351	351
AF-O52836-F1-model_v6_conserved	AF-A0A142BVK9-F1-model_v6_conserved	9.994E-01	9.966E-01	9.966E-01	99.700	351	351	351
AF-O52836-F1-model_v6_conserved	tet_O_W_O_conserved	9.972E-01	9.943E-01	9.943E-01	99.100	351	351	351
AF-O52836-F1-model_v6_conserved	AF-A0A2Z4PJD3-F1-model_v6_conserved	9.939E-01	9.910E-01	9.910E-01	96.000	351	351	351
AF-O52836-F1-model_v6_conserved	AF-B0B4B3-F1-model_v6_conserved	9.937E-01	9.909E-01	9.909E-01	96.500	351	351	351
AF-O52836-F1-model_v6_conserved	AF-A0A825BJ35-F1-model_v6_conserved	9.903E-01	9.875E-01	9.875E-01	87.400	351	351	351
AF-O52836-F1-model_v6_conserved	AF-A0AAW6K3V4-F1-model_v6_conserved	9.898E-01	9.870E-01	9.870E-01	90.000	351	351	351
AF-O52836-F1-model_v6_conserved	tet_O_M_O_conserved	9.881E-01	9.854E-01	9.854E-01	89.700	351	351	351
AF-O52836-F1-model_v6_conserved	tet32_conserved	9.830E-01	9.802E-01	9.802E-01	90.000	351	351	351
AF-O52836-F1-model_v6_conserved	AF-D2U569-F1-model_v6_conserved	9.819E-01	9.792E-01	9.792E-01	89.100	351	351	351
AF-O52836-F1-model_v6_conserved	AF-B0BD04-F1-model_v6_conserved	9.860E-01	9.694E-01	9.832E-01	98.200	351	347	346
AF-O52836-F1-model_v6_conserved	AF-Q67709-F1-model_v6_conserved	9.787E-01	9.649E-01	9.649E-01	90.400	351	347	351
AF-O52836-F1-model_v6_conserved	AF-A0A411NMM1-F1-model_v6_conserved	9.661E-01	9.635E-01	9.635E-01	88.600	351	351	351
AF-O52836-F1-model_v6_conserved	AF-L8EW08-F1-model_v6_conserved	9.274E-01	9.173E-01	9.173E-01	54.800	351	348	351
AF-O52836-F1-model_v6_conserved	AF-A0AAE4LCH5-F1-model_v6_conserved	9.249E-01	9.174E-01	9.174E-01	61.100	351	350	351
AF-O52836-F1-model_v6_conserved	AF-A0A9X2M8Q0-F1-model_v6_conserved	9.225E-01	9.151E-01	9.151E-01	61.600	351	349	351
AF-O52836-F1-model_v6_conserved	tet_36_conserved	8.959E-01	8.936E-01	8.936E-01	65.000	351	352	351
AF-O52836-F1-model_v6_conserved	AF-A0A6N7VH36-F1-model_v6_conserved	8.903E-01	8.879E-01	8.879E-01	67.500	351	351	351
AF-O52836-F1-model_v6_conserved	SL_otrA_conserved	8.120E-01	7.912E-01	8.035E-01	47.500	351	360	345
tet_36_conserved	tet_36_conserved	1.003E+00	1.000E+00	1.000E+00	100.000	351	351	351
tet_36_conserved	AF-A0A9X2M8Q0-F1-model_v6_conserved	9.587E-01	9.534E-01	9.534E-01	60.800	351	350	351
tet_36_conserved	AF-A0AAW6K3V4-F1-model_v6_conserved	9.198E-01	9.173E-01	9.173E-01	65.200	351	351	351
tet_36_conserved	AF-A0A142BVK9-F1-model_v6_conserved	9.110E-01	9.086E-01	9.086E-01	64.700	351	352	351
tet_36_conserved	AF-A0A2Z4PJD3-F1-model_v6_conserved	9.033E-01	9.009E-01	9.009E-01	66.300	351	351	351
tet_36_conserved	AF-B0B4B3-F1-model_v6_conserved	9.008E-01	8.984E-01	8.984E-01	66.300	351	351	351
tet_36_conserved	AF-O52836-F1-model_v6_conserved	8.959E-01	8.936E-01	8.936E-01	65.000	351	352	351
tet_36_conserved	tet_O_M_O_conserved	8.948E-01	8.924E-01	8.924E-01	65.000	351	352	351
tet_36_conserved	tet32_conserved	8.870E-01	8.847E-01	8.847E-01	63.600	351	352	351
tet_36_conserved	AF-A0A825BJ35-F1-model_v6_conserved	8.886E-01	8.863E-01	8.863E-01	65.600	351	352	351
tet_36_conserved	tet_O_W_O_conserved	8.834E-01	8.811E-01	8.811E-01	65.300	351	352	351
tet_36_conserved	AF-B0BD04-F1-model_v6_conserved	8.839E-01	8.700E-01	8.815E-01	63.300	351	349	346
tet_36_conserved	AF-D2U569-F1-model_v6_conserved	8.792E-01	8.769E-01	8.769E-01	64.100	351	351	351
tet_36_conserved	AF-A0A411NMM1-F1-model_v6_conserved	8.785E-01	8.763E-01	8.763E-01	66.600	351	351	351
tet_36_conserved	AF-Q67709-F1-model_v6_conserved	8.828E-01	8.713E-01	8.713E-01	64.000	351	348	351
tet_36_conserved	AF-A0AAE4LCH5-F1-model_v6_conserved	8.691E-01	8.646E-01	8.646E-01	79.400	351	351	351
tet_36_conserved	AF-L8EW08-F1-model_v6_conserved	8.229E-01	8.167E-01	8.167E-01	52.100	351	349	351
tet_36_conserved	AF-A0A6N7VH36-F1-model_v6_conserved	7.952E-01	7.929E-01	7.929E-01	59.300	351	359	351
tet_36_conserved	SL_otrA_conserved	6.920E-01	6.766E-01	6.870E-01	42.200	351	369	345
tet32_conserved	tet32_conserved	1.003E+00	1.000E+00	1.000E+00	100.000	351	351	351
tet32_conserved	tet_O_W_O_conserved	9.873E-01	9.845E-01	9.845E-01	90.800	351	351	351
tet32_conserved	AF-A0A142BVK9-F1-model_v6_conserved	9.861E-01	9.833E-01	9.833E-01	90.300	351	351	351
tet32_conserved	AF-O52836-F1-model_v6_conserved	9.830E-01	9.802E-01	9.802E-01	90.000	351	351	351
tet32_conserved	tet_O_M_O_conserved	9.788E-01	9.760E-01	9.760E-01	90.500	351	351	351
tet32_conserved	AF-A0A825BJ35-F1-model_v6_conserved	9.756E-01	9.729E-01	9.729E-01	89.700	351	351	351
tet32_conserved	AF-A0AAW6K3V4-F1-model_v6_conserved	9.750E-01	9.723E-01	9.723E-01	97.100	351	351	351
tet32_conserved	AF-A0A2Z4PJD3-F1-model_v6_conserved	9.658E-01	9.631E-01	9.631E-01	91.700	351	351	351
tet32_conserved	AF-B0B4B3-F1-model_v6_conserved	9.643E-01	9.616E-01	9.616E-01	91.100	351	351	351
tet32_conserved	AF-D2U569-F1-model_v6_conserved	9.556E-01	9.530E-01	9.530E-01	88.300	351	351	351
tet32_conserved	AF-B0BD04-F1-model_v6_conserved	9.573E-01	9.415E-01	9.546E-01	89.300	351	347	346
tet32_conserved	AF-Q67709-F1-model_v6_conserved	9.532E-01	9.401E-01	9.401E-01	90.200	351	347	351
tet32_conserved	AF-A0A411NMM1-F1-model_v6_conserved	9.262E-01	9.237E-01	9.237E-01	89.400	351	351	351
tet32_conserved	AF-A0A9X2M8Q0-F1-model_v6_conserved	9.148E-01	9.074E-01	9.074E-01	63.300	351	349	351
tet32_conserved	AF-L8EW08-F1-model_v6_conserved	9.022E-01	8.926E-01	8.926E-01	56.300	351	348	351
tet32_conserved	tet_36_conserved	8.870E-01	8.847E-01	8.847E-01	63.600	351	352	351
tet32_conserved	AF-A0AAE4LCH5-F1-model_v6_conserved	8.880E-01	8.811E-01	8.811E-01	61.100	351	350	351
tet32_conserved	AF-A0A6N7VH36-F1-model_v6_conserved	8.555E-01	8.533E-01	8.533E-01	63.700	351	353	351
tet32_conserved	SL_otrA_conserved	8.174E-01	8.026E-01	8.152E-01	45.500	351	371	345
