O52242_Q50_lddt	O52242_Q50_lddt	1.013E+00	1.000E+00	1.000E+00	100.000	79	79	79
O52242_Q50_lddt	O52244_Q50_lddt	1.011E+00	9.982E-01	9.982E-01	96.200	79	79	79
O52242_Q50_lddt	O52246_Q50_lddt	1.010E+00	9.976E-01	9.976E-01	88.600	79	79	79
O52242_Q50_lddt	O52247_Q50_lddt	1.010E+00	9.976E-01	9.976E-01	92.400	79	79	79
O52242_Q50_lddt	Q44245_Q50_lddt	1.010E+00	9.968E-01	9.968E-01	86.000	79	79	79
O52242_Q50_lddt	O52241_Q50_lddt	1.009E+00	9.963E-01	9.963E-01	77.200	79	79	79
O52242_Q50_lddt	O52245_Q50_lddt	1.009E+00	9.963E-01	9.963E-01	86.000	79	79	79
O52242_Q50_lddt	O52243_Q50_lddt	1.008E+00	9.952E-01	9.952E-01	88.600	79	79	79
O52242_Q50_lddt	Q43899_Q50_lddt	1.001E+00	9.882E-01	9.882E-01	89.800	79	79	79
O52242_Q50_lddt	Q44057_Q50_lddt	1.005E+00	9.797E-01	9.922E-01	77.200	79	79	78
O52242_Q50_lddt	Q44246_Q50_lddt	9.891E-01	9.645E-01	9.767E-01	81.000	79	79	78
O52242_Q50_lddt	Q54441_Q50_lddt	9.777E-01	9.657E-01	9.657E-01	50.600	79	79	79
O52242_Q50_lddt	S6CFI8_Q50_lddt	9.734E-01	9.614E-01	9.614E-01	56.200	79	80	79
O52242_Q50_lddt	Q9RBW7_Q50_lddt	9.766E-01	9.647E-01	9.647E-01	49.300	79	79	79
O52242_Q50_lddt	Q9R381_Q50_lddt	9.840E-01	9.477E-01	9.716E-01	53.800	79	78	77
O52242_Q50_lddt	A0A6F8Z5F1_Q50_lddt	9.751E-01	9.632E-01	9.632E-01	48.100	79	79	79
O52242_Q50_lddt	V5XKM9_Q50_lddt	9.692E-01	9.574E-01	9.574E-01	50.600	79	79	79
O52242_Q50_lddt	Q03635_Q50_lddt	9.724E-01	9.365E-01	9.601E-01	55.100	79	78	77
O52242_Q50_lddt	Q8ZPB6_Q50_lddt	9.765E-01	9.407E-01	9.643E-01	53.800	79	78	77
O52242_Q50_lddt	Q75ZP9_Q50_lddt	9.632E-01	9.283E-01	9.513E-01	41.000	79	78	77
O52242_Q50_lddt	P50858_Q50_lddt	9.359E-01	9.137E-01	9.247E-01	44.300	79	79	78
O52242_Q50_lddt	AF-Q9AIK8-F1-model_v4_Q50_lddt	9.331E-01	7.187E-01	9.187E-01	30.500	79	72	61
O52242_Q50_lddt	AF-Q9AIK9-F1-model_v4_Q50_lddt	9.320E-01	7.181E-01	9.177E-01	30.900	79	71	61
Q9RBW7_Q50_lddt	Q9RBW7_Q50_lddt	1.013E+00	1.000E+00	1.000E+00	100.000	79	79	79
Q9RBW7_Q50_lddt	A0A6F8Z5F1_Q50_lddt	1.010E+00	9.975E-01	9.975E-01	89.800	79	79	79
Q9RBW7_Q50_lddt	V5XKM9_Q50_lddt	1.006E+00	9.936E-01	9.936E-01	93.600	79	79	79
Q9RBW7_Q50_lddt	S6CFI8_Q50_lddt	9.895E-01	9.771E-01	9.771E-01	53.700	79	80	79
Q9RBW7_Q50_lddt	Q54441_Q50_lddt	9.925E-01	9.801E-01	9.801E-01	54.400	79	79	79
Q9RBW7_Q50_lddt	Q43899_Q50_lddt	9.868E-01	9.746E-01	9.746E-01	46.800	79	79	79
Q9RBW7_Q50_lddt	Q8ZPB6_Q50_lddt	9.912E-01	9.543E-01	9.786E-01	53.800	79	78	77
Q9RBW7_Q50_lddt	Q9R381_Q50_lddt	9.906E-01	9.538E-01	9.780E-01	53.800	79	78	77
Q9RBW7_Q50_lddt	O52243_Q50_lddt	9.816E-01	9.696E-01	9.696E-01	50.600	79	79	79
Q9RBW7_Q50_lddt	O52247_Q50_lddt	9.814E-01	9.694E-01	9.694E-01	50.600	79	79	79
Q9RBW7_Q50_lddt	O52244_Q50_lddt	9.813E-01	9.692E-01	9.692E-01	50.600	79	79	79
Q9RBW7_Q50_lddt	O52241_Q50_lddt	9.812E-01	9.692E-01	9.692E-01	49.300	79	79	79
Q9RBW7_Q50_lddt	Q44057_Q50_lddt	9.847E-01	9.604E-01	9.724E-01	49.300	79	79	78
Q9RBW7_Q50_lddt	Q44245_Q50_lddt	9.797E-01	9.677E-01	9.677E-01	49.300	79	79	79
Q9RBW7_Q50_lddt	O52245_Q50_lddt	9.792E-01	9.672E-01	9.672E-01	48.100	79	79	79
Q9RBW7_Q50_lddt	Q03635_Q50_lddt	9.832E-01	9.465E-01	9.707E-01	51.200	79	78	77
Q9RBW7_Q50_lddt	O52246_Q50_lddt	9.785E-01	9.666E-01	9.666E-01	50.600	79	79	79
Q9RBW7_Q50_lddt	O52242_Q50_lddt	9.766E-01	9.647E-01	9.647E-01	49.300	79	79	79
Q9RBW7_Q50_lddt	Q44246_Q50_lddt	9.799E-01	9.558E-01	9.677E-01	50.600	79	79	78
Q9RBW7_Q50_lddt	Q75ZP9_Q50_lddt	9.759E-01	9.401E-01	9.636E-01	42.300	79	78	77
Q9RBW7_Q50_lddt	P50858_Q50_lddt	9.606E-01	9.372E-01	9.488E-01	53.100	79	79	78
Q9RBW7_Q50_lddt	AF-Q9AIK8-F1-model_v4_Q50_lddt	9.317E-01	7.180E-01	9.173E-01	29.100	79	72	61
Q9RBW7_Q50_lddt	AF-Q9AIK9-F1-model_v4_Q50_lddt	9.298E-01	7.169E-01	9.155E-01	29.100	79	72	61
O52241_Q50_lddt	O52241_Q50_lddt	1.013E+00	1.000E+00	1.000E+00	100.000	79	79	79
O52241_Q50_lddt	O52244_Q50_lddt	1.011E+00	9.982E-01	9.982E-01	78.400	79	79	79
O52241_Q50_lddt	Q44245_Q50_lddt	1.011E+00	9.981E-01	9.981E-01	73.400	79	79	79
O52241_Q50_lddt	O52246_Q50_lddt	1.011E+00	9.979E-01	9.979E-01	79.700	79	79	79
O52241_Q50_lddt	O52247_Q50_lddt	1.011E+00	9.978E-01	9.978E-01	78.400	79	79	79
O52241_Q50_lddt	O52243_Q50_lddt	1.010E+00	9.977E-01	9.977E-01	77.200	79	79	79
O52241_Q50_lddt	O52245_Q50_lddt	1.010E+00	9.974E-01	9.974E-01	79.700	79	79	79
O52241_Q50_lddt	O52242_Q50_lddt	1.009E+00	9.963E-01	9.963E-01	77.200	79	79	79
O52241_Q50_lddt	Q44057_Q50_lddt	1.008E+00	9.828E-01	9.953E-01	72.100	79	79	78
O52241_Q50_lddt	Q43899_Q50_lddt	1.001E+00	9.886E-01	9.886E-01	77.200	79	79	79
O52241_Q50_lddt	Q44246_Q50_lddt	9.906E-01	9.659E-01	9.781E-01	79.700	79	79	78
O52241_Q50_lddt	Q9R381_Q50_lddt	9.934E-01	9.564E-01	9.807E-01	51.200	79	78	77
O52241_Q50_lddt	Q54441_Q50_lddt	9.844E-01	9.723E-01	9.723E-01	50.600	79	79	79
O52241_Q50_lddt	S6CFI8_Q50_lddt	9.788E-01	9.667E-01	9.667E-01	51.200	79	80	79
O52241_Q50_lddt	Q9RBW7_Q50_lddt	9.812E-01	9.692E-01	9.692E-01	49.300	79	79	79
O52241_Q50_lddt	A0A6F8Z5F1_Q50_lddt	9.783E-01	9.663E-01	9.663E-01	49.300	79	79	79
O52241_Q50_lddt	Q8ZPB6_Q50_lddt	9.822E-01	9.460E-01	9.698E-01	51.200	79	78	77
O52241_Q50_lddt	V5XKM9_Q50_lddt	9.732E-01	9.613E-01	9.613E-01	50.600	79	79	79
O52241_Q50_lddt	Q03635_Q50_lddt	9.751E-01	9.389E-01	9.627E-01	56.400	79	78	77
O52241_Q50_lddt	Q75ZP9_Q50_lddt	9.644E-01	9.294E-01	9.525E-01	39.700	79	78	77
O52241_Q50_lddt	P50858_Q50_lddt	9.484E-01	9.256E-01	9.369E-01	46.800	79	79	78
O52241_Q50_lddt	AF-Q9AIK8-F1-model_v4_Q50_lddt	9.355E-01	7.202E-01	9.211E-01	29.100	79	72	61
O52241_Q50_lddt	AF-Q9AIK9-F1-model_v4_Q50_lddt	9.350E-01	7.198E-01	9.205E-01	29.100	79	72	61
Q8ZPB6_Q50_lddt	Q8ZPB6_Q50_lddt	1.013E+00	1.000E+00	1.000E+00	100.000	77	77	77
Q8ZPB6_Q50_lddt	Q54441_Q50_lddt	9.958E-01	9.831E-01	9.586E-01	53.800	77	78	79
Q8ZPB6_Q50_lddt	Q44246_Q50_lddt	9.910E-01	9.784E-01	9.662E-01	53.200	77	77	78
Q8ZPB6_Q50_lddt	Q43899_Q50_lddt	9.913E-01	9.787E-01	9.544E-01	55.100	77	78	79
Q8ZPB6_Q50_lddt	Q9RBW7_Q50_lddt	9.912E-01	9.786E-01	9.543E-01	53.800	77	78	79
Q8ZPB6_Q50_lddt	Q9R381_Q50_lddt	9.807E-01	9.683E-01	9.683E-01	100.000	77	77	77
Q8ZPB6_Q50_lddt	V5XKM9_Q50_lddt	9.882E-01	9.757E-01	9.516E-01	57.600	77	78	79
Q8ZPB6_Q50_lddt	Q44057_Q50_lddt	9.839E-01	9.714E-01	9.593E-01	51.900	77	77	78
Q8ZPB6_Q50_lddt	Q03635_Q50_lddt	9.920E-01	9.537E-01	9.537E-01	71.400	77	77	77
Q8ZPB6_Q50_lddt	A0A6F8Z5F1_Q50_lddt	9.862E-01	9.737E-01	9.497E-01	52.500	77	78	79
Q8ZPB6_Q50_lddt	S6CFI8_Q50_lddt	9.812E-01	9.687E-01	9.446E-01	49.300	77	79	79
Q8ZPB6_Q50_lddt	O52244_Q50_lddt	9.834E-01	9.710E-01	9.471E-01	55.100	77	78	79
Q8ZPB6_Q50_lddt	O52247_Q50_lddt	9.827E-01	9.703E-01	9.464E-01	52.500	77	78	79
Q8ZPB6_Q50_lddt	O52241_Q50_lddt	9.822E-01	9.698E-01	9.460E-01	51.200	77	78	79
Q8ZPB6_Q50_lddt	Q44245_Q50_lddt	9.808E-01	9.684E-01	9.446E-01	57.600	77	78	79
Q8ZPB6_Q50_lddt	O52243_Q50_lddt	9.807E-01	9.684E-01	9.446E-01	53.800	77	78	79
Q8ZPB6_Q50_lddt	O52246_Q50_lddt	9.804E-01	9.681E-01	9.443E-01	55.100	77	78	79
Q8ZPB6_Q50_lddt	O52245_Q50_lddt	9.782E-01	9.659E-01	9.423E-01	53.800	77	78	79
Q8ZPB6_Q50_lddt	O52242_Q50_lddt	9.765E-01	9.643E-01	9.407E-01	53.800	77	78	79
Q8ZPB6_Q50_lddt	Q75ZP9_Q50_lddt	9.646E-01	9.526E-01	9.526E-01	48.000	77	77	77
Q8ZPB6_Q50_lddt	P50858_Q50_lddt	9.540E-01	9.421E-01	9.306E-01	49.300	77	79	78
Q8ZPB6_Q50_lddt	AF-Q9AIK8-F1-model_v4_Q50_lddt	9.252E-01	7.291E-01	9.108E-01	29.100	77	72	61
Q8ZPB6_Q50_lddt	AF-Q9AIK9-F1-model_v4_Q50_lddt	9.226E-01	7.274E-01	9.083E-01	29.100	77	72	61
A0A6F8Z5F1_Q50_lddt	A0A6F8Z5F1_Q50_lddt	1.013E+00	1.000E+00	1.000E+00	100.000	79	79	79
A0A6F8Z5F1_Q50_lddt	Q9RBW7_Q50_lddt	1.010E+00	9.975E-01	9.975E-01	89.800	79	79	79
A0A6F8Z5F1_Q50_lddt	V5XKM9_Q50_lddt	1.007E+00	9.945E-01	9.945E-01	88.600	79	79	79
A0A6F8Z5F1_Q50_lddt	Q54441_Q50_lddt	9.903E-01	9.781E-01	9.781E-01	54.400	79	79	79
A0A6F8Z5F1_Q50_lddt	S6CFI8_Q50_lddt	9.862E-01	9.739E-01	9.739E-01	53.700	79	80	79
A0A6F8Z5F1_Q50_lddt	Q43899_Q50_lddt	9.841E-01	9.720E-01	9.720E-01	45.500	79	79	79
A0A6F8Z5F1_Q50_lddt	Q9R381_Q50_lddt	9.894E-01	9.527E-01	9.769E-01	52.500	79	78	77
A0A6F8Z5F1_Q50_lddt	O52247_Q50_lddt	9.790E-01	9.670E-01	9.670E-01	49.300	79	79	79
A0A6F8Z5F1_Q50_lddt	O52243_Q50_lddt	9.785E-01	9.665E-01	9.665E-01	49.300	79	79	79
A0A6F8Z5F1_Q50_lddt	O52244_Q50_lddt	9.784E-01	9.664E-01	9.664E-01	49.300	79	79	79
A0A6F8Z5F1_Q50_lddt	O52241_Q50_lddt	9.783E-01	9.663E-01	9.663E-01	49.300	79	79	79
A0A6F8Z5F1_Q50_lddt	Q8ZPB6_Q50_lddt	9.862E-01	9.497E-01	9.737E-01	52.500	79	78	77
A0A6F8Z5F1_Q50_lddt	Q44246_Q50_lddt	9.806E-01	9.565E-01	9.684E-01	51.800	79	79	78
A0A6F8Z5F1_Q50_lddt	Q03635_Q50_lddt	9.810E-01	9.445E-01	9.685E-01	50.000	79	78	77
A0A6F8Z5F1_Q50_lddt	Q44245_Q50_lddt	9.765E-01	9.646E-01	9.646E-01	48.100	79	79	79
A0A6F8Z5F1_Q50_lddt	O52245_Q50_lddt	9.763E-01	9.644E-01	9.644E-01	46.800	79	79	79
A0A6F8Z5F1_Q50_lddt	O52246_Q50_lddt	9.758E-01	9.639E-01	9.639E-01	48.100	79	79	79
A0A6F8Z5F1_Q50_lddt	Q44057_Q50_lddt	9.799E-01	9.558E-01	9.677E-01	49.300	79	79	78
A0A6F8Z5F1_Q50_lddt	O52242_Q50_lddt	9.751E-01	9.632E-01	9.632E-01	48.100	79	79	79
A0A6F8Z5F1_Q50_lddt	Q75ZP9_Q50_lddt	9.801E-01	9.441E-01	9.678E-01	43.500	79	78	77
A0A6F8Z5F1_Q50_lddt	P50858_Q50_lddt	9.539E-01	9.307E-01	9.422E-01	53.100	79	79	78
A0A6F8Z5F1_Q50_lddt	AF-Q9AIK8-F1-model_v4_Q50_lddt	9.267E-01	7.152E-01	9.125E-01	31.900	79	72	61
A0A6F8Z5F1_Q50_lddt	AF-Q9AIK9-F1-model_v4_Q50_lddt	9.252E-01	7.143E-01	9.111E-01	31.900	79	72	61
AF-Q9AIK8-F1-model_v4_Q50_lddt	AF-Q9AIK8-F1-model_v4_Q50_lddt	1.017E+00	1.000E+00	1.000E+00	100.000	61	61	61
AF-Q9AIK8-F1-model_v4_Q50_lddt	AF-Q9AIK9-F1-model_v4_Q50_lddt	1.012E+00	9.952E-01	9.952E-01	100.000	61	61	61
AF-Q9AIK8-F1-model_v4_Q50_lddt	Q43899_Q50_lddt	9.394E-01	9.248E-01	7.226E-01	30.500	61	72	79
AF-Q9AIK8-F1-model_v4_Q50_lddt	Q8ZPB6_Q50_lddt	9.252E-01	9.108E-01	7.291E-01	29.100	61	72	77
AF-Q9AIK8-F1-model_v4_Q50_lddt	O52247_Q50_lddt	9.359E-01	9.214E-01	7.204E-01	30.500	61	72	79
AF-Q9AIK8-F1-model_v4_Q50_lddt	Q44245_Q50_lddt	9.357E-01	9.212E-01	7.202E-01	31.900	61	72	79
AF-Q9AIK8-F1-model_v4_Q50_lddt	O52244_Q50_lddt	9.357E-01	9.212E-01	7.202E-01	31.900	61	72	79
AF-Q9AIK8-F1-model_v4_Q50_lddt	O52241_Q50_lddt	9.355E-01	9.211E-01	7.202E-01	29.100	61	72	79
AF-Q9AIK8-F1-model_v4_Q50_lddt	P50858_Q50_lddt	9.351E-01	9.209E-01	7.315E-01	36.600	61	71	78
AF-Q9AIK8-F1-model_v4_Q50_lddt	Q75ZP9_Q50_lddt	9.244E-01	9.101E-01	7.291E-01	26.300	61	72	77
AF-Q9AIK8-F1-model_v4_Q50_lddt	O52246_Q50_lddt	9.334E-01	9.190E-01	7.189E-01	30.500	61	72	79
AF-Q9AIK8-F1-model_v4_Q50_lddt	Q44246_Q50_lddt	9.257E-01	9.113E-01	7.204E-01	30.500	61	72	78
AF-Q9AIK8-F1-model_v4_Q50_lddt	O52242_Q50_lddt	9.331E-01	9.187E-01	7.187E-01	30.500	61	72	79
AF-Q9AIK8-F1-model_v4_Q50_lddt	O52245_Q50_lddt	9.324E-01	9.180E-01	7.181E-01	30.500	61	72	79
AF-Q9AIK8-F1-model_v4_Q50_lddt	O52243_Q50_lddt	9.324E-01	9.180E-01	7.182E-01	31.900	61	72	79
AF-Q9AIK8-F1-model_v4_Q50_lddt	Q9RBW7_Q50_lddt	9.317E-01	9.173E-01	7.180E-01	29.100	61	72	79
AF-Q9AIK8-F1-model_v4_Q50_lddt	Q9R381_Q50_lddt	9.175E-01	9.033E-01	7.239E-01	29.100	61	72	77
AF-Q9AIK8-F1-model_v4_Q50_lddt	Q44057_Q50_lddt	9.210E-01	9.067E-01	7.173E-01	33.300	61	72	78
AF-Q9AIK8-F1-model_v4_Q50_lddt	Q54441_Q50_lddt	9.277E-01	9.135E-01	7.155E-01	30.500	61	72	79
AF-Q9AIK8-F1-model_v4_Q50_lddt	V5XKM9_Q50_lddt	9.267E-01	9.125E-01	7.150E-01	29.100	61	72	79
AF-Q9AIK8-F1-model_v4_Q50_lddt	A0A6F8Z5F1_Q50_lddt	9.267E-01	9.125E-01	7.152E-01	31.900	61	72	79
AF-Q9AIK8-F1-model_v4_Q50_lddt	S6CFI8_Q50_lddt	9.180E-01	9.039E-01	7.088E-01	25.000	61	72	79
AF-Q9AIK8-F1-model_v4_Q50_lddt	Q03635_Q50_lddt	9.221E-01	8.794E-01	7.059E-01	21.400	61	70	77
AF-Q9AIK9-F1-model_v4_Q50_lddt	AF-Q9AIK9-F1-model_v4_Q50_lddt	1.017E+00	1.000E+00	1.000E+00	100.000	61	61	61
AF-Q9AIK9-F1-model_v4_Q50_lddt	AF-Q9AIK8-F1-model_v4_Q50_lddt	1.012E+00	9.952E-01	9.952E-01	100.000	61	61	61
AF-Q9AIK9-F1-model_v4_Q50_lddt	Q43899_Q50_lddt	9.366E-01	9.221E-01	7.209E-01	30.500	61	72	79
AF-Q9AIK9-F1-model_v4_Q50_lddt	O52241_Q50_lddt	9.350E-01	9.205E-01	7.198E-01	29.100	61	72	79
AF-Q9AIK9-F1-model_v4_Q50_lddt	O52244_Q50_lddt	9.349E-01	9.204E-01	7.197E-01	31.900	61	72	79
AF-Q9AIK9-F1-model_v4_Q50_lddt	O52247_Q50_lddt	9.348E-01	9.203E-01	7.197E-01	30.500	61	72	79
AF-Q9AIK9-F1-model_v4_Q50_lddt	P50858_Q50_lddt	9.347E-01	9.205E-01	7.312E-01	36.600	61	71	78
AF-Q9AIK9-F1-model_v4_Q50_lddt	Q44245_Q50_lddt	9.343E-01	9.199E-01	7.194E-01	31.900	61	72	79
AF-Q9AIK9-F1-model_v4_Q50_lddt	Q8ZPB6_Q50_lddt	9.226E-01	9.083E-01	7.274E-01	29.100	61	72	77
AF-Q9AIK9-F1-model_v4_Q50_lddt	O52246_Q50_lddt	9.328E-01	9.184E-01	7.185E-01	30.500	61	72	79
AF-Q9AIK9-F1-model_v4_Q50_lddt	O52245_Q50_lddt	9.321E-01	9.177E-01	7.179E-01	30.500	61	72	79
AF-Q9AIK9-F1-model_v4_Q50_lddt	O52243_Q50_lddt	9.321E-01	9.177E-01	7.180E-01	31.900	61	72	79
AF-Q9AIK9-F1-model_v4_Q50_lddt	O52242_Q50_lddt	9.320E-01	9.177E-01	7.181E-01	30.900	61	71	79
AF-Q9AIK9-F1-model_v4_Q50_lddt	Q44246_Q50_lddt	9.231E-01	9.088E-01	7.188E-01	30.500	61	72	78
AF-Q9AIK9-F1-model_v4_Q50_lddt	Q75ZP9_Q50_lddt	9.203E-01	9.061E-01	7.266E-01	26.300	61	72	77
AF-Q9AIK9-F1-model_v4_Q50_lddt	Q9RBW7_Q50_lddt	9.298E-01	9.155E-01	7.169E-01	29.100	61	72	79
AF-Q9AIK9-F1-model_v4_Q50_lddt	Q44057_Q50_lddt	9.199E-01	9.057E-01	7.166E-01	33.300	61	72	78
AF-Q9AIK9-F1-model_v4_Q50_lddt	Q9R381_Q50_lddt	9.157E-01	9.015E-01	7.227E-01	29.100	61	72	77
AF-Q9AIK9-F1-model_v4_Q50_lddt	Q54441_Q50_lddt	9.263E-01	9.121E-01	7.147E-01	30.500	61	72	79
AF-Q9AIK9-F1-model_v4_Q50_lddt	V5XKM9_Q50_lddt	9.259E-01	9.117E-01	7.145E-01	29.100	61	72	79
AF-Q9AIK9-F1-model_v4_Q50_lddt	A0A6F8Z5F1_Q50_lddt	9.252E-01	9.111E-01	7.143E-01	31.900	61	72	79
AF-Q9AIK9-F1-model_v4_Q50_lddt	S6CFI8_Q50_lddt	9.167E-01	9.027E-01	7.081E-01	25.000	61	72	79
AF-Q9AIK9-F1-model_v4_Q50_lddt	Q03635_Q50_lddt	9.201E-01	8.773E-01	7.026E-01	21.100	61	71	77
O52245_Q50_lddt	O52245_Q50_lddt	1.013E+00	1.000E+00	1.000E+00	100.000	79	79	79
O52245_Q50_lddt	O52243_Q50_lddt	1.012E+00	9.989E-01	9.989E-01	92.400	79	79	79
O52245_Q50_lddt	O52247_Q50_lddt	1.012E+00	9.987E-01	9.987E-01	86.000	79	79	79
O52245_Q50_lddt	O52244_Q50_lddt	1.011E+00	9.979E-01	9.979E-01	86.000	79	79	79
O52245_Q50_lddt	O52241_Q50_lddt	1.010E+00	9.974E-01	9.974E-01	79.700	79	79	79
O52245_Q50_lddt	O52246_Q50_lddt	1.010E+00	9.973E-01	9.973E-01	87.300	79	79	79
O52245_Q50_lddt	Q44245_Q50_lddt	1.010E+00	9.971E-01	9.971E-01	87.300	79	79	79
O52245_Q50_lddt	O52242_Q50_lddt	1.009E+00	9.963E-01	9.963E-01	86.000	79	79	79
O52245_Q50_lddt	Q44057_Q50_lddt	1.008E+00	9.825E-01	9.951E-01	78.400	79	79	78
O52245_Q50_lddt	Q43899_Q50_lddt	9.988E-01	9.864E-01	9.864E-01	93.600	79	79	79
O52245_Q50_lddt	Q9R381_Q50_lddt	9.916E-01	9.547E-01	9.790E-01	53.800	79	78	77
O52245_Q50_lddt	Q44246_Q50_lddt	9.850E-01	9.607E-01	9.727E-01	79.700	79	79	78
O52245_Q50_lddt	Q54441_Q50_lddt	9.818E-01	9.697E-01	9.697E-01	51.800	79	79	79
O52245_Q50_lddt	S6CFI8_Q50_lddt	9.775E-01	9.654E-01	9.654E-01	52.500	79	80	79
O52245_Q50_lddt	Q9RBW7_Q50_lddt	9.792E-01	9.672E-01	9.672E-01	48.100	79	79	79
O52245_Q50_lddt	A0A6F8Z5F1_Q50_lddt	9.763E-01	9.644E-01	9.644E-01	46.800	79	79	79
O52245_Q50_lddt	V5XKM9_Q50_lddt	9.713E-01	9.595E-01	9.595E-01	50.600	79	79	79
O52245_Q50_lddt	Q8ZPB6_Q50_lddt	9.782E-01	9.423E-01	9.659E-01	53.800	79	78	77
O52245_Q50_lddt	Q03635_Q50_lddt	9.702E-01	9.344E-01	9.580E-01	56.400	79	78	77
O52245_Q50_lddt	Q75ZP9_Q50_lddt	9.563E-01	9.218E-01	9.445E-01	41.000	79	78	77
O52245_Q50_lddt	P50858_Q50_lddt	9.456E-01	9.229E-01	9.341E-01	46.800	79	79	78
O52245_Q50_lddt	AF-Q9AIK8-F1-model_v4_Q50_lddt	9.324E-01	7.181E-01	9.180E-01	30.500	79	72	61
O52245_Q50_lddt	AF-Q9AIK9-F1-model_v4_Q50_lddt	9.321E-01	7.179E-01	9.177E-01	30.500	79	72	61
P50858_Q50_lddt	P50858_Q50_lddt	1.013E+00	1.000E+00	1.000E+00	100.000	78	78	78
P50858_Q50_lddt	Q54441_Q50_lddt	9.673E-01	9.553E-01	9.435E-01	46.800	78	79	79
P50858_Q50_lddt	Q9R381_Q50_lddt	9.629E-01	9.391E-01	9.509E-01	49.300	78	79	77
P50858_Q50_lddt	Q9RBW7_Q50_lddt	9.606E-01	9.488E-01	9.372E-01	53.100	78	79	79
P50858_Q50_lddt	V5XKM9_Q50_lddt	9.574E-01	9.456E-01	9.340E-01	51.800	78	79	79
P50858_Q50_lddt	S6CFI8_Q50_lddt	9.541E-01	9.422E-01	9.307E-01	45.000	78	80	79
P50858_Q50_lddt	A0A6F8Z5F1_Q50_lddt	9.539E-01	9.422E-01	9.307E-01	53.100	78	79	79
P50858_Q50_lddt	Q8ZPB6_Q50_lddt	9.540E-01	9.306E-01	9.421E-01	49.300	78	79	77
P50858_Q50_lddt	Q44057_Q50_lddt	9.576E-01	9.340E-01	9.340E-01	44.300	78	79	78
P50858_Q50_lddt	O52243_Q50_lddt	9.510E-01	9.394E-01	9.281E-01	48.100	78	79	79
P50858_Q50_lddt	Q43899_Q50_lddt	9.489E-01	9.373E-01	9.260E-01	45.500	78	79	79
P50858_Q50_lddt	O52241_Q50_lddt	9.484E-01	9.369E-01	9.256E-01	46.800	78	79	79
P50858_Q50_lddt	Q44245_Q50_lddt	9.463E-01	9.348E-01	9.236E-01	45.500	78	79	79
P50858_Q50_lddt	O52245_Q50_lddt	9.456E-01	9.341E-01	9.229E-01	46.800	78	79	79
P50858_Q50_lddt	O52247_Q50_lddt	9.452E-01	9.337E-01	9.225E-01	44.300	78	79	79
P50858_Q50_lddt	O52244_Q50_lddt	9.445E-01	9.330E-01	9.218E-01	45.500	78	79	79
P50858_Q50_lddt	O52246_Q50_lddt	9.438E-01	9.324E-01	9.212E-01	44.300	78	79	79
P50858_Q50_lddt	Q44246_Q50_lddt	9.436E-01	9.207E-01	9.207E-01	46.800	78	79	78
P50858_Q50_lddt	O52242_Q50_lddt	9.359E-01	9.247E-01	9.137E-01	44.300	78	79	79
P50858_Q50_lddt	Q03635_Q50_lddt	9.393E-01	9.047E-01	9.160E-01	42.300	78	78	77
P50858_Q50_lddt	Q75ZP9_Q50_lddt	9.244E-01	9.023E-01	9.133E-01	37.900	78	79	77
P50858_Q50_lddt	AF-Q9AIK8-F1-model_v4_Q50_lddt	9.351E-01	7.315E-01	9.209E-01	36.600	78	71	61
P50858_Q50_lddt	AF-Q9AIK9-F1-model_v4_Q50_lddt	9.347E-01	7.312E-01	9.205E-01	36.600	78	71	61
Q43899_Q50_lddt	Q43899_Q50_lddt	1.013E+00	1.000E+00	1.000E+00	100.000	79	79	79
Q43899_Q50_lddt	O52244_Q50_lddt	1.004E+00	9.912E-01	9.912E-01	89.800	79	79	79
Q43899_Q50_lddt	O52247_Q50_lddt	1.003E+00	9.907E-01	9.907E-01	89.800	79	79	79
Q43899_Q50_lddt	O52246_Q50_lddt	1.002E+00	9.894E-01	9.894E-01	87.300	79	79	79
Q43899_Q50_lddt	O52241_Q50_lddt	1.001E+00	9.886E-01	9.886E-01	77.200	79	79	79
Q43899_Q50_lddt	O52243_Q50_lddt	1.001E+00	9.885E-01	9.885E-01	92.400	79	79	79
Q43899_Q50_lddt	Q44245_Q50_lddt	1.001E+00	9.884E-01	9.884E-01	88.600	79	79	79
Q43899_Q50_lddt	Q44246_Q50_lddt	1.005E+00	9.797E-01	9.922E-01	77.200	79	79	78
Q43899_Q50_lddt	O52242_Q50_lddt	1.001E+00	9.882E-01	9.882E-01	89.800	79	79	79
Q43899_Q50_lddt	O52245_Q50_lddt	9.988E-01	9.864E-01	9.864E-01	93.600	79	79	79
Q43899_Q50_lddt	Q44057_Q50_lddt	9.979E-01	9.730E-01	9.853E-01	75.900	79	79	78
Q43899_Q50_lddt	S6CFI8_Q50_lddt	9.861E-01	9.738E-01	9.738E-01	55.000	79	80	79
Q43899_Q50_lddt	Q54441_Q50_lddt	9.880E-01	9.758E-01	9.758E-01	51.800	79	79	79
Q43899_Q50_lddt	Q9RBW7_Q50_lddt	9.868E-01	9.746E-01	9.746E-01	46.800	79	79	79
Q43899_Q50_lddt	V5XKM9_Q50_lddt	9.856E-01	9.734E-01	9.734E-01	49.300	79	79	79
Q43899_Q50_lddt	A0A6F8Z5F1_Q50_lddt	9.841E-01	9.720E-01	9.720E-01	45.500	79	79	79
Q43899_Q50_lddt	Q03635_Q50_lddt	9.879E-01	9.508E-01	9.752E-01	57.600	79	78	77
Q43899_Q50_lddt	Q8ZPB6_Q50_lddt	9.913E-01	9.544E-01	9.787E-01	55.100	79	78	77
Q43899_Q50_lddt	Q9R381_Q50_lddt	9.828E-01	9.466E-01	9.704E-01	55.100	79	78	77
Q43899_Q50_lddt	Q75ZP9_Q50_lddt	9.769E-01	9.411E-01	9.647E-01	42.300	79	78	77
Q43899_Q50_lddt	P50858_Q50_lddt	9.489E-01	9.260E-01	9.373E-01	45.500	79	79	78
Q43899_Q50_lddt	AF-Q9AIK8-F1-model_v4_Q50_lddt	9.394E-01	7.226E-01	9.248E-01	30.500	79	72	61
Q43899_Q50_lddt	AF-Q9AIK9-F1-model_v4_Q50_lddt	9.366E-01	7.209E-01	9.221E-01	30.500	79	72	61
O52243_Q50_lddt	O52243_Q50_lddt	1.013E+00	1.000E+00	1.000E+00	100.000	79	79	79
O52243_Q50_lddt	O52245_Q50_lddt	1.012E+00	9.989E-01	9.989E-01	92.400	79	79	79
O52243_Q50_lddt	O52247_Q50_lddt	1.011E+00	9.985E-01	9.985E-01	87.300	79	79	79
O52243_Q50_lddt	O52241_Q50_lddt	1.010E+00	9.977E-01	9.977E-01	77.200	79	79	79
O52243_Q50_lddt	O52244_Q50_lddt	1.010E+00	9.975E-01	9.975E-01	88.600	79	79	79
O52243_Q50_lddt	Q44245_Q50_lddt	1.010E+00	9.973E-01	9.973E-01	84.800	79	79	79
O52243_Q50_lddt	O52246_Q50_lddt	1.010E+00	9.968E-01	9.968E-01	84.800	79	79	79
O52243_Q50_lddt	O52242_Q50_lddt	1.008E+00	9.952E-01	9.952E-01	88.600	79	79	79
O52243_Q50_lddt	Q44057_Q50_lddt	1.008E+00	9.823E-01	9.949E-01	74.600	79	79	78
O52243_Q50_lddt	Q43899_Q50_lddt	1.001E+00	9.885E-01	9.885E-01	92.400	79	79	79
O52243_Q50_lddt	Q9R381_Q50_lddt	9.940E-01	9.570E-01	9.814E-01	53.800	79	78	77
O52243_Q50_lddt	Q44246_Q50_lddt	9.879E-01	9.634E-01	9.755E-01	79.700	79	79	78
O52243_Q50_lddt	S6CFI8_Q50_lddt	9.805E-01	9.683E-01	9.683E-01	53.700	79	80	79
O52243_Q50_lddt	Q54441_Q50_lddt	9.842E-01	9.721E-01	9.721E-01	50.600	79	79	79
O52243_Q50_lddt	Q9RBW7_Q50_lddt	9.816E-01	9.696E-01	9.696E-01	50.600	79	79	79
O52243_Q50_lddt	A0A6F8Z5F1_Q50_lddt	9.785E-01	9.665E-01	9.665E-01	49.300	79	79	79
O52243_Q50_lddt	V5XKM9_Q50_lddt	9.749E-01	9.630E-01	9.630E-01	51.800	79	79	79
O52243_Q50_lddt	Q8ZPB6_Q50_lddt	9.807E-01	9.446E-01	9.684E-01	53.800	79	78	77
O52243_Q50_lddt	Q03635_Q50_lddt	9.728E-01	9.368E-01	9.605E-01	52.500	79	78	77
O52243_Q50_lddt	Q75ZP9_Q50_lddt	9.604E-01	9.257E-01	9.486E-01	41.000	79	78	77
O52243_Q50_lddt	P50858_Q50_lddt	9.510E-01	9.281E-01	9.394E-01	48.100	79	79	78
O52243_Q50_lddt	AF-Q9AIK8-F1-model_v4_Q50_lddt	9.324E-01	7.182E-01	9.180E-01	31.900	79	72	61
O52243_Q50_lddt	AF-Q9AIK9-F1-model_v4_Q50_lddt	9.321E-01	7.180E-01	9.177E-01	31.900	79	72	61
O52246_Q50_lddt	O52246_Q50_lddt	1.013E+00	1.000E+00	1.000E+00	100.000	79	79	79
O52246_Q50_lddt	O52244_Q50_lddt	1.012E+00	9.993E-01	9.993E-01	91.100	79	79	79
O52246_Q50_lddt	Q44245_Q50_lddt	1.012E+00	9.989E-01	9.989E-01	84.800	79	79	79
O52246_Q50_lddt	O52247_Q50_lddt	1.011E+00	9.980E-01	9.980E-01	86.000	79	79	79
O52246_Q50_lddt	O52241_Q50_lddt	1.011E+00	9.979E-01	9.979E-01	79.700	79	79	79
O52246_Q50_lddt	O52242_Q50_lddt	1.010E+00	9.976E-01	9.976E-01	88.600	79	79	79
O52246_Q50_lddt	O52245_Q50_lddt	1.010E+00	9.973E-01	9.973E-01	87.300	79	79	79
O52246_Q50_lddt	O52243_Q50_lddt	1.010E+00	9.968E-01	9.968E-01	84.800	79	79	79
O52246_Q50_lddt	Q44057_Q50_lddt	1.008E+00	9.827E-01	9.952E-01	77.200	79	79	78
O52246_Q50_lddt	Q43899_Q50_lddt	1.002E+00	9.894E-01	9.894E-01	87.300	79	79	79
O52246_Q50_lddt	Q44246_Q50_lddt	9.898E-01	9.652E-01	9.773E-01	75.900	79	79	78
O52246_Q50_lddt	Q54441_Q50_lddt	9.853E-01	9.731E-01	9.731E-01	49.300	79	79	79
O52246_Q50_lddt	S6CFI8_Q50_lddt	9.783E-01	9.662E-01	9.662E-01	52.500	79	80	79
O52246_Q50_lddt	Q9R381_Q50_lddt	9.884E-01	9.518E-01	9.759E-01	55.100	79	78	77
O52246_Q50_lddt	Q9RBW7_Q50_lddt	9.785E-01	9.666E-01	9.666E-01	50.600	79	79	79
O52246_Q50_lddt	A0A6F8Z5F1_Q50_lddt	9.758E-01	9.639E-01	9.639E-01	48.100	79	79	79
O52246_Q50_lddt	Q8ZPB6_Q50_lddt	9.804E-01	9.443E-01	9.681E-01	55.100	79	78	77
O52246_Q50_lddt	V5XKM9_Q50_lddt	9.712E-01	9.594E-01	9.594E-01	51.800	79	79	79
O52246_Q50_lddt	Q03635_Q50_lddt	9.724E-01	9.364E-01	9.601E-01	56.400	79	78	77
O52246_Q50_lddt	Q75ZP9_Q50_lddt	9.623E-01	9.274E-01	9.504E-01	41.000	79	78	77
O52246_Q50_lddt	P50858_Q50_lddt	9.438E-01	9.212E-01	9.324E-01	44.300	79	79	78
O52246_Q50_lddt	AF-Q9AIK8-F1-model_v4_Q50_lddt	9.334E-01	7.189E-01	9.190E-01	30.500	79	72	61
O52246_Q50_lddt	AF-Q9AIK9-F1-model_v4_Q50_lddt	9.328E-01	7.185E-01	9.184E-01	30.500	79	72	61
S6CFI8_Q50_lddt	S6CFI8_Q50_lddt	1.013E+00	1.000E+00	1.000E+00	100.000	79	79	79
S6CFI8_Q50_lddt	Q9RBW7_Q50_lddt	9.895E-01	9.771E-01	9.771E-01	53.700	79	80	79
S6CFI8_Q50_lddt	Q54441_Q50_lddt	9.888E-01	9.764E-01	9.764E-01	51.200	79	80	79
S6CFI8_Q50_lddt	Q03635_Q50_lddt	1.000E+00	9.626E-01	9.872E-01	58.400	79	77	77
S6CFI8_Q50_lddt	V5XKM9_Q50_lddt	9.866E-01	9.743E-01	9.743E-01	56.200	79	80	79
S6CFI8_Q50_lddt	A0A6F8Z5F1_Q50_lddt	9.862E-01	9.739E-01	9.739E-01	53.700	79	80	79
S6CFI8_Q50_lddt	Q43899_Q50_lddt	9.861E-01	9.738E-01	9.738E-01	55.000	79	80	79
S6CFI8_Q50_lddt	O52243_Q50_lddt	9.805E-01	9.683E-01	9.683E-01	53.700	79	80	79
S6CFI8_Q50_lddt	O52244_Q50_lddt	9.801E-01	9.680E-01	9.680E-01	55.000	79	80	79
S6CFI8_Q50_lddt	O52247_Q50_lddt	9.795E-01	9.674E-01	9.674E-01	52.500	79	80	79
S6CFI8_Q50_lddt	O52241_Q50_lddt	9.788E-01	9.667E-01	9.667E-01	51.200	79	80	79
S6CFI8_Q50_lddt	O52246_Q50_lddt	9.783E-01	9.662E-01	9.662E-01	52.500	79	80	79
S6CFI8_Q50_lddt	Q44245_Q50_lddt	9.780E-01	9.659E-01	9.659E-01	55.000	79	80	79
S6CFI8_Q50_lddt	O52245_Q50_lddt	9.775E-01	9.654E-01	9.654E-01	52.500	79	80	79
S6CFI8_Q50_lddt	Q44057_Q50_lddt	9.814E-01	9.570E-01	9.691E-01	52.500	79	80	78
S6CFI8_Q50_lddt	Q44246_Q50_lddt	9.778E-01	9.535E-01	9.655E-01	56.200	79	80	78
S6CFI8_Q50_lddt	Q9R381_Q50_lddt	9.815E-01	9.449E-01	9.690E-01	49.300	79	79	77
S6CFI8_Q50_lddt	O52242_Q50_lddt	9.734E-01	9.614E-01	9.614E-01	56.200	79	80	79
S6CFI8_Q50_lddt	Q8ZPB6_Q50_lddt	9.812E-01	9.446E-01	9.687E-01	49.300	79	79	77
S6CFI8_Q50_lddt	P50858_Q50_lddt	9.541E-01	9.307E-01	9.422E-01	45.000	79	80	78
S6CFI8_Q50_lddt	Q75ZP9_Q50_lddt	9.580E-01	9.231E-01	9.461E-01	39.200	79	79	77
S6CFI8_Q50_lddt	AF-Q9AIK8-F1-model_v4_Q50_lddt	9.180E-01	7.088E-01	9.039E-01	25.000	79	72	61
S6CFI8_Q50_lddt	AF-Q9AIK9-F1-model_v4_Q50_lddt	9.167E-01	7.081E-01	9.027E-01	25.000	79	72	61
Q44245_Q50_lddt	Q44245_Q50_lddt	1.013E+00	1.000E+00	1.000E+00	100.000	79	79	79
Q44245_Q50_lddt	O52246_Q50_lddt	1.012E+00	9.989E-01	9.989E-01	84.800	79	79	79
Q44245_Q50_lddt	O52244_Q50_lddt	1.011E+00	9.984E-01	9.984E-01	86.000	79	79	79
Q44245_Q50_lddt	O52241_Q50_lddt	1.011E+00	9.981E-01	9.981E-01	73.400	79	79	79
Q44245_Q50_lddt	O52247_Q50_lddt	1.011E+00	9.978E-01	9.978E-01	83.500	79	79	79
Q44245_Q50_lddt	O52243_Q50_lddt	1.010E+00	9.973E-01	9.973E-01	84.800	79	79	79
Q44245_Q50_lddt	O52245_Q50_lddt	1.010E+00	9.971E-01	9.971E-01	87.300	79	79	79
Q44245_Q50_lddt	O52242_Q50_lddt	1.010E+00	9.968E-01	9.968E-01	86.000	79	79	79
Q44245_Q50_lddt	Q44057_Q50_lddt	1.008E+00	9.831E-01	9.956E-01	77.200	79	79	78
Q44245_Q50_lddt	Q43899_Q50_lddt	1.001E+00	9.884E-01	9.884E-01	88.600	79	79	79
Q44245_Q50_lddt	Q44246_Q50_lddt	9.886E-01	9.641E-01	9.762E-01	77.200	79	79	78
Q44245_Q50_lddt	Q54441_Q50_lddt	9.852E-01	9.731E-01	9.731E-01	53.100	79	79	79
Q44245_Q50_lddt	Q9R381_Q50_lddt	9.916E-01	9.547E-01	9.790E-01	57.600	79	78	77
Q44245_Q50_lddt	S6CFI8_Q50_lddt	9.780E-01	9.659E-01	9.659E-01	55.000	79	80	79
Q44245_Q50_lddt	Q9RBW7_Q50_lddt	9.797E-01	9.677E-01	9.677E-01	49.300	79	79	79
Q44245_Q50_lddt	A0A6F8Z5F1_Q50_lddt	9.765E-01	9.646E-01	9.646E-01	48.100	79	79	79
Q44245_Q50_lddt	Q8ZPB6_Q50_lddt	9.808E-01	9.446E-01	9.684E-01	57.600	79	78	77
Q44245_Q50_lddt	V5XKM9_Q50_lddt	9.711E-01	9.593E-01	9.593E-01	51.800	79	79	79
Q44245_Q50_lddt	Q03635_Q50_lddt	9.723E-01	9.363E-01	9.600E-01	56.400	79	78	77
Q44245_Q50_lddt	Q75ZP9_Q50_lddt	9.619E-01	9.270E-01	9.500E-01	41.000	79	78	77
Q44245_Q50_lddt	P50858_Q50_lddt	9.463E-01	9.236E-01	9.348E-01	45.500	79	79	78
Q44245_Q50_lddt	AF-Q9AIK8-F1-model_v4_Q50_lddt	9.357E-01	7.202E-01	9.212E-01	31.900	79	72	61
Q44245_Q50_lddt	AF-Q9AIK9-F1-model_v4_Q50_lddt	9.343E-01	7.194E-01	9.199E-01	31.900	79	72	61
Q75ZP9_Q50_lddt	Q75ZP9_Q50_lddt	1.013E+00	1.000E+00	1.000E+00	100.000	77	77	77
Q75ZP9_Q50_lddt	Q44246_Q50_lddt	9.848E-01	9.723E-01	9.602E-01	42.800	77	77	78
Q75ZP9_Q50_lddt	A0A6F8Z5F1_Q50_lddt	9.801E-01	9.678E-01	9.441E-01	43.500	77	78	79
Q75ZP9_Q50_lddt	V5XKM9_Q50_lddt	9.801E-01	9.678E-01	9.441E-01	44.800	77	78	79
Q75ZP9_Q50_lddt	Q43899_Q50_lddt	9.769E-01	9.647E-01	9.411E-01	42.300	77	78	79
Q75ZP9_Q50_lddt	Q9RBW7_Q50_lddt	9.759E-01	9.636E-01	9.401E-01	42.300	77	78	79
Q75ZP9_Q50_lddt	Q8ZPB6_Q50_lddt	9.646E-01	9.526E-01	9.526E-01	48.000	77	77	77
Q75ZP9_Q50_lddt	Q9R381_Q50_lddt	9.590E-01	9.472E-01	9.472E-01	48.000	77	77	77
Q75ZP9_Q50_lddt	O52241_Q50_lddt	9.644E-01	9.525E-01	9.294E-01	39.700	77	78	79
Q75ZP9_Q50_lddt	O52247_Q50_lddt	9.636E-01	9.517E-01	9.287E-01	42.300	77	78	79
Q75ZP9_Q50_lddt	Q54441_Q50_lddt	9.630E-01	9.511E-01	9.281E-01	42.300	77	78	79
Q75ZP9_Q50_lddt	O52242_Q50_lddt	9.632E-01	9.513E-01	9.283E-01	41.000	77	78	79
Q75ZP9_Q50_lddt	O52244_Q50_lddt	9.624E-01	9.505E-01	9.276E-01	41.000	77	78	79
Q75ZP9_Q50_lddt	O52246_Q50_lddt	9.623E-01	9.504E-01	9.274E-01	41.000	77	78	79
Q75ZP9_Q50_lddt	Q44245_Q50_lddt	9.619E-01	9.500E-01	9.270E-01	41.000	77	78	79
Q75ZP9_Q50_lddt	S6CFI8_Q50_lddt	9.580E-01	9.461E-01	9.231E-01	39.200	77	79	79
Q75ZP9_Q50_lddt	Q44057_Q50_lddt	9.560E-01	9.441E-01	9.326E-01	40.200	77	77	78
Q75ZP9_Q50_lddt	O52243_Q50_lddt	9.604E-01	9.486E-01	9.257E-01	41.000	77	78	79
Q75ZP9_Q50_lddt	Q03635_Q50_lddt	9.645E-01	9.282E-01	9.282E-01	44.100	77	77	77
Q75ZP9_Q50_lddt	O52245_Q50_lddt	9.563E-01	9.445E-01	9.218E-01	41.000	77	78	79
Q75ZP9_Q50_lddt	P50858_Q50_lddt	9.244E-01	9.133E-01	9.023E-01	37.900	77	79	78
Q75ZP9_Q50_lddt	AF-Q9AIK8-F1-model_v4_Q50_lddt	9.244E-01	7.291E-01	9.101E-01	26.300	77	72	61
Q75ZP9_Q50_lddt	AF-Q9AIK9-F1-model_v4_Q50_lddt	9.203E-01	7.266E-01	9.061E-01	26.300	77	72	61
V5XKM9_Q50_lddt	V5XKM9_Q50_lddt	1.013E+00	1.000E+00	1.000E+00	100.000	79	79	79
V5XKM9_Q50_lddt	A0A6F8Z5F1_Q50_lddt	1.007E+00	9.945E-01	9.945E-01	88.600	79	79	79
V5XKM9_Q50_lddt	Q9RBW7_Q50_lddt	1.006E+00	9.936E-01	9.936E-01	93.600	79	79	79
V5XKM9_Q50_lddt	S6CFI8_Q50_lddt	9.866E-01	9.743E-01	9.743E-01	56.200	79	80	79
V5XKM9_Q50_lddt	Q54441_Q50_lddt	9.878E-01	9.755E-01	9.755E-01	51.800	79	79	79
V5XKM9_Q50_lddt	Q43899_Q50_lddt	9.856E-01	9.734E-01	9.734E-01	49.300	79	79	79
V5XKM9_Q50_lddt	Q44246_Q50_lddt	9.860E-01	9.617E-01	9.737E-01	50.600	79	79	78
V5XKM9_Q50_lddt	Q8ZPB6_Q50_lddt	9.882E-01	9.516E-01	9.757E-01	57.600	79	78	77
V5XKM9_Q50_lddt	Q03635_Q50_lddt	9.830E-01	9.463E-01	9.704E-01	55.100	79	78	77
V5XKM9_Q50_lddt	Q9R381_Q50_lddt	9.851E-01	9.487E-01	9.727E-01	57.600	79	78	77
V5XKM9_Q50_lddt	O52243_Q50_lddt	9.749E-01	9.630E-01	9.630E-01	51.800	79	79	79
V5XKM9_Q50_lddt	O52247_Q50_lddt	9.746E-01	9.627E-01	9.627E-01	50.600	79	79	79
V5XKM9_Q50_lddt	O52244_Q50_lddt	9.741E-01	9.623E-01	9.623E-01	51.800	79	79	79
V5XKM9_Q50_lddt	O52241_Q50_lddt	9.732E-01	9.613E-01	9.613E-01	50.600	79	79	79
V5XKM9_Q50_lddt	Q44245_Q50_lddt	9.711E-01	9.593E-01	9.593E-01	51.800	79	79	79
V5XKM9_Q50_lddt	O52246_Q50_lddt	9.712E-01	9.594E-01	9.594E-01	51.800	79	79	79
V5XKM9_Q50_lddt	Q75ZP9_Q50_lddt	9.801E-01	9.441E-01	9.678E-01	44.800	79	78	77
V5XKM9_Q50_lddt	Q44057_Q50_lddt	9.752E-01	9.514E-01	9.632E-01	51.800	79	79	78
V5XKM9_Q50_lddt	O52245_Q50_lddt	9.713E-01	9.595E-01	9.595E-01	50.600	79	79	79
V5XKM9_Q50_lddt	O52242_Q50_lddt	9.692E-01	9.574E-01	9.574E-01	50.600	79	79	79
V5XKM9_Q50_lddt	P50858_Q50_lddt	9.574E-01	9.340E-01	9.456E-01	51.800	79	79	78
V5XKM9_Q50_lddt	AF-Q9AIK8-F1-model_v4_Q50_lddt	9.267E-01	7.150E-01	9.125E-01	29.100	79	72	61
V5XKM9_Q50_lddt	AF-Q9AIK9-F1-model_v4_Q50_lddt	9.259E-01	7.145E-01	9.117E-01	29.100	79	72	61
O52244_Q50_lddt	O52244_Q50_lddt	1.013E+00	1.000E+00	1.000E+00	100.000	79	79	79
O52244_Q50_lddt	O52246_Q50_lddt	1.012E+00	9.993E-01	9.993E-01	91.100	79	79	79
O52244_Q50_lddt	O52247_Q50_lddt	1.012E+00	9.989E-01	9.989E-01	92.400	79	79	79
O52244_Q50_lddt	Q44245_Q50_lddt	1.011E+00	9.984E-01	9.984E-01	86.000	79	79	79
O52244_Q50_lddt	O52241_Q50_lddt	1.011E+00	9.982E-01	9.982E-01	78.400	79	79	79
O52244_Q50_lddt	O52242_Q50_lddt	1.011E+00	9.982E-01	9.982E-01	96.200	79	79	79
O52244_Q50_lddt	O52245_Q50_lddt	1.011E+00	9.979E-01	9.979E-01	86.000	79	79	79
O52244_Q50_lddt	O52243_Q50_lddt	1.010E+00	9.975E-01	9.975E-01	88.600	79	79	79
O52244_Q50_lddt	Q44057_Q50_lddt	1.008E+00	9.829E-01	9.954E-01	78.400	79	79	78
O52244_Q50_lddt	Q43899_Q50_lddt	1.004E+00	9.912E-01	9.912E-01	89.800	79	79	79
O52244_Q50_lddt	Q44246_Q50_lddt	9.918E-01	9.671E-01	9.793E-01	81.000	79	79	78
O52244_Q50_lddt	Q54441_Q50_lddt	9.855E-01	9.733E-01	9.733E-01	50.600	79	79	79
O52244_Q50_lddt	S6CFI8_Q50_lddt	9.801E-01	9.680E-01	9.680E-01	55.000	79	80	79
O52244_Q50_lddt	Q9RBW7_Q50_lddt	9.813E-01	9.692E-01	9.692E-01	50.600	79	79	79
O52244_Q50_lddt	Q9R381_Q50_lddt	9.890E-01	9.523E-01	9.765E-01	55.100	79	78	77
O52244_Q50_lddt	A0A6F8Z5F1_Q50_lddt	9.784E-01	9.664E-01	9.664E-01	49.300	79	79	79
O52244_Q50_lddt	Q8ZPB6_Q50_lddt	9.834E-01	9.471E-01	9.710E-01	55.100	79	78	77
O52244_Q50_lddt	V5XKM9_Q50_lddt	9.741E-01	9.623E-01	9.623E-01	51.800	79	79	79
O52244_Q50_lddt	Q03635_Q50_lddt	9.765E-01	9.402E-01	9.641E-01	56.400	79	78	77
O52244_Q50_lddt	Q75ZP9_Q50_lddt	9.624E-01	9.276E-01	9.505E-01	41.000	79	78	77
O52244_Q50_lddt	P50858_Q50_lddt	9.445E-01	9.218E-01	9.330E-01	45.500	79	79	78
O52244_Q50_lddt	AF-Q9AIK8-F1-model_v4_Q50_lddt	9.357E-01	7.202E-01	9.212E-01	31.900	79	72	61
O52244_Q50_lddt	AF-Q9AIK9-F1-model_v4_Q50_lddt	9.349E-01	7.197E-01	9.204E-01	31.900	79	72	61
O52247_Q50_lddt	O52247_Q50_lddt	1.013E+00	1.000E+00	1.000E+00	100.000	79	79	79
O52247_Q50_lddt	O52244_Q50_lddt	1.012E+00	9.989E-01	9.989E-01	92.400	79	79	79
O52247_Q50_lddt	O52245_Q50_lddt	1.012E+00	9.987E-01	9.987E-01	86.000	79	79	79
O52247_Q50_lddt	O52243_Q50_lddt	1.011E+00	9.985E-01	9.985E-01	87.300	79	79	79
O52247_Q50_lddt	O52246_Q50_lddt	1.011E+00	9.980E-01	9.980E-01	86.000	79	79	79
O52247_Q50_lddt	O52241_Q50_lddt	1.011E+00	9.978E-01	9.978E-01	78.400	79	79	79
O52247_Q50_lddt	Q44245_Q50_lddt	1.011E+00	9.978E-01	9.978E-01	83.500	79	79	79
O52247_Q50_lddt	O52242_Q50_lddt	1.010E+00	9.976E-01	9.976E-01	92.400	79	79	79
O52247_Q50_lddt	Q43899_Q50_lddt	1.003E+00	9.907E-01	9.907E-01	89.800	79	79	79
O52247_Q50_lddt	Q44057_Q50_lddt	1.007E+00	9.816E-01	9.941E-01	75.900	79	79	78
O52247_Q50_lddt	Q44246_Q50_lddt	9.914E-01	9.667E-01	9.789E-01	78.400	79	79	78
O52247_Q50_lddt	Q54441_Q50_lddt	9.843E-01	9.722E-01	9.722E-01	53.100	79	79	79
O52247_Q50_lddt	S6CFI8_Q50_lddt	9.795E-01	9.674E-01	9.674E-01	52.500	79	80	79
O52247_Q50_lddt	Q9R381_Q50_lddt	9.907E-01	9.539E-01	9.782E-01	52.500	79	78	77
O52247_Q50_lddt	Q9RBW7_Q50_lddt	9.814E-01	9.694E-01	9.694E-01	50.600	79	79	79
O52247_Q50_lddt	A0A6F8Z5F1_Q50_lddt	9.790E-01	9.670E-01	9.670E-01	49.300	79	79	79
O52247_Q50_lddt	V5XKM9_Q50_lddt	9.746E-01	9.627E-01	9.627E-01	50.600	79	79	79
O52247_Q50_lddt	Q8ZPB6_Q50_lddt	9.827E-01	9.464E-01	9.703E-01	52.500	79	78	77
O52247_Q50_lddt	Q03635_Q50_lddt	9.757E-01	9.395E-01	9.633E-01	55.100	79	78	77
O52247_Q50_lddt	Q75ZP9_Q50_lddt	9.636E-01	9.287E-01	9.517E-01	42.300	79	78	77
O52247_Q50_lddt	P50858_Q50_lddt	9.452E-01	9.225E-01	9.337E-01	44.300	79	79	78
O52247_Q50_lddt	AF-Q9AIK8-F1-model_v4_Q50_lddt	9.359E-01	7.204E-01	9.214E-01	30.500	79	72	61
O52247_Q50_lddt	AF-Q9AIK9-F1-model_v4_Q50_lddt	9.348E-01	7.197E-01	9.203E-01	30.500	79	72	61
Q03635_Q50_lddt	Q03635_Q50_lddt	1.013E+00	1.000E+00	1.000E+00	100.000	77	77	77
Q03635_Q50_lddt	S6CFI8_Q50_lddt	1.000E+00	9.872E-01	9.626E-01	58.400	77	77	79
Q03635_Q50_lddt	Q43899_Q50_lddt	9.879E-01	9.752E-01	9.508E-01	57.600	77	78	79
Q03635_Q50_lddt	Q44246_Q50_lddt	9.882E-01	9.629E-01	9.507E-01	52.500	77	78	78
Q03635_Q50_lddt	Q9RBW7_Q50_lddt	9.832E-01	9.707E-01	9.465E-01	51.200	77	78	79
Q03635_Q50_lddt	Q8ZPB6_Q50_lddt	9.920E-01	9.537E-01	9.537E-01	71.400	77	77	77
Q03635_Q50_lddt	V5XKM9_Q50_lddt	9.830E-01	9.704E-01	9.463E-01	55.100	77	78	79
Q03635_Q50_lddt	A0A6F8Z5F1_Q50_lddt	9.810E-01	9.685E-01	9.445E-01	50.000	77	78	79
Q03635_Q50_lddt	Q54441_Q50_lddt	9.766E-01	9.642E-01	9.404E-01	52.500	77	78	79
Q03635_Q50_lddt	O52244_Q50_lddt	9.765E-01	9.641E-01	9.402E-01	56.400	77	78	79
Q03635_Q50_lddt	O52247_Q50_lddt	9.757E-01	9.633E-01	9.395E-01	55.100	77	78	79
Q03635_Q50_lddt	O52241_Q50_lddt	9.751E-01	9.627E-01	9.389E-01	56.400	77	78	79
Q03635_Q50_lddt	O52243_Q50_lddt	9.728E-01	9.605E-01	9.368E-01	52.500	77	78	79
Q03635_Q50_lddt	Q44245_Q50_lddt	9.723E-01	9.600E-01	9.363E-01	56.400	77	78	79
Q03635_Q50_lddt	O52246_Q50_lddt	9.724E-01	9.601E-01	9.364E-01	56.400	77	78	79
Q03635_Q50_lddt	O52242_Q50_lddt	9.724E-01	9.601E-01	9.365E-01	55.100	77	78	79
Q03635_Q50_lddt	O52245_Q50_lddt	9.702E-01	9.580E-01	9.344E-01	56.400	77	78	79
Q03635_Q50_lddt	Q44057_Q50_lddt	9.736E-01	9.490E-01	9.371E-01	52.500	77	78	78
Q03635_Q50_lddt	Q9R381_Q50_lddt	9.736E-01	9.365E-01	9.365E-01	71.400	77	77	77
Q03635_Q50_lddt	Q75ZP9_Q50_lddt	9.645E-01	9.282E-01	9.282E-01	44.100	77	77	77
Q03635_Q50_lddt	P50858_Q50_lddt	9.393E-01	9.160E-01	9.047E-01	42.300	77	78	78
Q03635_Q50_lddt	AF-Q9AIK8-F1-model_v4_Q50_lddt	9.221E-01	7.059E-01	8.794E-01	21.400	77	70	61
Q03635_Q50_lddt	AF-Q9AIK9-F1-model_v4_Q50_lddt	9.201E-01	7.026E-01	8.773E-01	21.100	77	71	61
Q44057_Q50_lddt	Q44057_Q50_lddt	1.013E+00	1.000E+00	1.000E+00	100.000	78	78	78
Q44057_Q50_lddt	Q44245_Q50_lddt	1.008E+00	9.956E-01	9.831E-01	77.200	78	79	79
Q44057_Q50_lddt	O52244_Q50_lddt	1.008E+00	9.954E-01	9.829E-01	78.400	78	79	79
Q44057_Q50_lddt	O52241_Q50_lddt	1.008E+00	9.953E-01	9.828E-01	72.100	78	79	79
Q44057_Q50_lddt	O52246_Q50_lddt	1.008E+00	9.952E-01	9.827E-01	77.200	78	79	79
Q44057_Q50_lddt	O52245_Q50_lddt	1.008E+00	9.951E-01	9.825E-01	78.400	78	79	79
Q44057_Q50_lddt	O52243_Q50_lddt	1.008E+00	9.949E-01	9.823E-01	74.600	78	79	79
Q44057_Q50_lddt	O52247_Q50_lddt	1.007E+00	9.941E-01	9.816E-01	75.900	78	79	79
Q44057_Q50_lddt	O52242_Q50_lddt	1.005E+00	9.922E-01	9.797E-01	77.200	78	79	79
Q44057_Q50_lddt	Q43899_Q50_lddt	9.979E-01	9.853E-01	9.730E-01	75.900	78	79	79
Q44057_Q50_lddt	Q9R381_Q50_lddt	9.937E-01	9.687E-01	9.810E-01	51.900	78	77	77
Q44057_Q50_lddt	Q54441_Q50_lddt	9.902E-01	9.778E-01	9.657E-01	45.500	78	79	79
Q44057_Q50_lddt	Q44246_Q50_lddt	9.831E-01	9.708E-01	9.708E-01	82.000	78	78	78
Q44057_Q50_lddt	S6CFI8_Q50_lddt	9.814E-01	9.691E-01	9.570E-01	52.500	78	80	79
Q44057_Q50_lddt	Q9RBW7_Q50_lddt	9.847E-01	9.724E-01	9.604E-01	49.300	78	79	79
Q44057_Q50_lddt	Q8ZPB6_Q50_lddt	9.839E-01	9.593E-01	9.714E-01	51.900	78	77	77
Q44057_Q50_lddt	A0A6F8Z5F1_Q50_lddt	9.799E-01	9.677E-01	9.558E-01	49.300	78	79	79
Q44057_Q50_lddt	V5XKM9_Q50_lddt	9.752E-01	9.632E-01	9.514E-01	51.800	78	79	79
Q44057_Q50_lddt	Q03635_Q50_lddt	9.736E-01	9.371E-01	9.490E-01	52.500	78	78	77
Q44057_Q50_lddt	Q75ZP9_Q50_lddt	9.560E-01	9.326E-01	9.441E-01	40.200	78	77	77
Q44057_Q50_lddt	P50858_Q50_lddt	9.576E-01	9.340E-01	9.340E-01	44.300	78	79	78
Q44057_Q50_lddt	AF-Q9AIK8-F1-model_v4_Q50_lddt	9.210E-01	7.173E-01	9.067E-01	33.300	78	72	61
Q44057_Q50_lddt	AF-Q9AIK9-F1-model_v4_Q50_lddt	9.199E-01	7.166E-01	9.057E-01	33.300	78	72	61
Q44246_Q50_lddt	Q44246_Q50_lddt	1.013E+00	1.000E+00	1.000E+00	100.000	78	78	78
Q44246_Q50_lddt	Q43899_Q50_lddt	1.005E+00	9.922E-01	9.797E-01	77.200	78	79	79
Q44246_Q50_lddt	O52244_Q50_lddt	9.918E-01	9.793E-01	9.671E-01	81.000	78	79	79
Q44246_Q50_lddt	O52247_Q50_lddt	9.914E-01	9.789E-01	9.667E-01	78.400	78	79	79
Q44246_Q50_lddt	O52241_Q50_lddt	9.906E-01	9.781E-01	9.659E-01	79.700	78	79	79
Q44246_Q50_lddt	O52246_Q50_lddt	9.898E-01	9.773E-01	9.652E-01	75.900	78	79	79
Q44246_Q50_lddt	Q8ZPB6_Q50_lddt	9.910E-01	9.662E-01	9.784E-01	53.200	78	77	77
Q44246_Q50_lddt	Q44245_Q50_lddt	9.886E-01	9.762E-01	9.641E-01	77.200	78	79	79
Q44246_Q50_lddt	O52242_Q50_lddt	9.891E-01	9.767E-01	9.645E-01	81.000	78	79	79
Q44246_Q50_lddt	O52243_Q50_lddt	9.879E-01	9.755E-01	9.634E-01	79.700	78	79	79
Q44246_Q50_lddt	Q44057_Q50_lddt	9.831E-01	9.708E-01	9.708E-01	82.000	78	78	78
Q44246_Q50_lddt	O52245_Q50_lddt	9.850E-01	9.727E-01	9.607E-01	79.700	78	79	79
Q44246_Q50_lddt	V5XKM9_Q50_lddt	9.860E-01	9.737E-01	9.617E-01	50.600	78	79	79
Q44246_Q50_lddt	Q75ZP9_Q50_lddt	9.848E-01	9.602E-01	9.723E-01	42.800	78	77	77
Q44246_Q50_lddt	Q54441_Q50_lddt	9.834E-01	9.711E-01	9.592E-01	49.300	78	79	79
Q44246_Q50_lddt	Q03635_Q50_lddt	9.882E-01	9.507E-01	9.629E-01	52.500	78	78	77
Q44246_Q50_lddt	S6CFI8_Q50_lddt	9.778E-01	9.655E-01	9.535E-01	56.200	78	80	79
Q44246_Q50_lddt	A0A6F8Z5F1_Q50_lddt	9.806E-01	9.684E-01	9.565E-01	51.800	78	79	79
Q44246_Q50_lddt	Q9RBW7_Q50_lddt	9.799E-01	9.677E-01	9.558E-01	50.600	78	79	79
Q44246_Q50_lddt	Q9R381_Q50_lddt	9.792E-01	9.549E-01	9.669E-01	53.200	78	77	77
Q44246_Q50_lddt	P50858_Q50_lddt	9.436E-01	9.207E-01	9.207E-01	46.800	78	79	78
Q44246_Q50_lddt	AF-Q9AIK8-F1-model_v4_Q50_lddt	9.257E-01	7.204E-01	9.113E-01	30.500	78	72	61
Q44246_Q50_lddt	AF-Q9AIK9-F1-model_v4_Q50_lddt	9.231E-01	7.188E-01	9.088E-01	30.500	78	72	61
Q54441_Q50_lddt	Q54441_Q50_lddt	1.013E+00	1.000E+00	1.000E+00	100.000	79	79	79
Q54441_Q50_lddt	S6CFI8_Q50_lddt	9.888E-01	9.764E-01	9.764E-01	51.200	79	80	79
Q54441_Q50_lddt	Q9RBW7_Q50_lddt	9.925E-01	9.801E-01	9.801E-01	54.400	79	79	79
Q54441_Q50_lddt	A0A6F8Z5F1_Q50_lddt	9.903E-01	9.781E-01	9.781E-01	54.400	79	79	79
Q54441_Q50_lddt	V5XKM9_Q50_lddt	9.878E-01	9.755E-01	9.755E-01	51.800	79	79	79
Q54441_Q50_lddt	Q43899_Q50_lddt	9.880E-01	9.758E-01	9.758E-01	51.800	79	79	79
Q54441_Q50_lddt	Q8ZPB6_Q50_lddt	9.958E-01	9.586E-01	9.831E-01	53.800	79	78	77
Q54441_Q50_lddt	Q44057_Q50_lddt	9.902E-01	9.657E-01	9.778E-01	45.500	79	79	78
Q54441_Q50_lddt	Q9R381_Q50_lddt	9.944E-01	9.573E-01	9.817E-01	53.800	79	78	77
Q54441_Q50_lddt	O52244_Q50_lddt	9.855E-01	9.733E-01	9.733E-01	50.600	79	79	79
Q54441_Q50_lddt	O52246_Q50_lddt	9.853E-01	9.731E-01	9.731E-01	49.300	79	79	79
Q54441_Q50_lddt	Q44245_Q50_lddt	9.852E-01	9.731E-01	9.731E-01	53.100	79	79	79
Q54441_Q50_lddt	O52241_Q50_lddt	9.844E-01	9.723E-01	9.723E-01	50.600	79	79	79
Q54441_Q50_lddt	O52243_Q50_lddt	9.842E-01	9.721E-01	9.721E-01	50.600	79	79	79
Q54441_Q50_lddt	O52247_Q50_lddt	9.843E-01	9.722E-01	9.722E-01	53.100	79	79	79
Q54441_Q50_lddt	O52245_Q50_lddt	9.818E-01	9.697E-01	9.697E-01	51.800	79	79	79
Q54441_Q50_lddt	Q44246_Q50_lddt	9.834E-01	9.592E-01	9.711E-01	49.300	79	79	78
Q54441_Q50_lddt	O52242_Q50_lddt	9.777E-01	9.657E-01	9.657E-01	50.600	79	79	79
Q54441_Q50_lddt	Q03635_Q50_lddt	9.766E-01	9.404E-01	9.642E-01	52.500	79	78	77
Q54441_Q50_lddt	P50858_Q50_lddt	9.673E-01	9.435E-01	9.553E-01	46.800	79	79	78
Q54441_Q50_lddt	Q75ZP9_Q50_lddt	9.630E-01	9.281E-01	9.511E-01	42.300	79	78	77
Q54441_Q50_lddt	AF-Q9AIK8-F1-model_v4_Q50_lddt	9.277E-01	7.155E-01	9.135E-01	30.500	79	72	61
Q54441_Q50_lddt	AF-Q9AIK9-F1-model_v4_Q50_lddt	9.263E-01	7.147E-01	9.121E-01	30.500	79	72	61
Q9R381_Q50_lddt	Q9R381_Q50_lddt	1.013E+00	1.000E+00	1.000E+00	100.000	77	77	77
Q9R381_Q50_lddt	Q44057_Q50_lddt	9.937E-01	9.810E-01	9.687E-01	51.900	77	77	78
Q9R381_Q50_lddt	Q54441_Q50_lddt	9.944E-01	9.817E-01	9.573E-01	53.800	77	78	79
Q9R381_Q50_lddt	O52243_Q50_lddt	9.940E-01	9.814E-01	9.570E-01	53.800	77	78	79
Q9R381_Q50_lddt	O52241_Q50_lddt	9.934E-01	9.807E-01	9.564E-01	51.200	77	78	79
Q9R381_Q50_lddt	O52245_Q50_lddt	9.916E-01	9.790E-01	9.547E-01	53.800	77	78	79
Q9R381_Q50_lddt	Q44245_Q50_lddt	9.916E-01	9.790E-01	9.547E-01	57.600	77	78	79
Q9R381_Q50_lddt	O52247_Q50_lddt	9.907E-01	9.782E-01	9.539E-01	52.500	77	78	79
Q9R381_Q50_lddt	Q8ZPB6_Q50_lddt	9.807E-01	9.683E-01	9.683E-01	100.000	77	77	77
Q9R381_Q50_lddt	Q9RBW7_Q50_lddt	9.906E-01	9.780E-01	9.538E-01	53.800	77	78	79
Q9R381_Q50_lddt	A0A6F8Z5F1_Q50_lddt	9.894E-01	9.769E-01	9.527E-01	52.500	77	78	79
Q9R381_Q50_lddt	O52244_Q50_lddt	9.890E-01	9.765E-01	9.523E-01	55.100	77	78	79
Q9R381_Q50_lddt	O52246_Q50_lddt	9.884E-01	9.759E-01	9.518E-01	55.100	77	78	79
Q9R381_Q50_lddt	S6CFI8_Q50_lddt	9.815E-01	9.690E-01	9.449E-01	49.300	77	79	79
Q9R381_Q50_lddt	V5XKM9_Q50_lddt	9.851E-01	9.727E-01	9.487E-01	57.600	77	78	79
Q9R381_Q50_lddt	Q44246_Q50_lddt	9.792E-01	9.669E-01	9.549E-01	53.200	77	77	78
Q9R381_Q50_lddt	O52242_Q50_lddt	9.840E-01	9.716E-01	9.477E-01	53.800	77	78	79
Q9R381_Q50_lddt	Q43899_Q50_lddt	9.828E-01	9.704E-01	9.466E-01	55.100	77	78	79
Q9R381_Q50_lddt	P50858_Q50_lddt	9.629E-01	9.509E-01	9.391E-01	49.300	77	79	78
Q9R381_Q50_lddt	Q03635_Q50_lddt	9.736E-01	9.365E-01	9.365E-01	71.400	77	77	77
Q9R381_Q50_lddt	Q75ZP9_Q50_lddt	9.590E-01	9.472E-01	9.472E-01	48.000	77	77	77
Q9R381_Q50_lddt	AF-Q9AIK8-F1-model_v4_Q50_lddt	9.175E-01	7.239E-01	9.033E-01	29.100	77	72	61
Q9R381_Q50_lddt	AF-Q9AIK9-F1-model_v4_Q50_lddt	9.157E-01	7.227E-01	9.015E-01	29.100	77	72	61
