D8L9Z0_conserved	D8L9Z0_conserved	1.007E+00	1.000E+00	1.000E+00	100.000	149	149	149
D8L9Z0_conserved	V9Z7M4_conserved	9.955E-01	9.889E-01	9.824E-01	85.200	149	149	150
D8L9Z0_conserved	P17585_conserved	9.899E-01	9.834E-01	9.834E-01	83.800	149	149	149
D8L9Z0_conserved	Q66RP0_conserved	9.972E-01	9.906E-01	9.006E-01	86.500	149	149	164
D8L9Z0_conserved	Q03636_conserved	8.798E-01	8.634E-01	8.743E-01	41.800	149	153	147
P17585_conserved	P17585_conserved	1.007E+00	1.000E+00	1.000E+00	100.000	149	149	149
P17585_conserved	V9Z7M4_conserved	9.925E-01	9.859E-01	9.794E-01	79.100	149	149	150
P17585_conserved	D8L9Z0_conserved	9.899E-01	9.834E-01	9.834E-01	83.800	149	149	149
P17585_conserved	Q66RP0_conserved	9.935E-01	9.869E-01	8.975E-01	81.200	149	149	164
P17585_conserved	Q03636_conserved	9.003E-01	8.832E-01	8.945E-01	44.000	149	152	147
Q03636_conserved	Q03636_conserved	1.007E+00	1.000E+00	1.000E+00	100.000	147	147	147
Q03636_conserved	P17585_conserved	9.003E-01	8.945E-01	8.832E-01	44.000	147	152	149
Q03636_conserved	V9Z7M4_conserved	8.942E-01	8.885E-01	8.718E-01	40.100	147	152	150
Q03636_conserved	D8L9Z0_conserved	8.798E-01	8.743E-01	8.634E-01	41.800	147	153	149
Q03636_conserved	Q66RP0_conserved	8.939E-01	8.882E-01	8.015E-01	40.900	147	154	164
Q66RP0_conserved	Q66RP0_conserved	1.006E+00	1.000E+00	1.000E+00	100.000	164	164	164
Q66RP0_conserved	V9Z7M4_conserved	9.991E-01	9.081E-01	9.925E-01	94.600	164	150	150
Q66RP0_conserved	D8L9Z0_conserved	9.972E-01	9.006E-01	9.906E-01	86.500	164	149	149
Q66RP0_conserved	P17585_conserved	9.935E-01	8.975E-01	9.869E-01	81.200	164	149	149
Q66RP0_conserved	Q03636_conserved	8.939E-01	8.015E-01	8.882E-01	40.900	164	154	147
V9Z7M4_conserved	V9Z7M4_conserved	1.007E+00	1.000E+00	1.000E+00	100.000	150	150	150
V9Z7M4_conserved	D8L9Z0_conserved	9.955E-01	9.824E-01	9.889E-01	85.200	150	149	149
V9Z7M4_conserved	P17585_conserved	9.925E-01	9.794E-01	9.859E-01	79.100	150	149	149
V9Z7M4_conserved	Q66RP0_conserved	9.991E-01	9.925E-01	9.081E-01	94.600	150	150	164
V9Z7M4_conserved	Q03636_conserved	8.942E-01	8.718E-01	8.885E-01	40.100	150	152	147
