MC3.MG346.AS1.GP1.C72738.G1	Q51418.pdb	8.291E-01	6.535E-01	8.093E-01	27.500	338	279	268
MC3.MG346.AS1.GP1.C72738.G1	P00553.pdb	8.504E-01	6.431E-01	8.145E-01	24.500	338	261	262
MC3.MG346.AS1.GP1.C72738.G1	E5LCR3.pdb	8.227E-01	6.430E-01	7.972E-01	24.700	338	271	267
MC3.MG346.AS1.GP1.C72738.G1	P00552.pdb	7.845E-01	6.219E-01	7.791E-01	23.400	338	281	264
MC3.MG346.AS1.GP1.C72738.G1	Q53558.pdb	8.033E-01	6.015E-01	7.538E-01	24.600	338	272	264
MC3.MG346.AS1.GP1.C72738.G1	P13250.pdb	8.174E-01	5.931E-01	7.466E-01	22.900	338	257	263
MC3.MG346.AS1.GP1.C72738.G1	P00555.pdb	8.033E-01	6.015E-01	7.434E-01	26.200	338	274	268
MC3.MG346.AS1.GP1.C72738.G1	AF-Q8GRG4-F1-model_v6.pdb	8.026E-01	6.174E-01	7.723E-01	20.100	338	268	264
MC3.MG346.AS1.GP1.C72738.G1	Q6MXT4.pdb	7.877E-01	5.539E-01	6.752E-01	23.000	338	243	271
MC3.MG346.AS1.GP1.C72738.G1	Q9F9M5.pdb	8.178E-01	5.912E-01	7.340E-01	24.300	338	259	267
MC3.MG346.AS1.GP1.C72738.G1	AF-A0A416RJZ9-F1-model_v4.pdb	7.968E-01	6.047E-01	7.561E-01	20.300	338	270	264
MC3.MG346.AS1.GP1.C72738.G1	P14509.pdb	7.907E-01	6.227E-01	7.594E-01	19.400	338	278	271
MC3.MG346.AS1.GP1.C72738.G1	Q0ZNJ3.pdb	7.908E-01	5.651E-01	7.316E-01	22.500	338	257	254
MC3.MG346.AS1.GP1.C72738.G1	P18150.pdb	7.569E-01	5.806E-01	7.046E-01	21.300	338	281	272
MC3.MG346.AS1.GP1.C72738.G1	P14508.pdb	7.616E-01	5.527E-01	7.238E-01	18.800	338	254	250
MC3.MG346.AS1.GP1.C72738.G1	A0JE50.pdb	7.723E-01	5.898E-01	7.284E-01	17.300	338	276	267
MC3.MG346.AS1.GP1.C72738.G1	N8ZRE3.pdb	7.274E-01	5.653E-01	7.004E-01	18.000	338	277	266
MC3.MG346.AS1.GP1.C72738.G1	Q4A4J8.pdb	7.542E-01	5.737E-01	7.261E-01	17.800	338	269	259
MC3.MG346.AS1.GP1.C72738.G1	P09885.pdb	7.627E-01	5.808E-01	7.344E-01	18.000	338	266	259
MC3.MG346.AS1.GP1.C72738.G1	S3N4B0.pdb	7.419E-01	5.683E-01	7.189E-01	14.300	338	272	259
MC3.MG346.AS1.GP1.C72738.G1	P00557.pdb	7.406E-01	5.529E-01	5.485E-01	14.300	338	272	341
MC3.MG346.AS1.GP1.C72738.G1	O68183.pdb	7.132E-01	5.380E-01	5.961E-01	15.100	338	270	301
MC3.MG346.AS1.GP1.C72738.G1	Q4VR94.pdb	6.936E-01	4.976E-01	5.584E-01	16.400	338	262	297
MC3.MG346.AS1.GP1.C72738.G1	Q58M16.pdb	7.143E-01	5.463E-01	6.052E-01	14.600	338	273	301
MC3.MG346.AS1.GP1.C72738.G1	P96762.pdb	6.275E-01	4.912E-01	5.343E-01	14.500	338	282	306
MC3.MG346.AS1.GP1.C72738.G1	AF-A0A1L5KKZ3-F1-model_v4.pdb	6.389E-01	5.054E-01	5.464E-01	17.400	338	281	308
MC3.MG346.AS1.GP1.C72738.G1	P09979.pdb	6.477E-01	4.928E-01	5.002E-01	15.500	338	283	332
MC3.MG346.AS1.GP1.C72738.G1	Q93ET9.pdb	6.737E-01	5.202E-01	5.792E-01	17.500	338	280	299
MC3.MG346.AS1.GP1.C72738.G1	AF-A0A854E766-F1-model_v4.pdb	6.304E-01	4.589E-01	4.499E-01	15.800	338	259	346
MC3.MG346.AS1.GP1.C72738.G1	P72441.pdb	5.955E-01	4.783E-01	4.875E-01	16.600	338	307	330
MC3.MG346.AS1.GP1.C72738.G1	O06916.pdb	6.043E-01	4.781E-01	4.864E-01	15.800	338	290	331
MC3.MG346.AS1.GP1.C72738.G1	P08077.pdb	6.549E-01	4.894E-01	5.295E-01	20.900	338	258	307
MC3.MG346.AS1.GP1.C72738.G1	P18622.pdb	6.373E-01	4.744E-01	5.123E-01	16.600	338	259	307
MC3.MG346.AS1.GP1.C72738.G1	AF-Q08JA6-F1-model_v6.pdb	6.866E-01	4.922E-01	6.008E-01	15.500	338	257	266
MC3.MG346.AS1.GP1.C72738.G1	AF-A0AB35XH07-F1-model_v6.pdb	5.356E-01	4.045E-01	4.754E-01	12.500	338	288	278
ACWU01000072.1_8_AF-A0A0H2Z8T5-F1-model_v4	AF-Q08JA6-F1-model_v6.pdb	9.619E-01	9.068E-01	9.301E-01	52.400	273	265	266
ACWU01000072.1_8_AF-A0A0H2Z8T5-F1-model_v4	AF-A0AB35XH07-F1-model_v6.pdb	8.862E-01	8.251E-01	8.112E-01	30.300	273	270	278
ACWU01000072.1_8_AF-A0A0H2Z8T5-F1-model_v4	P08077.pdb	8.106E-01	7.672E-01	6.893E-01	24.300	273	283	307
ACWU01000072.1_8_AF-A0A0H2Z8T5-F1-model_v4	P18622.pdb	7.974E-01	7.518E-01	6.748E-01	27.200	273	283	307
ACWU01000072.1_8_AF-A0A0H2Z8T5-F1-model_v4	P00557.pdb	6.754E-01	6.439E-01	5.349E-01	16.500	273	303	341
ACWU01000072.1_8_AF-A0A0H2Z8T5-F1-model_v4	A0JE50.pdb	6.489E-01	5.840E-01	5.947E-01	19.200	273	280	267
ACWU01000072.1_8_AF-A0A0H2Z8T5-F1-model_v4	Q51418.pdb	6.672E-01	5.995E-01	6.089E-01	20.400	273	274	268
ACWU01000072.1_8_AF-A0A0H2Z8T5-F1-model_v4	P00553.pdb	6.830E-01	5.986E-01	6.198E-01	16.600	273	271	262
ACWU01000072.1_8_AF-A0A0H2Z8T5-F1-model_v4	AF-A0A416RJZ9-F1-model_v4.pdb	5.933E-01	5.212E-01	5.361E-01	15.000	273	273	264
ACWU01000072.1_8_AF-A0A0H2Z8T5-F1-model_v4	P18150.pdb	6.227E-01	5.624E-01	5.632E-01	18.100	273	287	272
ACWU01000072.1_8_AF-A0A0H2Z8T5-F1-model_v4	Q9F9M5.pdb	6.569E-01	5.835E-01	5.938E-01	16.000	273	275	267
ACWU01000072.1_8_AF-A0A0H2Z8T5-F1-model_v4	Q93ET9.pdb	6.088E-01	5.872E-01	5.460E-01	11.900	273	310	299
ACWU01000072.1_8_AF-A0A0H2Z8T5-F1-model_v4	P72441.pdb	5.325E-01	5.309E-01	4.559E-01	14.500	273	350	330
ACWU01000072.1_8_AF-A0A0H2Z8T5-F1-model_v4	P14508.pdb	6.315E-01	5.274E-01	5.665E-01	13.000	273	253	250
ACWU01000072.1_8_AF-A0A0H2Z8T5-F1-model_v4	E5LCR3.pdb	6.265E-01	5.667E-01	5.764E-01	17.400	273	275	267
ACWU01000072.1_8_AF-A0A0H2Z8T5-F1-model_v4	AF-A0A1L5KKZ3-F1-model_v4.pdb	5.951E-01	5.836E-01	5.316E-01	14.200	273	315	308
ACWU01000072.1_8_AF-A0A0H2Z8T5-F1-model_v4	P00555.pdb	6.544E-01	5.812E-01	5.899E-01	18.100	273	276	268
ACWU01000072.1_8_AF-A0A0H2Z8T5-F1-model_v4	AF-A0A854E766-F1-model_v4.pdb	5.709E-01	5.503E-01	4.527E-01	15.400	273	330	346
ACWU01000072.1_8_AF-A0A0H2Z8T5-F1-model_v4	Q0ZNJ3.pdb	6.482E-01	5.533E-01	5.875E-01	15.800	273	259	254
ACWU01000072.1_8_AF-A0A0H2Z8T5-F1-model_v4	P13250.pdb	6.822E-01	5.981E-01	6.170E-01	16.900	273	271	263
ACWU01000072.1_8_AF-A0A0H2Z8T5-F1-model_v4	AF-Q8GRG4-F1-model_v6.pdb	6.536E-01	5.744E-01	5.910E-01	17.600	273	261	264
ACWU01000072.1_8_AF-A0A0H2Z8T5-F1-model_v4	Q53558.pdb	6.640E-01	5.879E-01	6.046E-01	14.600	273	273	264
ACWU01000072.1_8_AF-A0A0H2Z8T5-F1-model_v4	N8ZRE3.pdb	5.933E-01	5.344E-01	5.459E-01	16.000	273	275	266
ACWU01000072.1_8_AF-A0A0H2Z8T5-F1-model_v4	P96762.pdb	6.109E-01	5.746E-01	5.245E-01	13.000	273	298	306
ACWU01000072.1_8_AF-A0A0H2Z8T5-F1-model_v4	P09885.pdb	6.214E-01	5.477E-01	5.710E-01	13.800	273	268	259
ACWU01000072.1_8_AF-A0A0H2Z8T5-F1-model_v4	P00552.pdb	6.375E-01	5.764E-01	5.916E-01	16.000	273	274	264
ACWU01000072.1_8_AF-A0A0H2Z8T5-F1-model_v4	O06916.pdb	5.984E-01	5.603E-01	4.819E-01	9.700	273	317	331
ACWU01000072.1_8_AF-A0A0H2Z8T5-F1-model_v4	Q6MXT4.pdb	6.028E-01	5.455E-01	5.478E-01	14.000	273	278	271
ACWU01000072.1_8_AF-A0A0H2Z8T5-F1-model_v4	P14509.pdb	5.856E-01	5.259E-01	5.292E-01	19.200	273	296	271
ACWU01000072.1_8_AF-A0A0H2Z8T5-F1-model_v4	O68183.pdb	5.948E-01	5.506E-01	5.097E-01	10.400	273	288	301
ACWU01000072.1_8_AF-A0A0H2Z8T5-F1-model_v4	Q58M16.pdb	6.058E-01	5.613E-01	5.197E-01	11.100	273	287	301
ACWU01000072.1_8_AF-A0A0H2Z8T5-F1-model_v4	Q4A4J8.pdb	6.257E-01	5.508E-01	5.752E-01	13.900	273	265	259
ACWU01000072.1_8_AF-A0A0H2Z8T5-F1-model_v4	S3N4B0.pdb	6.228E-01	5.493E-01	5.724E-01	12.500	273	264	259
ACWU01000072.1_8_AF-A0A0H2Z8T5-F1-model_v4	Q4VR94.pdb	5.808E-01	5.732E-01	5.372E-01	7.500	273	305	297
ACWU01000072.1_8_AF-A0A0H2Z8T5-F1-model_v4	P09979.pdb	6.794E-01	5.935E-01	5.036E-01	17.900	273	279	332
MC3.MG101.AS1.GP1.C57064.G33_AF-R6YCS3-F1-model_v4	O06916.pdb	7.072E-01	6.930E-01	5.562E-01	14.000	259	327	331
MC3.MG101.AS1.GP1.C57064.G33_AF-R6YCS3-F1-model_v4	AF-A0A854E766-F1-model_v4.pdb	6.860E-01	6.834E-01	5.278E-01	13.600	259	330	346
MC3.MG101.AS1.GP1.C57064.G33_AF-R6YCS3-F1-model_v4	P13250.pdb	7.312E-01	6.362E-01	6.277E-01	13.200	259	272	263
MC3.MG101.AS1.GP1.C57064.G33_AF-R6YCS3-F1-model_v4	Q4VR94.pdb	6.242E-01	6.159E-01	5.495E-01	17.200	259	308	297
MC3.MG101.AS1.GP1.C57064.G33_AF-R6YCS3-F1-model_v4	Q9F9M5.pdb	6.556E-01	6.444E-01	6.268E-01	10.400	259	305	267
MC3.MG101.AS1.GP1.C57064.G33_AF-R6YCS3-F1-model_v4	O68183.pdb	6.264E-01	6.244E-01	5.507E-01	15.200	259	314	301
MC3.MG101.AS1.GP1.C57064.G33_AF-R6YCS3-F1-model_v4	AF-Q8GRG4-F1-model_v6.pdb	7.274E-01	6.431E-01	6.331E-01	13.200	259	279	264
MC3.MG101.AS1.GP1.C57064.G33_AF-R6YCS3-F1-model_v4	Q58M16.pdb	6.403E-01	6.382E-01	5.628E-01	14.300	259	314	301
MC3.MG101.AS1.GP1.C57064.G33_AF-R6YCS3-F1-model_v4	E5LCR3.pdb	6.887E-01	5.933E-01	5.774E-01	13.300	259	270	267
MC3.MG101.AS1.GP1.C57064.G33_AF-R6YCS3-F1-model_v4	Q53558.pdb	6.999E-01	6.007E-01	5.906E-01	12.400	259	273	264
MC3.MG101.AS1.GP1.C57064.G33_AF-R6YCS3-F1-model_v4	P14509.pdb	6.256E-01	5.683E-01	5.459E-01	11.200	259	284	271
MC3.MG101.AS1.GP1.C57064.G33_AF-R6YCS3-F1-model_v4	Q93ET9.pdb	6.031E-01	6.011E-01	5.337E-01	13.600	259	322	299
MC3.MG101.AS1.GP1.C57064.G33_AF-R6YCS3-F1-model_v4	AF-A0A416RJZ9-F1-model_v4.pdb	5.242E-01	5.224E-01	5.133E-01	13.600	259	316	264
MC3.MG101.AS1.GP1.C57064.G33_AF-R6YCS3-F1-model_v4	P00555.pdb	6.011E-01	5.909E-01	5.735E-01	12.500	259	312	268
MC3.MG101.AS1.GP1.C57064.G33_AF-R6YCS3-F1-model_v4	P72441.pdb	6.111E-01	6.052E-01	4.879E-01	8.900	259	336	330
MC3.MG101.AS1.GP1.C57064.G33_AF-R6YCS3-F1-model_v4	P00557.pdb	6.584E-01	6.407E-01	5.070E-01	13.500	259	311	341
MC3.MG101.AS1.GP1.C57064.G33_AF-R6YCS3-F1-model_v4	P00553.pdb	5.651E-01	5.632E-01	5.573E-01	13.500	259	310	262
MC3.MG101.AS1.GP1.C57064.G33_AF-R6YCS3-F1-model_v4	AF-A0A1L5KKZ3-F1-model_v4.pdb	6.433E-01	6.414E-01	5.538E-01	12.500	259	318	308
MC3.MG101.AS1.GP1.C57064.G33_AF-R6YCS3-F1-model_v4	Q6MXT4.pdb	6.866E-01	5.300E-01	5.095E-01	12.900	259	248	271
MC3.MG101.AS1.GP1.C57064.G33_AF-R6YCS3-F1-model_v4	P09885.pdb	5.207E-01	5.152E-01	5.152E-01	13.300	259	315	259
MC3.MG101.AS1.GP1.C57064.G33_AF-R6YCS3-F1-model_v4	S3N4B0.pdb	5.212E-01	5.084E-01	5.084E-01	14.700	259	311	259
MC3.MG101.AS1.GP1.C57064.G33_AF-R6YCS3-F1-model_v4	N8ZRE3.pdb	5.231E-01	5.194E-01	5.070E-01	12.100	259	314	266
MC3.MG101.AS1.GP1.C57064.G33_AF-R6YCS3-F1-model_v4	Q4A4J8.pdb	5.078E-01	5.025E-01	5.025E-01	13.700	259	313	259
MC3.MG101.AS1.GP1.C57064.G33_AF-R6YCS3-F1-model_v4	P00552.pdb	5.564E-01	5.050E-01	4.962E-01	11.900	259	284	264
MC3.MG101.AS1.GP1.C57064.G33_AF-R6YCS3-F1-model_v4	P96762.pdb	6.433E-01	6.369E-01	5.517E-01	11.100	259	324	306
MC3.MG101.AS1.GP1.C57064.G33_AF-R6YCS3-F1-model_v4	AF-A0AB35XH07-F1-model_v6.pdb	6.040E-01	5.686E-01	5.355E-01	11.000	259	298	278
MC3.MG101.AS1.GP1.C57064.G33_AF-R6YCS3-F1-model_v4	A0JE50.pdb	5.827E-01	5.593E-01	5.447E-01	10.600	259	301	267
MC3.MG101.AS1.GP1.C57064.G33_AF-R6YCS3-F1-model_v4	P18150.pdb	6.231E-01	5.166E-01	4.952E-01	12.000	259	266	272
MC3.MG101.AS1.GP1.C57064.G33_AF-R6YCS3-F1-model_v4	Q51418.pdb	5.370E-01	4.640E-01	4.495E-01	13.600	259	271	268
MC3.MG101.AS1.GP1.C57064.G33_AF-R6YCS3-F1-model_v4	Q0ZNJ3.pdb	5.466E-01	4.972E-01	5.061E-01	9.000	259	287	254
MC3.MG101.AS1.GP1.C57064.G33_AF-R6YCS3-F1-model_v4	P14508.pdb	5.073E-01	4.773E-01	4.913E-01	12.300	259	291	250
MC3.MG101.AS1.GP1.C57064.G33_AF-R6YCS3-F1-model_v4	P08077.pdb	5.146E-01	5.006E-01	4.314E-01	11.100	259	297	307
MC3.MG101.AS1.GP1.C57064.G33_AF-R6YCS3-F1-model_v4	P18622.pdb	6.119E-01	5.961E-01	5.169E-01	11.500	259	304	307
MC3.MG101.AS1.GP1.C57064.G33_AF-R6YCS3-F1-model_v4	AF-Q08JA6-F1-model_v6.pdb	6.287E-01	5.882E-01	5.751E-01	12.200	259	286	266
MC3.MG101.AS1.GP1.C57064.G33_AF-R6YCS3-F1-model_v4	P09979.pdb	6.307E-01	5.482E-01	4.400E-01	11.500	259	285	332
MC3.MG120.AS1.GP1.C30703.G3	AF-A0A416RJZ9-F1-model_v4.pdb	7.457E-01	6.728E-01	6.394E-01	15.800	249	252	264
MC3.MG120.AS1.GP1.C30703.G3	AF-A0AB35XH07-F1-model_v6.pdb	7.288E-01	7.060E-01	6.425E-01	14.000	249	263	278
MC3.MG120.AS1.GP1.C30703.G3	Q6MXT4.pdb	6.663E-01	6.105E-01	5.681E-01	12.000	249	273	271
MC3.MG120.AS1.GP1.C30703.G3	S3N4B0.pdb	6.904E-01	6.314E-01	6.115E-01	12.300	249	260	259
MC3.MG120.AS1.GP1.C30703.G3	Q51418.pdb	6.391E-01	5.888E-01	5.535E-01	13.400	249	275	268
MC3.MG120.AS1.GP1.C30703.G3	P13250.pdb	7.011E-01	6.384E-01	6.090E-01	14.000	249	263	263
MC3.MG120.AS1.GP1.C30703.G3	P14508.pdb	6.822E-01	6.153E-01	6.132E-01	17.900	249	251	250
MC3.MG120.AS1.GP1.C30703.G3	Q0ZNJ3.pdb	7.836E-01	7.161E-01	7.036E-01	14.000	249	263	254
MC3.MG120.AS1.GP1.C30703.G3	A0JE50.pdb	7.359E-01	6.614E-01	6.224E-01	15.100	249	258	267
MC3.MG120.AS1.GP1.C30703.G3	P00557.pdb	7.114E-01	6.943E-01	5.307E-01	15.000	249	285	341
MC3.MG120.AS1.GP1.C30703.G3	P14509.pdb	6.615E-01	6.073E-01	5.660E-01	12.600	249	276	271
MC3.MG120.AS1.GP1.C30703.G3	Q9F9M5.pdb	6.887E-01	6.288E-01	5.932E-01	16.600	249	259	267
MC3.MG120.AS1.GP1.C30703.G3	P18622.pdb	6.527E-01	6.279E-01	5.280E-01	14.000	249	270	307
MC3.MG120.AS1.GP1.C30703.G3	AF-Q8GRG4-F1-model_v6.pdb	7.157E-01	6.469E-01	6.157E-01	13.300	249	247	264
MC3.MG120.AS1.GP1.C30703.G3	P00552.pdb	7.073E-01	6.446E-01	6.133E-01	15.400	249	246	264
MC3.MG120.AS1.GP1.C30703.G3	Q53558.pdb	6.842E-01	6.320E-01	6.011E-01	16.100	249	266	264
MC3.MG120.AS1.GP1.C30703.G3	Q4A4J8.pdb	7.286E-01	6.651E-01	6.428E-01	12.700	249	259	259
MC3.MG120.AS1.GP1.C30703.G3	P18150.pdb	7.483E-01	6.720E-01	6.218E-01	14.500	249	254	272
MC3.MG120.AS1.GP1.C30703.G3	E5LCR3.pdb	7.135E-01	6.479E-01	6.105E-01	12.900	249	254	267
MC3.MG120.AS1.GP1.C30703.G3	AF-Q08JA6-F1-model_v6.pdb	6.824E-01	6.684E-01	6.330E-01	17.200	249	278	266
MC3.MG120.AS1.GP1.C30703.G3	P00555.pdb	6.462E-01	5.960E-01	5.614E-01	15.300	249	273	268
MC3.MG120.AS1.GP1.C30703.G3	P00553.pdb	6.883E-01	6.295E-01	6.031E-01	17.200	249	255	262
MC3.MG120.AS1.GP1.C30703.G3	N8ZRE3.pdb	6.997E-01	6.393E-01	6.048E-01	12.000	249	257	266
MC3.MG120.AS1.GP1.C30703.G3	P96762.pdb	6.461E-01	6.335E-01	5.385E-01	14.000	249	285	306
MC3.MG120.AS1.GP1.C30703.G3	P09885.pdb	7.104E-01	6.485E-01	6.277E-01	13.600	249	257	259
MC3.MG120.AS1.GP1.C30703.G3	P08077.pdb	6.211E-01	5.834E-01	4.893E-01	13.600	249	256	307
MC3.MG120.AS1.GP1.C30703.G3	Q93ET9.pdb	6.515E-01	6.368E-01	5.495E-01	15.700	249	280	299
MC3.MG120.AS1.GP1.C30703.G3	AF-A0A1L5KKZ3-F1-model_v4.pdb	6.324E-01	6.245E-01	5.274E-01	13.100	249	288	308
MC3.MG120.AS1.GP1.C30703.G3	Q4VR94.pdb	6.006E-01	5.800E-01	5.039E-01	15.700	249	280	297
MC3.MG120.AS1.GP1.C30703.G3	Q58M16.pdb	5.894E-01	5.875E-01	5.078E-01	14.600	249	294	301
MC3.MG120.AS1.GP1.C30703.G3	O68183.pdb	6.552E-01	6.528E-01	5.590E-01	13.600	249	292	301
MC3.MG120.AS1.GP1.C30703.G3	AF-A0A854E766-F1-model_v4.pdb	5.158E-01	5.021E-01	3.835E-01	13.200	249	310	346
MC3.MG120.AS1.GP1.C30703.G3	P09979.pdb	6.131E-01	5.910E-01	4.671E-01	16.500	249	278	332
MC3.MG120.AS1.GP1.C30703.G3	O06916.pdb	5.519E-01	5.276E-01	4.254E-01	13.000	249	292	331
MC3.MG120.AS1.GP1.C30703.G3	P72441.pdb	5.235E-01	5.152E-01	4.139E-01	13.100	249	327	330
