A5HSH8_Q50_lddt	A5HSH8_Q50_lddt	1.007E+00	1.000E+00	1.000E+00	100.000	148	148	148
A5HSH8_Q50_lddt	G3G9W7_Q50_lddt	9.896E-01	9.632E-01	9.828E-01	81.300	148	145	145
A5HSH8_Q50_lddt	Q93T29_Q50_lddt	9.858E-01	9.597E-01	9.792E-01	81.300	148	145	145
A5HSH8_Q50_lddt	Q9F613_Q50_lddt	1.003E+00	9.148E-01	9.952E-01	100.000	148	136	136
A5HSH8_Q50_lddt	Q7WTW0_Q50_lddt	9.385E-01	9.324E-01	9.324E-01	92.500	148	148	148
A5HSH8_Q50_lddt	Q8GRH0_Q50_lddt	9.639E-01	8.999E-01	9.183E-01	84.200	148	140	145
A5HSH8_Q50_lddt	Q51429_Q50_lddt	9.778E-01	9.060E-01	9.060E-01	91.300	148	138	148
A5HSH8_Q50_lddt	Q9EY51_Q50_lddt	9.872E-01	8.884E-01	9.005E-01	80.000	148	135	146
A5HSH8_Q50_lddt	Q00982_Q50_lddt	9.306E-01	9.064E-01	9.064E-01	40.000	148	150	148
A5HSH8_Q50_lddt	P35695_Q50_lddt	9.260E-01	8.958E-01	8.958E-01	40.200	148	149	148
A5HSH8_Q50_lddt	G8GB93_Q50_lddt	9.239E-01	8.878E-01	8.878E-01	39.500	148	149	148
A5HSH8_Q50_lddt	B0BKZ9_Q50_lddt	9.175E-01	8.768E-01	8.768E-01	41.200	148	148	148
A5HSH8_Q50_lddt	Q1RNF9_Q50_lddt	9.870E-01	8.689E-01	8.747E-01	48.800	148	133	147
A5HSH8_Q50_lddt	C0LZL5_Q50_lddt	9.402E-01	8.718E-01	8.718E-01	40.900	148	144	148
A5HSH8_Q50_lddt	E7D4X6_Q50_lddt	9.528E-01	8.707E-01	8.707E-01	41.800	148	141	148
A5HSH8_Q50_lddt	Q7BNC2_Q50_lddt	9.492E-01	8.677E-01	8.677E-01	43.900	148	141	148
A5HSH8_Q50_lddt	AF-A0AB74QCN5-F1-model_v6_Q50_lddt	9.318E-01	8.230E-01	9.250E-01	31.300	148	134	131
AF-A0AB74QCN5-F1-model_v6_Q50_lddt	AF-A0AB74QCN5-F1-model_v6_Q50_lddt	1.008E+00	1.000E+00	1.000E+00	100.000	131	131	131
AF-A0AB74QCN5-F1-model_v6_Q50_lddt	Q9F613_Q50_lddt	9.307E-01	9.239E-01	8.915E-01	31.300	131	134	136
AF-A0AB74QCN5-F1-model_v6_Q50_lddt	Q1RNF9_Q50_lddt	9.579E-01	9.508E-01	8.507E-01	38.000	131	134	147
AF-A0AB74QCN5-F1-model_v6_Q50_lddt	C0LZL5_Q50_lddt	9.496E-01	9.426E-01	8.384E-01	36.200	131	135	148
AF-A0AB74QCN5-F1-model_v6_Q50_lddt	E7D4X6_Q50_lddt	9.482E-01	9.413E-01	8.373E-01	36.200	131	135	148
AF-A0AB74QCN5-F1-model_v6_Q50_lddt	B0BKZ9_Q50_lddt	9.467E-01	9.398E-01	8.362E-01	35.500	131	135	148
AF-A0AB74QCN5-F1-model_v6_Q50_lddt	Q00982_Q50_lddt	9.467E-01	9.398E-01	8.362E-01	35.500	131	135	148
AF-A0AB74QCN5-F1-model_v6_Q50_lddt	Q51429_Q50_lddt	9.431E-01	9.361E-01	8.321E-01	31.300	131	134	148
AF-A0AB74QCN5-F1-model_v6_Q50_lddt	Q9EY51_Q50_lddt	9.389E-01	9.320E-01	8.401E-01	33.500	131	134	146
AF-A0AB74QCN5-F1-model_v6_Q50_lddt	G8GB93_Q50_lddt	9.442E-01	9.372E-01	8.340E-01	33.300	131	135	148
AF-A0AB74QCN5-F1-model_v6_Q50_lddt	P35695_Q50_lddt	9.439E-01	9.370E-01	8.338E-01	35.500	131	135	148
AF-A0AB74QCN5-F1-model_v6_Q50_lddt	Q7BNC2_Q50_lddt	9.435E-01	9.366E-01	8.335E-01	34.000	131	135	148
AF-A0AB74QCN5-F1-model_v6_Q50_lddt	Q93T29_Q50_lddt	9.319E-01	9.251E-01	8.394E-01	31.300	131	134	145
AF-A0AB74QCN5-F1-model_v6_Q50_lddt	Q8GRH0_Q50_lddt	9.289E-01	9.221E-01	8.370E-01	33.500	131	134	145
AF-A0AB74QCN5-F1-model_v6_Q50_lddt	G3G9W7_Q50_lddt	9.270E-01	9.203E-01	8.354E-01	29.800	131	134	145
AF-A0AB74QCN5-F1-model_v6_Q50_lddt	Q7WTW0_Q50_lddt	9.335E-01	9.267E-01	8.244E-01	32.800	131	134	148
AF-A0AB74QCN5-F1-model_v6_Q50_lddt	A5HSH8_Q50_lddt	9.318E-01	9.250E-01	8.230E-01	31.300	131	134	148
B0BKZ9_Q50_lddt	B0BKZ9_Q50_lddt	1.007E+00	1.000E+00	1.000E+00	100.000	148	148	148
B0BKZ9_Q50_lddt	Q00982_Q50_lddt	9.850E-01	9.784E-01	9.784E-01	96.600	148	148	148
B0BKZ9_Q50_lddt	C0LZL5_Q50_lddt	9.387E-01	9.264E-01	9.264E-01	80.200	148	147	148
B0BKZ9_Q50_lddt	E7D4X6_Q50_lddt	9.639E-01	9.190E-01	9.190E-01	79.700	148	143	148
B0BKZ9_Q50_lddt	Q7BNC2_Q50_lddt	9.779E-01	9.138E-01	9.138E-01	82.000	148	139	148
B0BKZ9_Q50_lddt	P35695_Q50_lddt	9.873E-01	9.081E-01	9.081E-01	81.700	148	137	148
B0BKZ9_Q50_lddt	G8GB93_Q50_lddt	1.006E+00	9.041E-01	9.041E-01	84.300	148	134	148
B0BKZ9_Q50_lddt	Q9F613_Q50_lddt	9.704E-01	8.670E-01	9.423E-01	43.400	148	138	136
B0BKZ9_Q50_lddt	Q9EY51_Q50_lddt	9.849E-01	8.731E-01	8.849E-01	45.900	148	135	146
B0BKZ9_Q50_lddt	Q93T29_Q50_lddt	9.600E-01	8.708E-01	8.885E-01	43.500	148	140	145
B0BKZ9_Q50_lddt	AF-A0AB74QCN5-F1-model_v6_Q50_lddt	9.467E-01	8.362E-01	9.398E-01	35.500	148	135	131
B0BKZ9_Q50_lddt	G3G9W7_Q50_lddt	9.557E-01	8.681E-01	8.857E-01	42.800	148	140	145
B0BKZ9_Q50_lddt	Q8GRH0_Q50_lddt	9.820E-01	8.642E-01	8.818E-01	43.700	148	135	145
B0BKZ9_Q50_lddt	Q1RNF9_Q50_lddt	9.747E-01	8.714E-01	8.772E-01	45.900	148	135	147
B0BKZ9_Q50_lddt	A5HSH8_Q50_lddt	9.175E-01	8.768E-01	8.768E-01	41.200	148	148	148
B0BKZ9_Q50_lddt	Q7WTW0_Q50_lddt	9.711E-01	8.675E-01	8.675E-01	44.200	148	138	148
B0BKZ9_Q50_lddt	Q51429_Q50_lddt	9.847E-01	8.663E-01	8.663E-01	43.700	148	135	148
C0LZL5_Q50_lddt	C0LZL5_Q50_lddt	1.007E+00	1.000E+00	1.000E+00	100.000	148	148	148
C0LZL5_Q50_lddt	E7D4X6_Q50_lddt	1.002E+00	9.948E-01	9.948E-01	100.000	148	148	148
C0LZL5_Q50_lddt	Q7BNC2_Q50_lddt	9.917E-01	9.850E-01	9.850E-01	97.200	148	148	148
C0LZL5_Q50_lddt	Q00982_Q50_lddt	9.588E-01	9.282E-01	9.282E-01	79.800	148	144	148
C0LZL5_Q50_lddt	B0BKZ9_Q50_lddt	9.387E-01	9.264E-01	9.264E-01	80.200	148	147	148
C0LZL5_Q50_lddt	P35695_Q50_lddt	1.000E+00	9.062E-01	9.062E-01	98.500	148	135	148
C0LZL5_Q50_lddt	G8GB93_Q50_lddt	1.007E+00	9.048E-01	9.048E-01	96.200	148	134	148
C0LZL5_Q50_lddt	Q9F613_Q50_lddt	9.621E-01	8.676E-01	9.424E-01	42.700	148	138	136
C0LZL5_Q50_lddt	Q9EY51_Q50_lddt	9.228E-01	8.989E-01	9.107E-01	38.900	148	149	146
C0LZL5_Q50_lddt	Q93T29_Q50_lddt	9.449E-01	8.764E-01	8.940E-01	41.900	148	143	145
C0LZL5_Q50_lddt	AF-A0AB74QCN5-F1-model_v6_Q50_lddt	9.496E-01	8.384E-01	9.426E-01	36.200	148	135	131
C0LZL5_Q50_lddt	G3G9W7_Q50_lddt	9.411E-01	8.730E-01	8.905E-01	41.200	148	143	145
C0LZL5_Q50_lddt	Q1RNF9_Q50_lddt	9.754E-01	8.719E-01	8.777E-01	45.100	148	135	147
C0LZL5_Q50_lddt	Q7WTW0_Q50_lddt	9.416E-01	8.745E-01	8.745E-01	41.900	148	143	148
C0LZL5_Q50_lddt	Q8GRH0_Q50_lddt	9.664E-01	8.637E-01	8.812E-01	42.000	148	138	145
C0LZL5_Q50_lddt	A5HSH8_Q50_lddt	9.402E-01	8.718E-01	8.718E-01	40.900	148	144	148
C0LZL5_Q50_lddt	Q51429_Q50_lddt	9.711E-01	8.676E-01	8.676E-01	40.500	148	138	148
E7D4X6_Q50_lddt	E7D4X6_Q50_lddt	1.007E+00	1.000E+00	1.000E+00	100.000	148	148	148
E7D4X6_Q50_lddt	C0LZL5_Q50_lddt	1.002E+00	9.948E-01	9.948E-01	100.000	148	148	148
E7D4X6_Q50_lddt	Q7BNC2_Q50_lddt	1.002E+00	9.949E-01	9.949E-01	97.200	148	148	148
E7D4X6_Q50_lddt	Q00982_Q50_lddt	9.681E-01	9.230E-01	9.230E-01	79.500	148	142	148
E7D4X6_Q50_lddt	B0BKZ9_Q50_lddt	9.639E-01	9.190E-01	9.190E-01	79.700	148	143	148
E7D4X6_Q50_lddt	P35695_Q50_lddt	9.996E-01	9.057E-01	9.057E-01	98.500	148	135	148
E7D4X6_Q50_lddt	G8GB93_Q50_lddt	1.007E+00	9.050E-01	9.050E-01	96.200	148	134	148
E7D4X6_Q50_lddt	Q9F613_Q50_lddt	9.615E-01	8.669E-01	9.406E-01	41.700	148	139	136
E7D4X6_Q50_lddt	Q9EY51_Q50_lddt	9.263E-01	9.024E-01	9.142E-01	38.900	148	149	146
E7D4X6_Q50_lddt	Q93T29_Q50_lddt	9.452E-01	8.765E-01	8.942E-01	41.900	148	143	145
E7D4X6_Q50_lddt	AF-A0AB74QCN5-F1-model_v6_Q50_lddt	9.482E-01	8.373E-01	9.413E-01	36.200	148	135	131
E7D4X6_Q50_lddt	G3G9W7_Q50_lddt	9.416E-01	8.734E-01	8.910E-01	41.200	148	143	145
E7D4X6_Q50_lddt	Q7WTW0_Q50_lddt	9.443E-01	8.756E-01	8.756E-01	41.900	148	143	148
E7D4X6_Q50_lddt	Q1RNF9_Q50_lddt	9.752E-01	8.718E-01	8.776E-01	45.100	148	135	147
E7D4X6_Q50_lddt	Q8GRH0_Q50_lddt	9.675E-01	8.646E-01	8.822E-01	42.000	148	138	145
E7D4X6_Q50_lddt	A5HSH8_Q50_lddt	9.528E-01	8.707E-01	8.707E-01	41.800	148	141	148
E7D4X6_Q50_lddt	Q51429_Q50_lddt	9.714E-01	8.678E-01	8.678E-01	40.500	148	138	148
G3G9W7_Q50_lddt	G3G9W7_Q50_lddt	1.007E+00	1.000E+00	1.000E+00	100.000	145	145	145
G3G9W7_Q50_lddt	Q93T29_Q50_lddt	1.004E+00	9.974E-01	9.974E-01	95.800	145	145	145
G3G9W7_Q50_lddt	A5HSH8_Q50_lddt	9.896E-01	9.828E-01	9.632E-01	81.300	145	145	148
G3G9W7_Q50_lddt	Q9F613_Q50_lddt	9.939E-01	9.259E-01	9.867E-01	83.000	145	136	136
G3G9W7_Q50_lddt	Q7WTW0_Q50_lddt	9.700E-01	9.635E-01	9.446E-01	81.300	145	145	148
G3G9W7_Q50_lddt	Q8GRH0_Q50_lddt	9.478E-01	9.416E-01	9.416E-01	90.300	145	145	145
G3G9W7_Q50_lddt	Q9EY51_Q50_lddt	9.420E-01	9.164E-01	9.102E-01	72.200	145	144	146
G3G9W7_Q50_lddt	Q51429_Q50_lddt	9.601E-01	9.078E-01	8.897E-01	79.800	145	139	148
G3G9W7_Q50_lddt	Q00982_Q50_lddt	9.219E-01	9.100E-01	8.927E-01	40.200	145	149	148
G3G9W7_Q50_lddt	P35695_Q50_lddt	9.098E-01	8.977E-01	8.801E-01	37.000	145	151	148
G3G9W7_Q50_lddt	E7D4X6_Q50_lddt	9.416E-01	8.910E-01	8.734E-01	41.200	145	143	148
G3G9W7_Q50_lddt	C0LZL5_Q50_lddt	9.411E-01	8.905E-01	8.730E-01	41.200	145	143	148
G3G9W7_Q50_lddt	Q1RNF9_Q50_lddt	9.848E-01	8.847E-01	8.729E-01	44.300	145	133	147
G3G9W7_Q50_lddt	G8GB93_Q50_lddt	9.078E-01	8.895E-01	8.720E-01	38.500	145	153	148
G3G9W7_Q50_lddt	B0BKZ9_Q50_lddt	9.557E-01	8.857E-01	8.681E-01	42.800	145	140	148
G3G9W7_Q50_lddt	Q7BNC2_Q50_lddt	9.367E-01	8.866E-01	8.696E-01	41.200	145	143	148
G3G9W7_Q50_lddt	AF-A0AB74QCN5-F1-model_v6_Q50_lddt	9.270E-01	8.354E-01	9.203E-01	29.800	145	134	131
G8GB93_Q50_lddt	G8GB93_Q50_lddt	1.007E+00	1.000E+00	1.000E+00	100.000	148	148	148
G8GB93_Q50_lddt	P35695_Q50_lddt	9.837E-01	9.706E-01	9.706E-01	87.100	148	148	148
G8GB93_Q50_lddt	Q7BNC2_Q50_lddt	1.007E+00	9.053E-01	9.053E-01	98.500	148	134	148
G8GB93_Q50_lddt	E7D4X6_Q50_lddt	1.007E+00	9.050E-01	9.050E-01	96.200	148	134	148
G8GB93_Q50_lddt	C0LZL5_Q50_lddt	1.007E+00	9.048E-01	9.048E-01	96.200	148	134	148
G8GB93_Q50_lddt	B0BKZ9_Q50_lddt	1.006E+00	9.041E-01	9.041E-01	84.300	148	134	148
G8GB93_Q50_lddt	Q9F613_Q50_lddt	9.566E-01	8.745E-01	9.498E-01	41.200	148	143	136
G8GB93_Q50_lddt	Q00982_Q50_lddt	1.005E+00	9.035E-01	9.035E-01	82.800	148	134	148
G8GB93_Q50_lddt	A5HSH8_Q50_lddt	9.239E-01	8.878E-01	8.878E-01	39.500	148	149	148
G8GB93_Q50_lddt	Q93T29_Q50_lddt	9.065E-01	8.710E-01	8.884E-01	39.200	148	153	145
G8GB93_Q50_lddt	G3G9W7_Q50_lddt	9.078E-01	8.720E-01	8.895E-01	38.500	148	153	145
G8GB93_Q50_lddt	Q9EY51_Q50_lddt	9.810E-01	8.700E-01	8.817E-01	42.200	148	135	146
G8GB93_Q50_lddt	AF-A0AB74QCN5-F1-model_v6_Q50_lddt	9.442E-01	8.340E-01	9.372E-01	33.300	148	135	131
G8GB93_Q50_lddt	Q1RNF9_Q50_lddt	9.723E-01	8.694E-01	8.752E-01	45.100	148	135	147
G8GB93_Q50_lddt	Q8GRH0_Q50_lddt	8.905E-01	8.609E-01	8.784E-01	37.800	148	156	145
G8GB93_Q50_lddt	Q51429_Q50_lddt	9.818E-01	8.641E-01	8.641E-01	42.900	148	135	148
G8GB93_Q50_lddt	Q7WTW0_Q50_lddt	9.804E-01	8.629E-01	8.629E-01	44.400	148	135	148
P35695_Q50_lddt	P35695_Q50_lddt	1.007E+00	1.000E+00	1.000E+00	100.000	148	148	148
P35695_Q50_lddt	G8GB93_Q50_lddt	9.837E-01	9.706E-01	9.706E-01	87.100	148	148	148
P35695_Q50_lddt	Q9F613_Q50_lddt	9.650E-01	8.822E-01	9.581E-01	42.500	148	141	136
P35695_Q50_lddt	Q00982_Q50_lddt	9.839E-01	9.113E-01	9.113E-01	80.400	148	138	148
P35695_Q50_lddt	B0BKZ9_Q50_lddt	9.873E-01	9.081E-01	9.081E-01	81.700	148	137	148
P35695_Q50_lddt	C0LZL5_Q50_lddt	1.000E+00	9.062E-01	9.062E-01	98.500	148	135	148
P35695_Q50_lddt	Q7BNC2_Q50_lddt	1.007E+00	9.051E-01	9.051E-01	96.200	148	134	148
P35695_Q50_lddt	E7D4X6_Q50_lddt	9.996E-01	9.057E-01	9.057E-01	98.500	148	135	148
P35695_Q50_lddt	A5HSH8_Q50_lddt	9.260E-01	8.958E-01	8.958E-01	40.200	148	149	148
P35695_Q50_lddt	Q93T29_Q50_lddt	9.109E-01	8.811E-01	8.987E-01	37.700	148	151	145
P35695_Q50_lddt	G3G9W7_Q50_lddt	9.098E-01	8.801E-01	8.977E-01	37.000	148	151	145
P35695_Q50_lddt	Q9EY51_Q50_lddt	9.822E-01	8.709E-01	8.827E-01	42.200	148	135	146
P35695_Q50_lddt	AF-A0AB74QCN5-F1-model_v6_Q50_lddt	9.439E-01	8.338E-01	9.370E-01	35.500	148	135	131
P35695_Q50_lddt	Q8GRH0_Q50_lddt	9.404E-01	8.658E-01	8.833E-01	39.500	148	144	145
P35695_Q50_lddt	Q1RNF9_Q50_lddt	9.733E-01	8.702E-01	8.760E-01	45.900	148	135	147
P35695_Q50_lddt	Q51429_Q50_lddt	9.828E-01	8.648E-01	8.648E-01	40.700	148	135	148
P35695_Q50_lddt	Q7WTW0_Q50_lddt	9.675E-01	8.652E-01	8.652E-01	43.400	148	138	148
Q1RNF9_Q50_lddt	Q1RNF9_Q50_lddt	1.007E+00	1.000E+00	1.000E+00	100.000	147	147	147
Q1RNF9_Q50_lddt	Q9F613_Q50_lddt	9.873E-01	8.749E-01	9.445E-01	48.800	147	133	136
Q1RNF9_Q50_lddt	AF-A0AB74QCN5-F1-model_v6_Q50_lddt	9.579E-01	8.507E-01	9.508E-01	38.000	147	134	131
Q1RNF9_Q50_lddt	Q9EY51_Q50_lddt	9.872E-01	8.815E-01	8.874E-01	45.800	147	133	146
Q1RNF9_Q50_lddt	Q93T29_Q50_lddt	9.878E-01	8.753E-01	8.872E-01	45.100	147	133	145
Q1RNF9_Q50_lddt	Q8GRH0_Q50_lddt	9.857E-01	8.736E-01	8.855E-01	45.800	147	133	145
Q1RNF9_Q50_lddt	G3G9W7_Q50_lddt	9.848E-01	8.729E-01	8.847E-01	44.300	147	133	145
Q1RNF9_Q50_lddt	Q51429_Q50_lddt	9.900E-01	8.770E-01	8.712E-01	48.100	147	133	148
Q1RNF9_Q50_lddt	Q00982_Q50_lddt	9.764E-01	8.786E-01	8.728E-01	46.600	147	135	148
Q1RNF9_Q50_lddt	C0LZL5_Q50_lddt	9.754E-01	8.777E-01	8.719E-01	45.100	147	135	148
Q1RNF9_Q50_lddt	Q7WTW0_Q50_lddt	9.888E-01	8.761E-01	8.703E-01	51.100	147	133	148
Q1RNF9_Q50_lddt	E7D4X6_Q50_lddt	9.752E-01	8.776E-01	8.718E-01	45.100	147	135	148
Q1RNF9_Q50_lddt	B0BKZ9_Q50_lddt	9.747E-01	8.772E-01	8.714E-01	45.900	147	135	148
Q1RNF9_Q50_lddt	A5HSH8_Q50_lddt	9.870E-01	8.747E-01	8.689E-01	48.800	147	133	148
Q1RNF9_Q50_lddt	P35695_Q50_lddt	9.733E-01	8.760E-01	8.702E-01	45.900	147	135	148
Q1RNF9_Q50_lddt	G8GB93_Q50_lddt	9.723E-01	8.752E-01	8.694E-01	45.100	147	135	148
Q1RNF9_Q50_lddt	Q7BNC2_Q50_lddt	9.711E-01	8.742E-01	8.685E-01	45.900	147	135	148
Q7BNC2_Q50_lddt	Q7BNC2_Q50_lddt	1.007E+00	1.000E+00	1.000E+00	100.000	148	148	148
Q7BNC2_Q50_lddt	E7D4X6_Q50_lddt	1.002E+00	9.949E-01	9.949E-01	97.200	148	148	148
Q7BNC2_Q50_lddt	C0LZL5_Q50_lddt	9.917E-01	9.850E-01	9.850E-01	97.200	148	148	148
Q7BNC2_Q50_lddt	Q00982_Q50_lddt	9.750E-01	9.164E-01	9.164E-01	80.000	148	140	148
Q7BNC2_Q50_lddt	B0BKZ9_Q50_lddt	9.779E-01	9.138E-01	9.138E-01	82.000	148	139	148
Q7BNC2_Q50_lddt	G8GB93_Q50_lddt	1.007E+00	9.053E-01	9.053E-01	98.500	148	134	148
Q7BNC2_Q50_lddt	P35695_Q50_lddt	1.007E+00	9.051E-01	9.051E-01	96.200	148	134	148
Q7BNC2_Q50_lddt	Q9EY51_Q50_lddt	9.258E-01	9.020E-01	9.137E-01	38.900	148	149	146
Q7BNC2_Q50_lddt	Q9F613_Q50_lddt	9.727E-01	8.629E-01	9.376E-01	44.100	148	136	136
Q7BNC2_Q50_lddt	Q93T29_Q50_lddt	9.411E-01	8.729E-01	8.905E-01	41.900	148	143	145
Q7BNC2_Q50_lddt	AF-A0AB74QCN5-F1-model_v6_Q50_lddt	9.435E-01	8.335E-01	9.366E-01	34.000	148	135	131
Q7BNC2_Q50_lddt	G3G9W7_Q50_lddt	9.367E-01	8.696E-01	8.866E-01	41.200	148	143	145
Q7BNC2_Q50_lddt	Q7WTW0_Q50_lddt	9.419E-01	8.735E-01	8.735E-01	42.600	148	143	148
Q7BNC2_Q50_lddt	Q8GRH0_Q50_lddt	9.640E-01	8.617E-01	8.792E-01	43.400	148	138	145
Q7BNC2_Q50_lddt	Q1RNF9_Q50_lddt	9.711E-01	8.685E-01	8.742E-01	45.900	148	135	147
Q7BNC2_Q50_lddt	A5HSH8_Q50_lddt	9.492E-01	8.677E-01	8.677E-01	43.900	148	141	148
Q7BNC2_Q50_lddt	Q51429_Q50_lddt	9.683E-01	8.660E-01	8.660E-01	42.300	148	137	148
Q8GRH0_Q50_lddt	Q8GRH0_Q50_lddt	1.007E+00	1.000E+00	1.000E+00	100.000	145	145	145
Q8GRH0_Q50_lddt	Q9F613_Q50_lddt	9.845E-01	9.174E-01	9.774E-01	84.600	145	137	136
Q8GRH0_Q50_lddt	Q51429_Q50_lddt	9.647E-01	9.583E-01	9.395E-01	81.300	145	145	148
Q8GRH0_Q50_lddt	Q7WTW0_Q50_lddt	9.577E-01	9.514E-01	9.321E-01	82.700	145	145	148
Q8GRH0_Q50_lddt	G3G9W7_Q50_lddt	9.478E-01	9.416E-01	9.416E-01	90.300	145	145	145
Q8GRH0_Q50_lddt	Q93T29_Q50_lddt	9.415E-01	9.354E-01	9.354E-01	91.000	145	145	145
Q8GRH0_Q50_lddt	A5HSH8_Q50_lddt	9.639E-01	9.183E-01	8.999E-01	84.200	145	140	148
Q8GRH0_Q50_lddt	Q9EY51_Q50_lddt	9.813E-01	9.074E-01	9.022E-01	75.000	145	136	146
Q8GRH0_Q50_lddt	Q1RNF9_Q50_lddt	9.857E-01	8.855E-01	8.736E-01	45.800	145	133	147
Q8GRH0_Q50_lddt	Q00982_Q50_lddt	9.848E-01	8.841E-01	8.664E-01	43.700	145	135	148
Q8GRH0_Q50_lddt	B0BKZ9_Q50_lddt	9.820E-01	8.818E-01	8.642E-01	43.700	145	135	148
Q8GRH0_Q50_lddt	E7D4X6_Q50_lddt	9.675E-01	8.822E-01	8.646E-01	42.000	145	138	148
Q8GRH0_Q50_lddt	P35695_Q50_lddt	9.537E-01	8.827E-01	8.651E-01	40.400	145	141	148
Q8GRH0_Q50_lddt	C0LZL5_Q50_lddt	9.664E-01	8.812E-01	8.637E-01	42.000	145	138	148
Q8GRH0_Q50_lddt	Q7BNC2_Q50_lddt	9.640E-01	8.792E-01	8.617E-01	43.400	145	138	148
Q8GRH0_Q50_lddt	G8GB93_Q50_lddt	8.905E-01	8.784E-01	8.609E-01	37.800	145	156	148
Q8GRH0_Q50_lddt	AF-A0AB74QCN5-F1-model_v6_Q50_lddt	9.289E-01	8.370E-01	9.221E-01	33.500	145	134	131
Q93T29_Q50_lddt	Q93T29_Q50_lddt	1.007E+00	1.000E+00	1.000E+00	100.000	145	145	145
Q93T29_Q50_lddt	G3G9W7_Q50_lddt	1.004E+00	9.974E-01	9.974E-01	95.800	145	145	145
Q93T29_Q50_lddt	A5HSH8_Q50_lddt	9.858E-01	9.792E-01	9.597E-01	81.300	145	145	148
Q93T29_Q50_lddt	Q9F613_Q50_lddt	9.920E-01	9.242E-01	9.847E-01	83.000	145	136	136
Q93T29_Q50_lddt	Q7WTW0_Q50_lddt	9.706E-01	9.641E-01	9.452E-01	81.300	145	145	148
Q93T29_Q50_lddt	Q8GRH0_Q50_lddt	9.415E-01	9.354E-01	9.354E-01	91.000	145	145	145
Q93T29_Q50_lddt	Q9EY51_Q50_lddt	9.259E-01	9.204E-01	9.166E-01	74.600	145	146	146
Q93T29_Q50_lddt	Q51429_Q50_lddt	9.761E-01	9.094E-01	8.912E-01	81.600	145	136	148
Q93T29_Q50_lddt	Q00982_Q50_lddt	9.290E-01	9.169E-01	8.988E-01	40.900	145	149	148
Q93T29_Q50_lddt	P35695_Q50_lddt	9.109E-01	8.987E-01	8.811E-01	37.700	145	151	148
Q93T29_Q50_lddt	E7D4X6_Q50_lddt	9.452E-01	8.942E-01	8.765E-01	41.900	145	143	148
Q93T29_Q50_lddt	C0LZL5_Q50_lddt	9.449E-01	8.940E-01	8.764E-01	41.900	145	143	148
Q93T29_Q50_lddt	Q1RNF9_Q50_lddt	9.878E-01	8.872E-01	8.753E-01	45.100	145	133	147
Q93T29_Q50_lddt	B0BKZ9_Q50_lddt	9.600E-01	8.885E-01	8.708E-01	43.500	145	140	148
Q93T29_Q50_lddt	Q7BNC2_Q50_lddt	9.411E-01	8.905E-01	8.729E-01	41.900	145	143	148
Q93T29_Q50_lddt	G8GB93_Q50_lddt	9.065E-01	8.884E-01	8.710E-01	39.200	145	153	148
Q93T29_Q50_lddt	AF-A0AB74QCN5-F1-model_v6_Q50_lddt	9.319E-01	8.394E-01	9.251E-01	31.300	145	134	131
Q9F613_Q50_lddt	Q9F613_Q50_lddt	1.007E+00	1.000E+00	1.000E+00	100.000	136	136	136
Q9F613_Q50_lddt	A5HSH8_Q50_lddt	1.003E+00	9.952E-01	9.148E-01	100.000	136	136	148
Q9F613_Q50_lddt	G3G9W7_Q50_lddt	9.939E-01	9.867E-01	9.259E-01	83.000	136	136	145
Q9F613_Q50_lddt	Q93T29_Q50_lddt	9.920E-01	9.847E-01	9.242E-01	83.000	136	136	145
Q9F613_Q50_lddt	Q8GRH0_Q50_lddt	9.845E-01	9.774E-01	9.174E-01	84.600	136	137	145
Q9F613_Q50_lddt	Q7WTW0_Q50_lddt	9.834E-01	9.763E-01	8.978E-01	91.900	136	137	148
Q9F613_Q50_lddt	Q9EY51_Q50_lddt	9.998E-01	9.632E-01	8.974E-01	80.400	136	133	146
Q9F613_Q50_lddt	Q51429_Q50_lddt	9.738E-01	9.667E-01	8.893E-01	90.400	136	136	148
Q9F613_Q50_lddt	P35695_Q50_lddt	9.650E-01	9.581E-01	8.822E-01	42.500	136	141	148
Q9F613_Q50_lddt	Q00982_Q50_lddt	9.581E-01	9.512E-01	8.754E-01	43.500	136	140	148
Q9F613_Q50_lddt	G8GB93_Q50_lddt	9.566E-01	9.498E-01	8.745E-01	41.200	136	143	148
Q9F613_Q50_lddt	Q1RNF9_Q50_lddt	9.873E-01	9.445E-01	8.749E-01	48.800	136	133	147
Q9F613_Q50_lddt	B0BKZ9_Q50_lddt	9.704E-01	9.423E-01	8.670E-01	43.400	136	138	148
Q9F613_Q50_lddt	C0LZL5_Q50_lddt	9.621E-01	9.424E-01	8.676E-01	42.700	136	138	148
Q9F613_Q50_lddt	E7D4X6_Q50_lddt	9.615E-01	9.406E-01	8.669E-01	41.700	136	139	148
Q9F613_Q50_lddt	Q7BNC2_Q50_lddt	9.727E-01	9.376E-01	8.629E-01	44.100	136	136	148
Q9F613_Q50_lddt	AF-A0AB74QCN5-F1-model_v6_Q50_lddt	9.307E-01	8.915E-01	9.239E-01	31.300	136	134	131
Q00982_Q50_lddt	Q00982_Q50_lddt	1.007E+00	1.000E+00	1.000E+00	100.000	148	148	148
Q00982_Q50_lddt	B0BKZ9_Q50_lddt	9.849E-01	9.784E-01	9.784E-01	96.600	148	148	148
Q00982_Q50_lddt	C0LZL5_Q50_lddt	9.588E-01	9.282E-01	9.282E-01	79.800	148	144	148
Q00982_Q50_lddt	E7D4X6_Q50_lddt	9.681E-01	9.230E-01	9.230E-01	79.500	148	142	148
Q00982_Q50_lddt	Q7BNC2_Q50_lddt	9.750E-01	9.164E-01	9.164E-01	80.000	148	140	148
Q00982_Q50_lddt	P35695_Q50_lddt	9.839E-01	9.113E-01	9.113E-01	80.400	148	138	148
Q00982_Q50_lddt	Q9F613_Q50_lddt	9.581E-01	8.754E-01	9.512E-01	43.500	148	140	136
Q00982_Q50_lddt	G8GB93_Q50_lddt	1.005E+00	9.035E-01	9.035E-01	82.800	148	134	148
Q00982_Q50_lddt	Q93T29_Q50_lddt	9.290E-01	8.988E-01	9.169E-01	40.900	148	149	145
Q00982_Q50_lddt	A5HSH8_Q50_lddt	9.306E-01	9.064E-01	9.064E-01	40.000	148	150	148
Q00982_Q50_lddt	G3G9W7_Q50_lddt	9.219E-01	8.927E-01	9.100E-01	40.200	148	149	145
Q00982_Q50_lddt	Q9EY51_Q50_lddt	9.742E-01	8.766E-01	8.885E-01	44.900	148	138	146
Q00982_Q50_lddt	AF-A0AB74QCN5-F1-model_v6_Q50_lddt	9.467E-01	8.362E-01	9.398E-01	35.500	148	135	131
Q00982_Q50_lddt	Q8GRH0_Q50_lddt	9.848E-01	8.664E-01	8.841E-01	43.700	148	135	145
Q00982_Q50_lddt	Q1RNF9_Q50_lddt	9.764E-01	8.728E-01	8.786E-01	46.600	148	135	147
Q00982_Q50_lddt	Q7WTW0_Q50_lddt	9.594E-01	8.697E-01	8.697E-01	43.900	148	141	148
Q00982_Q50_lddt	Q51429_Q50_lddt	9.865E-01	8.678E-01	8.678E-01	43.700	148	135	148
Q51429_Q50_lddt	Q51429_Q50_lddt	1.007E+00	1.000E+00	1.000E+00	100.000	148	148	148
Q51429_Q50_lddt	Q8GRH0_Q50_lddt	9.647E-01	9.395E-01	9.583E-01	81.300	148	145	145
Q51429_Q50_lddt	Q7WTW0_Q50_lddt	9.513E-01	9.451E-01	9.451E-01	89.800	148	148	148
Q51429_Q50_lddt	Q9F613_Q50_lddt	9.738E-01	8.893E-01	9.667E-01	90.400	148	136	136
Q51429_Q50_lddt	A5HSH8_Q50_lddt	9.778E-01	9.060E-01	9.060E-01	91.300	148	138	148
Q51429_Q50_lddt	Q93T29_Q50_lddt	9.761E-01	8.912E-01	9.094E-01	81.600	148	136	145
Q51429_Q50_lddt	Q9EY51_Q50_lddt	9.213E-01	8.969E-01	9.089E-01	71.500	148	151	146
Q51429_Q50_lddt	G3G9W7_Q50_lddt	9.601E-01	8.897E-01	9.078E-01	79.800	148	139	145
Q51429_Q50_lddt	AF-A0AB74QCN5-F1-model_v6_Q50_lddt	9.431E-01	8.321E-01	9.361E-01	31.300	148	134	131
Q51429_Q50_lddt	Q1RNF9_Q50_lddt	9.900E-01	8.712E-01	8.770E-01	48.100	148	133	147
Q51429_Q50_lddt	Q00982_Q50_lddt	9.865E-01	8.678E-01	8.678E-01	43.700	148	135	148
Q51429_Q50_lddt	E7D4X6_Q50_lddt	9.714E-01	8.678E-01	8.678E-01	40.500	148	138	148
Q51429_Q50_lddt	C0LZL5_Q50_lddt	9.711E-01	8.676E-01	8.676E-01	40.500	148	138	148
Q51429_Q50_lddt	B0BKZ9_Q50_lddt	9.847E-01	8.663E-01	8.663E-01	43.700	148	135	148
Q51429_Q50_lddt	P35695_Q50_lddt	9.828E-01	8.648E-01	8.648E-01	40.700	148	135	148
Q51429_Q50_lddt	Q7BNC2_Q50_lddt	9.683E-01	8.660E-01	8.660E-01	42.300	148	137	148
Q51429_Q50_lddt	G8GB93_Q50_lddt	9.818E-01	8.641E-01	8.641E-01	42.900	148	135	148
Q7WTW0_Q50_lddt	Q7WTW0_Q50_lddt	1.007E+00	1.000E+00	1.000E+00	100.000	148	148	148
Q7WTW0_Q50_lddt	Q93T29_Q50_lddt	9.706E-01	9.452E-01	9.641E-01	81.300	148	145	145
Q7WTW0_Q50_lddt	G3G9W7_Q50_lddt	9.700E-01	9.446E-01	9.635E-01	81.300	148	145	145
Q7WTW0_Q50_lddt	Q9F613_Q50_lddt	9.834E-01	8.978E-01	9.763E-01	91.900	148	137	136
Q7WTW0_Q50_lddt	Q51429_Q50_lddt	9.513E-01	9.451E-01	9.451E-01	89.800	148	148	148
Q7WTW0_Q50_lddt	Q8GRH0_Q50_lddt	9.577E-01	9.321E-01	9.514E-01	82.700	148	145	145
Q7WTW0_Q50_lddt	Q9EY51_Q50_lddt	9.582E-01	9.331E-01	9.455E-01	77.300	148	146	146
Q7WTW0_Q50_lddt	A5HSH8_Q50_lddt	9.385E-01	9.324E-01	9.324E-01	92.500	148	148	148
Q7WTW0_Q50_lddt	E7D4X6_Q50_lddt	9.443E-01	8.756E-01	8.756E-01	41.900	148	143	148
Q7WTW0_Q50_lddt	Q1RNF9_Q50_lddt	9.888E-01	8.703E-01	8.761E-01	51.100	148	133	147
Q7WTW0_Q50_lddt	C0LZL5_Q50_lddt	9.416E-01	8.745E-01	8.745E-01	41.900	148	143	148
Q7WTW0_Q50_lddt	Q00982_Q50_lddt	9.594E-01	8.697E-01	8.697E-01	43.900	148	141	148
Q7WTW0_Q50_lddt	Q7BNC2_Q50_lddt	9.419E-01	8.735E-01	8.735E-01	42.600	148	143	148
Q7WTW0_Q50_lddt	B0BKZ9_Q50_lddt	9.711E-01	8.675E-01	8.675E-01	44.200	148	138	148
Q7WTW0_Q50_lddt	AF-A0AB74QCN5-F1-model_v6_Q50_lddt	9.335E-01	8.244E-01	9.267E-01	32.800	148	134	131
Q7WTW0_Q50_lddt	P35695_Q50_lddt	9.675E-01	8.652E-01	8.652E-01	43.400	148	138	148
Q7WTW0_Q50_lddt	G8GB93_Q50_lddt	9.804E-01	8.629E-01	8.629E-01	44.400	148	135	148
Q9EY51_Q50_lddt	Q9EY51_Q50_lddt	1.007E+00	1.000E+00	1.000E+00	100.000	146	146	146
Q9EY51_Q50_lddt	Q9F613_Q50_lddt	9.998E-01	8.974E-01	9.632E-01	80.400	146	133	136
Q9EY51_Q50_lddt	Q7WTW0_Q50_lddt	9.582E-01	9.455E-01	9.331E-01	77.300	146	146	148
Q9EY51_Q50_lddt	Q93T29_Q50_lddt	9.259E-01	9.166E-01	9.204E-01	74.600	146	146	145
Q9EY51_Q50_lddt	G3G9W7_Q50_lddt	9.420E-01	9.102E-01	9.164E-01	72.200	146	144	145
Q9EY51_Q50_lddt	Q8GRH0_Q50_lddt	9.813E-01	9.022E-01	9.074E-01	75.000	146	136	145
Q9EY51_Q50_lddt	Q51429_Q50_lddt	9.213E-01	9.089E-01	8.969E-01	71.500	146	151	148
Q9EY51_Q50_lddt	Q7BNC2_Q50_lddt	9.258E-01	9.137E-01	9.020E-01	38.900	146	149	148
Q9EY51_Q50_lddt	E7D4X6_Q50_lddt	9.263E-01	9.142E-01	9.024E-01	38.900	146	149	148
Q9EY51_Q50_lddt	A5HSH8_Q50_lddt	9.872E-01	9.005E-01	8.884E-01	80.000	146	135	148
Q9EY51_Q50_lddt	C0LZL5_Q50_lddt	9.228E-01	9.107E-01	8.989E-01	38.900	146	149	148
Q9EY51_Q50_lddt	Q1RNF9_Q50_lddt	9.872E-01	8.874E-01	8.815E-01	45.800	146	133	147
Q9EY51_Q50_lddt	Q00982_Q50_lddt	9.742E-01	8.885E-01	8.766E-01	44.900	146	138	148
Q9EY51_Q50_lddt	B0BKZ9_Q50_lddt	9.849E-01	8.849E-01	8.731E-01	45.900	146	135	148
Q9EY51_Q50_lddt	P35695_Q50_lddt	9.822E-01	8.827E-01	8.709E-01	42.200	146	135	148
Q9EY51_Q50_lddt	G8GB93_Q50_lddt	9.810E-01	8.817E-01	8.700E-01	42.200	146	135	148
Q9EY51_Q50_lddt	AF-A0AB74QCN5-F1-model_v6_Q50_lddt	9.389E-01	8.401E-01	9.320E-01	33.500	146	134	131
