query_B	Q9JRP7_Q75_lDDT.pdb	8.409E-01	2.704E-01	8.241E-01	7.400	295	201	89
query_B	AF-A0A1L6K5X8-F1-model_v4_Q75_lDDT.pdb	8.380E-01	2.696E-01	8.212E-01	9.900	295	201	89
query_B	Q8KKG1_Q75_lDDT.pdb	8.337E-01	2.686E-01	8.089E-01	9.400	295	201	90
query_B	MBL1b_Q75_lDDT.pdb	8.330E-01	2.686E-01	8.082E-01	9.400	295	201	90
query_B	AF-A8GGW7-F1-model_v4_Q75_lDDT.pdb	8.263E-01	2.674E-01	8.099E-01	11.400	295	201	89
query_B	Q9KJB3_Q75_lDDT.pdb	8.192E-01	2.660E-01	8.110E-01	9.900	295	201	88
query_B	A0A0C5LQ44_Q75_lDDT.pdb	8.240E-01	2.669E-01	8.076E-01	8.900	295	201	89
query_B	Q9KJB6_Q75_lDDT.pdb	8.188E-01	2.660E-01	8.106E-01	10.400	295	201	88
query_B	Q9KJB5_Q75_lDDT.pdb	8.187E-01	2.660E-01	8.105E-01	9.900	295	201	88
query_B	Q9KJB4_Q75_lDDT.pdb	8.186E-01	2.660E-01	8.104E-01	10.400	295	201	88
query_B	Q9KJB1_Q75_lDDT.pdb	8.182E-01	2.660E-01	8.100E-01	9.400	295	201	88
query_B	AF-A0A4D6P0I4-F1-model_v4_Q75_lDDT.pdb	8.304E-01	2.685E-01	8.059E-01	6.900	295	201	90
query_B	AF-A0A0D6SYW3-F1-model_v4_Q75_lDDT.pdb	8.300E-01	2.685E-01	8.055E-01	6.900	295	201	90
query_B	Q9KJB2_Q75_lDDT.pdb	8.182E-01	2.660E-01	8.100E-01	9.900	295	201	88
query_B	U3U4Q6_Q75_lDDT.pdb	8.288E-01	2.684E-01	8.043E-01	8.400	295	201	90
query_B	A0A0C5LDD5_Q75_lDDT.pdb	8.211E-01	2.665E-01	8.048E-01	8.400	295	201	89
query_B	Q5EEU4_Q75_lDDT.pdb	8.191E-01	2.660E-01	8.029E-01	9.400	295	201	89
query_B	A0A0C5L392_Q75_lDDT.pdb	8.190E-01	2.661E-01	8.027E-01	8.400	295	201	89
query_B	Q6DTI7_Q75_lDDT.pdb	8.185E-01	2.660E-01	8.023E-01	9.900	295	201	89
query_B	Q6DTI9_Q75_lDDT.pdb	8.186E-01	2.659E-01	8.023E-01	9.900	295	201	89
query_B	A0A0C5LDD9_Q75_lDDT.pdb	8.233E-01	2.668E-01	7.990E-01	7.400	295	201	90
query_B	Q6V8J2_Q75_lDDT.pdb	8.185E-01	2.660E-01	8.022E-01	9.900	295	201	89
query_B	Q6DTJ0_Q75_lDDT.pdb	8.184E-01	2.660E-01	8.022E-01	9.900	295	201	89
query_B	Q9RB00_Q75_lDDT.pdb	8.180E-01	2.659E-01	8.018E-01	9.900	295	201	89
query_B	B5L5V5_Q75_lDDT.pdb	8.230E-01	2.666E-01	7.987E-01	5.900	295	201	90
query_B	B5L5X0_Q75_lDDT.pdb	8.224E-01	2.667E-01	7.981E-01	6.900	295	201	90
query_B	Q4JRB6_Q75_lDDT.pdb	8.173E-01	2.658E-01	8.011E-01	9.400	295	201	89
query_B	GRD33_Q75_lDDT.pdb	8.239E-01	2.680E-01	7.998E-01	7.900	295	201	90
query_B	G5ELM3_Q75_lDDT.pdb	8.256E-01	2.648E-01	8.010E-01	7.400	295	201	89
query_B	AF-A0A0D0GMS0-F1-model_v4_Q75_lDDT.pdb	8.215E-01	2.666E-01	7.973E-01	5.900	295	201	90
query_B	ECM-1_Q75_lDDT.pdb	8.217E-01	2.666E-01	7.974E-01	6.900	295	201	90
query_B	Q9K578_Q75_lDDT.pdb	8.215E-01	2.667E-01	7.973E-01	10.400	295	201	90
query_B	AF-A0A1L6K5Z8-F1-model_v4_Q75_lDDT.pdb	8.226E-01	2.676E-01	7.985E-01	7.400	295	201	90
query_B	AF-Q9AEF9-F1-model_v4_Q75_lDDT.pdb	8.207E-01	2.668E-01	7.966E-01	8.400	295	201	90
query_B	AF-K4GMG9-F1-model_v6_Q75_lDDT.pdb	8.204E-01	2.667E-01	7.963E-01	7.900	295	201	90
query_B	AF-K4GMF9-F1-model_v4_Q75_lDDT.pdb	8.203E-01	2.666E-01	7.962E-01	4.900	295	201	90
query_B	B3SU2_Q75_lDDT.pdb	8.186E-01	2.662E-01	7.945E-01	8.900	295	201	90
query_B	Q6DTI4_Q75_lDDT.pdb	8.180E-01	2.659E-01	7.939E-01	8.900	295	201	90
query_B	Q6DTI5_Q75_lDDT.pdb	8.179E-01	2.659E-01	7.938E-01	8.900	295	201	90
query_B	Q6DTI8_Q75_lDDT.pdb	8.179E-01	2.659E-01	7.938E-01	9.400	295	201	90
query_B	PJM-1_Q75_lDDT.pdb	8.219E-01	2.646E-01	7.976E-01	9.400	295	201	89
query_B	A0A0C5LQ34_Q75_lDDT.pdb	8.205E-01	2.637E-01	7.961E-01	10.900	295	201	89
query_B	Q5S4Q5_Q75_lDDT.pdb	8.171E-01	2.657E-01	7.931E-01	8.900	295	201	90
query_B	AF-A0A1L6K5Y8-F1-model_v4_Q75_lDDT.pdb	8.180E-01	2.667E-01	7.941E-01	7.400	295	201	90
query_B	A0A0C5LDH9_Q75_lDDT.pdb	8.198E-01	2.639E-01	7.955E-01	9.400	295	201	89
query_B	B5DCA0_Q75_lDDT.pdb	8.196E-01	2.642E-01	7.954E-01	8.900	295	201	89
query_B	A0A059Q5E8_Q75_lDDT.pdb	8.172E-01	2.634E-01	7.930E-01	8.400	295	201	89
query_B	AF-K4GMK0-F1-model_v4_Q75_lDDT.pdb	8.144E-01	2.661E-01	7.906E-01	7.400	295	201	90
query_B	A0A386JBC5_Q75_lDDT.pdb	8.164E-01	2.634E-01	7.922E-01	8.900	295	201	89
query_B	AF-Q89GW5-F1-model_v4_Q75_lDDT.pdb	8.071E-01	2.638E-01	7.912E-01	6.400	295	201	89
query_B	B5L5V9_Q75_lDDT.pdb	8.160E-01	2.599E-01	7.915E-01	6.400	295	201	88
query_B	B5L5V0_Q75_lDDT.pdb	8.117E-01	2.659E-01	7.882E-01	6.900	295	201	90
query_B	B5L5W3_Q75_lDDT.pdb	8.070E-01	2.602E-01	7.908E-01	6.500	295	199	87
query_B	AF-Q6D395-F1-model_v4_Q75_lDDT.pdb	8.131E-01	2.619E-01	7.890E-01	8.000	295	199	88
query_B	B5L5V2_Q75_lDDT.pdb	8.108E-01	2.609E-01	7.867E-01	7.500	295	199	88
query_B	AF-A0A1L6K5Z9-F1-model_v4_Q75_lDDT.pdb	8.091E-01	2.647E-01	7.855E-01	7.500	295	199	89
query_B	AF-A0A1L5BQA7-F1-model_v4_Q75_lDDT.pdb	8.121E-01	2.601E-01	7.880E-01	5.400	295	201	88
query_B	AF-K4GMG4-F1-model_v4_Q75_lDDT.pdb	8.082E-01	2.619E-01	7.844E-01	6.900	295	201	89
query_B	NWM_Q75_lDDT.pdb	8.025E-01	2.682E-01	7.798E-01	7.500	295	198	90
query_B	B3SU1_Q75_lDDT.pdb	8.061E-01	2.594E-01	7.823E-01	8.400	295	201	88
query_B	B5L5V3_Q75_lDDT.pdb	7.990E-01	2.614E-01	7.759E-01	9.400	295	202	89
query_A	Q9KJB2_Q75_lDDT.pdb	9.364E-01	2.984E-01	9.264E-01	14.400	286	201	88
query_A	Q9KJB6_Q75_lDDT.pdb	9.358E-01	2.983E-01	9.259E-01	13.400	286	201	88
query_A	Q9KJB4_Q75_lDDT.pdb	9.356E-01	2.983E-01	9.257E-01	13.900	286	201	88
query_A	Q9KJB5_Q75_lDDT.pdb	9.357E-01	2.983E-01	9.257E-01	13.400	286	201	88
query_A	Q9JRP7_Q75_lDDT.pdb	9.417E-01	2.991E-01	9.218E-01	9.900	286	201	89
query_A	Q9KJB3_Q75_lDDT.pdb	9.355E-01	2.983E-01	9.255E-01	13.400	286	201	88
query_A	Q9KJB1_Q75_lDDT.pdb	9.348E-01	2.982E-01	9.249E-01	14.400	286	201	88
query_A	Q5EEU4_Q75_lDDT.pdb	9.388E-01	2.987E-01	9.190E-01	13.900	286	201	89
query_A	A0A0C5LDD5_Q75_lDDT.pdb	9.379E-01	2.986E-01	9.181E-01	10.900	286	201	89
query_A	A0A0C5L392_Q75_lDDT.pdb	9.371E-01	2.985E-01	9.174E-01	12.900	286	201	89
query_A	Q4JRB6_Q75_lDDT.pdb	9.360E-01	2.984E-01	9.163E-01	13.400	286	201	89
query_A	A0A0C5LQ44_Q75_lDDT.pdb	9.360E-01	2.984E-01	9.164E-01	10.400	286	201	89
query_A	Q6DTI9_Q75_lDDT.pdb	9.358E-01	2.983E-01	9.161E-01	13.400	286	201	89
query_A	Q6DTI7_Q75_lDDT.pdb	9.356E-01	2.983E-01	9.159E-01	14.400	286	201	89
query_A	Q6V8J2_Q75_lDDT.pdb	9.356E-01	2.983E-01	9.159E-01	13.400	286	201	89
query_A	Q6DTJ0_Q75_lDDT.pdb	9.354E-01	2.983E-01	9.158E-01	13.400	286	201	89
query_A	Q9RB00_Q75_lDDT.pdb	9.353E-01	2.983E-01	9.157E-01	13.900	286	201	89
query_A	A0A0C5LDD9_Q75_lDDT.pdb	9.400E-01	2.988E-01	9.105E-01	13.400	286	201	90
query_A	B5L5X0_Q75_lDDT.pdb	9.401E-01	2.989E-01	9.107E-01	11.400	286	201	90
query_A	AF-A0A0D0GMS0-F1-model_v4_Q75_lDDT.pdb	9.401E-01	2.989E-01	9.107E-01	11.900	286	201	90
query_A	B5L5V5_Q75_lDDT.pdb	9.400E-01	2.989E-01	9.106E-01	12.400	286	201	90
query_A	AF-A8GGW7-F1-model_v4_Q75_lDDT.pdb	9.336E-01	2.981E-01	9.141E-01	8.900	286	201	89
query_A	B3SU2_Q75_lDDT.pdb	9.379E-01	2.986E-01	9.086E-01	11.900	286	201	90
query_A	Q5S4Q5_Q75_lDDT.pdb	9.360E-01	2.983E-01	9.068E-01	13.900	286	201	90
query_A	Q6DTI5_Q75_lDDT.pdb	9.344E-01	2.981E-01	9.052E-01	13.900	286	201	90
query_A	Q6DTI4_Q75_lDDT.pdb	9.341E-01	2.981E-01	9.050E-01	13.900	286	201	90
query_A	Q6DTI8_Q75_lDDT.pdb	9.339E-01	2.980E-01	9.048E-01	14.400	286	201	90
query_A	U3U4Q6_Q75_lDDT.pdb	9.322E-01	2.978E-01	9.032E-01	10.900	286	201	90
query_A	AF-A0A0D6SYW3-F1-model_v4_Q75_lDDT.pdb	9.318E-01	2.975E-01	9.028E-01	9.400	286	201	90
query_A	AF-A0A4D6P0I4-F1-model_v4_Q75_lDDT.pdb	9.317E-01	2.975E-01	9.027E-01	9.400	286	201	90
query_A	AF-A0A1L6K5X8-F1-model_v4_Q75_lDDT.pdb	9.265E-01	2.972E-01	9.072E-01	8.400	286	201	89
query_A	Q9K578_Q75_lDDT.pdb	9.318E-01	2.979E-01	9.028E-01	8.900	286	201	90
query_A	B5L5V9_Q75_lDDT.pdb	9.357E-01	2.917E-01	9.058E-01	10.900	286	201	88
query_A	B5L5V3_Q75_lDDT.pdb	9.323E-01	2.945E-01	9.030E-01	10.400	286	201	89
query_A	AF-A0A1L5BQA7-F1-model_v4_Q75_lDDT.pdb	9.341E-01	2.916E-01	9.044E-01	11.900	286	201	88
query_A	MBL1b_Q75_lDDT.pdb	9.288E-01	2.976E-01	9.000E-01	9.900	286	201	90
query_A	Q8KKG1_Q75_lDDT.pdb	9.282E-01	2.975E-01	8.995E-01	10.400	286	201	90
query_A	A0A0C5LDH9_Q75_lDDT.pdb	9.299E-01	2.943E-01	9.008E-01	10.400	286	201	89
query_A	AF-Q9AEF9-F1-model_v4_Q75_lDDT.pdb	9.254E-01	2.970E-01	8.968E-01	7.900	286	201	90
query_A	B5L5V0_Q75_lDDT.pdb	9.240E-01	2.969E-01	8.955E-01	8.900	286	201	90
query_A	AF-K4GMK0-F1-model_v4_Q75_lDDT.pdb	9.239E-01	2.969E-01	8.954E-01	11.400	286	201	90
query_A	AF-Q89GW5-F1-model_v4_Q75_lDDT.pdb	9.124E-01	2.941E-01	8.934E-01	12.400	286	201	89
query_A	A0A0C5LQ34_Q75_lDDT.pdb	9.234E-01	2.935E-01	8.946E-01	12.400	286	201	89
query_A	AF-A0A1L6K5Z9-F1-model_v4_Q75_lDDT.pdb	9.215E-01	2.933E-01	8.928E-01	8.400	286	201	89
query_A	A0A386JBC5_Q75_lDDT.pdb	9.212E-01	2.933E-01	8.926E-01	8.900	286	201	89
query_A	G5ELM3_Q75_lDDT.pdb	9.199E-01	2.930E-01	8.913E-01	9.900	286	201	89
query_A	B5L5W3_Q75_lDDT.pdb	9.153E-01	2.890E-01	8.959E-01	10.900	286	201	87
query_A	GRD33_Q75_lDDT.pdb	9.167E-01	2.960E-01	8.887E-01	9.900	286	201	90
query_A	AF-K4GMG4-F1-model_v4_Q75_lDDT.pdb	9.188E-01	2.929E-01	8.903E-01	10.900	286	201	89
query_A	AF-K4GMF9-F1-model_v4_Q75_lDDT.pdb	9.148E-01	2.956E-01	8.868E-01	10.400	286	201	90
query_A	ECM-1_Q75_lDDT.pdb	9.144E-01	2.955E-01	8.864E-01	8.900	286	201	90
query_A	AF-K4GMG9-F1-model_v6_Q75_lDDT.pdb	9.145E-01	2.956E-01	8.865E-01	10.400	286	201	90
query_A	NWM_Q75_lDDT.pdb	9.142E-01	2.954E-01	8.862E-01	10.900	286	201	90
query_A	AF-A0A1L6K5Z8-F1-model_v4_Q75_lDDT.pdb	9.144E-01	2.957E-01	8.865E-01	8.900	286	201	90
query_A	A0A059Q5E8_Q75_lDDT.pdb	9.080E-01	2.904E-01	8.797E-01	8.900	286	201	89
query_A	AF-Q6D395-F1-model_v4_Q75_lDDT.pdb	9.082E-01	2.868E-01	8.796E-01	11.900	286	201	88
query_A	B5L5V2_Q75_lDDT.pdb	9.088E-01	2.878E-01	8.804E-01	9.400	286	201	88
query_A	AF-A0A1L6K5Y8-F1-model_v4_Q75_lDDT.pdb	8.998E-01	2.927E-01	8.724E-01	8.400	286	201	90
query_A	B5DCA0_Q75_lDDT.pdb	8.832E-01	2.874E-01	8.564E-01	7.900	286	201	89
query_A	B3SU1_Q75_lDDT.pdb	8.840E-01	2.840E-01	8.568E-01	6.400	286	201	88
query_A	PJM-1_Q75_lDDT.pdb	8.791E-01	2.869E-01	8.527E-01	9.900	286	201	89
