Q51429_conserved	Q51429_conserved	1.010E+00	1.000E+00	1.000E+00	100.000	103	103	103
Q51429_conserved	Q7WTW0_conserved	9.867E-01	9.772E-01	9.772E-01	99.000	103	103	103
Q51429_conserved	Q9EY51_conserved	1.003E+00	9.741E-01	9.741E-01	97.000	103	101	103
Q51429_conserved	Q93T29_conserved	1.001E+00	9.724E-01	9.724E-01	97.000	103	101	103
Q51429_conserved	Q8GRH0_conserved	9.838E-01	9.744E-01	9.744E-01	97.000	103	103	103
Q51429_conserved	G3G9W7_conserved	1.000E+00	9.716E-01	9.716E-01	96.000	103	101	103
Q51429_conserved	A5HSH8_conserved	9.929E-01	9.643E-01	9.643E-01	99.000	103	101	103
Q51429_conserved	Q9F613_conserved	9.927E-01	9.450E-01	9.828E-01	98.900	103	99	99
Q51429_conserved	Q00982_conserved	9.681E-01	9.406E-01	9.406E-01	60.300	103	101	103
Q51429_conserved	E7D4X6_conserved	9.666E-01	9.392E-01	9.392E-01	59.400	103	101	103
Q51429_conserved	B0BKZ9_conserved	9.657E-01	9.383E-01	9.383E-01	60.300	103	101	103
Q51429_conserved	G8GB93_conserved	9.662E-01	9.389E-01	9.389E-01	59.400	103	101	103
Q51429_conserved	Q7BNC2_conserved	9.630E-01	9.358E-01	9.358E-01	59.400	103	101	103
Q51429_conserved	C0LZL5_conserved	9.660E-01	9.295E-01	9.384E-01	59.400	103	101	102
Q51429_conserved	P35695_conserved	9.645E-01	9.281E-01	9.369E-01	58.400	103	101	102
Q51429_conserved	Q1RNF9_conserved	9.612E-01	9.161E-01	9.248E-01	67.000	103	100	102
Q51429_conserved	AF-A0AB74QCN5-F1-model_v6_conserved	9.057E-01	8.726E-01	8.726E-01	46.600	103	103	103
Q7BNC2_conserved	Q7BNC2_conserved	1.010E+00	1.000E+00	1.000E+00	100.000	103	103	103
Q7BNC2_conserved	E7D4X6_conserved	1.005E+00	9.949E-01	9.949E-01	100.000	103	103	103
Q7BNC2_conserved	C0LZL5_conserved	9.976E-01	9.784E-01	9.879E-01	99.000	103	103	102
Q7BNC2_conserved	B0BKZ9_conserved	1.003E+00	9.737E-01	9.737E-01	91.000	103	101	103
Q7BNC2_conserved	Q00982_conserved	1.002E+00	9.726E-01	9.726E-01	93.000	103	101	103
Q7BNC2_conserved	G8GB93_conserved	1.000E+00	9.711E-01	9.711E-01	99.000	103	101	103
Q7BNC2_conserved	P35695_conserved	1.001E+00	9.622E-01	9.715E-01	99.000	103	101	102
Q7BNC2_conserved	Q9F613_conserved	9.689E-01	9.233E-01	9.594E-01	60.600	103	99	99
Q7BNC2_conserved	A5HSH8_conserved	9.685E-01	9.412E-01	9.412E-01	60.300	103	101	103
Q7BNC2_conserved	Q9EY51_conserved	9.641E-01	9.368E-01	9.368E-01	62.300	103	101	103
Q7BNC2_conserved	Q93T29_conserved	9.650E-01	9.377E-01	9.377E-01	60.300	103	101	103
Q7BNC2_conserved	Q7WTW0_conserved	9.634E-01	9.362E-01	9.362E-01	60.300	103	101	103
Q7BNC2_conserved	Q51429_conserved	9.630E-01	9.358E-01	9.358E-01	59.400	103	101	103
Q7BNC2_conserved	Q8GRH0_conserved	9.602E-01	9.331E-01	9.331E-01	61.300	103	101	103
Q7BNC2_conserved	G3G9W7_conserved	9.607E-01	9.337E-01	9.337E-01	59.400	103	101	103
Q7BNC2_conserved	Q1RNF9_conserved	9.479E-01	9.040E-01	9.124E-01	60.000	103	100	102
Q7BNC2_conserved	AF-A0AB74QCN5-F1-model_v6_conserved	8.899E-01	8.576E-01	8.576E-01	49.500	103	103	103
Q7WTW0_conserved	Q7WTW0_conserved	1.010E+00	1.000E+00	1.000E+00	100.000	103	103	103
Q7WTW0_conserved	G3G9W7_conserved	9.944E-01	9.848E-01	9.848E-01	96.100	103	103	103
Q7WTW0_conserved	Q9EY51_conserved	9.938E-01	9.842E-01	9.842E-01	98.000	103	103	103
Q7WTW0_conserved	Q93T29_conserved	9.910E-01	9.815E-01	9.815E-01	97.000	103	103	103
Q7WTW0_conserved	Q8GRH0_conserved	9.901E-01	9.805E-01	9.805E-01	98.000	103	103	103
Q7WTW0_conserved	Q51429_conserved	9.867E-01	9.772E-01	9.772E-01	99.000	103	103	103
Q7WTW0_conserved	A5HSH8_conserved	1.000E+00	9.710E-01	9.710E-01	100.000	103	101	103
Q7WTW0_conserved	Q9F613_conserved	9.993E-01	9.511E-01	9.892E-01	100.000	103	99	99
Q7WTW0_conserved	Q00982_conserved	9.690E-01	9.414E-01	9.414E-01	61.300	103	101	103
Q7WTW0_conserved	B0BKZ9_conserved	9.661E-01	9.387E-01	9.387E-01	61.300	103	101	103
Q7WTW0_conserved	E7D4X6_conserved	9.666E-01	9.392E-01	9.392E-01	60.300	103	101	103
Q7WTW0_conserved	G8GB93_conserved	9.659E-01	9.387E-01	9.387E-01	60.300	103	101	103
Q7WTW0_conserved	Q7BNC2_conserved	9.634E-01	9.362E-01	9.362E-01	60.300	103	101	103
Q7WTW0_conserved	C0LZL5_conserved	9.655E-01	9.290E-01	9.379E-01	60.300	103	101	102
Q7WTW0_conserved	P35695_conserved	9.644E-01	9.280E-01	9.369E-01	59.400	103	101	102
Q7WTW0_conserved	Q1RNF9_conserved	9.585E-01	9.136E-01	9.223E-01	68.000	103	100	102
Q7WTW0_conserved	AF-A0AB74QCN5-F1-model_v6_conserved	8.978E-01	8.652E-01	8.652E-01	47.500	103	103	103
Q8GRH0_conserved	Q8GRH0_conserved	1.010E+00	1.000E+00	1.000E+00	100.000	103	103	103
Q8GRH0_conserved	Q7WTW0_conserved	9.901E-01	9.805E-01	9.805E-01	98.000	103	103	103
Q8GRH0_conserved	G3G9W7_conserved	9.969E-01	9.776E-01	9.776E-01	98.000	103	102	103
Q8GRH0_conserved	Q9EY51_conserved	1.004E+00	9.749E-01	9.749E-01	99.000	103	101	103
Q8GRH0_conserved	Q93T29_conserved	9.939E-01	9.747E-01	9.747E-01	99.000	103	102	103
Q8GRH0_conserved	Q51429_conserved	9.838E-01	9.744E-01	9.744E-01	97.000	103	103	103
Q8GRH0_conserved	A5HSH8_conserved	9.959E-01	9.671E-01	9.671E-01	99.000	103	101	103
Q8GRH0_conserved	Q9F613_conserved	9.960E-01	9.480E-01	9.860E-01	98.900	103	99	99
Q8GRH0_conserved	Q00982_conserved	9.754E-01	9.383E-01	9.383E-01	63.000	103	100	103
Q8GRH0_conserved	E7D4X6_conserved	9.641E-01	9.368E-01	9.368E-01	61.300	103	101	103
Q8GRH0_conserved	B0BKZ9_conserved	9.721E-01	9.353E-01	9.353E-01	63.000	103	100	103
Q8GRH0_conserved	G8GB93_conserved	9.639E-01	9.367E-01	9.367E-01	61.300	103	101	103
Q8GRH0_conserved	Q7BNC2_conserved	9.602E-01	9.331E-01	9.331E-01	61.300	103	101	103
Q8GRH0_conserved	C0LZL5_conserved	9.627E-01	9.264E-01	9.352E-01	61.300	103	101	102
Q8GRH0_conserved	P35695_conserved	9.626E-01	9.264E-01	9.352E-01	60.300	103	101	102
Q8GRH0_conserved	Q1RNF9_conserved	9.559E-01	9.112E-01	9.198E-01	69.000	103	100	102
Q8GRH0_conserved	AF-A0AB74QCN5-F1-model_v6_conserved	8.947E-01	8.622E-01	8.622E-01	47.500	103	103	103
Q93T29_conserved	Q93T29_conserved	1.010E+00	1.000E+00	1.000E+00	100.000	103	103	103
Q93T29_conserved	G3G9W7_conserved	1.005E+00	9.952E-01	9.952E-01	99.000	103	103	103
Q93T29_conserved	Q7WTW0_conserved	9.910E-01	9.815E-01	9.815E-01	97.000	103	103	103
Q93T29_conserved	A5HSH8_conserved	9.916E-01	9.821E-01	9.821E-01	97.000	103	103	103
Q93T29_conserved	Q8GRH0_conserved	9.939E-01	9.747E-01	9.747E-01	99.000	103	102	103
Q93T29_conserved	Q9EY51_conserved	1.002E+00	9.730E-01	9.730E-01	98.000	103	101	103
Q93T29_conserved	Q51429_conserved	1.001E+00	9.724E-01	9.724E-01	97.000	103	101	103
Q93T29_conserved	Q9F613_conserved	1.001E+00	9.523E-01	9.905E-01	97.900	103	99	99
Q93T29_conserved	Q00982_conserved	9.687E-01	9.412E-01	9.412E-01	61.300	103	101	103
Q93T29_conserved	E7D4X6_conserved	9.680E-01	9.406E-01	9.406E-01	60.300	103	101	103
Q93T29_conserved	B0BKZ9_conserved	9.659E-01	9.386E-01	9.386E-01	61.300	103	101	103
Q93T29_conserved	G8GB93_conserved	9.576E-01	9.397E-01	9.397E-01	59.200	103	103	103
Q93T29_conserved	Q7BNC2_conserved	9.650E-01	9.377E-01	9.377E-01	60.300	103	101	103
Q93T29_conserved	C0LZL5_conserved	9.668E-01	9.303E-01	9.392E-01	60.300	103	101	102
Q93T29_conserved	P35695_conserved	9.648E-01	9.285E-01	9.373E-01	59.400	103	101	102
Q93T29_conserved	Q1RNF9_conserved	9.583E-01	9.135E-01	9.221E-01	68.000	103	100	102
Q93T29_conserved	AF-A0AB74QCN5-F1-model_v6_conserved	8.930E-01	8.606E-01	8.606E-01	46.600	103	103	103
Q9EY51_conserved	Q9EY51_conserved	1.010E+00	1.000E+00	1.000E+00	100.000	103	103	103
Q9EY51_conserved	Q7WTW0_conserved	9.938E-01	9.842E-01	9.842E-01	98.000	103	103	103
Q9EY51_conserved	G3G9W7_conserved	1.005E+00	9.756E-01	9.756E-01	97.000	103	101	103
Q9EY51_conserved	Q8GRH0_conserved	1.004E+00	9.749E-01	9.749E-01	99.000	103	101	103
Q9EY51_conserved	Q51429_conserved	1.003E+00	9.741E-01	9.741E-01	97.000	103	101	103
Q9EY51_conserved	Q93T29_conserved	1.002E+00	9.730E-01	9.730E-01	98.000	103	101	103
Q9EY51_conserved	A5HSH8_conserved	9.965E-01	9.677E-01	9.677E-01	98.000	103	101	103
Q9EY51_conserved	Q9F613_conserved	9.964E-01	9.483E-01	9.864E-01	97.900	103	99	99
Q9EY51_conserved	Q00982_conserved	9.697E-01	9.421E-01	9.421E-01	63.300	103	101	103
Q9EY51_conserved	B0BKZ9_conserved	9.668E-01	9.393E-01	9.393E-01	63.300	103	101	103
Q9EY51_conserved	E7D4X6_conserved	9.670E-01	9.396E-01	9.396E-01	62.300	103	101	103
Q9EY51_conserved	G8GB93_conserved	9.665E-01	9.392E-01	9.392E-01	62.300	103	101	103
Q9EY51_conserved	Q7BNC2_conserved	9.641E-01	9.368E-01	9.368E-01	62.300	103	101	103
Q9EY51_conserved	C0LZL5_conserved	9.658E-01	9.293E-01	9.382E-01	62.300	103	101	102
Q9EY51_conserved	P35695_conserved	9.651E-01	9.287E-01	9.375E-01	61.300	103	101	102
Q9EY51_conserved	Q1RNF9_conserved	9.560E-01	9.114E-01	9.200E-01	70.000	103	100	102
Q9EY51_conserved	AF-A0AB74QCN5-F1-model_v6_conserved	8.962E-01	8.637E-01	8.637E-01	47.500	103	103	103
Q9F613_conserved	Q9F613_conserved	1.010E+00	1.000E+00	1.000E+00	100.000	99	99	99
Q9F613_conserved	A5HSH8_conserved	1.009E+00	9.989E-01	9.601E-01	100.000	99	99	103
Q9F613_conserved	Q93T29_conserved	1.001E+00	9.905E-01	9.523E-01	97.900	99	99	103
Q9F613_conserved	G3G9W7_conserved	1.000E+00	9.901E-01	9.519E-01	96.900	99	99	103
Q9F613_conserved	Q7WTW0_conserved	9.993E-01	9.892E-01	9.511E-01	100.000	99	99	103
Q9F613_conserved	Q9EY51_conserved	9.964E-01	9.864E-01	9.483E-01	97.900	99	99	103
Q9F613_conserved	Q8GRH0_conserved	9.960E-01	9.860E-01	9.480E-01	98.900	99	99	103
Q9F613_conserved	Q51429_conserved	9.927E-01	9.828E-01	9.450E-01	98.900	99	99	103
Q9F613_conserved	Q00982_conserved	9.732E-01	9.636E-01	9.270E-01	61.600	99	99	103
Q9F613_conserved	E7D4X6_conserved	9.722E-01	9.626E-01	9.262E-01	60.600	99	99	103
Q9F613_conserved	B0BKZ9_conserved	9.703E-01	9.608E-01	9.244E-01	61.600	99	99	103
Q9F613_conserved	G8GB93_conserved	9.701E-01	9.606E-01	9.245E-01	60.600	99	99	103
Q9F613_conserved	Q7BNC2_conserved	9.689E-01	9.594E-01	9.233E-01	60.600	99	99	103
Q9F613_conserved	C0LZL5_conserved	9.713E-01	9.522E-01	9.250E-01	60.600	99	99	102
Q9F613_conserved	P35695_conserved	9.692E-01	9.502E-01	9.231E-01	59.500	99	99	102
Q9F613_conserved	Q1RNF9_conserved	9.630E-01	9.349E-01	9.084E-01	69.300	99	98	102
Q9F613_conserved	AF-A0AB74QCN5-F1-model_v6_conserved	8.939E-01	8.770E-01	8.453E-01	48.500	99	101	103
A5HSH8_conserved	A5HSH8_conserved	1.010E+00	1.000E+00	1.000E+00	100.000	103	103	103
A5HSH8_conserved	Q9F613_conserved	1.009E+00	9.601E-01	9.989E-01	100.000	103	99	99
A5HSH8_conserved	G3G9W7_conserved	9.918E-01	9.823E-01	9.823E-01	96.100	103	103	103
A5HSH8_conserved	Q93T29_conserved	9.916E-01	9.821E-01	9.821E-01	97.000	103	103	103
A5HSH8_conserved	Q7WTW0_conserved	1.000E+00	9.710E-01	9.710E-01	100.000	103	101	103
A5HSH8_conserved	Q9EY51_conserved	9.965E-01	9.677E-01	9.677E-01	98.000	103	101	103
A5HSH8_conserved	Q8GRH0_conserved	9.959E-01	9.671E-01	9.671E-01	99.000	103	101	103
A5HSH8_conserved	Q51429_conserved	9.929E-01	9.643E-01	9.643E-01	99.000	103	101	103
A5HSH8_conserved	Q00982_conserved	9.647E-01	9.465E-01	9.465E-01	61.700	103	102	103
A5HSH8_conserved	E7D4X6_conserved	9.720E-01	9.445E-01	9.445E-01	60.300	103	101	103
A5HSH8_conserved	B0BKZ9_conserved	9.698E-01	9.423E-01	9.423E-01	61.300	103	101	103
A5HSH8_conserved	G8GB93_conserved	9.622E-01	9.441E-01	9.441E-01	59.200	103	103	103
A5HSH8_conserved	Q7BNC2_conserved	9.685E-01	9.412E-01	9.412E-01	60.300	103	101	103
A5HSH8_conserved	C0LZL5_conserved	9.710E-01	9.343E-01	9.432E-01	60.300	103	101	102
A5HSH8_conserved	P35695_conserved	9.683E-01	9.318E-01	9.407E-01	59.400	103	101	102
A5HSH8_conserved	Q1RNF9_conserved	9.611E-01	9.162E-01	9.248E-01	68.000	103	100	102
A5HSH8_conserved	AF-A0AB74QCN5-F1-model_v6_conserved	8.899E-01	8.576E-01	8.576E-01	47.500	103	103	103
AF-A0AB74QCN5-F1-model_v6_conserved	AF-A0AB74QCN5-F1-model_v6_conserved	1.010E+00	1.000E+00	1.000E+00	100.000	103	103	103
AF-A0AB74QCN5-F1-model_v6_conserved	Q51429_conserved	9.057E-01	8.726E-01	8.726E-01	46.600	103	103	103
AF-A0AB74QCN5-F1-model_v6_conserved	Q7WTW0_conserved	8.978E-01	8.652E-01	8.652E-01	47.500	103	103	103
AF-A0AB74QCN5-F1-model_v6_conserved	Q9EY51_conserved	8.962E-01	8.637E-01	8.637E-01	47.500	103	103	103
AF-A0AB74QCN5-F1-model_v6_conserved	Q8GRH0_conserved	8.947E-01	8.622E-01	8.622E-01	47.500	103	103	103
AF-A0AB74QCN5-F1-model_v6_conserved	E7D4X6_conserved	8.936E-01	8.611E-01	8.611E-01	49.500	103	103	103
AF-A0AB74QCN5-F1-model_v6_conserved	Q1RNF9_conserved	9.132E-01	8.547E-01	8.626E-01	46.400	103	99	102
AF-A0AB74QCN5-F1-model_v6_conserved	Q9F613_conserved	8.939E-01	8.453E-01	8.770E-01	48.500	103	101	99
AF-A0AB74QCN5-F1-model_v6_conserved	Q00982_conserved	9.011E-01	8.602E-01	8.602E-01	50.900	103	102	103
AF-A0AB74QCN5-F1-model_v6_conserved	Q93T29_conserved	8.930E-01	8.606E-01	8.606E-01	46.600	103	103	103
AF-A0AB74QCN5-F1-model_v6_conserved	B0BKZ9_conserved	9.008E-01	8.599E-01	8.599E-01	50.000	103	102	103
AF-A0AB74QCN5-F1-model_v6_conserved	P35695_conserved	9.136E-01	8.554E-01	8.632E-01	51.500	103	99	102
AF-A0AB74QCN5-F1-model_v6_conserved	G8GB93_conserved	8.919E-01	8.595E-01	8.595E-01	48.500	103	103	103
AF-A0AB74QCN5-F1-model_v6_conserved	A5HSH8_conserved	8.899E-01	8.576E-01	8.576E-01	47.500	103	103	103
AF-A0AB74QCN5-F1-model_v6_conserved	G3G9W7_conserved	8.911E-01	8.588E-01	8.588E-01	45.600	103	103	103
AF-A0AB74QCN5-F1-model_v6_conserved	C0LZL5_conserved	8.849E-01	8.527E-01	8.605E-01	48.500	103	103	102
AF-A0AB74QCN5-F1-model_v6_conserved	Q7BNC2_conserved	8.899E-01	8.576E-01	8.576E-01	49.500	103	103	103
B0BKZ9_conserved	B0BKZ9_conserved	1.010E+00	1.000E+00	1.000E+00	100.000	103	103	103
B0BKZ9_conserved	Q00982_conserved	9.969E-01	9.873E-01	9.873E-01	98.000	103	103	103
B0BKZ9_conserved	E7D4X6_conserved	1.006E+00	9.768E-01	9.768E-01	91.000	103	101	103
B0BKZ9_conserved	Q7BNC2_conserved	1.003E+00	9.737E-01	9.737E-01	91.000	103	101	103
B0BKZ9_conserved	C0LZL5_conserved	1.006E+00	9.671E-01	9.766E-01	90.000	103	101	102
B0BKZ9_conserved	G8GB93_conserved	9.953E-01	9.665E-01	9.665E-01	90.000	103	101	103
B0BKZ9_conserved	P35695_conserved	9.972E-01	9.587E-01	9.681E-01	90.000	103	101	102
B0BKZ9_conserved	Q9F613_conserved	9.703E-01	9.244E-01	9.608E-01	61.600	103	99	99
B0BKZ9_conserved	A5HSH8_conserved	9.698E-01	9.423E-01	9.423E-01	61.300	103	101	103
B0BKZ9_conserved	Q9EY51_conserved	9.668E-01	9.393E-01	9.393E-01	63.300	103	101	103
B0BKZ9_conserved	Q7WTW0_conserved	9.661E-01	9.387E-01	9.387E-01	61.300	103	101	103
B0BKZ9_conserved	Q51429_conserved	9.657E-01	9.383E-01	9.383E-01	60.300	103	101	103
B0BKZ9_conserved	Q93T29_conserved	9.659E-01	9.386E-01	9.386E-01	61.300	103	101	103
B0BKZ9_conserved	Q8GRH0_conserved	9.721E-01	9.353E-01	9.353E-01	63.000	103	100	103
B0BKZ9_conserved	G3G9W7_conserved	9.631E-01	9.359E-01	9.359E-01	60.300	103	101	103
B0BKZ9_conserved	Q1RNF9_conserved	9.550E-01	9.106E-01	9.192E-01	63.000	103	100	102
B0BKZ9_conserved	AF-A0AB74QCN5-F1-model_v6_conserved	9.008E-01	8.599E-01	8.599E-01	50.000	103	102	103
C0LZL5_conserved	C0LZL5_conserved	1.010E+00	1.000E+00	1.000E+00	100.000	102	102	102
C0LZL5_conserved	E7D4X6_conserved	1.004E+00	9.946E-01	9.850E-01	99.000	102	103	103
C0LZL5_conserved	Q7BNC2_conserved	9.976E-01	9.879E-01	9.784E-01	99.000	102	103	103
C0LZL5_conserved	B0BKZ9_conserved	1.006E+00	9.766E-01	9.671E-01	90.000	102	101	103
C0LZL5_conserved	Q00982_conserved	1.005E+00	9.758E-01	9.663E-01	92.000	102	101	103
C0LZL5_conserved	G8GB93_conserved	9.979E-01	9.687E-01	9.594E-01	98.000	102	101	103
C0LZL5_conserved	P35695_conserved	9.893E-01	9.604E-01	9.604E-01	98.000	102	101	102
C0LZL5_conserved	A5HSH8_conserved	9.710E-01	9.432E-01	9.343E-01	60.300	102	101	103
C0LZL5_conserved	Q9F613_conserved	9.713E-01	9.250E-01	9.522E-01	60.600	102	99	99
C0LZL5_conserved	Q9EY51_conserved	9.658E-01	9.382E-01	9.293E-01	62.300	102	101	103
C0LZL5_conserved	Q51429_conserved	9.660E-01	9.384E-01	9.295E-01	59.400	102	101	103
C0LZL5_conserved	Q93T29_conserved	9.668E-01	9.392E-01	9.303E-01	60.300	102	101	103
C0LZL5_conserved	Q7WTW0_conserved	9.655E-01	9.379E-01	9.290E-01	60.300	102	101	103
C0LZL5_conserved	Q8GRH0_conserved	9.627E-01	9.352E-01	9.264E-01	61.300	102	101	103
C0LZL5_conserved	G3G9W7_conserved	9.629E-01	9.354E-01	9.266E-01	59.400	102	101	103
C0LZL5_conserved	Q1RNF9_conserved	9.449E-01	9.095E-01	9.095E-01	60.000	102	100	102
C0LZL5_conserved	AF-A0AB74QCN5-F1-model_v6_conserved	8.849E-01	8.605E-01	8.527E-01	48.500	102	103	103
E7D4X6_conserved	E7D4X6_conserved	1.010E+00	1.000E+00	1.000E+00	100.000	103	103	103
E7D4X6_conserved	Q7BNC2_conserved	1.005E+00	9.949E-01	9.949E-01	100.000	103	103	103
E7D4X6_conserved	C0LZL5_conserved	1.004E+00	9.850E-01	9.946E-01	99.000	103	103	102
E7D4X6_conserved	B0BKZ9_conserved	1.006E+00	9.768E-01	9.768E-01	91.000	103	101	103
E7D4X6_conserved	Q00982_conserved	1.005E+00	9.763E-01	9.763E-01	93.000	103	101	103
E7D4X6_conserved	G8GB93_conserved	9.980E-01	9.691E-01	9.691E-01	99.000	103	101	103
E7D4X6_conserved	P35695_conserved	9.995E-01	9.609E-01	9.703E-01	99.000	103	101	102
E7D4X6_conserved	Q9F613_conserved	9.722E-01	9.262E-01	9.626E-01	60.600	103	99	99
E7D4X6_conserved	A5HSH8_conserved	9.720E-01	9.445E-01	9.445E-01	60.300	103	101	103
E7D4X6_conserved	Q9EY51_conserved	9.670E-01	9.396E-01	9.396E-01	62.300	103	101	103
E7D4X6_conserved	Q93T29_conserved	9.680E-01	9.406E-01	9.406E-01	60.300	103	101	103
E7D4X6_conserved	Q51429_conserved	9.666E-01	9.392E-01	9.392E-01	59.400	103	101	103
E7D4X6_conserved	Q7WTW0_conserved	9.666E-01	9.392E-01	9.392E-01	60.300	103	101	103
E7D4X6_conserved	Q8GRH0_conserved	9.641E-01	9.368E-01	9.368E-01	61.300	103	101	103
E7D4X6_conserved	G3G9W7_conserved	9.643E-01	9.371E-01	9.371E-01	59.400	103	101	103
E7D4X6_conserved	Q1RNF9_conserved	9.544E-01	9.100E-01	9.186E-01	60.000	103	100	102
E7D4X6_conserved	AF-A0AB74QCN5-F1-model_v6_conserved	8.936E-01	8.611E-01	8.611E-01	49.500	103	103	103
G3G9W7_conserved	G3G9W7_conserved	1.010E+00	1.000E+00	1.000E+00	100.000	103	103	103
G3G9W7_conserved	Q93T29_conserved	1.005E+00	9.952E-01	9.952E-01	99.000	103	103	103
G3G9W7_conserved	Q7WTW0_conserved	9.944E-01	9.848E-01	9.848E-01	96.100	103	103	103
G3G9W7_conserved	A5HSH8_conserved	9.918E-01	9.823E-01	9.823E-01	96.100	103	103	103
G3G9W7_conserved	Q8GRH0_conserved	9.969E-01	9.776E-01	9.776E-01	98.000	103	102	103
G3G9W7_conserved	Q9EY51_conserved	1.005E+00	9.756E-01	9.756E-01	97.000	103	101	103
G3G9W7_conserved	Q9F613_conserved	1.000E+00	9.519E-01	9.901E-01	96.900	103	99	99
G3G9W7_conserved	Q51429_conserved	1.000E+00	9.716E-01	9.716E-01	96.000	103	101	103
G3G9W7_conserved	Q00982_conserved	9.665E-01	9.391E-01	9.391E-01	60.300	103	101	103
G3G9W7_conserved	E7D4X6_conserved	9.643E-01	9.371E-01	9.371E-01	59.400	103	101	103
G3G9W7_conserved	B0BKZ9_conserved	9.631E-01	9.359E-01	9.359E-01	60.300	103	101	103
G3G9W7_conserved	G8GB93_conserved	9.555E-01	9.376E-01	9.376E-01	58.200	103	103	103
G3G9W7_conserved	Q7BNC2_conserved	9.607E-01	9.337E-01	9.337E-01	59.400	103	101	103
G3G9W7_conserved	C0LZL5_conserved	9.629E-01	9.266E-01	9.354E-01	59.400	103	101	102
G3G9W7_conserved	P35695_conserved	9.617E-01	9.256E-01	9.344E-01	58.400	103	101	102
G3G9W7_conserved	Q1RNF9_conserved	9.558E-01	9.112E-01	9.198E-01	67.000	103	100	102
G3G9W7_conserved	AF-A0AB74QCN5-F1-model_v6_conserved	8.911E-01	8.588E-01	8.588E-01	45.600	103	103	103
G8GB93_conserved	G8GB93_conserved	1.010E+00	1.000E+00	1.000E+00	100.000	103	103	103
G8GB93_conserved	P35695_conserved	9.986E-01	9.794E-01	9.889E-01	98.000	103	103	102
G8GB93_conserved	Q7BNC2_conserved	1.000E+00	9.711E-01	9.711E-01	99.000	103	101	103
G8GB93_conserved	E7D4X6_conserved	9.980E-01	9.691E-01	9.691E-01	99.000	103	101	103
G8GB93_conserved	B0BKZ9_conserved	9.953E-01	9.665E-01	9.665E-01	90.000	103	101	103
G8GB93_conserved	Q00982_conserved	9.945E-01	9.657E-01	9.657E-01	92.000	103	101	103
G8GB93_conserved	C0LZL5_conserved	9.979E-01	9.594E-01	9.687E-01	98.000	103	101	102
G8GB93_conserved	A5HSH8_conserved	9.622E-01	9.441E-01	9.441E-01	59.200	103	103	103
G8GB93_conserved	Q9F613_conserved	9.701E-01	9.245E-01	9.606E-01	60.600	103	99	99
G8GB93_conserved	Q9EY51_conserved	9.665E-01	9.392E-01	9.392E-01	62.300	103	101	103
G8GB93_conserved	Q51429_conserved	9.662E-01	9.389E-01	9.389E-01	59.400	103	101	103
G8GB93_conserved	Q7WTW0_conserved	9.659E-01	9.387E-01	9.387E-01	60.300	103	101	103
G8GB93_conserved	Q93T29_conserved	9.576E-01	9.397E-01	9.397E-01	59.200	103	103	103
G8GB93_conserved	Q8GRH0_conserved	9.639E-01	9.367E-01	9.367E-01	61.300	103	101	103
G8GB93_conserved	G3G9W7_conserved	9.555E-01	9.376E-01	9.376E-01	58.200	103	103	103
G8GB93_conserved	Q1RNF9_conserved	9.547E-01	9.104E-01	9.190E-01	59.000	103	100	102
G8GB93_conserved	AF-A0AB74QCN5-F1-model_v6_conserved	8.919E-01	8.595E-01	8.595E-01	48.500	103	103	103
P35695_conserved	P35695_conserved	1.010E+00	1.000E+00	1.000E+00	100.000	102	102	102
P35695_conserved	G8GB93_conserved	9.986E-01	9.889E-01	9.794E-01	98.000	102	103	103
P35695_conserved	Q7BNC2_conserved	1.001E+00	9.715E-01	9.622E-01	99.000	102	101	103
P35695_conserved	E7D4X6_conserved	9.995E-01	9.703E-01	9.609E-01	99.000	102	101	103
P35695_conserved	B0BKZ9_conserved	9.972E-01	9.681E-01	9.587E-01	90.000	102	101	103
P35695_conserved	Q00982_conserved	9.967E-01	9.676E-01	9.583E-01	92.000	102	101	103
P35695_conserved	C0LZL5_conserved	9.893E-01	9.604E-01	9.604E-01	98.000	102	101	102
P35695_conserved	Q9F613_conserved	9.692E-01	9.231E-01	9.502E-01	59.500	102	99	99
P35695_conserved	A5HSH8_conserved	9.683E-01	9.407E-01	9.318E-01	59.400	102	101	103
P35695_conserved	Q9EY51_conserved	9.651E-01	9.375E-01	9.287E-01	61.300	102	101	103
P35695_conserved	Q51429_conserved	9.645E-01	9.369E-01	9.281E-01	58.400	102	101	103
P35695_conserved	Q93T29_conserved	9.648E-01	9.373E-01	9.285E-01	59.400	102	101	103
P35695_conserved	Q7WTW0_conserved	9.644E-01	9.369E-01	9.280E-01	59.400	102	101	103
P35695_conserved	Q8GRH0_conserved	9.626E-01	9.352E-01	9.264E-01	60.300	102	101	103
P35695_conserved	G3G9W7_conserved	9.617E-01	9.344E-01	9.256E-01	58.400	102	101	103
P35695_conserved	Q1RNF9_conserved	9.464E-01	9.109E-01	9.109E-01	59.000	102	100	102
P35695_conserved	AF-A0AB74QCN5-F1-model_v6_conserved	9.136E-01	8.632E-01	8.554E-01	51.500	102	99	103
Q00982_conserved	Q00982_conserved	1.010E+00	1.000E+00	1.000E+00	100.000	103	103	103
Q00982_conserved	B0BKZ9_conserved	9.969E-01	9.873E-01	9.873E-01	98.000	103	103	103
Q00982_conserved	E7D4X6_conserved	1.005E+00	9.763E-01	9.763E-01	93.000	103	101	103
Q00982_conserved	Q7BNC2_conserved	1.002E+00	9.726E-01	9.726E-01	93.000	103	101	103
Q00982_conserved	C0LZL5_conserved	1.005E+00	9.663E-01	9.758E-01	92.000	103	101	102
Q00982_conserved	G8GB93_conserved	9.945E-01	9.657E-01	9.657E-01	92.000	103	101	103
Q00982_conserved	P35695_conserved	9.967E-01	9.583E-01	9.676E-01	92.000	103	101	102
Q00982_conserved	A5HSH8_conserved	9.647E-01	9.465E-01	9.465E-01	61.700	103	102	103
Q00982_conserved	Q9F613_conserved	9.732E-01	9.270E-01	9.636E-01	61.600	103	99	99
Q00982_conserved	Q9EY51_conserved	9.697E-01	9.421E-01	9.421E-01	63.300	103	101	103
Q00982_conserved	Q7WTW0_conserved	9.690E-01	9.414E-01	9.414E-01	61.300	103	101	103
Q00982_conserved	Q93T29_conserved	9.687E-01	9.412E-01	9.412E-01	61.300	103	101	103
Q00982_conserved	Q51429_conserved	9.681E-01	9.406E-01	9.406E-01	60.300	103	101	103
Q00982_conserved	Q8GRH0_conserved	9.754E-01	9.383E-01	9.383E-01	63.000	103	100	103
Q00982_conserved	G3G9W7_conserved	9.665E-01	9.391E-01	9.391E-01	60.300	103	101	103
Q00982_conserved	Q1RNF9_conserved	9.582E-01	9.135E-01	9.221E-01	63.000	103	100	102
Q00982_conserved	AF-A0AB74QCN5-F1-model_v6_conserved	9.011E-01	8.602E-01	8.602E-01	50.900	103	102	103
Q1RNF9_conserved	Q1RNF9_conserved	1.010E+00	1.000E+00	1.000E+00	100.000	102	102	102
Q1RNF9_conserved	Q9F613_conserved	9.630E-01	9.084E-01	9.349E-01	69.300	102	98	99
Q1RNF9_conserved	Q51429_conserved	9.612E-01	9.248E-01	9.161E-01	67.000	102	100	103
Q1RNF9_conserved	A5HSH8_conserved	9.611E-01	9.248E-01	9.162E-01	68.000	102	100	103
Q1RNF9_conserved	Q7WTW0_conserved	9.585E-01	9.223E-01	9.136E-01	68.000	102	100	103
Q1RNF9_conserved	Q93T29_conserved	9.583E-01	9.221E-01	9.135E-01	68.000	102	100	103
Q1RNF9_conserved	Q00982_conserved	9.582E-01	9.221E-01	9.135E-01	63.000	102	100	103
Q1RNF9_conserved	Q9EY51_conserved	9.560E-01	9.200E-01	9.114E-01	70.000	102	100	103
Q1RNF9_conserved	Q8GRH0_conserved	9.559E-01	9.198E-01	9.112E-01	69.000	102	100	103
Q1RNF9_conserved	G3G9W7_conserved	9.558E-01	9.198E-01	9.112E-01	67.000	102	100	103
Q1RNF9_conserved	B0BKZ9_conserved	9.550E-01	9.192E-01	9.106E-01	63.000	102	100	103
Q1RNF9_conserved	G8GB93_conserved	9.547E-01	9.190E-01	9.104E-01	59.000	102	100	103
Q1RNF9_conserved	E7D4X6_conserved	9.544E-01	9.186E-01	9.100E-01	60.000	102	100	103
Q1RNF9_conserved	P35695_conserved	9.464E-01	9.109E-01	9.109E-01	59.000	102	100	102
Q1RNF9_conserved	C0LZL5_conserved	9.449E-01	9.095E-01	9.095E-01	60.000	102	100	102
Q1RNF9_conserved	Q7BNC2_conserved	9.479E-01	9.124E-01	9.040E-01	60.000	102	100	103
Q1RNF9_conserved	AF-A0AB74QCN5-F1-model_v6_conserved	9.132E-01	8.626E-01	8.547E-01	46.400	102	99	103
