SL_otrA_Q75_lDDT	SL_otrA_Q75_lDDT	1.003E+00	1.000E+00	1.000E+00	100.000	333	333	333
SL_otrA_Q75_lDDT	tet_32_Q75_lDDT	8.920E-01	8.895E-01	8.798E-01	42.800	333	338	337
SL_otrA_Q75_lDDT	tet_O_W_O_Q75_lDDT	8.903E-01	8.879E-01	8.782E-01	41.500	333	339	337
SL_otrA_Q75_lDDT	AF-L8EW08-F1-model_v6_Q75_lDDT	8.884E-01	8.859E-01	8.762E-01	56.200	333	338	337
SL_otrA_Q75_lDDT	AF-A0A825BJ35-F1-model_v6_Q75_lDDT	8.829E-01	8.805E-01	8.709E-01	39.000	333	338	337
SL_otrA_Q75_lDDT	tet_O_M_O_Q75_lDDT	8.709E-01	8.685E-01	8.614E-01	41.800	333	339	336
SL_otrA_Q75_lDDT	AF-O52836-F1-model_v6_Q75_lDDT	8.723E-01	8.700E-01	8.606E-01	39.800	333	339	337
SL_otrA_Q75_lDDT	AF-D2U569-F1-model_v6_Q75_lDDT	8.634E-01	8.611E-01	8.541E-01	40.700	333	339	336
SL_otrA_Q75_lDDT	AF-B0B4B3-F1-model_v6_Q75_lDDT	8.625E-01	8.601E-01	8.509E-01	42.700	333	339	337
SL_otrA_Q75_lDDT	AF-B0BD04-F1-model_v6_Q75_lDDT	8.618E-01	8.595E-01	8.503E-01	41.700	333	338	337
SL_otrA_Q75_lDDT	AF-A0A2Z4PJD3-F1-model_v6_Q75_lDDT	8.604E-01	8.580E-01	8.489E-01	43.000	333	339	337
SL_otrA_Q75_lDDT	AF-A0A142BVK9-F1-model_v6_Q75_lDDT	8.599E-01	8.575E-01	8.484E-01	40.100	333	339	337
SL_otrA_Q75_lDDT	AF-Q67709-F1-model_v6_Q75_lDDT	8.568E-01	8.545E-01	8.476E-01	41.500	333	339	336
SL_otrA_Q75_lDDT	AF-A0AAW6K3V4-F1-model_v6_Q75_lDDT	8.460E-01	8.438E-01	8.349E-01	42.700	333	339	337
SL_otrA_Q75_lDDT	AF-A0A411NMM1-F1-model_v6_Q75_lDDT	8.366E-01	8.343E-01	8.277E-01	40.500	333	340	336
SL_otrA_Q75_lDDT	AF-A0A6N7VH36-F1-model_v6_Q75_lDDT	8.336E-01	8.313E-01	8.224E-01	31.300	333	348	337
SL_otrA_Q75_lDDT	AF-A0AAE4LCH5-F1-model_v6_Q75_lDDT	8.141E-01	8.120E-01	8.034E-01	32.300	333	346	337
SL_otrA_Q75_lDDT	AF-A0A9X2M8Q0-F1-model_v6_Q75_lDDT	7.575E-01	7.556E-01	7.481E-01	37.100	333	342	337
SL_otrA_Q75_lDDT	tet_36_Q75_lDDT	7.270E-01	7.252E-01	7.181E-01	33.700	333	344	337
tet_O_M_O_Q75_lDDT	tet_O_M_O_Q75_lDDT	1.003E+00	1.000E+00	1.000E+00	100.000	336	336	336
tet_O_M_O_Q75_lDDT	AF-A0A142BVK9-F1-model_v6_Q75_lDDT	9.944E-01	9.915E-01	9.886E-01	72.900	336	337	337
tet_O_M_O_Q75_lDDT	tet_O_W_O_Q75_lDDT	9.939E-01	9.909E-01	9.880E-01	76.800	336	337	337
tet_O_M_O_Q75_lDDT	AF-O52836-F1-model_v6_Q75_lDDT	9.931E-01	9.901E-01	9.872E-01	72.100	336	337	337
tet_O_M_O_Q75_lDDT	AF-A0A2Z4PJD3-F1-model_v6_Q75_lDDT	9.925E-01	9.896E-01	9.867E-01	84.200	336	337	337
tet_O_M_O_Q75_lDDT	AF-A0A825BJ35-F1-model_v6_Q75_lDDT	9.920E-01	9.891E-01	9.861E-01	71.800	336	337	337
tet_O_M_O_Q75_lDDT	AF-B0B4B3-F1-model_v6_Q75_lDDT	9.919E-01	9.890E-01	9.860E-01	82.700	336	337	337
tet_O_M_O_Q75_lDDT	AF-Q67709-F1-model_v6_Q75_lDDT	9.906E-01	9.876E-01	9.876E-01	84.500	336	336	336
tet_O_M_O_Q75_lDDT	AF-A0AAW6K3V4-F1-model_v6_Q75_lDDT	9.907E-01	9.878E-01	9.849E-01	86.300	336	337	337
tet_O_M_O_Q75_lDDT	AF-B0BD04-F1-model_v6_Q75_lDDT	9.895E-01	9.866E-01	9.837E-01	72.400	336	337	337
tet_O_M_O_Q75_lDDT	AF-D2U569-F1-model_v6_Q75_lDDT	9.861E-01	9.832E-01	9.832E-01	77.300	336	336	336
tet_O_M_O_Q75_lDDT	tet_32_Q75_lDDT	9.813E-01	9.784E-01	9.756E-01	75.300	336	337	337
tet_O_M_O_Q75_lDDT	AF-A0A411NMM1-F1-model_v6_Q75_lDDT	9.736E-01	9.708E-01	9.708E-01	94.600	336	336	336
tet_O_M_O_Q75_lDDT	AF-L8EW08-F1-model_v6_Q75_lDDT	9.555E-01	9.528E-01	9.500E-01	42.600	336	338	337
tet_O_M_O_Q75_lDDT	AF-A0AAE4LCH5-F1-model_v6_Q75_lDDT	9.380E-01	9.354E-01	9.327E-01	49.400	336	338	337
tet_O_M_O_Q75_lDDT	AF-A0A9X2M8Q0-F1-model_v6_Q75_lDDT	9.273E-01	9.247E-01	9.221E-01	47.100	336	337	337
tet_O_M_O_Q75_lDDT	tet_36_Q75_lDDT	8.880E-01	8.856E-01	8.832E-01	54.000	336	337	337
tet_O_M_O_Q75_lDDT	AF-A0A6N7VH36-F1-model_v6_Q75_lDDT	8.840E-01	8.816E-01	8.792E-01	52.900	336	338	337
tet_O_M_O_Q75_lDDT	SL_otrA_Q75_lDDT	8.709E-01	8.614E-01	8.685E-01	41.800	336	339	333
AF-A0A6N7VH36-F1-model_v6_Q75_lDDT	AF-A0A6N7VH36-F1-model_v6_Q75_lDDT	1.003E+00	1.000E+00	1.000E+00	100.000	337	337	337
AF-A0A6N7VH36-F1-model_v6_Q75_lDDT	AF-A0AAE4LCH5-F1-model_v6_Q75_lDDT	9.550E-01	9.522E-01	9.522E-01	55.400	337	337	337
AF-A0A6N7VH36-F1-model_v6_Q75_lDDT	AF-A0A411NMM1-F1-model_v6_Q75_lDDT	9.174E-01	9.123E-01	9.148E-01	52.800	337	337	336
AF-A0A6N7VH36-F1-model_v6_Q75_lDDT	AF-B0BD04-F1-model_v6_Q75_lDDT	9.150E-01	9.125E-01	9.125E-01	51.900	337	337	337
AF-A0A6N7VH36-F1-model_v6_Q75_lDDT	AF-D2U569-F1-model_v6_Q75_lDDT	9.127E-01	9.076E-01	9.102E-01	51.300	337	337	336
AF-A0A6N7VH36-F1-model_v6_Q75_lDDT	AF-Q67709-F1-model_v6_Q75_lDDT	9.070E-01	9.020E-01	9.045E-01	51.900	337	337	336
AF-A0A6N7VH36-F1-model_v6_Q75_lDDT	AF-L8EW08-F1-model_v6_Q75_lDDT	9.035E-01	9.011E-01	9.011E-01	40.500	337	338	337
AF-A0A6N7VH36-F1-model_v6_Q75_lDDT	AF-A0A825BJ35-F1-model_v6_Q75_lDDT	8.942E-01	8.918E-01	8.918E-01	54.300	337	337	337
AF-A0A6N7VH36-F1-model_v6_Q75_lDDT	AF-O52836-F1-model_v6_Q75_lDDT	8.869E-01	8.844E-01	8.844E-01	51.000	337	337	337
AF-A0A6N7VH36-F1-model_v6_Q75_lDDT	AF-B0B4B3-F1-model_v6_Q75_lDDT	8.867E-01	8.843E-01	8.843E-01	52.800	337	337	337
AF-A0A6N7VH36-F1-model_v6_Q75_lDDT	tet_O_W_O_Q75_lDDT	8.859E-01	8.835E-01	8.835E-01	52.800	337	337	337
AF-A0A6N7VH36-F1-model_v6_Q75_lDDT	tet_O_M_O_Q75_lDDT	8.840E-01	8.792E-01	8.816E-01	52.900	337	338	336
AF-A0A6N7VH36-F1-model_v6_Q75_lDDT	AF-A0A2Z4PJD3-F1-model_v6_Q75_lDDT	8.826E-01	8.802E-01	8.802E-01	53.100	337	337	337
AF-A0A6N7VH36-F1-model_v6_Q75_lDDT	AF-A0AAW6K3V4-F1-model_v6_Q75_lDDT	8.778E-01	8.754E-01	8.754E-01	54.300	337	337	337
AF-A0A6N7VH36-F1-model_v6_Q75_lDDT	AF-A0A142BVK9-F1-model_v6_Q75_lDDT	8.728E-01	8.704E-01	8.704E-01	51.300	337	337	337
AF-A0A6N7VH36-F1-model_v6_Q75_lDDT	tet_32_Q75_lDDT	8.505E-01	8.482E-01	8.482E-01	53.100	337	337	337
AF-A0A6N7VH36-F1-model_v6_Q75_lDDT	SL_otrA_Q75_lDDT	8.336E-01	8.224E-01	8.313E-01	31.300	337	348	333
AF-A0A6N7VH36-F1-model_v6_Q75_lDDT	AF-A0A9X2M8Q0-F1-model_v6_Q75_lDDT	7.813E-01	7.793E-01	7.793E-01	48.300	337	339	337
AF-A0A6N7VH36-F1-model_v6_Q75_lDDT	tet_36_Q75_lDDT	7.605E-01	7.575E-01	7.575E-01	42.800	337	345	337
AF-A0AAE4LCH5-F1-model_v6_Q75_lDDT	AF-A0AAE4LCH5-F1-model_v6_Q75_lDDT	1.003E+00	1.000E+00	1.000E+00	100.000	337	337	337
AF-A0AAE4LCH5-F1-model_v6_Q75_lDDT	AF-A0A411NMM1-F1-model_v6_Q75_lDDT	9.636E-01	9.580E-01	9.608E-01	48.600	337	337	336
AF-A0AAE4LCH5-F1-model_v6_Q75_lDDT	AF-B0BD04-F1-model_v6_Q75_lDDT	9.602E-01	9.574E-01	9.574E-01	47.400	337	337	337
AF-A0AAE4LCH5-F1-model_v6_Q75_lDDT	AF-Q67709-F1-model_v6_Q75_lDDT	9.561E-01	9.507E-01	9.534E-01	48.600	337	337	336
AF-A0AAE4LCH5-F1-model_v6_Q75_lDDT	AF-A0A6N7VH36-F1-model_v6_Q75_lDDT	9.550E-01	9.522E-01	9.522E-01	55.400	337	337	337
AF-A0AAE4LCH5-F1-model_v6_Q75_lDDT	AF-D2U569-F1-model_v6_Q75_lDDT	9.523E-01	9.469E-01	9.496E-01	48.000	337	337	336
AF-A0AAE4LCH5-F1-model_v6_Q75_lDDT	AF-B0B4B3-F1-model_v6_Q75_lDDT	9.428E-01	9.402E-01	9.402E-01	48.900	337	337	337
AF-A0AAE4LCH5-F1-model_v6_Q75_lDDT	AF-A0AAW6K3V4-F1-model_v6_Q75_lDDT	9.433E-01	9.406E-01	9.406E-01	51.300	337	337	337
AF-A0AAE4LCH5-F1-model_v6_Q75_lDDT	AF-A0A2Z4PJD3-F1-model_v6_Q75_lDDT	9.410E-01	9.383E-01	9.383E-01	49.500	337	337	337
AF-A0AAE4LCH5-F1-model_v6_Q75_lDDT	AF-A0A825BJ35-F1-model_v6_Q75_lDDT	9.396E-01	9.369E-01	9.369E-01	49.500	337	337	337
AF-A0AAE4LCH5-F1-model_v6_Q75_lDDT	tet_O_M_O_Q75_lDDT	9.380E-01	9.327E-01	9.354E-01	49.400	337	338	336
AF-A0AAE4LCH5-F1-model_v6_Q75_lDDT	AF-O52836-F1-model_v6_Q75_lDDT	9.370E-01	9.343E-01	9.343E-01	47.100	337	337	337
AF-A0AAE4LCH5-F1-model_v6_Q75_lDDT	AF-A0A142BVK9-F1-model_v6_Q75_lDDT	9.343E-01	9.317E-01	9.317E-01	47.100	337	337	337
AF-A0AAE4LCH5-F1-model_v6_Q75_lDDT	AF-L8EW08-F1-model_v6_Q75_lDDT	9.294E-01	9.268E-01	9.268E-01	40.500	337	338	337
AF-A0AAE4LCH5-F1-model_v6_Q75_lDDT	tet_O_W_O_Q75_lDDT	9.273E-01	9.247E-01	9.247E-01	48.300	337	337	337
AF-A0AAE4LCH5-F1-model_v6_Q75_lDDT	tet_32_Q75_lDDT	8.986E-01	8.962E-01	8.962E-01	50.700	337	337	337
AF-A0AAE4LCH5-F1-model_v6_Q75_lDDT	AF-A0A9X2M8Q0-F1-model_v6_Q75_lDDT	8.843E-01	8.819E-01	8.819E-01	47.400	337	337	337
AF-A0AAE4LCH5-F1-model_v6_Q75_lDDT	tet_36_Q75_lDDT	8.501E-01	8.478E-01	8.478E-01	55.600	337	343	337
AF-A0AAE4LCH5-F1-model_v6_Q75_lDDT	SL_otrA_Q75_lDDT	8.141E-01	8.034E-01	8.120E-01	32.300	337	346	333
AF-B0B4B3-F1-model_v6_Q75_lDDT	AF-B0B4B3-F1-model_v6_Q75_lDDT	1.003E+00	1.000E+00	1.000E+00	100.000	337	337	337
AF-B0B4B3-F1-model_v6_Q75_lDDT	AF-A0A2Z4PJD3-F1-model_v6_Q75_lDDT	1.003E+00	9.998E-01	9.998E-01	98.500	337	337	337
AF-B0B4B3-F1-model_v6_Q75_lDDT	AF-A0A825BJ35-F1-model_v6_Q75_lDDT	9.952E-01	9.923E-01	9.923E-01	72.900	337	337	337
AF-B0B4B3-F1-model_v6_Q75_lDDT	AF-A0AAW6K3V4-F1-model_v6_Q75_lDDT	9.947E-01	9.917E-01	9.917E-01	91.000	337	337	337
AF-B0B4B3-F1-model_v6_Q75_lDDT	AF-B0BD04-F1-model_v6_Q75_lDDT	9.948E-01	9.918E-01	9.918E-01	80.700	337	337	337
AF-B0B4B3-F1-model_v6_Q75_lDDT	AF-O52836-F1-model_v6_Q75_lDDT	9.935E-01	9.906E-01	9.906E-01	82.100	337	337	337
AF-B0B4B3-F1-model_v6_Q75_lDDT	AF-A0A142BVK9-F1-model_v6_Q75_lDDT	9.924E-01	9.895E-01	9.895E-01	81.800	337	337	337
AF-B0B4B3-F1-model_v6_Q75_lDDT	AF-Q67709-F1-model_v6_Q75_lDDT	9.936E-01	9.878E-01	9.907E-01	76.200	337	337	336
AF-B0B4B3-F1-model_v6_Q75_lDDT	AF-D2U569-F1-model_v6_Q75_lDDT	9.928E-01	9.870E-01	9.899E-01	73.200	337	337	336
AF-B0B4B3-F1-model_v6_Q75_lDDT	tet_O_M_O_Q75_lDDT	9.919E-01	9.860E-01	9.890E-01	82.700	337	337	336
AF-B0B4B3-F1-model_v6_Q75_lDDT	tet_O_W_O_Q75_lDDT	9.901E-01	9.872E-01	9.872E-01	83.900	337	337	337
AF-B0B4B3-F1-model_v6_Q75_lDDT	AF-A0A411NMM1-F1-model_v6_Q75_lDDT	9.867E-01	9.810E-01	9.838E-01	82.100	337	337	336
AF-B0B4B3-F1-model_v6_Q75_lDDT	AF-L8EW08-F1-model_v6_Q75_lDDT	9.670E-01	9.642E-01	9.642E-01	43.400	337	338	337
AF-B0B4B3-F1-model_v6_Q75_lDDT	tet_32_Q75_lDDT	9.659E-01	9.632E-01	9.632E-01	81.300	337	337	337
AF-B0B4B3-F1-model_v6_Q75_lDDT	AF-A0AAE4LCH5-F1-model_v6_Q75_lDDT	9.428E-01	9.402E-01	9.402E-01	48.900	337	337	337
AF-B0B4B3-F1-model_v6_Q75_lDDT	AF-A0A9X2M8Q0-F1-model_v6_Q75_lDDT	9.237E-01	9.212E-01	9.212E-01	49.500	337	337	337
AF-B0B4B3-F1-model_v6_Q75_lDDT	tet_36_Q75_lDDT	8.977E-01	8.952E-01	8.952E-01	53.100	337	337	337
AF-B0B4B3-F1-model_v6_Q75_lDDT	AF-A0A6N7VH36-F1-model_v6_Q75_lDDT	8.867E-01	8.843E-01	8.843E-01	52.800	337	337	337
AF-B0B4B3-F1-model_v6_Q75_lDDT	SL_otrA_Q75_lDDT	8.625E-01	8.509E-01	8.601E-01	42.700	337	339	333
AF-D2U569-F1-model_v6_Q75_lDDT	AF-D2U569-F1-model_v6_Q75_lDDT	1.003E+00	1.000E+00	1.000E+00	100.000	336	336	336
AF-D2U569-F1-model_v6_Q75_lDDT	AF-B0BD04-F1-model_v6_Q75_lDDT	9.982E-01	9.952E-01	9.923E-01	71.200	336	337	337
AF-D2U569-F1-model_v6_Q75_lDDT	AF-Q67709-F1-model_v6_Q75_lDDT	9.969E-01	9.939E-01	9.939E-01	83.000	336	336	336
AF-D2U569-F1-model_v6_Q75_lDDT	AF-A0A411NMM1-F1-model_v6_Q75_lDDT	9.930E-01	9.901E-01	9.901E-01	75.800	336	336	336
AF-D2U569-F1-model_v6_Q75_lDDT	AF-B0B4B3-F1-model_v6_Q75_lDDT	9.928E-01	9.899E-01	9.870E-01	73.200	336	337	337
AF-D2U569-F1-model_v6_Q75_lDDT	AF-A0A825BJ35-F1-model_v6_Q75_lDDT	9.928E-01	9.898E-01	9.869E-01	71.800	336	337	337
AF-D2U569-F1-model_v6_Q75_lDDT	AF-A0A2Z4PJD3-F1-model_v6_Q75_lDDT	9.914E-01	9.885E-01	9.856E-01	72.900	336	337	337
AF-D2U569-F1-model_v6_Q75_lDDT	AF-A0AAW6K3V4-F1-model_v6_Q75_lDDT	9.881E-01	9.852E-01	9.823E-01	73.500	336	337	337
AF-D2U569-F1-model_v6_Q75_lDDT	tet_O_M_O_Q75_lDDT	9.861E-01	9.832E-01	9.832E-01	77.300	336	336	336
AF-D2U569-F1-model_v6_Q75_lDDT	AF-O52836-F1-model_v6_Q75_lDDT	9.855E-01	9.826E-01	9.797E-01	72.700	336	337	337
AF-D2U569-F1-model_v6_Q75_lDDT	tet_O_W_O_Q75_lDDT	9.844E-01	9.816E-01	9.787E-01	73.200	336	337	337
AF-D2U569-F1-model_v6_Q75_lDDT	AF-A0A142BVK9-F1-model_v6_Q75_lDDT	9.798E-01	9.769E-01	9.741E-01	73.500	336	337	337
AF-D2U569-F1-model_v6_Q75_lDDT	AF-L8EW08-F1-model_v6_Q75_lDDT	9.693E-01	9.665E-01	9.637E-01	39.600	336	338	337
AF-D2U569-F1-model_v6_Q75_lDDT	tet_32_Q75_lDDT	9.550E-01	9.523E-01	9.495E-01	72.700	336	337	337
AF-D2U569-F1-model_v6_Q75_lDDT	AF-A0AAE4LCH5-F1-model_v6_Q75_lDDT	9.523E-01	9.496E-01	9.469E-01	48.000	336	337	337
AF-D2U569-F1-model_v6_Q75_lDDT	AF-A0A6N7VH36-F1-model_v6_Q75_lDDT	9.127E-01	9.102E-01	9.076E-01	51.300	336	337	337
AF-D2U569-F1-model_v6_Q75_lDDT	AF-A0A9X2M8Q0-F1-model_v6_Q75_lDDT	8.996E-01	8.971E-01	8.947E-01	46.200	336	337	337
AF-D2U569-F1-model_v6_Q75_lDDT	tet_36_Q75_lDDT	8.743E-01	8.720E-01	8.696E-01	49.800	336	337	337
AF-D2U569-F1-model_v6_Q75_lDDT	SL_otrA_Q75_lDDT	8.634E-01	8.541E-01	8.611E-01	40.700	336	339	333
AF-Q67709-F1-model_v6_Q75_lDDT	AF-Q67709-F1-model_v6_Q75_lDDT	1.003E+00	1.000E+00	1.000E+00	100.000	336	336	336
AF-Q67709-F1-model_v6_Q75_lDDT	AF-B0BD04-F1-model_v6_Q75_lDDT	1.000E+00	9.975E-01	9.945E-01	73.800	336	337	337
AF-Q67709-F1-model_v6_Q75_lDDT	AF-D2U569-F1-model_v6_Q75_lDDT	9.969E-01	9.939E-01	9.939E-01	83.000	336	336	336
AF-Q67709-F1-model_v6_Q75_lDDT	AF-A0A411NMM1-F1-model_v6_Q75_lDDT	9.945E-01	9.916E-01	9.916E-01	80.000	336	336	336
AF-Q67709-F1-model_v6_Q75_lDDT	AF-B0B4B3-F1-model_v6_Q75_lDDT	9.936E-01	9.907E-01	9.878E-01	76.200	336	337	337
AF-Q67709-F1-model_v6_Q75_lDDT	AF-A0A2Z4PJD3-F1-model_v6_Q75_lDDT	9.930E-01	9.900E-01	9.871E-01	76.500	336	337	337
AF-Q67709-F1-model_v6_Q75_lDDT	tet_O_M_O_Q75_lDDT	9.906E-01	9.876E-01	9.876E-01	84.500	336	336	336
AF-Q67709-F1-model_v6_Q75_lDDT	AF-A0A825BJ35-F1-model_v6_Q75_lDDT	9.908E-01	9.879E-01	9.850E-01	72.100	336	337	337
AF-Q67709-F1-model_v6_Q75_lDDT	AF-A0AAW6K3V4-F1-model_v6_Q75_lDDT	9.874E-01	9.845E-01	9.816E-01	77.100	336	337	337
AF-Q67709-F1-model_v6_Q75_lDDT	AF-O52836-F1-model_v6_Q75_lDDT	9.831E-01	9.802E-01	9.774E-01	74.400	336	337	337
AF-Q67709-F1-model_v6_Q75_lDDT	AF-A0A142BVK9-F1-model_v6_Q75_lDDT	9.817E-01	9.789E-01	9.760E-01	75.600	336	337	337
AF-Q67709-F1-model_v6_Q75_lDDT	tet_O_W_O_Q75_lDDT	9.810E-01	9.781E-01	9.753E-01	75.900	336	337	337
AF-Q67709-F1-model_v6_Q75_lDDT	AF-L8EW08-F1-model_v6_Q75_lDDT	9.656E-01	9.628E-01	9.600E-01	39.600	336	338	337
AF-Q67709-F1-model_v6_Q75_lDDT	tet_32_Q75_lDDT	9.573E-01	9.546E-01	9.518E-01	75.000	336	337	337
AF-Q67709-F1-model_v6_Q75_lDDT	AF-A0AAE4LCH5-F1-model_v6_Q75_lDDT	9.561E-01	9.534E-01	9.507E-01	48.600	336	337	337
AF-Q67709-F1-model_v6_Q75_lDDT	AF-A0A9X2M8Q0-F1-model_v6_Q75_lDDT	9.135E-01	9.109E-01	9.084E-01	45.400	336	337	337
AF-Q67709-F1-model_v6_Q75_lDDT	AF-A0A6N7VH36-F1-model_v6_Q75_lDDT	9.070E-01	9.045E-01	9.020E-01	51.900	336	337	337
AF-Q67709-F1-model_v6_Q75_lDDT	tet_36_Q75_lDDT	8.820E-01	8.796E-01	8.773E-01	51.900	336	337	337
AF-Q67709-F1-model_v6_Q75_lDDT	SL_otrA_Q75_lDDT	8.568E-01	8.476E-01	8.545E-01	41.500	336	339	333
tet_32_Q75_lDDT	tet_32_Q75_lDDT	1.003E+00	1.000E+00	1.000E+00	100.000	337	337	337
tet_32_Q75_lDDT	tet_O_W_O_Q75_lDDT	9.875E-01	9.846E-01	9.846E-01	75.900	337	337	337
tet_32_Q75_lDDT	AF-A0A142BVK9-F1-model_v6_Q75_lDDT	9.856E-01	9.827E-01	9.827E-01	76.200	337	337	337
tet_32_Q75_lDDT	AF-O52836-F1-model_v6_Q75_lDDT	9.832E-01	9.803E-01	9.803E-01	75.000	337	337	337
tet_32_Q75_lDDT	tet_O_M_O_Q75_lDDT	9.813E-01	9.756E-01	9.784E-01	75.300	337	337	336
tet_32_Q75_lDDT	AF-A0A825BJ35-F1-model_v6_Q75_lDDT	9.776E-01	9.747E-01	9.747E-01	75.300	337	337	337
tet_32_Q75_lDDT	AF-A0AAW6K3V4-F1-model_v6_Q75_lDDT	9.727E-01	9.698E-01	9.698E-01	87.500	337	337	337
tet_32_Q75_lDDT	AF-A0A2Z4PJD3-F1-model_v6_Q75_lDDT	9.672E-01	9.644E-01	9.644E-01	81.600	337	337	337
tet_32_Q75_lDDT	AF-B0B4B3-F1-model_v6_Q75_lDDT	9.659E-01	9.632E-01	9.632E-01	81.300	337	337	337
tet_32_Q75_lDDT	AF-B0BD04-F1-model_v6_Q75_lDDT	9.564E-01	9.536E-01	9.536E-01	75.000	337	337	337
tet_32_Q75_lDDT	AF-Q67709-F1-model_v6_Q75_lDDT	9.573E-01	9.518E-01	9.546E-01	75.000	337	337	336
tet_32_Q75_lDDT	AF-D2U569-F1-model_v6_Q75_lDDT	9.550E-01	9.495E-01	9.523E-01	72.700	337	337	336
tet_32_Q75_lDDT	AF-L8EW08-F1-model_v6_Q75_lDDT	9.337E-01	9.310E-01	9.310E-01	41.800	337	339	337
tet_32_Q75_lDDT	AF-A0A411NMM1-F1-model_v6_Q75_lDDT	9.296E-01	9.244E-01	9.269E-01	74.400	337	337	336
tet_32_Q75_lDDT	AF-A0A9X2M8Q0-F1-model_v6_Q75_lDDT	9.106E-01	9.081E-01	9.081E-01	48.300	337	337	337
tet_32_Q75_lDDT	AF-A0AAE4LCH5-F1-model_v6_Q75_lDDT	8.986E-01	8.962E-01	8.962E-01	50.700	337	337	337
tet_32_Q75_lDDT	SL_otrA_Q75_lDDT	8.920E-01	8.798E-01	8.895E-01	42.800	337	338	333
tet_32_Q75_lDDT	tet_36_Q75_lDDT	8.630E-01	8.607E-01	8.607E-01	49.100	337	338	337
tet_32_Q75_lDDT	AF-A0A6N7VH36-F1-model_v6_Q75_lDDT	8.505E-01	8.482E-01	8.482E-01	53.100	337	337	337
tet_O_W_O_Q75_lDDT	tet_O_W_O_Q75_lDDT	1.003E+00	1.000E+00	1.000E+00	100.000	337	337	337
tet_O_W_O_Q75_lDDT	AF-O52836-F1-model_v6_Q75_lDDT	9.994E-01	9.965E-01	9.965E-01	93.700	337	337	337
tet_O_W_O_Q75_lDDT	AF-A0A142BVK9-F1-model_v6_Q75_lDDT	9.957E-01	9.927E-01	9.927E-01	91.900	337	337	337
tet_O_W_O_Q75_lDDT	AF-A0A825BJ35-F1-model_v6_Q75_lDDT	9.931E-01	9.901E-01	9.901E-01	72.700	337	337	337
tet_O_W_O_Q75_lDDT	tet_O_M_O_Q75_lDDT	9.939E-01	9.880E-01	9.909E-01	76.800	337	337	336
tet_O_W_O_Q75_lDDT	AF-B0B4B3-F1-model_v6_Q75_lDDT	9.901E-01	9.872E-01	9.872E-01	83.900	337	337	337
tet_O_W_O_Q75_lDDT	AF-A0A2Z4PJD3-F1-model_v6_Q75_lDDT	9.899E-01	9.870E-01	9.870E-01	85.400	337	337	337
tet_O_W_O_Q75_lDDT	AF-A0AAW6K3V4-F1-model_v6_Q75_lDDT	9.875E-01	9.846E-01	9.846E-01	79.800	337	337	337
tet_O_W_O_Q75_lDDT	tet_32_Q75_lDDT	9.875E-01	9.846E-01	9.846E-01	75.900	337	337	337
tet_O_W_O_Q75_lDDT	AF-B0BD04-F1-model_v6_Q75_lDDT	9.846E-01	9.817E-01	9.817E-01	94.600	337	337	337
tet_O_W_O_Q75_lDDT	AF-D2U569-F1-model_v6_Q75_lDDT	9.844E-01	9.787E-01	9.816E-01	73.200	337	337	336
tet_O_W_O_Q75_lDDT	AF-Q67709-F1-model_v6_Q75_lDDT	9.810E-01	9.753E-01	9.781E-01	75.900	337	337	336
tet_O_W_O_Q75_lDDT	AF-A0A411NMM1-F1-model_v6_Q75_lDDT	9.640E-01	9.584E-01	9.612E-01	78.000	337	337	336
tet_O_W_O_Q75_lDDT	AF-L8EW08-F1-model_v6_Q75_lDDT	9.591E-01	9.563E-01	9.563E-01	42.800	337	338	337
tet_O_W_O_Q75_lDDT	AF-A0AAE4LCH5-F1-model_v6_Q75_lDDT	9.273E-01	9.247E-01	9.247E-01	48.300	337	337	337
tet_O_W_O_Q75_lDDT	AF-A0A9X2M8Q0-F1-model_v6_Q75_lDDT	9.080E-01	9.055E-01	9.055E-01	48.000	337	337	337
tet_O_W_O_Q75_lDDT	SL_otrA_Q75_lDDT	8.903E-01	8.782E-01	8.879E-01	41.500	337	339	333
tet_O_W_O_Q75_lDDT	AF-A0A6N7VH36-F1-model_v6_Q75_lDDT	8.859E-01	8.835E-01	8.835E-01	52.800	337	337	337
tet_O_W_O_Q75_lDDT	tet_36_Q75_lDDT	8.694E-01	8.671E-01	8.671E-01	49.100	337	338	337
tet_36_Q75_lDDT	tet_36_Q75_lDDT	1.003E+00	1.000E+00	1.000E+00	100.000	337	337	337
tet_36_Q75_lDDT	AF-A0A9X2M8Q0-F1-model_v6_Q75_lDDT	9.644E-01	9.616E-01	9.616E-01	46.800	337	337	337
tet_36_Q75_lDDT	AF-A0AAW6K3V4-F1-model_v6_Q75_lDDT	9.127E-01	9.102E-01	9.102E-01	52.500	337	337	337
tet_36_Q75_lDDT	AF-A0A2Z4PJD3-F1-model_v6_Q75_lDDT	9.011E-01	8.986E-01	8.986E-01	53.100	337	337	337
tet_36_Q75_lDDT	AF-A0A142BVK9-F1-model_v6_Q75_lDDT	8.979E-01	8.955E-01	8.955E-01	50.100	337	337	337
tet_36_Q75_lDDT	AF-B0B4B3-F1-model_v6_Q75_lDDT	8.977E-01	8.952E-01	8.952E-01	53.100	337	337	337
tet_36_Q75_lDDT	tet_O_M_O_Q75_lDDT	8.880E-01	8.832E-01	8.856E-01	54.000	337	337	336
tet_36_Q75_lDDT	AF-A0A825BJ35-F1-model_v6_Q75_lDDT	8.836E-01	8.812E-01	8.812E-01	54.000	337	337	337
tet_36_Q75_lDDT	AF-O52836-F1-model_v6_Q75_lDDT	8.810E-01	8.785E-01	8.785E-01	49.800	337	337	337
tet_36_Q75_lDDT	AF-Q67709-F1-model_v6_Q75_lDDT	8.820E-01	8.773E-01	8.796E-01	51.900	337	337	336
tet_36_Q75_lDDT	AF-A0A411NMM1-F1-model_v6_Q75_lDDT	8.794E-01	8.747E-01	8.771E-01	54.000	337	337	336
tet_36_Q75_lDDT	AF-B0BD04-F1-model_v6_Q75_lDDT	8.768E-01	8.744E-01	8.744E-01	49.800	337	337	337
tet_36_Q75_lDDT	AF-D2U569-F1-model_v6_Q75_lDDT	8.743E-01	8.696E-01	8.720E-01	49.800	337	337	336
tet_36_Q75_lDDT	tet_O_W_O_Q75_lDDT	8.694E-01	8.671E-01	8.671E-01	49.100	337	338	337
tet_36_Q75_lDDT	tet_32_Q75_lDDT	8.630E-01	8.607E-01	8.607E-01	49.100	337	338	337
tet_36_Q75_lDDT	AF-A0AAE4LCH5-F1-model_v6_Q75_lDDT	8.501E-01	8.478E-01	8.478E-01	55.600	337	343	337
tet_36_Q75_lDDT	AF-L8EW08-F1-model_v6_Q75_lDDT	8.467E-01	8.445E-01	8.445E-01	41.400	337	338	337
tet_36_Q75_lDDT	AF-A0A6N7VH36-F1-model_v6_Q75_lDDT	7.605E-01	7.575E-01	7.575E-01	42.800	337	345	337
tet_36_Q75_lDDT	SL_otrA_Q75_lDDT	7.270E-01	7.181E-01	7.252E-01	33.700	337	344	333
AF-L8EW08-F1-model_v6_Q75_lDDT	AF-L8EW08-F1-model_v6_Q75_lDDT	1.003E+00	1.000E+00	1.000E+00	100.000	337	337	337
AF-L8EW08-F1-model_v6_Q75_lDDT	AF-A0A825BJ35-F1-model_v6_Q75_lDDT	9.692E-01	9.664E-01	9.664E-01	40.500	337	338	337
AF-L8EW08-F1-model_v6_Q75_lDDT	AF-D2U569-F1-model_v6_Q75_lDDT	9.693E-01	9.637E-01	9.665E-01	39.600	337	338	336
AF-L8EW08-F1-model_v6_Q75_lDDT	AF-B0BD04-F1-model_v6_Q75_lDDT	9.670E-01	9.642E-01	9.642E-01	42.300	337	338	337
AF-L8EW08-F1-model_v6_Q75_lDDT	AF-B0B4B3-F1-model_v6_Q75_lDDT	9.670E-01	9.642E-01	9.642E-01	43.400	337	338	337
AF-L8EW08-F1-model_v6_Q75_lDDT	AF-A0A2Z4PJD3-F1-model_v6_Q75_lDDT	9.658E-01	9.630E-01	9.630E-01	44.300	337	338	337
AF-L8EW08-F1-model_v6_Q75_lDDT	AF-Q67709-F1-model_v6_Q75_lDDT	9.656E-01	9.600E-01	9.628E-01	39.600	337	338	336
AF-L8EW08-F1-model_v6_Q75_lDDT	AF-A0A411NMM1-F1-model_v6_Q75_lDDT	9.609E-01	9.554E-01	9.581E-01	42.800	337	338	336
AF-L8EW08-F1-model_v6_Q75_lDDT	tet_O_W_O_Q75_lDDT	9.591E-01	9.563E-01	9.563E-01	42.800	337	338	337
AF-L8EW08-F1-model_v6_Q75_lDDT	AF-A0AAW6K3V4-F1-model_v6_Q75_lDDT	9.573E-01	9.545E-01	9.545E-01	44.200	337	339	337
AF-L8EW08-F1-model_v6_Q75_lDDT	AF-O52836-F1-model_v6_Q75_lDDT	9.550E-01	9.523E-01	9.523E-01	41.400	337	338	337
AF-L8EW08-F1-model_v6_Q75_lDDT	tet_O_M_O_Q75_lDDT	9.555E-01	9.500E-01	9.528E-01	42.600	337	338	336
AF-L8EW08-F1-model_v6_Q75_lDDT	AF-A0A142BVK9-F1-model_v6_Q75_lDDT	9.494E-01	9.467E-01	9.467E-01	41.400	337	338	337
AF-L8EW08-F1-model_v6_Q75_lDDT	tet_32_Q75_lDDT	9.337E-01	9.310E-01	9.310E-01	41.800	337	339	337
AF-L8EW08-F1-model_v6_Q75_lDDT	AF-A0AAE4LCH5-F1-model_v6_Q75_lDDT	9.294E-01	9.268E-01	9.268E-01	40.500	337	338	337
AF-L8EW08-F1-model_v6_Q75_lDDT	AF-A0A6N7VH36-F1-model_v6_Q75_lDDT	9.035E-01	9.011E-01	9.011E-01	40.500	337	338	337
AF-L8EW08-F1-model_v6_Q75_lDDT	SL_otrA_Q75_lDDT	8.884E-01	8.762E-01	8.859E-01	56.200	337	338	333
AF-L8EW08-F1-model_v6_Q75_lDDT	AF-A0A9X2M8Q0-F1-model_v6_Q75_lDDT	8.767E-01	8.743E-01	8.743E-01	44.500	337	339	337
AF-L8EW08-F1-model_v6_Q75_lDDT	tet_36_Q75_lDDT	8.467E-01	8.445E-01	8.445E-01	41.400	337	338	337
AF-A0A142BVK9-F1-model_v6_Q75_lDDT	AF-A0A142BVK9-F1-model_v6_Q75_lDDT	1.003E+00	1.000E+00	1.000E+00	100.000	337	337	337
AF-A0A142BVK9-F1-model_v6_Q75_lDDT	AF-O52836-F1-model_v6_Q75_lDDT	9.997E-01	9.968E-01	9.968E-01	96.700	337	337	337
AF-A0A142BVK9-F1-model_v6_Q75_lDDT	tet_O_W_O_Q75_lDDT	9.957E-01	9.927E-01	9.927E-01	91.900	337	337	337
AF-A0A142BVK9-F1-model_v6_Q75_lDDT	AF-A0AAW6K3V4-F1-model_v6_Q75_lDDT	9.950E-01	9.921E-01	9.921E-01	75.300	337	337	337
AF-A0A142BVK9-F1-model_v6_Q75_lDDT	AF-A0A2Z4PJD3-F1-model_v6_Q75_lDDT	9.933E-01	9.904E-01	9.904E-01	80.400	337	337	337
AF-A0A142BVK9-F1-model_v6_Q75_lDDT	tet_O_M_O_Q75_lDDT	9.944E-01	9.886E-01	9.915E-01	72.900	337	337	336
AF-A0A142BVK9-F1-model_v6_Q75_lDDT	AF-B0B4B3-F1-model_v6_Q75_lDDT	9.924E-01	9.895E-01	9.895E-01	81.800	337	337	337
AF-A0A142BVK9-F1-model_v6_Q75_lDDT	AF-A0A825BJ35-F1-model_v6_Q75_lDDT	9.911E-01	9.882E-01	9.882E-01	74.100	337	337	337
AF-A0A142BVK9-F1-model_v6_Q75_lDDT	tet_32_Q75_lDDT	9.856E-01	9.827E-01	9.827E-01	76.200	337	337	337
AF-A0A142BVK9-F1-model_v6_Q75_lDDT	AF-B0BD04-F1-model_v6_Q75_lDDT	9.835E-01	9.806E-01	9.806E-01	94.300	337	337	337
AF-A0A142BVK9-F1-model_v6_Q75_lDDT	AF-Q67709-F1-model_v6_Q75_lDDT	9.817E-01	9.760E-01	9.789E-01	75.600	337	337	336
AF-A0A142BVK9-F1-model_v6_Q75_lDDT	AF-D2U569-F1-model_v6_Q75_lDDT	9.798E-01	9.741E-01	9.769E-01	73.500	337	337	336
AF-A0A142BVK9-F1-model_v6_Q75_lDDT	AF-A0A411NMM1-F1-model_v6_Q75_lDDT	9.655E-01	9.599E-01	9.627E-01	73.500	337	337	336
AF-A0A142BVK9-F1-model_v6_Q75_lDDT	AF-L8EW08-F1-model_v6_Q75_lDDT	9.494E-01	9.467E-01	9.467E-01	41.400	337	338	337
AF-A0A142BVK9-F1-model_v6_Q75_lDDT	AF-A0A9X2M8Q0-F1-model_v6_Q75_lDDT	9.388E-01	9.362E-01	9.362E-01	47.700	337	337	337
AF-A0A142BVK9-F1-model_v6_Q75_lDDT	AF-A0AAE4LCH5-F1-model_v6_Q75_lDDT	9.343E-01	9.317E-01	9.317E-01	47.100	337	337	337
AF-A0A142BVK9-F1-model_v6_Q75_lDDT	tet_36_Q75_lDDT	8.979E-01	8.955E-01	8.955E-01	50.100	337	337	337
AF-A0A142BVK9-F1-model_v6_Q75_lDDT	AF-A0A6N7VH36-F1-model_v6_Q75_lDDT	8.728E-01	8.704E-01	8.704E-01	51.300	337	337	337
AF-A0A142BVK9-F1-model_v6_Q75_lDDT	SL_otrA_Q75_lDDT	8.599E-01	8.484E-01	8.575E-01	40.100	337	339	333
AF-A0A2Z4PJD3-F1-model_v6_Q75_lDDT	AF-A0A2Z4PJD3-F1-model_v6_Q75_lDDT	1.003E+00	1.000E+00	1.000E+00	100.000	337	337	337
AF-A0A2Z4PJD3-F1-model_v6_Q75_lDDT	AF-B0B4B3-F1-model_v6_Q75_lDDT	1.003E+00	9.998E-01	9.998E-01	98.500	337	337	337
AF-A0A2Z4PJD3-F1-model_v6_Q75_lDDT	AF-A0AAW6K3V4-F1-model_v6_Q75_lDDT	9.953E-01	9.923E-01	9.923E-01	92.500	337	337	337
AF-A0A2Z4PJD3-F1-model_v6_Q75_lDDT	AF-A0A825BJ35-F1-model_v6_Q75_lDDT	9.948E-01	9.919E-01	9.919E-01	72.900	337	337	337
AF-A0A2Z4PJD3-F1-model_v6_Q75_lDDT	AF-B0BD04-F1-model_v6_Q75_lDDT	9.937E-01	9.908E-01	9.908E-01	82.100	337	337	337
AF-A0A2Z4PJD3-F1-model_v6_Q75_lDDT	AF-O52836-F1-model_v6_Q75_lDDT	9.934E-01	9.905E-01	9.905E-01	80.700	337	337	337
AF-A0A2Z4PJD3-F1-model_v6_Q75_lDDT	AF-A0A142BVK9-F1-model_v6_Q75_lDDT	9.933E-01	9.904E-01	9.904E-01	80.400	337	337	337
AF-A0A2Z4PJD3-F1-model_v6_Q75_lDDT	AF-Q67709-F1-model_v6_Q75_lDDT	9.930E-01	9.871E-01	9.900E-01	76.500	337	337	336
AF-A0A2Z4PJD3-F1-model_v6_Q75_lDDT	tet_O_M_O_Q75_lDDT	9.925E-01	9.867E-01	9.896E-01	84.200	337	337	336
AF-A0A2Z4PJD3-F1-model_v6_Q75_lDDT	AF-D2U569-F1-model_v6_Q75_lDDT	9.914E-01	9.856E-01	9.885E-01	72.900	337	337	336
AF-A0A2Z4PJD3-F1-model_v6_Q75_lDDT	tet_O_W_O_Q75_lDDT	9.899E-01	9.870E-01	9.870E-01	85.400	337	337	337
AF-A0A2Z4PJD3-F1-model_v6_Q75_lDDT	AF-A0A411NMM1-F1-model_v6_Q75_lDDT	9.851E-01	9.794E-01	9.823E-01	83.600	337	337	336
AF-A0A2Z4PJD3-F1-model_v6_Q75_lDDT	tet_32_Q75_lDDT	9.672E-01	9.644E-01	9.644E-01	81.600	337	337	337
AF-A0A2Z4PJD3-F1-model_v6_Q75_lDDT	AF-L8EW08-F1-model_v6_Q75_lDDT	9.658E-01	9.630E-01	9.630E-01	44.300	337	338	337
AF-A0A2Z4PJD3-F1-model_v6_Q75_lDDT	AF-A0AAE4LCH5-F1-model_v6_Q75_lDDT	9.410E-01	9.383E-01	9.383E-01	49.500	337	337	337
AF-A0A2Z4PJD3-F1-model_v6_Q75_lDDT	AF-A0A9X2M8Q0-F1-model_v6_Q75_lDDT	9.272E-01	9.246E-01	9.246E-01	49.200	337	337	337
AF-A0A2Z4PJD3-F1-model_v6_Q75_lDDT	tet_36_Q75_lDDT	9.011E-01	8.986E-01	8.986E-01	53.100	337	337	337
AF-A0A2Z4PJD3-F1-model_v6_Q75_lDDT	AF-A0A6N7VH36-F1-model_v6_Q75_lDDT	8.826E-01	8.802E-01	8.802E-01	53.100	337	337	337
AF-A0A2Z4PJD3-F1-model_v6_Q75_lDDT	SL_otrA_Q75_lDDT	8.604E-01	8.489E-01	8.580E-01	43.000	337	339	333
AF-A0A411NMM1-F1-model_v6_Q75_lDDT	AF-A0A411NMM1-F1-model_v6_Q75_lDDT	1.003E+00	1.000E+00	1.000E+00	100.000	336	336	336
AF-A0A411NMM1-F1-model_v6_Q75_lDDT	AF-Q67709-F1-model_v6_Q75_lDDT	9.945E-01	9.916E-01	9.916E-01	80.000	336	336	336
AF-A0A411NMM1-F1-model_v6_Q75_lDDT	AF-B0BD04-F1-model_v6_Q75_lDDT	9.952E-01	9.923E-01	9.894E-01	73.500	336	337	337
AF-A0A411NMM1-F1-model_v6_Q75_lDDT	AF-D2U569-F1-model_v6_Q75_lDDT	9.930E-01	9.901E-01	9.901E-01	75.800	336	336	336
AF-A0A411NMM1-F1-model_v6_Q75_lDDT	AF-B0B4B3-F1-model_v6_Q75_lDDT	9.867E-01	9.838E-01	9.810E-01	82.100	336	337	337
AF-A0A411NMM1-F1-model_v6_Q75_lDDT	AF-A0A2Z4PJD3-F1-model_v6_Q75_lDDT	9.851E-01	9.823E-01	9.794E-01	83.600	336	337	337
AF-A0A411NMM1-F1-model_v6_Q75_lDDT	AF-A0AAW6K3V4-F1-model_v6_Q75_lDDT	9.764E-01	9.736E-01	9.707E-01	85.700	336	337	337
AF-A0A411NMM1-F1-model_v6_Q75_lDDT	AF-A0A825BJ35-F1-model_v6_Q75_lDDT	9.766E-01	9.738E-01	9.709E-01	71.500	336	337	337
AF-A0A411NMM1-F1-model_v6_Q75_lDDT	tet_O_M_O_Q75_lDDT	9.736E-01	9.708E-01	9.708E-01	94.600	336	336	336
AF-A0A411NMM1-F1-model_v6_Q75_lDDT	AF-O52836-F1-model_v6_Q75_lDDT	9.688E-01	9.659E-01	9.631E-01	72.900	336	337	337
AF-A0A411NMM1-F1-model_v6_Q75_lDDT	AF-A0A142BVK9-F1-model_v6_Q75_lDDT	9.655E-01	9.627E-01	9.599E-01	73.500	336	337	337
AF-A0A411NMM1-F1-model_v6_Q75_lDDT	tet_O_W_O_Q75_lDDT	9.640E-01	9.612E-01	9.584E-01	78.000	336	337	337
AF-A0A411NMM1-F1-model_v6_Q75_lDDT	AF-A0AAE4LCH5-F1-model_v6_Q75_lDDT	9.636E-01	9.608E-01	9.580E-01	48.600	336	337	337
AF-A0A411NMM1-F1-model_v6_Q75_lDDT	AF-L8EW08-F1-model_v6_Q75_lDDT	9.609E-01	9.581E-01	9.554E-01	42.800	336	338	337
AF-A0A411NMM1-F1-model_v6_Q75_lDDT	tet_32_Q75_lDDT	9.296E-01	9.269E-01	9.244E-01	74.400	336	337	337
AF-A0A411NMM1-F1-model_v6_Q75_lDDT	AF-A0A6N7VH36-F1-model_v6_Q75_lDDT	9.174E-01	9.148E-01	9.123E-01	52.800	336	337	337
AF-A0A411NMM1-F1-model_v6_Q75_lDDT	AF-A0A9X2M8Q0-F1-model_v6_Q75_lDDT	8.997E-01	8.972E-01	8.947E-01	48.300	336	337	337
AF-A0A411NMM1-F1-model_v6_Q75_lDDT	tet_36_Q75_lDDT	8.794E-01	8.771E-01	8.747E-01	54.000	336	337	337
AF-A0A411NMM1-F1-model_v6_Q75_lDDT	SL_otrA_Q75_lDDT	8.366E-01	8.277E-01	8.343E-01	40.500	336	340	333
AF-A0A825BJ35-F1-model_v6_Q75_lDDT	AF-A0A825BJ35-F1-model_v6_Q75_lDDT	1.003E+00	1.000E+00	1.000E+00	100.000	337	337	337
AF-A0A825BJ35-F1-model_v6_Q75_lDDT	AF-B0B4B3-F1-model_v6_Q75_lDDT	9.952E-01	9.923E-01	9.923E-01	72.900	337	337	337
AF-A0A825BJ35-F1-model_v6_Q75_lDDT	AF-A0A2Z4PJD3-F1-model_v6_Q75_lDDT	9.948E-01	9.919E-01	9.919E-01	72.900	337	337	337
AF-A0A825BJ35-F1-model_v6_Q75_lDDT	AF-O52836-F1-model_v6_Q75_lDDT	9.934E-01	9.905E-01	9.905E-01	73.200	337	337	337
AF-A0A825BJ35-F1-model_v6_Q75_lDDT	tet_O_W_O_Q75_lDDT	9.931E-01	9.901E-01	9.901E-01	72.700	337	337	337
AF-A0A825BJ35-F1-model_v6_Q75_lDDT	AF-A0AAW6K3V4-F1-model_v6_Q75_lDDT	9.925E-01	9.896E-01	9.896E-01	73.800	337	337	337
AF-A0A825BJ35-F1-model_v6_Q75_lDDT	AF-D2U569-F1-model_v6_Q75_lDDT	9.928E-01	9.869E-01	9.898E-01	71.800	337	337	336
AF-A0A825BJ35-F1-model_v6_Q75_lDDT	AF-B0BD04-F1-model_v6_Q75_lDDT	9.913E-01	9.884E-01	9.884E-01	72.100	337	337	337
AF-A0A825BJ35-F1-model_v6_Q75_lDDT	AF-A0A142BVK9-F1-model_v6_Q75_lDDT	9.911E-01	9.882E-01	9.882E-01	74.100	337	337	337
AF-A0A825BJ35-F1-model_v6_Q75_lDDT	tet_O_M_O_Q75_lDDT	9.920E-01	9.861E-01	9.891E-01	71.800	337	337	336
AF-A0A825BJ35-F1-model_v6_Q75_lDDT	AF-Q67709-F1-model_v6_Q75_lDDT	9.908E-01	9.850E-01	9.879E-01	72.100	337	337	336
AF-A0A825BJ35-F1-model_v6_Q75_lDDT	tet_32_Q75_lDDT	9.776E-01	9.747E-01	9.747E-01	75.300	337	337	337
AF-A0A825BJ35-F1-model_v6_Q75_lDDT	AF-A0A411NMM1-F1-model_v6_Q75_lDDT	9.766E-01	9.709E-01	9.738E-01	71.500	337	337	336
AF-A0A825BJ35-F1-model_v6_Q75_lDDT	AF-L8EW08-F1-model_v6_Q75_lDDT	9.692E-01	9.664E-01	9.664E-01	40.500	337	338	337
AF-A0A825BJ35-F1-model_v6_Q75_lDDT	AF-A0AAE4LCH5-F1-model_v6_Q75_lDDT	9.396E-01	9.369E-01	9.369E-01	49.500	337	337	337
AF-A0A825BJ35-F1-model_v6_Q75_lDDT	AF-A0A9X2M8Q0-F1-model_v6_Q75_lDDT	9.133E-01	9.108E-01	9.108E-01	48.600	337	337	337
AF-A0A825BJ35-F1-model_v6_Q75_lDDT	AF-A0A6N7VH36-F1-model_v6_Q75_lDDT	8.942E-01	8.918E-01	8.918E-01	54.300	337	337	337
AF-A0A825BJ35-F1-model_v6_Q75_lDDT	tet_36_Q75_lDDT	8.836E-01	8.812E-01	8.812E-01	54.000	337	337	337
AF-A0A825BJ35-F1-model_v6_Q75_lDDT	SL_otrA_Q75_lDDT	8.829E-01	8.709E-01	8.805E-01	39.000	337	338	333
AF-A0A9X2M8Q0-F1-model_v6_Q75_lDDT	AF-A0A9X2M8Q0-F1-model_v6_Q75_lDDT	1.003E+00	1.000E+00	1.000E+00	100.000	337	337	337
AF-A0A9X2M8Q0-F1-model_v6_Q75_lDDT	tet_36_Q75_lDDT	9.644E-01	9.616E-01	9.616E-01	46.800	337	337	337
AF-A0A9X2M8Q0-F1-model_v6_Q75_lDDT	AF-A0AAW6K3V4-F1-model_v6_Q75_lDDT	9.417E-01	9.391E-01	9.391E-01	48.600	337	337	337
AF-A0A9X2M8Q0-F1-model_v6_Q75_lDDT	AF-A0A142BVK9-F1-model_v6_Q75_lDDT	9.388E-01	9.362E-01	9.362E-01	47.700	337	337	337
AF-A0A9X2M8Q0-F1-model_v6_Q75_lDDT	AF-A0A2Z4PJD3-F1-model_v6_Q75_lDDT	9.272E-01	9.246E-01	9.246E-01	49.200	337	337	337
AF-A0A9X2M8Q0-F1-model_v6_Q75_lDDT	tet_O_M_O_Q75_lDDT	9.273E-01	9.221E-01	9.247E-01	47.100	337	337	336
AF-A0A9X2M8Q0-F1-model_v6_Q75_lDDT	AF-B0B4B3-F1-model_v6_Q75_lDDT	9.237E-01	9.212E-01	9.212E-01	49.500	337	337	337
AF-A0A9X2M8Q0-F1-model_v6_Q75_lDDT	AF-O52836-F1-model_v6_Q75_lDDT	9.206E-01	9.181E-01	9.181E-01	48.000	337	337	337
AF-A0A9X2M8Q0-F1-model_v6_Q75_lDDT	AF-A0A825BJ35-F1-model_v6_Q75_lDDT	9.133E-01	9.108E-01	9.108E-01	48.600	337	337	337
AF-A0A9X2M8Q0-F1-model_v6_Q75_lDDT	AF-Q67709-F1-model_v6_Q75_lDDT	9.135E-01	9.084E-01	9.109E-01	45.400	337	337	336
AF-A0A9X2M8Q0-F1-model_v6_Q75_lDDT	tet_32_Q75_lDDT	9.106E-01	9.081E-01	9.081E-01	48.300	337	337	337
AF-A0A9X2M8Q0-F1-model_v6_Q75_lDDT	AF-B0BD04-F1-model_v6_Q75_lDDT	9.084E-01	9.059E-01	9.059E-01	46.800	337	337	337
AF-A0A9X2M8Q0-F1-model_v6_Q75_lDDT	tet_O_W_O_Q75_lDDT	9.080E-01	9.055E-01	9.055E-01	48.000	337	337	337
AF-A0A9X2M8Q0-F1-model_v6_Q75_lDDT	AF-A0A411NMM1-F1-model_v6_Q75_lDDT	8.997E-01	8.947E-01	8.972E-01	48.300	337	337	336
AF-A0A9X2M8Q0-F1-model_v6_Q75_lDDT	AF-D2U569-F1-model_v6_Q75_lDDT	8.996E-01	8.947E-01	8.971E-01	46.200	337	337	336
AF-A0A9X2M8Q0-F1-model_v6_Q75_lDDT	AF-A0AAE4LCH5-F1-model_v6_Q75_lDDT	8.843E-01	8.819E-01	8.819E-01	47.400	337	337	337
AF-A0A9X2M8Q0-F1-model_v6_Q75_lDDT	AF-L8EW08-F1-model_v6_Q75_lDDT	8.767E-01	8.743E-01	8.743E-01	44.500	337	339	337
AF-A0A9X2M8Q0-F1-model_v6_Q75_lDDT	AF-A0A6N7VH36-F1-model_v6_Q75_lDDT	7.813E-01	7.793E-01	7.793E-01	48.300	337	339	337
AF-A0A9X2M8Q0-F1-model_v6_Q75_lDDT	SL_otrA_Q75_lDDT	7.575E-01	7.481E-01	7.556E-01	37.100	337	342	333
AF-A0AAW6K3V4-F1-model_v6_Q75_lDDT	AF-A0AAW6K3V4-F1-model_v6_Q75_lDDT	1.003E+00	1.000E+00	1.000E+00	100.000	337	337	337
AF-A0AAW6K3V4-F1-model_v6_Q75_lDDT	AF-A0A2Z4PJD3-F1-model_v6_Q75_lDDT	9.953E-01	9.923E-01	9.923E-01	92.500	337	337	337
AF-A0AAW6K3V4-F1-model_v6_Q75_lDDT	AF-A0A142BVK9-F1-model_v6_Q75_lDDT	9.950E-01	9.921E-01	9.921E-01	75.300	337	337	337
AF-A0AAW6K3V4-F1-model_v6_Q75_lDDT	AF-B0B4B3-F1-model_v6_Q75_lDDT	9.947E-01	9.917E-01	9.917E-01	91.000	337	337	337
AF-A0AAW6K3V4-F1-model_v6_Q75_lDDT	AF-O52836-F1-model_v6_Q75_lDDT	9.927E-01	9.898E-01	9.898E-01	74.400	337	337	337
AF-A0AAW6K3V4-F1-model_v6_Q75_lDDT	AF-A0A825BJ35-F1-model_v6_Q75_lDDT	9.925E-01	9.896E-01	9.896E-01	73.800	337	337	337
AF-A0AAW6K3V4-F1-model_v6_Q75_lDDT	tet_O_M_O_Q75_lDDT	9.907E-01	9.849E-01	9.878E-01	86.300	337	337	336
AF-A0AAW6K3V4-F1-model_v6_Q75_lDDT	tet_O_W_O_Q75_lDDT	9.875E-01	9.846E-01	9.846E-01	79.800	337	337	337
AF-A0AAW6K3V4-F1-model_v6_Q75_lDDT	AF-B0BD04-F1-model_v6_Q75_lDDT	9.870E-01	9.841E-01	9.841E-01	75.600	337	337	337
AF-A0AAW6K3V4-F1-model_v6_Q75_lDDT	AF-D2U569-F1-model_v6_Q75_lDDT	9.881E-01	9.823E-01	9.852E-01	73.500	337	337	336
AF-A0AAW6K3V4-F1-model_v6_Q75_lDDT	AF-Q67709-F1-model_v6_Q75_lDDT	9.874E-01	9.816E-01	9.845E-01	77.100	337	337	336
AF-A0AAW6K3V4-F1-model_v6_Q75_lDDT	AF-A0A411NMM1-F1-model_v6_Q75_lDDT	9.764E-01	9.707E-01	9.736E-01	85.700	337	337	336
AF-A0AAW6K3V4-F1-model_v6_Q75_lDDT	tet_32_Q75_lDDT	9.727E-01	9.698E-01	9.698E-01	87.500	337	337	337
AF-A0AAW6K3V4-F1-model_v6_Q75_lDDT	AF-L8EW08-F1-model_v6_Q75_lDDT	9.573E-01	9.545E-01	9.545E-01	44.200	337	339	337
AF-A0AAW6K3V4-F1-model_v6_Q75_lDDT	AF-A0AAE4LCH5-F1-model_v6_Q75_lDDT	9.433E-01	9.406E-01	9.406E-01	51.300	337	337	337
AF-A0AAW6K3V4-F1-model_v6_Q75_lDDT	AF-A0A9X2M8Q0-F1-model_v6_Q75_lDDT	9.417E-01	9.391E-01	9.391E-01	48.600	337	337	337
AF-A0AAW6K3V4-F1-model_v6_Q75_lDDT	tet_36_Q75_lDDT	9.127E-01	9.102E-01	9.102E-01	52.500	337	337	337
AF-A0AAW6K3V4-F1-model_v6_Q75_lDDT	AF-A0A6N7VH36-F1-model_v6_Q75_lDDT	8.778E-01	8.754E-01	8.754E-01	54.300	337	337	337
AF-A0AAW6K3V4-F1-model_v6_Q75_lDDT	SL_otrA_Q75_lDDT	8.460E-01	8.349E-01	8.438E-01	42.700	337	339	333
AF-B0BD04-F1-model_v6_Q75_lDDT	AF-B0BD04-F1-model_v6_Q75_lDDT	1.003E+00	1.000E+00	1.000E+00	100.000	337	337	337
AF-B0BD04-F1-model_v6_Q75_lDDT	AF-Q67709-F1-model_v6_Q75_lDDT	1.000E+00	9.945E-01	9.975E-01	73.800	337	337	336
AF-B0BD04-F1-model_v6_Q75_lDDT	AF-D2U569-F1-model_v6_Q75_lDDT	9.982E-01	9.923E-01	9.952E-01	71.200	337	337	336
AF-B0BD04-F1-model_v6_Q75_lDDT	AF-B0B4B3-F1-model_v6_Q75_lDDT	9.948E-01	9.918E-01	9.918E-01	80.700	337	337	337
AF-B0BD04-F1-model_v6_Q75_lDDT	AF-A0A411NMM1-F1-model_v6_Q75_lDDT	9.952E-01	9.894E-01	9.923E-01	73.500	337	337	336
AF-B0BD04-F1-model_v6_Q75_lDDT	AF-A0A2Z4PJD3-F1-model_v6_Q75_lDDT	9.937E-01	9.908E-01	9.908E-01	82.100	337	337	337
AF-B0BD04-F1-model_v6_Q75_lDDT	AF-A0A825BJ35-F1-model_v6_Q75_lDDT	9.913E-01	9.884E-01	9.884E-01	72.100	337	337	337
AF-B0BD04-F1-model_v6_Q75_lDDT	tet_O_M_O_Q75_lDDT	9.895E-01	9.837E-01	9.866E-01	72.400	337	337	336
AF-B0BD04-F1-model_v6_Q75_lDDT	AF-A0AAW6K3V4-F1-model_v6_Q75_lDDT	9.870E-01	9.841E-01	9.841E-01	75.600	337	337	337
AF-B0BD04-F1-model_v6_Q75_lDDT	AF-O52836-F1-model_v6_Q75_lDDT	9.869E-01	9.840E-01	9.840E-01	95.200	337	337	337
AF-B0BD04-F1-model_v6_Q75_lDDT	tet_O_W_O_Q75_lDDT	9.846E-01	9.817E-01	9.817E-01	94.600	337	337	337
AF-B0BD04-F1-model_v6_Q75_lDDT	AF-A0A142BVK9-F1-model_v6_Q75_lDDT	9.835E-01	9.806E-01	9.806E-01	94.300	337	337	337
AF-B0BD04-F1-model_v6_Q75_lDDT	AF-L8EW08-F1-model_v6_Q75_lDDT	9.670E-01	9.642E-01	9.642E-01	42.300	337	338	337
AF-B0BD04-F1-model_v6_Q75_lDDT	AF-A0AAE4LCH5-F1-model_v6_Q75_lDDT	9.602E-01	9.574E-01	9.574E-01	47.400	337	337	337
AF-B0BD04-F1-model_v6_Q75_lDDT	tet_32_Q75_lDDT	9.564E-01	9.536E-01	9.536E-01	75.000	337	337	337
AF-B0BD04-F1-model_v6_Q75_lDDT	AF-A0A6N7VH36-F1-model_v6_Q75_lDDT	9.150E-01	9.125E-01	9.125E-01	51.900	337	337	337
AF-B0BD04-F1-model_v6_Q75_lDDT	AF-A0A9X2M8Q0-F1-model_v6_Q75_lDDT	9.084E-01	9.059E-01	9.059E-01	46.800	337	337	337
AF-B0BD04-F1-model_v6_Q75_lDDT	tet_36_Q75_lDDT	8.768E-01	8.744E-01	8.744E-01	49.800	337	337	337
AF-B0BD04-F1-model_v6_Q75_lDDT	SL_otrA_Q75_lDDT	8.618E-01	8.503E-01	8.595E-01	41.700	337	338	333
AF-O52836-F1-model_v6_Q75_lDDT	AF-O52836-F1-model_v6_Q75_lDDT	1.003E+00	1.000E+00	1.000E+00	100.000	337	337	337
AF-O52836-F1-model_v6_Q75_lDDT	AF-A0A142BVK9-F1-model_v6_Q75_lDDT	9.997E-01	9.968E-01	9.968E-01	96.700	337	337	337
AF-O52836-F1-model_v6_Q75_lDDT	tet_O_W_O_Q75_lDDT	9.994E-01	9.965E-01	9.965E-01	93.700	337	337	337
AF-O52836-F1-model_v6_Q75_lDDT	AF-B0B4B3-F1-model_v6_Q75_lDDT	9.935E-01	9.906E-01	9.906E-01	82.100	337	337	337
AF-O52836-F1-model_v6_Q75_lDDT	AF-A0A2Z4PJD3-F1-model_v6_Q75_lDDT	9.934E-01	9.905E-01	9.905E-01	80.700	337	337	337
AF-O52836-F1-model_v6_Q75_lDDT	AF-A0A825BJ35-F1-model_v6_Q75_lDDT	9.934E-01	9.905E-01	9.905E-01	73.200	337	337	337
AF-O52836-F1-model_v6_Q75_lDDT	AF-A0AAW6K3V4-F1-model_v6_Q75_lDDT	9.927E-01	9.898E-01	9.898E-01	74.400	337	337	337
AF-O52836-F1-model_v6_Q75_lDDT	tet_O_M_O_Q75_lDDT	9.931E-01	9.872E-01	9.901E-01	72.100	337	337	336
AF-O52836-F1-model_v6_Q75_lDDT	AF-B0BD04-F1-model_v6_Q75_lDDT	9.869E-01	9.840E-01	9.840E-01	95.200	337	337	337
AF-O52836-F1-model_v6_Q75_lDDT	AF-D2U569-F1-model_v6_Q75_lDDT	9.855E-01	9.797E-01	9.826E-01	72.700	337	337	336
AF-O52836-F1-model_v6_Q75_lDDT	tet_32_Q75_lDDT	9.832E-01	9.803E-01	9.803E-01	75.000	337	337	337
AF-O52836-F1-model_v6_Q75_lDDT	AF-Q67709-F1-model_v6_Q75_lDDT	9.831E-01	9.774E-01	9.802E-01	74.400	337	337	336
AF-O52836-F1-model_v6_Q75_lDDT	AF-A0A411NMM1-F1-model_v6_Q75_lDDT	9.688E-01	9.631E-01	9.659E-01	72.900	337	337	336
AF-O52836-F1-model_v6_Q75_lDDT	AF-L8EW08-F1-model_v6_Q75_lDDT	9.550E-01	9.523E-01	9.523E-01	41.400	337	338	337
AF-O52836-F1-model_v6_Q75_lDDT	AF-A0AAE4LCH5-F1-model_v6_Q75_lDDT	9.370E-01	9.343E-01	9.343E-01	47.100	337	337	337
AF-O52836-F1-model_v6_Q75_lDDT	AF-A0A9X2M8Q0-F1-model_v6_Q75_lDDT	9.206E-01	9.181E-01	9.181E-01	48.000	337	337	337
AF-O52836-F1-model_v6_Q75_lDDT	AF-A0A6N7VH36-F1-model_v6_Q75_lDDT	8.869E-01	8.844E-01	8.844E-01	51.000	337	337	337
AF-O52836-F1-model_v6_Q75_lDDT	tet_36_Q75_lDDT	8.810E-01	8.785E-01	8.785E-01	49.800	337	337	337
AF-O52836-F1-model_v6_Q75_lDDT	SL_otrA_Q75_lDDT	8.723E-01	8.606E-01	8.700E-01	39.800	337	339	333
