A0A5C2PMK1_conserved	A0A5C2PMK1_conserved	1.010E+00	1.000E+00	1.000E+00	100.000	105	105	105
A0A5C2PMK1_conserved	AF-A0AA97CTH5-F1-model_v6_conserved	1.005E+00	9.953E-01	9.768E-01	86.600	105	105	107
A0A5C2PMK1_conserved	Q03634_conserved	9.241E-01	9.159E-01	8.545E-01	51.300	105	111	113
A0A5C2PMK1_conserved	A7LI78_conserved	9.239E-01	9.156E-01	8.543E-01	51.300	105	111	113
A0A5C2PMK1_conserved	P13246_conserved	9.233E-01	9.149E-01	8.538E-01	52.200	105	111	113
A0A5C2PMK1_conserved	AF-A0A742B7K0-F1-model_v4_conserved	9.224E-01	9.142E-01	8.532E-01	53.100	105	111	113
A0A5C2PMK1_conserved	A7LI79_conserved	9.218E-01	9.135E-01	8.525E-01	49.500	105	111	113
A0A5C2PMK1_conserved	Q01515_conserved	9.187E-01	9.105E-01	8.499E-01	53.100	105	111	113
A0A5C2PMK1_conserved	P29808_conserved	9.139E-01	9.057E-01	8.454E-01	46.800	105	111	113
A0A5C2PMK1_conserved	P29810_conserved	9.171E-01	9.089E-01	8.346E-01	47.300	105	112	115
A0A5C2PMK1_conserved	Q51406_conserved	9.130E-01	9.048E-01	8.377E-01	45.900	105	111	114
A0A5C2PMK1_conserved	P29809_conserved	9.164E-01	9.082E-01	8.338E-01	50.800	105	112	115
A0A5C2PMK1_conserved	Q54216_conserved	9.139E-01	9.057E-01	8.317E-01	50.000	105	112	115
A0A5C2PMK1_conserved	P30180_conserved	9.130E-01	9.050E-01	8.312E-01	51.700	105	112	115
A0A5C2PMK1_conserved	Q47030_conserved	9.080E-01	8.999E-01	8.334E-01	48.600	105	111	114
A7LI78_conserved	A7LI78_conserved	1.009E+00	1.000E+00	1.000E+00	100.000	113	113	113
A7LI78_conserved	Q03634_conserved	1.009E+00	9.996E-01	9.996E-01	99.100	113	113	113
A7LI78_conserved	A7LI79_conserved	1.008E+00	9.987E-01	9.987E-01	96.400	113	113	113
A7LI78_conserved	AF-A0A742B7K0-F1-model_v4_conserved	1.007E+00	9.978E-01	9.978E-01	92.000	113	113	113
A7LI78_conserved	P13246_conserved	1.006E+00	9.976E-01	9.976E-01	98.200	113	113	113
A7LI78_conserved	Q01515_conserved	1.003E+00	9.945E-01	9.945E-01	92.900	113	113	113
A7LI78_conserved	Q47030_conserved	9.918E-01	9.745E-01	9.661E-01	75.000	113	112	114
A7LI78_conserved	P29808_conserved	9.671E-01	9.505E-01	9.505E-01	66.900	113	112	113
A7LI78_conserved	P29810_conserved	9.643E-01	9.561E-01	9.399E-01	63.100	113	114	115
A7LI78_conserved	P29809_conserved	9.643E-01	9.560E-01	9.399E-01	67.500	113	114	115
A7LI78_conserved	Q54216_conserved	9.626E-01	9.544E-01	9.383E-01	64.900	113	114	115
A7LI78_conserved	P30180_conserved	9.627E-01	9.544E-01	9.383E-01	67.500	113	114	115
A7LI78_conserved	Q51406_conserved	9.633E-01	9.468E-01	9.388E-01	64.200	113	112	114
A7LI78_conserved	AF-A0AA97CTH5-F1-model_v6_conserved	9.163E-01	8.629E-01	9.083E-01	48.600	113	113	107
A7LI78_conserved	A0A5C2PMK1_conserved	9.239E-01	8.543E-01	9.156E-01	51.300	113	111	105
A7LI79_conserved	A7LI79_conserved	1.009E+00	1.000E+00	1.000E+00	100.000	113	113	113
A7LI79_conserved	Q03634_conserved	1.008E+00	9.988E-01	9.988E-01	97.300	113	113	113
A7LI79_conserved	A7LI78_conserved	1.008E+00	9.987E-01	9.987E-01	96.400	113	113	113
A7LI79_conserved	P13246_conserved	1.005E+00	9.963E-01	9.963E-01	96.400	113	113	113
A7LI79_conserved	AF-A0A742B7K0-F1-model_v4_conserved	1.005E+00	9.960E-01	9.960E-01	90.200	113	113	113
A7LI79_conserved	Q01515_conserved	1.002E+00	9.931E-01	9.931E-01	91.100	113	113	113
A7LI79_conserved	Q47030_conserved	9.912E-01	9.740E-01	9.655E-01	73.200	113	112	114
A7LI79_conserved	P29808_conserved	9.655E-01	9.490E-01	9.490E-01	66.000	113	112	113
A7LI79_conserved	P29810_conserved	9.633E-01	9.551E-01	9.390E-01	61.400	113	114	115
A7LI79_conserved	P29809_conserved	9.633E-01	9.550E-01	9.389E-01	65.700	113	114	115
A7LI79_conserved	Q54216_conserved	9.613E-01	9.531E-01	9.370E-01	63.100	113	114	115
A7LI79_conserved	P30180_conserved	9.615E-01	9.533E-01	9.372E-01	65.700	113	114	115
A7LI79_conserved	Q51406_conserved	9.627E-01	9.463E-01	9.383E-01	64.200	113	112	114
A7LI79_conserved	A0A5C2PMK1_conserved	9.218E-01	8.525E-01	9.135E-01	49.500	113	111	105
A7LI79_conserved	AF-A0AA97CTH5-F1-model_v6_conserved	9.139E-01	8.607E-01	9.059E-01	46.900	113	113	107
AF-A0A742B7K0-F1-model_v4_conserved	AF-A0A742B7K0-F1-model_v4_conserved	1.009E+00	1.000E+00	1.000E+00	100.000	113	113	113
AF-A0A742B7K0-F1-model_v4_conserved	A7LI78_conserved	1.007E+00	9.978E-01	9.978E-01	92.000	113	113	113
AF-A0A742B7K0-F1-model_v4_conserved	Q03634_conserved	1.007E+00	9.976E-01	9.976E-01	92.900	113	113	113
AF-A0A742B7K0-F1-model_v4_conserved	P13246_conserved	1.005E+00	9.966E-01	9.966E-01	92.000	113	113	113
AF-A0A742B7K0-F1-model_v4_conserved	Q01515_conserved	1.005E+00	9.963E-01	9.963E-01	97.300	113	113	113
AF-A0A742B7K0-F1-model_v4_conserved	A7LI79_conserved	1.005E+00	9.960E-01	9.960E-01	90.200	113	113	113
AF-A0A742B7K0-F1-model_v4_conserved	Q47030_conserved	9.890E-01	9.718E-01	9.634E-01	74.100	113	112	114
AF-A0A742B7K0-F1-model_v4_conserved	P29808_conserved	9.668E-01	9.502E-01	9.502E-01	66.900	113	112	113
AF-A0A742B7K0-F1-model_v4_conserved	P29809_conserved	9.646E-01	9.563E-01	9.402E-01	68.400	113	114	115
AF-A0A742B7K0-F1-model_v4_conserved	P29810_conserved	9.640E-01	9.558E-01	9.396E-01	64.000	113	114	115
AF-A0A742B7K0-F1-model_v4_conserved	P30180_conserved	9.628E-01	9.546E-01	9.385E-01	67.500	113	114	115
AF-A0A742B7K0-F1-model_v4_conserved	Q54216_conserved	9.626E-01	9.544E-01	9.383E-01	65.700	113	114	115
AF-A0A742B7K0-F1-model_v4_conserved	Q51406_conserved	9.639E-01	9.475E-01	9.394E-01	65.100	113	112	114
AF-A0A742B7K0-F1-model_v4_conserved	AF-A0AA97CTH5-F1-model_v6_conserved	9.152E-01	8.620E-01	9.072E-01	51.300	113	113	107
AF-A0A742B7K0-F1-model_v4_conserved	A0A5C2PMK1_conserved	9.224E-01	8.532E-01	9.142E-01	53.100	113	111	105
AF-A0AA97CTH5-F1-model_v6_conserved	AF-A0AA97CTH5-F1-model_v6_conserved	1.009E+00	1.000E+00	1.000E+00	100.000	107	107	107
AF-A0AA97CTH5-F1-model_v6_conserved	A0A5C2PMK1_conserved	1.005E+00	9.768E-01	9.953E-01	86.600	107	105	105
AF-A0AA97CTH5-F1-model_v6_conserved	Q03634_conserved	9.162E-01	9.082E-01	8.629E-01	48.600	107	113	113
AF-A0AA97CTH5-F1-model_v6_conserved	A7LI78_conserved	9.163E-01	9.083E-01	8.629E-01	48.600	107	113	113
AF-A0AA97CTH5-F1-model_v6_conserved	P13246_conserved	9.159E-01	9.079E-01	8.625E-01	49.500	107	113	113
AF-A0AA97CTH5-F1-model_v6_conserved	AF-A0A742B7K0-F1-model_v4_conserved	9.152E-01	9.072E-01	8.620E-01	51.300	107	113	113
AF-A0AA97CTH5-F1-model_v6_conserved	A7LI79_conserved	9.139E-01	9.059E-01	8.607E-01	46.900	107	113	113
AF-A0AA97CTH5-F1-model_v6_conserved	Q01515_conserved	9.116E-01	9.036E-01	8.587E-01	51.300	107	113	113
AF-A0AA97CTH5-F1-model_v6_conserved	P29808_conserved	9.101E-01	9.021E-01	8.572E-01	45.100	107	113	113
AF-A0AA97CTH5-F1-model_v6_conserved	Q51406_conserved	9.075E-01	8.995E-01	8.479E-01	44.200	107	113	114
AF-A0AA97CTH5-F1-model_v6_conserved	P29810_conserved	9.089E-01	9.010E-01	8.423E-01	45.600	107	114	115
AF-A0AA97CTH5-F1-model_v6_conserved	P29809_conserved	9.077E-01	8.999E-01	8.414E-01	49.100	107	114	115
AF-A0AA97CTH5-F1-model_v6_conserved	Q54216_conserved	9.061E-01	8.983E-01	8.399E-01	48.200	107	114	115
AF-A0AA97CTH5-F1-model_v6_conserved	P30180_conserved	9.054E-01	8.975E-01	8.393E-01	49.100	107	114	115
AF-A0AA97CTH5-F1-model_v6_conserved	Q47030_conserved	9.075E-01	8.919E-01	8.409E-01	52.200	107	111	114
P13246_conserved	P13246_conserved	1.009E+00	1.000E+00	1.000E+00	100.000	113	113	113
P13246_conserved	A7LI78_conserved	1.006E+00	9.976E-01	9.976E-01	98.200	113	113	113
P13246_conserved	Q03634_conserved	1.006E+00	9.971E-01	9.971E-01	99.100	113	113	113
P13246_conserved	AF-A0A742B7K0-F1-model_v4_conserved	1.005E+00	9.966E-01	9.966E-01	92.000	113	113	113
P13246_conserved	A7LI79_conserved	1.005E+00	9.963E-01	9.963E-01	96.400	113	113	113
P13246_conserved	Q01515_conserved	1.001E+00	9.925E-01	9.925E-01	92.900	113	113	113
P13246_conserved	Q47030_conserved	9.872E-01	9.700E-01	9.616E-01	75.000	113	112	114
P13246_conserved	P29808_conserved	9.627E-01	9.462E-01	9.462E-01	66.900	113	112	113
P13246_conserved	P29809_conserved	9.603E-01	9.521E-01	9.361E-01	67.500	113	114	115
P13246_conserved	P29810_conserved	9.601E-01	9.519E-01	9.358E-01	63.100	113	114	115
P13246_conserved	Q54216_conserved	9.582E-01	9.500E-01	9.340E-01	64.900	113	114	115
P13246_conserved	P30180_conserved	9.581E-01	9.499E-01	9.340E-01	67.500	113	114	115
P13246_conserved	Q51406_conserved	9.601E-01	9.437E-01	9.357E-01	65.100	113	112	114
P13246_conserved	AF-A0AA97CTH5-F1-model_v6_conserved	9.159E-01	8.625E-01	9.079E-01	49.500	113	113	107
P13246_conserved	A0A5C2PMK1_conserved	9.233E-01	8.538E-01	9.149E-01	52.200	113	111	105
P29808_conserved	P29808_conserved	1.009E+00	1.000E+00	1.000E+00	100.000	113	113	113
P29808_conserved	Q54216_conserved	9.836E-01	9.665E-01	9.500E-01	67.200	113	113	115
P29808_conserved	P30180_conserved	9.829E-01	9.658E-01	9.493E-01	68.100	113	113	115
P29808_conserved	Q51406_conserved	9.728E-01	9.644E-01	9.561E-01	70.700	113	113	114
P29808_conserved	P29810_conserved	9.818E-01	9.648E-01	9.483E-01	64.600	113	113	115
P29808_conserved	P29809_conserved	9.811E-01	9.641E-01	9.476E-01	69.000	113	113	115
P29808_conserved	Q01515_conserved	9.699E-01	9.532E-01	9.532E-01	67.800	113	112	113
P29808_conserved	A7LI78_conserved	9.671E-01	9.505E-01	9.505E-01	66.900	113	112	113
P29808_conserved	AF-A0A742B7K0-F1-model_v4_conserved	9.668E-01	9.502E-01	9.502E-01	66.900	113	112	113
P29808_conserved	Q03634_conserved	9.663E-01	9.497E-01	9.497E-01	67.800	113	112	113
P29808_conserved	Q47030_conserved	9.624E-01	9.542E-01	9.461E-01	60.100	113	113	114
P29808_conserved	A7LI79_conserved	9.655E-01	9.490E-01	9.490E-01	66.000	113	112	113
P29808_conserved	P13246_conserved	9.627E-01	9.462E-01	9.462E-01	66.900	113	112	113
P29808_conserved	AF-A0AA97CTH5-F1-model_v6_conserved	9.101E-01	8.572E-01	9.021E-01	45.100	113	113	107
P29808_conserved	A0A5C2PMK1_conserved	9.139E-01	8.454E-01	9.057E-01	46.800	113	111	105
P29809_conserved	P29809_conserved	1.009E+00	1.000E+00	1.000E+00	100.000	115	115	115
P29809_conserved	Q54216_conserved	1.003E+00	9.947E-01	9.947E-01	87.800	115	115	115
P29809_conserved	P30180_conserved	1.002E+00	9.930E-01	9.930E-01	89.500	115	115	115
P29809_conserved	P29810_conserved	9.983E-01	9.896E-01	9.896E-01	87.800	115	115	115
P29809_conserved	P29808_conserved	9.811E-01	9.476E-01	9.641E-01	69.000	115	113	113
P29809_conserved	Q51406_conserved	9.797E-01	9.464E-01	9.545E-01	69.900	115	113	114
P29809_conserved	AF-A0A742B7K0-F1-model_v4_conserved	9.646E-01	9.402E-01	9.563E-01	68.400	115	114	113
P29809_conserved	Q01515_conserved	9.643E-01	9.399E-01	9.560E-01	69.200	115	114	113
P29809_conserved	A7LI78_conserved	9.643E-01	9.399E-01	9.560E-01	67.500	115	114	113
P29809_conserved	Q03634_conserved	9.643E-01	9.399E-01	9.560E-01	68.400	115	114	113
P29809_conserved	A7LI79_conserved	9.633E-01	9.389E-01	9.550E-01	65.700	115	114	113
P29809_conserved	P13246_conserved	9.603E-01	9.361E-01	9.521E-01	67.500	115	114	113
P29809_conserved	Q47030_conserved	9.622E-01	9.299E-01	9.378E-01	62.800	115	113	114
P29809_conserved	A0A5C2PMK1_conserved	9.164E-01	8.338E-01	9.082E-01	50.800	115	112	105
P29809_conserved	AF-A0AA97CTH5-F1-model_v6_conserved	9.077E-01	8.414E-01	8.999E-01	49.100	115	114	107
P29810_conserved	P29810_conserved	1.009E+00	1.000E+00	1.000E+00	100.000	115	115	115
P29810_conserved	Q54216_conserved	9.987E-01	9.901E-01	9.901E-01	91.300	115	115	115
P29810_conserved	P30180_conserved	9.986E-01	9.899E-01	9.899E-01	91.300	115	115	115
P29810_conserved	P29809_conserved	9.983E-01	9.896E-01	9.896E-01	87.800	115	115	115
P29810_conserved	P29808_conserved	9.818E-01	9.483E-01	9.648E-01	64.600	115	113	113
P29810_conserved	Q51406_conserved	9.795E-01	9.462E-01	9.543E-01	65.400	115	113	114
P29810_conserved	Q03634_conserved	9.644E-01	9.400E-01	9.561E-01	64.000	115	114	113
P29810_conserved	A7LI78_conserved	9.643E-01	9.399E-01	9.561E-01	63.100	115	114	113
P29810_conserved	AF-A0A742B7K0-F1-model_v4_conserved	9.640E-01	9.396E-01	9.558E-01	64.000	115	114	113
P29810_conserved	Q01515_conserved	9.632E-01	9.388E-01	9.549E-01	64.900	115	114	113
P29810_conserved	A7LI79_conserved	9.633E-01	9.390E-01	9.551E-01	61.400	115	114	113
P29810_conserved	P13246_conserved	9.601E-01	9.358E-01	9.519E-01	63.100	115	114	113
P29810_conserved	Q47030_conserved	9.637E-01	9.313E-01	9.392E-01	59.200	115	113	114
P29810_conserved	A0A5C2PMK1_conserved	9.171E-01	8.346E-01	9.089E-01	47.300	115	112	105
P29810_conserved	AF-A0AA97CTH5-F1-model_v6_conserved	9.089E-01	8.423E-01	9.010E-01	45.600	115	114	107
P30180_conserved	P30180_conserved	1.009E+00	1.000E+00	1.000E+00	100.000	115	115	115
P30180_conserved	Q54216_conserved	1.003E+00	9.940E-01	9.940E-01	91.300	115	115	115
P30180_conserved	P29809_conserved	1.002E+00	9.930E-01	9.930E-01	89.500	115	115	115
P30180_conserved	P29810_conserved	9.986E-01	9.899E-01	9.899E-01	91.300	115	115	115
P30180_conserved	P29808_conserved	9.829E-01	9.493E-01	9.658E-01	68.100	115	113	113
P30180_conserved	Q51406_conserved	9.819E-01	9.485E-01	9.566E-01	68.100	115	113	114
P30180_conserved	Q01515_conserved	9.633E-01	9.389E-01	9.550E-01	68.400	115	114	113
P30180_conserved	AF-A0A742B7K0-F1-model_v4_conserved	9.628E-01	9.385E-01	9.546E-01	67.500	115	114	113
P30180_conserved	A7LI78_conserved	9.627E-01	9.383E-01	9.544E-01	67.500	115	114	113
P30180_conserved	Q03634_conserved	9.625E-01	9.382E-01	9.542E-01	68.400	115	114	113
P30180_conserved	A7LI79_conserved	9.615E-01	9.372E-01	9.533E-01	65.700	115	114	113
P30180_conserved	P13246_conserved	9.581E-01	9.340E-01	9.499E-01	67.500	115	114	113
P30180_conserved	Q47030_conserved	9.661E-01	9.336E-01	9.415E-01	64.600	115	113	114
P30180_conserved	A0A5C2PMK1_conserved	9.130E-01	8.312E-01	9.050E-01	51.700	115	112	105
P30180_conserved	AF-A0AA97CTH5-F1-model_v6_conserved	9.054E-01	8.393E-01	8.975E-01	49.100	115	114	107
Q01515_conserved	Q01515_conserved	1.009E+00	1.000E+00	1.000E+00	100.000	113	113	113
Q01515_conserved	AF-A0A742B7K0-F1-model_v4_conserved	1.005E+00	9.963E-01	9.963E-01	97.300	113	113	113
Q01515_conserved	A7LI78_conserved	1.003E+00	9.945E-01	9.945E-01	92.900	113	113	113
Q01515_conserved	Q03634_conserved	1.003E+00	9.944E-01	9.944E-01	93.800	113	113	113
Q01515_conserved	A7LI79_conserved	1.002E+00	9.931E-01	9.931E-01	91.100	113	113	113
Q01515_conserved	P13246_conserved	1.001E+00	9.925E-01	9.925E-01	92.900	113	113	113
Q01515_conserved	Q47030_conserved	9.899E-01	9.726E-01	9.642E-01	74.100	113	112	114
Q01515_conserved	P29808_conserved	9.699E-01	9.532E-01	9.532E-01	67.800	113	112	113
Q01515_conserved	P29809_conserved	9.643E-01	9.560E-01	9.399E-01	69.200	113	114	115
Q01515_conserved	P29810_conserved	9.632E-01	9.549E-01	9.388E-01	64.900	113	114	115
Q01515_conserved	Q54216_conserved	9.631E-01	9.548E-01	9.387E-01	66.600	113	114	115
Q01515_conserved	P30180_conserved	9.633E-01	9.550E-01	9.389E-01	68.400	113	114	115
Q01515_conserved	Q51406_conserved	9.645E-01	9.480E-01	9.400E-01	66.000	113	112	114
Q01515_conserved	AF-A0AA97CTH5-F1-model_v6_conserved	9.116E-01	8.587E-01	9.036E-01	51.300	113	113	107
Q01515_conserved	A0A5C2PMK1_conserved	9.187E-01	8.499E-01	9.105E-01	53.100	113	111	105
Q03634_conserved	Q03634_conserved	1.009E+00	1.000E+00	1.000E+00	100.000	113	113	113
Q03634_conserved	A7LI78_conserved	1.009E+00	9.996E-01	9.996E-01	99.100	113	113	113
Q03634_conserved	A7LI79_conserved	1.008E+00	9.988E-01	9.988E-01	97.300	113	113	113
Q03634_conserved	AF-A0A742B7K0-F1-model_v4_conserved	1.007E+00	9.976E-01	9.976E-01	92.900	113	113	113
Q03634_conserved	P13246_conserved	1.006E+00	9.971E-01	9.971E-01	99.100	113	113	113
Q03634_conserved	Q01515_conserved	1.003E+00	9.944E-01	9.944E-01	93.800	113	113	113
Q03634_conserved	Q47030_conserved	9.909E-01	9.737E-01	9.653E-01	75.800	113	112	114
Q03634_conserved	P29808_conserved	9.663E-01	9.497E-01	9.497E-01	67.800	113	112	113
Q03634_conserved	P29810_conserved	9.644E-01	9.561E-01	9.400E-01	64.000	113	114	115
Q03634_conserved	P29809_conserved	9.643E-01	9.560E-01	9.399E-01	68.400	113	114	115
Q03634_conserved	Q54216_conserved	9.622E-01	9.540E-01	9.379E-01	65.700	113	114	115
Q03634_conserved	P30180_conserved	9.625E-01	9.542E-01	9.382E-01	68.400	113	114	115
Q03634_conserved	Q51406_conserved	9.636E-01	9.471E-01	9.391E-01	65.100	113	112	114
Q03634_conserved	A0A5C2PMK1_conserved	9.241E-01	8.545E-01	9.159E-01	51.300	113	111	105
Q03634_conserved	AF-A0AA97CTH5-F1-model_v6_conserved	9.162E-01	8.629E-01	9.082E-01	48.600	113	113	107
Q47030_conserved	Q47030_conserved	1.009E+00	1.000E+00	1.000E+00	100.000	114	114	114
Q47030_conserved	A7LI78_conserved	9.918E-01	9.661E-01	9.745E-01	75.000	114	112	113
Q47030_conserved	A7LI79_conserved	9.912E-01	9.655E-01	9.740E-01	73.200	114	112	113
Q47030_conserved	Q03634_conserved	9.909E-01	9.653E-01	9.737E-01	75.800	114	112	113
Q47030_conserved	Q01515_conserved	9.899E-01	9.642E-01	9.726E-01	74.100	114	112	113
Q47030_conserved	AF-A0A742B7K0-F1-model_v4_conserved	9.890E-01	9.634E-01	9.718E-01	74.100	114	112	113
Q47030_conserved	P13246_conserved	9.872E-01	9.616E-01	9.700E-01	75.000	114	112	113
Q47030_conserved	P29808_conserved	9.624E-01	9.461E-01	9.542E-01	60.100	114	113	113
Q47030_conserved	P30180_conserved	9.661E-01	9.415E-01	9.336E-01	64.600	114	113	115
Q47030_conserved	P29810_conserved	9.637E-01	9.392E-01	9.313E-01	59.200	114	113	115
Q47030_conserved	Q54216_conserved	9.631E-01	9.386E-01	9.307E-01	64.600	114	113	115
Q47030_conserved	Q51406_conserved	9.525E-01	9.365E-01	9.365E-01	59.200	114	113	114
Q47030_conserved	P29809_conserved	9.622E-01	9.378E-01	9.299E-01	62.800	114	113	115
Q47030_conserved	A0A5C2PMK1_conserved	9.080E-01	8.334E-01	8.999E-01	48.600	114	111	105
Q47030_conserved	AF-A0AA97CTH5-F1-model_v6_conserved	9.075E-01	8.409E-01	8.919E-01	52.200	114	111	107
Q51406_conserved	Q51406_conserved	1.009E+00	1.000E+00	1.000E+00	100.000	114	114	114
Q51406_conserved	P29808_conserved	9.728E-01	9.561E-01	9.644E-01	70.700	114	113	113
Q51406_conserved	P30180_conserved	9.819E-01	9.566E-01	9.485E-01	68.100	114	113	115
Q51406_conserved	Q54216_conserved	9.820E-01	9.567E-01	9.485E-01	69.900	114	113	115
Q51406_conserved	P29810_conserved	9.795E-01	9.543E-01	9.462E-01	65.400	114	113	115
Q51406_conserved	P29809_conserved	9.797E-01	9.545E-01	9.464E-01	69.900	114	113	115
Q51406_conserved	Q01515_conserved	9.645E-01	9.400E-01	9.480E-01	66.000	114	112	113
Q51406_conserved	AF-A0A742B7K0-F1-model_v4_conserved	9.639E-01	9.394E-01	9.475E-01	65.100	114	112	113
Q51406_conserved	Q03634_conserved	9.636E-01	9.391E-01	9.471E-01	65.100	114	112	113
Q51406_conserved	A7LI78_conserved	9.633E-01	9.388E-01	9.468E-01	64.200	114	112	113
Q51406_conserved	A7LI79_conserved	9.627E-01	9.383E-01	9.463E-01	64.200	114	112	113
Q51406_conserved	P13246_conserved	9.601E-01	9.357E-01	9.437E-01	65.100	114	112	113
Q51406_conserved	Q47030_conserved	9.525E-01	9.365E-01	9.365E-01	59.200	114	113	114
Q51406_conserved	AF-A0AA97CTH5-F1-model_v6_conserved	9.075E-01	8.479E-01	8.995E-01	44.200	114	113	107
Q51406_conserved	A0A5C2PMK1_conserved	9.130E-01	8.377E-01	9.048E-01	45.900	114	111	105
Q54216_conserved	Q54216_conserved	1.009E+00	1.000E+00	1.000E+00	100.000	115	115	115
Q54216_conserved	P29809_conserved	1.003E+00	9.947E-01	9.947E-01	87.800	115	115	115
Q54216_conserved	P30180_conserved	1.003E+00	9.940E-01	9.940E-01	91.300	115	115	115
Q54216_conserved	P29810_conserved	9.987E-01	9.901E-01	9.901E-01	91.300	115	115	115
Q54216_conserved	P29808_conserved	9.836E-01	9.500E-01	9.665E-01	67.200	115	113	113
Q54216_conserved	Q51406_conserved	9.820E-01	9.485E-01	9.567E-01	69.900	115	113	114
Q54216_conserved	Q01515_conserved	9.631E-01	9.387E-01	9.548E-01	66.600	115	114	113
Q54216_conserved	AF-A0A742B7K0-F1-model_v4_conserved	9.626E-01	9.383E-01	9.544E-01	65.700	115	114	113
Q54216_conserved	A7LI78_conserved	9.626E-01	9.383E-01	9.544E-01	64.900	115	114	113
Q54216_conserved	Q03634_conserved	9.622E-01	9.379E-01	9.540E-01	65.700	115	114	113
Q54216_conserved	A7LI79_conserved	9.613E-01	9.370E-01	9.531E-01	63.100	115	114	113
Q54216_conserved	P13246_conserved	9.582E-01	9.340E-01	9.500E-01	64.900	115	114	113
Q54216_conserved	Q47030_conserved	9.631E-01	9.307E-01	9.386E-01	64.600	115	113	114
Q54216_conserved	A0A5C2PMK1_conserved	9.139E-01	8.317E-01	9.057E-01	50.000	115	112	105
Q54216_conserved	AF-A0AA97CTH5-F1-model_v6_conserved	9.061E-01	8.399E-01	8.983E-01	48.200	115	114	107
