AF-H8ZYG5-F1-model_v6_Q50_lddt	AF-H8ZYG5-F1-model_v6_Q50_lddt	1.003E+00	1.000E+00	1.000E+00	100.000	377	377	377
AF-H8ZYG5-F1-model_v6_Q50_lddt	AF-Q99YK1-F1-model_v6_Q50_lddt	9.625E-01	9.070E-01	9.070E-01	58.800	377	362	377
AF-H8ZYG5-F1-model_v6_Q50_lddt	P0A0U9_Q50_lddt	8.963E-01	6.321E-01	8.740E-01	27.800	377	287	269
AF-H8ZYG5-F1-model_v6_Q50_lddt	E_coli_PBP3_Q50_lddt	8.714E-01	6.225E-01	8.621E-01	26.800	377	287	267
AF-H8ZYG5-F1-model_v6_Q50_lddt	AF-W9BBU1-F1-model_v4_Q50_lddt	8.696E-01	6.211E-01	8.604E-01	26.700	377	288	267
AF-H8ZYG5-F1-model_v6_Q50_lddt	AF-I4DTI1-F1-model_v6_Q50_lddt	9.011E-01	6.109E-01	8.463E-01	28.100	377	277	269
AF-H8ZYG5-F1-model_v6_Q50_lddt	H_pylori_PBP3_Q50_lddt	8.899E-01	5.882E-01	8.200E-01	28.100	377	270	267
AF-H8ZYG5-F1-model_v6_Q50_lddt	AF-P45059-F1-model_v4_Q50_lddt	8.772E-01	5.929E-01	8.089E-01	25.800	377	279	273
AF-I4DTI1-F1-model_v6_Q50_lddt	AF-I4DTI1-F1-model_v6_Q50_lddt	1.004E+00	1.000E+00	1.000E+00	100.000	269	269	269
AF-I4DTI1-F1-model_v6_Q50_lddt	P0A0U9_Q50_lddt	9.587E-01	9.236E-01	9.236E-01	90.100	269	264	269
AF-I4DTI1-F1-model_v6_Q50_lddt	AF-W9BBU1-F1-model_v4_Q50_lddt	9.417E-01	9.076E-01	9.143E-01	43.900	269	264	267
AF-I4DTI1-F1-model_v6_Q50_lddt	E_coli_PBP3_Q50_lddt	9.248E-01	8.956E-01	9.011E-01	43.200	269	266	267
AF-I4DTI1-F1-model_v6_Q50_lddt	AF-P45059-F1-model_v4_Q50_lddt	9.294E-01	9.027E-01	8.900E-01	39.800	269	266	273
AF-I4DTI1-F1-model_v6_Q50_lddt	H_pylori_PBP3_Q50_lddt	9.182E-01	8.363E-01	8.423E-01	31.700	269	252	267
AF-I4DTI1-F1-model_v6_Q50_lddt	AF-H8ZYG5-F1-model_v6_Q50_lddt	9.011E-01	8.463E-01	6.109E-01	28.100	269	277	377
AF-I4DTI1-F1-model_v6_Q50_lddt	AF-Q99YK1-F1-model_v6_Q50_lddt	8.634E-01	8.358E-01	6.041E-01	26.800	269	291	377
AF-P45059-F1-model_v4_Q50_lddt	AF-P45059-F1-model_v4_Q50_lddt	1.004E+00	1.000E+00	1.000E+00	100.000	273	273	273
AF-P45059-F1-model_v4_Q50_lddt	AF-W9BBU1-F1-model_v4_Q50_lddt	9.541E-01	9.235E-01	9.436E-01	57.500	273	266	267
AF-P45059-F1-model_v4_Q50_lddt	E_coli_PBP3_Q50_lddt	9.375E-01	9.077E-01	9.274E-01	57.800	273	266	267
AF-P45059-F1-model_v4_Q50_lddt	P0A0U9_Q50_lddt	9.420E-01	9.055E-01	9.185E-01	40.900	273	264	269
AF-P45059-F1-model_v4_Q50_lddt	AF-I4DTI1-F1-model_v6_Q50_lddt	9.294E-01	8.900E-01	9.027E-01	39.800	273	266	269
AF-P45059-F1-model_v4_Q50_lddt	H_pylori_PBP3_Q50_lddt	9.401E-01	8.298E-01	8.479E-01	34.100	273	246	267
AF-P45059-F1-model_v4_Q50_lddt	AF-Q99YK1-F1-model_v6_Q50_lddt	8.525E-01	8.234E-01	6.070E-01	26.200	273	293	377
AF-P45059-F1-model_v4_Q50_lddt	AF-H8ZYG5-F1-model_v6_Q50_lddt	8.772E-01	8.089E-01	5.929E-01	25.800	273	279	377
AF-Q99YK1-F1-model_v6_Q50_lddt	AF-Q99YK1-F1-model_v6_Q50_lddt	1.003E+00	1.000E+00	1.000E+00	100.000	377	377	377
AF-Q99YK1-F1-model_v6_Q50_lddt	AF-H8ZYG5-F1-model_v6_Q50_lddt	9.625E-01	9.070E-01	9.070E-01	58.800	377	362	377
AF-Q99YK1-F1-model_v6_Q50_lddt	E_coli_PBP3_Q50_lddt	8.983E-01	6.364E-01	8.887E-01	27.200	377	290	267
AF-Q99YK1-F1-model_v6_Q50_lddt	P0A0U9_Q50_lddt	8.793E-01	6.220E-01	8.575E-01	26.800	377	287	269
AF-Q99YK1-F1-model_v6_Q50_lddt	AF-W9BBU1-F1-model_v4_Q50_lddt	8.671E-01	6.190E-01	8.579E-01	27.300	377	292	267
AF-Q99YK1-F1-model_v6_Q50_lddt	AF-I4DTI1-F1-model_v6_Q50_lddt	8.634E-01	6.041E-01	8.358E-01	26.800	377	291	269
AF-Q99YK1-F1-model_v6_Q50_lddt	AF-P45059-F1-model_v4_Q50_lddt	8.525E-01	6.070E-01	8.234E-01	26.200	377	293	273
AF-Q99YK1-F1-model_v6_Q50_lddt	H_pylori_PBP3_Q50_lddt	8.971E-01	5.823E-01	8.129E-01	28.900	377	266	267
E_coli_PBP3_Q50_lddt	E_coli_PBP3_Q50_lddt	1.004E+00	1.000E+00	1.000E+00	100.000	267	267	267
E_coli_PBP3_Q50_lddt	AF-W9BBU1-F1-model_v4_Q50_lddt	9.763E-01	9.727E-01	9.727E-01	98.800	267	267	267
E_coli_PBP3_Q50_lddt	P0A0U9_Q50_lddt	9.604E-01	9.430E-01	9.362E-01	43.600	267	266	269
E_coli_PBP3_Q50_lddt	AF-P45059-F1-model_v4_Q50_lddt	9.375E-01	9.274E-01	9.077E-01	57.800	267	266	273
E_coli_PBP3_Q50_lddt	AF-I4DTI1-F1-model_v6_Q50_lddt	9.248E-01	9.011E-01	8.956E-01	43.200	267	266	269
E_coli_PBP3_Q50_lddt	H_pylori_PBP3_Q50_lddt	9.277E-01	8.374E-01	8.374E-01	34.500	267	246	267
E_coli_PBP3_Q50_lddt	AF-Q99YK1-F1-model_v6_Q50_lddt	8.983E-01	8.887E-01	6.364E-01	27.200	267	290	377
E_coli_PBP3_Q50_lddt	AF-H8ZYG5-F1-model_v6_Q50_lddt	8.714E-01	8.621E-01	6.225E-01	26.800	267	287	377
P0A0U9_Q50_lddt	P0A0U9_Q50_lddt	1.004E+00	1.000E+00	1.000E+00	100.000	269	269	269
P0A0U9_Q50_lddt	AF-W9BBU1-F1-model_v4_Q50_lddt	9.746E-01	9.498E-01	9.567E-01	44.600	269	264	267
P0A0U9_Q50_lddt	E_coli_PBP3_Q50_lddt	9.604E-01	9.362E-01	9.430E-01	43.600	269	266	267
P0A0U9_Q50_lddt	AF-I4DTI1-F1-model_v6_Q50_lddt	9.587E-01	9.236E-01	9.236E-01	90.100	269	264	269
P0A0U9_Q50_lddt	AF-P45059-F1-model_v4_Q50_lddt	9.420E-01	9.185E-01	9.055E-01	40.900	269	264	273
P0A0U9_Q50_lddt	H_pylori_PBP3_Q50_lddt	9.300E-01	8.395E-01	8.456E-01	32.200	269	248	267
P0A0U9_Q50_lddt	AF-H8ZYG5-F1-model_v6_Q50_lddt	8.963E-01	8.740E-01	6.321E-01	27.800	269	287	377
P0A0U9_Q50_lddt	AF-Q99YK1-F1-model_v6_Q50_lddt	8.793E-01	8.575E-01	6.220E-01	26.800	269	287	377
AF-W9BBU1-F1-model_v4_Q50_lddt	AF-W9BBU1-F1-model_v4_Q50_lddt	1.004E+00	1.000E+00	1.000E+00	100.000	267	267	267
AF-W9BBU1-F1-model_v4_Q50_lddt	E_coli_PBP3_Q50_lddt	9.763E-01	9.727E-01	9.727E-01	98.800	267	267	267
AF-W9BBU1-F1-model_v4_Q50_lddt	P0A0U9_Q50_lddt	9.746E-01	9.567E-01	9.498E-01	44.600	267	264	269
AF-W9BBU1-F1-model_v4_Q50_lddt	AF-P45059-F1-model_v4_Q50_lddt	9.541E-01	9.436E-01	9.235E-01	57.500	267	266	273
AF-W9BBU1-F1-model_v4_Q50_lddt	AF-I4DTI1-F1-model_v6_Q50_lddt	9.417E-01	9.143E-01	9.076E-01	43.900	267	264	269
AF-W9BBU1-F1-model_v4_Q50_lddt	H_pylori_PBP3_Q50_lddt	9.280E-01	8.377E-01	8.377E-01	34.500	267	246	267
AF-W9BBU1-F1-model_v4_Q50_lddt	AF-H8ZYG5-F1-model_v6_Q50_lddt	8.696E-01	8.604E-01	6.211E-01	26.700	267	288	377
AF-W9BBU1-F1-model_v4_Q50_lddt	AF-Q99YK1-F1-model_v6_Q50_lddt	8.671E-01	8.579E-01	6.190E-01	27.300	267	292	377
H_pylori_PBP3_Q50_lddt	H_pylori_PBP3_Q50_lddt	1.004E+00	1.000E+00	1.000E+00	100.000	267	267	267
H_pylori_PBP3_Q50_lddt	P0A0U9_Q50_lddt	9.300E-01	8.456E-01	8.395E-01	32.200	267	248	269
H_pylori_PBP3_Q50_lddt	AF-P45059-F1-model_v4_Q50_lddt	9.401E-01	8.479E-01	8.298E-01	34.100	267	246	273
H_pylori_PBP3_Q50_lddt	AF-I4DTI1-F1-model_v6_Q50_lddt	9.182E-01	8.423E-01	8.363E-01	31.700	267	252	269
H_pylori_PBP3_Q50_lddt	AF-W9BBU1-F1-model_v4_Q50_lddt	9.280E-01	8.377E-01	8.377E-01	34.500	267	246	267
H_pylori_PBP3_Q50_lddt	E_coli_PBP3_Q50_lddt	9.277E-01	8.374E-01	8.374E-01	34.500	267	246	267
H_pylori_PBP3_Q50_lddt	AF-H8ZYG5-F1-model_v6_Q50_lddt	8.899E-01	8.200E-01	5.882E-01	28.100	267	270	377
H_pylori_PBP3_Q50_lddt	AF-Q99YK1-F1-model_v6_Q50_lddt	8.971E-01	8.129E-01	5.823E-01	28.900	267	266	377
