MC3.MG101.AS1.GP1.C57064.G33_AF-R6YCS3-F1-model_v4	P00555_Q50_lddt.pdb	7.522E-01	4.375E-01	7.475E-01	7.600	259	234	145
MC3.MG101.AS1.GP1.C57064.G33_AF-R6YCS3-F1-model_v4	P13250_Q50_lddt.pdb	7.520E-01	4.297E-01	7.472E-01	7.200	259	233	142
MC3.MG101.AS1.GP1.C57064.G33_AF-R6YCS3-F1-model_v4	Q53558_Q50_lddt.pdb	7.454E-01	4.348E-01	7.407E-01	7.600	259	234	145
MC3.MG101.AS1.GP1.C57064.G33_AF-R6YCS3-F1-model_v4	P09885_Q50_lddt.pdb	7.457E-01	4.241E-01	7.409E-01	10.900	259	238	142
MC3.MG101.AS1.GP1.C57064.G33_AF-R6YCS3-F1-model_v4	A0JE50_Q50_lddt.pdb	7.403E-01	4.359E-01	7.358E-01	8.800	259	236	146
MC3.MG101.AS1.GP1.C57064.G33_AF-R6YCS3-F1-model_v4	Q4A4J8_Q50_lddt.pdb	7.440E-01	4.235E-01	7.392E-01	11.300	259	238	142
MC3.MG101.AS1.GP1.C57064.G33_AF-R6YCS3-F1-model_v4	P14509_Q50_lddt.pdb	7.484E-01	4.222E-01	7.436E-01	9.000	259	232	140
MC3.MG101.AS1.GP1.C57064.G33_AF-R6YCS3-F1-model_v4	P14508_Q50_lddt.pdb	7.457E-01	4.195E-01	7.409E-01	9.200	259	237	140
MC3.MG101.AS1.GP1.C57064.G33_AF-R6YCS3-F1-model_v4	P18150_Q50_lddt.pdb	7.359E-01	4.344E-01	7.315E-01	8.000	259	236	146
MC3.MG101.AS1.GP1.C57064.G33_AF-R6YCS3-F1-model_v4	Q0ZNJ3_Q50_lddt.pdb	7.348E-01	4.376E-01	7.304E-01	9.400	259	233	147
MC3.MG101.AS1.GP1.C57064.G33_AF-R6YCS3-F1-model_v4	Q6MXT4_Q50_lddt.pdb	7.455E-01	4.211E-01	7.407E-01	9.400	259	233	140
MC3.MG101.AS1.GP1.C57064.G33_AF-R6YCS3-F1-model_v4	S3N4B0_Q50_lddt.pdb	7.352E-01	4.209E-01	7.305E-01	12.200	259	237	142
MC3.MG101.AS1.GP1.C57064.G33_AF-R6YCS3-F1-model_v4	P00553_Q50_lddt.pdb	7.368E-01	4.230E-01	7.321E-01	10.200	259	234	142
MC3.MG101.AS1.GP1.C57064.G33_AF-R6YCS3-F1-model_v4	N8ZRE3_Q50_lddt.pdb	7.317E-01	4.196E-01	7.271E-01	10.100	259	237	142
MC3.MG101.AS1.GP1.C57064.G33_AF-R6YCS3-F1-model_v4	AF-A0A416RJZ9-F1-model_v4_Q50_lddt.pdb	7.330E-01	4.179E-01	7.283E-01	8.400	259	236	141
MC3.MG101.AS1.GP1.C57064.G33_AF-R6YCS3-F1-model_v4	E5LCR3_Q50_lddt.pdb	7.324E-01	4.195E-01	7.278E-01	8.500	259	233	141
MC3.MG101.AS1.GP1.C57064.G33_AF-R6YCS3-F1-model_v4	Q9F9M5_Q50_lddt.pdb	7.224E-01	4.269E-01	7.181E-01	8.700	259	229	145
MC3.MG101.AS1.GP1.C57064.G33_AF-R6YCS3-F1-model_v4	Q51418_Q50_lddt.pdb	7.288E-01	4.161E-01	7.242E-01	9.000	259	231	140
MC3.MG101.AS1.GP1.C57064.G33_AF-R6YCS3-F1-model_v4	AF-Q8GRG4-F1-model_v6_Q50_lddt.pdb	7.260E-01	4.168E-01	7.215E-01	9.000	259	232	141
MC3.MG101.AS1.GP1.C57064.G33_AF-R6YCS3-F1-model_v4	P00552_Q50_lddt.pdb	7.224E-01	4.153E-01	7.179E-01	8.200	259	231	141
MC3.MG120.AS1.GP1.C30703.G3	Q0ZNJ3_Q50_lddt.pdb	8.430E-01	5.182E-01	8.379E-01	8.200	249	229	147
MC3.MG120.AS1.GP1.C30703.G3	P00552_Q50_lddt.pdb	8.421E-01	4.962E-01	8.367E-01	6.900	249	229	141
MC3.MG120.AS1.GP1.C30703.G3	P13250_Q50_lddt.pdb	8.371E-01	4.979E-01	8.318E-01	10.000	249	230	142
MC3.MG120.AS1.GP1.C30703.G3	A0JE50_Q50_lddt.pdb	8.288E-01	5.085E-01	8.238E-01	7.400	249	229	146
MC3.MG120.AS1.GP1.C30703.G3	E5LCR3_Q50_lddt.pdb	8.371E-01	4.945E-01	8.318E-01	4.800	249	229	141
MC3.MG120.AS1.GP1.C30703.G3	P18150_Q50_lddt.pdb	8.283E-01	5.086E-01	8.233E-01	10.400	249	229	146
MC3.MG120.AS1.GP1.C30703.G3	Q9F9M5_Q50_lddt.pdb	8.242E-01	5.037E-01	8.192E-01	10.100	249	226	145
MC3.MG120.AS1.GP1.C30703.G3	Q53558_Q50_lddt.pdb	8.236E-01	5.033E-01	8.185E-01	11.100	249	224	145
MC3.MG120.AS1.GP1.C30703.G3	Q51418_Q50_lddt.pdb	8.319E-01	4.904E-01	8.267E-01	6.100	249	228	140
MC3.MG120.AS1.GP1.C30703.G3	P00555_Q50_lddt.pdb	8.191E-01	5.014E-01	8.142E-01	11.600	249	224	145
MC3.MG120.AS1.GP1.C30703.G3	AF-Q8GRG4-F1-model_v6_Q50_lddt.pdb	8.259E-01	4.922E-01	8.207E-01	8.400	249	224	141
MC3.MG120.AS1.GP1.C30703.G3	P00553_Q50_lddt.pdb	8.206E-01	4.926E-01	8.155E-01	11.200	249	223	142
MC3.MG120.AS1.GP1.C30703.G3	Q6MXT4_Q50_lddt.pdb	8.225E-01	4.852E-01	8.173E-01	7.800	249	228	140
MC3.MG120.AS1.GP1.C30703.G3	N8ZRE3_Q50_lddt.pdb	8.128E-01	4.857E-01	8.077E-01	8.500	249	234	142
MC3.MG120.AS1.GP1.C30703.G3	P14509_Q50_lddt.pdb	8.132E-01	4.799E-01	8.081E-01	6.900	249	229	140
MC3.MG120.AS1.GP1.C30703.G3	P09885_Q50_lddt.pdb	8.063E-01	4.832E-01	8.014E-01	8.100	249	234	142
MC3.MG120.AS1.GP1.C30703.G3	AF-A0A416RJZ9-F1-model_v4_Q50_lddt.pdb	8.064E-01	4.821E-01	8.014E-01	8.300	249	228	141
MC3.MG120.AS1.GP1.C30703.G3	P14508_Q50_lddt.pdb	8.064E-01	4.788E-01	8.014E-01	6.900	249	231	140
MC3.MG120.AS1.GP1.C30703.G3	S3N4B0_Q50_lddt.pdb	7.987E-01	4.818E-01	7.938E-01	8.700	249	228	142
MC3.MG120.AS1.GP1.C30703.G3	Q4A4J8_Q50_lddt.pdb	7.976E-01	4.813E-01	7.927E-01	8.000	249	225	142
