P94629_conserved	P94629_conserved	1.010E+00	1.000E+00	1.000E+00	100.000	100	100	100
P94629_conserved	C4TGI5_conserved	9.937E-01	9.839E-01	8.796E-01	89.400	100	104	112
P94629_conserved	Q76FR4_conserved	9.925E-01	9.827E-01	8.788E-01	75.000	100	104	112
P94629_conserved	P10051_conserved	9.922E-01	9.824E-01	8.785E-01	79.800	100	104	112
P94629_conserved	B6D9B6_conserved	9.918E-01	9.821E-01	8.782E-01	75.000	100	104	112
P94629_conserved	F2WU95_conserved	9.909E-01	9.811E-01	8.775E-01	81.700	100	104	112
P94629_conserved	K0IV17_conserved	9.905E-01	9.807E-01	8.771E-01	83.600	100	104	112
P94629_conserved	O68484_conserved	9.899E-01	9.802E-01	8.766E-01	87.500	100	104	112
P94629_conserved	Q7WTV9_conserved	9.901E-01	9.804E-01	8.768E-01	83.600	100	104	112
P94629_conserved	H6U586_conserved	9.871E-01	9.774E-01	8.744E-01	83.600	100	104	112
P94629_conserved	Q70E71_conserved	9.728E-01	9.634E-01	8.939E-01	59.000	100	100	108
P94629_conserved	Q47764_conserved	9.719E-01	9.624E-01	8.931E-01	61.000	100	100	108
P94629_conserved	Q70E72_conserved	9.713E-01	9.619E-01	8.926E-01	54.000	100	100	108
Q47764_conserved	Q47764_conserved	1.009E+00	1.000E+00	1.000E+00	100.000	108	108	108
Q47764_conserved	Q70E71_conserved	1.005E+00	9.959E-01	9.959E-01	84.200	108	108	108
Q47764_conserved	Q70E72_conserved	1.005E+00	9.955E-01	9.955E-01	82.400	108	108	108
Q47764_conserved	P94629_conserved	9.719E-01	8.931E-01	9.624E-01	61.000	108	100	100
Q47764_conserved	P10051_conserved	9.521E-01	9.437E-01	9.112E-01	55.300	108	112	112
Q47764_conserved	K0IV17_conserved	9.515E-01	9.431E-01	9.107E-01	56.200	108	112	112
Q47764_conserved	F2WU95_conserved	9.505E-01	9.421E-01	9.097E-01	52.600	108	112	112
Q47764_conserved	Q7WTV9_conserved	9.504E-01	9.419E-01	9.096E-01	55.300	108	112	112
Q47764_conserved	C4TGI5_conserved	9.499E-01	9.414E-01	9.091E-01	54.400	108	112	112
Q47764_conserved	O68484_conserved	9.491E-01	9.406E-01	9.084E-01	52.600	108	112	112
Q47764_conserved	H6U586_conserved	9.480E-01	9.396E-01	9.074E-01	56.200	108	112	112
Q47764_conserved	Q76FR4_conserved	9.476E-01	9.392E-01	9.070E-01	51.700	108	112	112
Q47764_conserved	B6D9B6_conserved	9.454E-01	9.370E-01	9.050E-01	50.800	108	112	112
Q70E71_conserved	Q70E71_conserved	1.009E+00	1.000E+00	1.000E+00	100.000	108	108	108
Q70E71_conserved	Q70E72_conserved	1.007E+00	9.974E-01	9.974E-01	87.900	108	108	108
Q70E71_conserved	Q47764_conserved	1.005E+00	9.959E-01	9.959E-01	84.200	108	108	108
Q70E71_conserved	P94629_conserved	9.728E-01	8.939E-01	9.634E-01	59.000	108	100	100
Q70E71_conserved	P10051_conserved	9.541E-01	9.457E-01	9.131E-01	53.500	108	112	112
Q70E71_conserved	K0IV17_conserved	9.535E-01	9.449E-01	9.125E-01	54.400	108	112	112
Q70E71_conserved	Q7WTV9_conserved	9.532E-01	9.447E-01	9.122E-01	55.300	108	112	112
Q70E71_conserved	F2WU95_conserved	9.518E-01	9.432E-01	9.109E-01	50.000	108	112	112
Q70E71_conserved	C4TGI5_conserved	9.510E-01	9.425E-01	9.101E-01	52.600	108	112	112
Q70E71_conserved	O68484_conserved	9.511E-01	9.427E-01	9.103E-01	51.700	108	112	112
Q70E71_conserved	H6U586_conserved	9.509E-01	9.425E-01	9.101E-01	57.100	108	112	112
Q70E71_conserved	Q76FR4_conserved	9.497E-01	9.412E-01	9.089E-01	48.200	108	112	112
Q70E71_conserved	B6D9B6_conserved	9.478E-01	9.394E-01	9.072E-01	49.100	108	112	112
Q70E72_conserved	Q70E72_conserved	1.009E+00	1.000E+00	1.000E+00	100.000	108	108	108
Q70E72_conserved	Q70E71_conserved	1.007E+00	9.974E-01	9.974E-01	87.900	108	108	108
Q70E72_conserved	Q47764_conserved	1.005E+00	9.955E-01	9.955E-01	82.400	108	108	108
Q70E72_conserved	P94629_conserved	9.713E-01	8.926E-01	9.619E-01	54.000	108	100	100
Q70E72_conserved	K0IV17_conserved	9.540E-01	9.455E-01	9.129E-01	50.000	108	112	112
Q70E72_conserved	Q7WTV9_conserved	9.531E-01	9.446E-01	9.121E-01	50.800	108	112	112
Q70E72_conserved	P10051_conserved	9.528E-01	9.443E-01	9.118E-01	49.100	108	112	112
Q70E72_conserved	F2WU95_conserved	9.516E-01	9.431E-01	9.107E-01	45.500	108	112	112
Q70E72_conserved	H6U586_conserved	9.510E-01	9.426E-01	9.102E-01	51.700	108	112	112
Q70E72_conserved	C4TGI5_conserved	9.500E-01	9.416E-01	9.093E-01	48.200	108	112	112
Q70E72_conserved	O68484_conserved	9.501E-01	9.417E-01	9.094E-01	47.300	108	112	112
Q70E72_conserved	Q76FR4_conserved	9.481E-01	9.397E-01	9.075E-01	47.300	108	112	112
Q70E72_conserved	B6D9B6_conserved	9.465E-01	9.381E-01	9.059E-01	45.500	108	112	112
Q7WTV9_conserved	Q7WTV9_conserved	1.009E+00	1.000E+00	1.000E+00	100.000	112	112	112
Q7WTV9_conserved	H6U586_conserved	1.007E+00	9.978E-01	9.978E-01	98.200	112	112	112
Q7WTV9_conserved	C4TGI5_conserved	1.004E+00	9.954E-01	9.954E-01	91.000	112	112	112
Q7WTV9_conserved	K0IV17_conserved	1.004E+00	9.948E-01	9.948E-01	84.800	112	112	112
Q7WTV9_conserved	O68484_conserved	1.003E+00	9.942E-01	9.942E-01	90.100	112	112	112
Q7WTV9_conserved	P10051_conserved	1.003E+00	9.937E-01	9.937E-01	82.100	112	112	112
Q7WTV9_conserved	Q76FR4_conserved	9.991E-01	9.902E-01	9.902E-01	79.400	112	112	112
Q7WTV9_conserved	F2WU95_conserved	9.983E-01	9.895E-01	9.895E-01	82.100	112	112	112
Q7WTV9_conserved	B6D9B6_conserved	9.931E-01	9.843E-01	9.843E-01	81.200	112	112	112
Q7WTV9_conserved	P94629_conserved	9.901E-01	8.768E-01	9.804E-01	83.600	112	104	100
Q7WTV9_conserved	Q70E71_conserved	9.532E-01	9.122E-01	9.447E-01	55.300	112	112	108
Q7WTV9_conserved	Q70E72_conserved	9.531E-01	9.121E-01	9.446E-01	50.800	112	112	108
Q7WTV9_conserved	Q47764_conserved	9.504E-01	9.096E-01	9.419E-01	55.300	112	112	108
B6D9B6_conserved	B6D9B6_conserved	1.009E+00	1.000E+00	1.000E+00	100.000	112	112	112
B6D9B6_conserved	Q76FR4_conserved	1.004E+00	9.948E-01	9.948E-01	91.900	112	112	112
B6D9B6_conserved	P10051_conserved	9.963E-01	9.875E-01	9.875E-01	74.100	112	112	112
B6D9B6_conserved	F2WU95_conserved	9.968E-01	9.880E-01	9.880E-01	77.600	112	112	112
B6D9B6_conserved	C4TGI5_conserved	9.955E-01	9.867E-01	9.867E-01	81.200	112	112	112
B6D9B6_conserved	Q7WTV9_conserved	9.931E-01	9.843E-01	9.843E-01	81.200	112	112	112
B6D9B6_conserved	O68484_conserved	9.927E-01	9.840E-01	9.840E-01	80.300	112	112	112
B6D9B6_conserved	K0IV17_conserved	9.926E-01	9.839E-01	9.839E-01	75.800	112	112	112
B6D9B6_conserved	H6U586_conserved	9.908E-01	9.821E-01	9.821E-01	81.200	112	112	112
B6D9B6_conserved	P94629_conserved	9.918E-01	8.782E-01	9.821E-01	75.000	112	104	100
B6D9B6_conserved	Q70E71_conserved	9.478E-01	9.072E-01	9.394E-01	49.100	112	112	108
B6D9B6_conserved	Q70E72_conserved	9.465E-01	9.059E-01	9.381E-01	45.500	112	112	108
B6D9B6_conserved	Q47764_conserved	9.454E-01	9.050E-01	9.370E-01	50.800	112	112	108
C4TGI5_conserved	C4TGI5_conserved	1.009E+00	1.000E+00	1.000E+00	100.000	112	112	112
C4TGI5_conserved	O68484_conserved	1.006E+00	9.972E-01	9.972E-01	96.400	112	112	112
C4TGI5_conserved	Q7WTV9_conserved	1.004E+00	9.954E-01	9.954E-01	91.000	112	112	112
C4TGI5_conserved	P10051_conserved	1.003E+00	9.942E-01	9.942E-01	84.800	112	112	112
C4TGI5_conserved	K0IV17_conserved	1.003E+00	9.939E-01	9.939E-01	87.500	112	112	112
C4TGI5_conserved	H6U586_conserved	1.002E+00	9.935E-01	9.935E-01	91.000	112	112	112
C4TGI5_conserved	F2WU95_conserved	9.992E-01	9.903E-01	9.903E-01	84.800	112	112	112
C4TGI5_conserved	Q76FR4_conserved	9.997E-01	9.908E-01	9.908E-01	80.300	112	112	112
C4TGI5_conserved	B6D9B6_conserved	9.955E-01	9.867E-01	9.867E-01	81.200	112	112	112
C4TGI5_conserved	P94629_conserved	9.937E-01	8.796E-01	9.839E-01	89.400	112	104	100
C4TGI5_conserved	Q70E71_conserved	9.510E-01	9.101E-01	9.425E-01	52.600	112	112	108
C4TGI5_conserved	Q70E72_conserved	9.500E-01	9.093E-01	9.416E-01	48.200	112	112	108
C4TGI5_conserved	Q47764_conserved	9.499E-01	9.091E-01	9.414E-01	54.400	112	112	108
F2WU95_conserved	F2WU95_conserved	1.009E+00	1.000E+00	1.000E+00	100.000	112	112	112
F2WU95_conserved	C4TGI5_conserved	9.992E-01	9.903E-01	9.903E-01	84.800	112	112	112
F2WU95_conserved	Q7WTV9_conserved	9.983E-01	9.895E-01	9.895E-01	82.100	112	112	112
F2WU95_conserved	Q76FR4_conserved	9.985E-01	9.897E-01	9.897E-01	80.300	112	112	112
F2WU95_conserved	K0IV17_conserved	9.972E-01	9.883E-01	9.883E-01	83.900	112	112	112
F2WU95_conserved	P10051_conserved	9.964E-01	9.875E-01	9.875E-01	82.100	112	112	112
F2WU95_conserved	O68484_conserved	9.962E-01	9.874E-01	9.874E-01	83.900	112	112	112
F2WU95_conserved	B6D9B6_conserved	9.968E-01	9.880E-01	9.880E-01	77.600	112	112	112
F2WU95_conserved	H6U586_conserved	9.949E-01	9.861E-01	9.861E-01	82.100	112	112	112
F2WU95_conserved	P94629_conserved	9.909E-01	8.775E-01	9.811E-01	81.700	112	104	100
F2WU95_conserved	Q70E71_conserved	9.518E-01	9.109E-01	9.432E-01	50.000	112	112	108
F2WU95_conserved	Q70E72_conserved	9.516E-01	9.107E-01	9.431E-01	45.500	112	112	108
F2WU95_conserved	Q47764_conserved	9.505E-01	9.097E-01	9.421E-01	52.600	112	112	108
H6U586_conserved	H6U586_conserved	1.009E+00	1.000E+00	1.000E+00	100.000	112	112	112
H6U586_conserved	Q7WTV9_conserved	1.007E+00	9.978E-01	9.978E-01	98.200	112	112	112
H6U586_conserved	O68484_conserved	1.003E+00	9.942E-01	9.942E-01	90.100	112	112	112
H6U586_conserved	C4TGI5_conserved	1.002E+00	9.935E-01	9.935E-01	91.000	112	112	112
H6U586_conserved	K0IV17_conserved	1.002E+00	9.930E-01	9.930E-01	84.800	112	112	112
H6U586_conserved	P10051_conserved	1.001E+00	9.918E-01	9.918E-01	82.100	112	112	112
H6U586_conserved	Q76FR4_conserved	9.976E-01	9.888E-01	9.888E-01	79.400	112	112	112
H6U586_conserved	F2WU95_conserved	9.949E-01	9.861E-01	9.861E-01	82.100	112	112	112
H6U586_conserved	B6D9B6_conserved	9.908E-01	9.821E-01	9.821E-01	81.200	112	112	112
H6U586_conserved	P94629_conserved	9.871E-01	8.744E-01	9.774E-01	83.600	112	104	100
H6U586_conserved	Q70E72_conserved	9.510E-01	9.102E-01	9.426E-01	51.700	112	112	108
H6U586_conserved	Q70E71_conserved	9.509E-01	9.101E-01	9.425E-01	57.100	112	112	108
H6U586_conserved	Q47764_conserved	9.480E-01	9.074E-01	9.396E-01	56.200	112	112	108
K0IV17_conserved	K0IV17_conserved	1.009E+00	1.000E+00	1.000E+00	100.000	112	112	112
K0IV17_conserved	P10051_conserved	1.005E+00	9.964E-01	9.964E-01	92.800	112	112	112
K0IV17_conserved	Q7WTV9_conserved	1.004E+00	9.948E-01	9.948E-01	84.800	112	112	112
K0IV17_conserved	O68484_conserved	1.004E+00	9.951E-01	9.951E-01	86.600	112	112	112
K0IV17_conserved	C4TGI5_conserved	1.003E+00	9.939E-01	9.939E-01	87.500	112	112	112
K0IV17_conserved	H6U586_conserved	1.002E+00	9.930E-01	9.930E-01	84.800	112	112	112
K0IV17_conserved	Q76FR4_conserved	9.991E-01	9.902E-01	9.902E-01	75.800	112	112	112
K0IV17_conserved	F2WU95_conserved	9.972E-01	9.883E-01	9.883E-01	83.900	112	112	112
K0IV17_conserved	B6D9B6_conserved	9.926E-01	9.839E-01	9.839E-01	75.800	112	112	112
K0IV17_conserved	P94629_conserved	9.905E-01	8.771E-01	9.807E-01	83.600	112	104	100
K0IV17_conserved	Q70E72_conserved	9.540E-01	9.129E-01	9.455E-01	50.000	112	112	108
K0IV17_conserved	Q70E71_conserved	9.535E-01	9.125E-01	9.449E-01	54.400	112	112	108
K0IV17_conserved	Q47764_conserved	9.515E-01	9.107E-01	9.431E-01	56.200	112	112	108
O68484_conserved	O68484_conserved	1.009E+00	1.000E+00	1.000E+00	100.000	112	112	112
O68484_conserved	C4TGI5_conserved	1.006E+00	9.972E-01	9.972E-01	96.400	112	112	112
O68484_conserved	K0IV17_conserved	1.004E+00	9.951E-01	9.951E-01	86.600	112	112	112
O68484_conserved	P10051_conserved	1.004E+00	9.947E-01	9.947E-01	85.700	112	112	112
O68484_conserved	H6U586_conserved	1.003E+00	9.942E-01	9.942E-01	90.100	112	112	112
O68484_conserved	Q7WTV9_conserved	1.003E+00	9.942E-01	9.942E-01	90.100	112	112	112
O68484_conserved	Q76FR4_conserved	9.988E-01	9.899E-01	9.899E-01	79.400	112	112	112
O68484_conserved	F2WU95_conserved	9.962E-01	9.874E-01	9.874E-01	83.900	112	112	112
O68484_conserved	B6D9B6_conserved	9.927E-01	9.840E-01	9.840E-01	80.300	112	112	112
O68484_conserved	P94629_conserved	9.899E-01	8.766E-01	9.802E-01	87.500	112	104	100
O68484_conserved	Q70E71_conserved	9.511E-01	9.103E-01	9.427E-01	51.700	112	112	108
O68484_conserved	Q70E72_conserved	9.501E-01	9.094E-01	9.417E-01	47.300	112	112	108
O68484_conserved	Q47764_conserved	9.491E-01	9.084E-01	9.406E-01	52.600	112	112	108
P10051_conserved	P10051_conserved	1.009E+00	1.000E+00	1.000E+00	100.000	112	112	112
P10051_conserved	K0IV17_conserved	1.005E+00	9.964E-01	9.964E-01	92.800	112	112	112
P10051_conserved	O68484_conserved	1.004E+00	9.947E-01	9.947E-01	85.700	112	112	112
P10051_conserved	C4TGI5_conserved	1.003E+00	9.942E-01	9.942E-01	84.800	112	112	112
P10051_conserved	Q7WTV9_conserved	1.003E+00	9.937E-01	9.937E-01	82.100	112	112	112
P10051_conserved	H6U586_conserved	1.001E+00	9.918E-01	9.918E-01	82.100	112	112	112
P10051_conserved	Q76FR4_conserved	1.001E+00	9.918E-01	9.918E-01	75.800	112	112	112
P10051_conserved	F2WU95_conserved	9.964E-01	9.875E-01	9.875E-01	82.100	112	112	112
P10051_conserved	B6D9B6_conserved	9.963E-01	9.875E-01	9.875E-01	74.100	112	112	112
P10051_conserved	P94629_conserved	9.922E-01	8.785E-01	9.824E-01	79.800	112	104	100
P10051_conserved	Q70E71_conserved	9.541E-01	9.131E-01	9.457E-01	53.500	112	112	108
P10051_conserved	Q70E72_conserved	9.528E-01	9.118E-01	9.443E-01	49.100	112	112	108
P10051_conserved	Q47764_conserved	9.521E-01	9.112E-01	9.437E-01	55.300	112	112	108
Q76FR4_conserved	Q76FR4_conserved	1.009E+00	1.000E+00	1.000E+00	100.000	112	112	112
Q76FR4_conserved	B6D9B6_conserved	1.004E+00	9.948E-01	9.948E-01	91.900	112	112	112
Q76FR4_conserved	P10051_conserved	1.001E+00	9.918E-01	9.918E-01	75.800	112	112	112
Q76FR4_conserved	C4TGI5_conserved	9.997E-01	9.908E-01	9.908E-01	80.300	112	112	112
Q76FR4_conserved	Q7WTV9_conserved	9.991E-01	9.902E-01	9.902E-01	79.400	112	112	112
Q76FR4_conserved	K0IV17_conserved	9.991E-01	9.902E-01	9.902E-01	75.800	112	112	112
Q76FR4_conserved	O68484_conserved	9.988E-01	9.899E-01	9.899E-01	79.400	112	112	112
Q76FR4_conserved	F2WU95_conserved	9.985E-01	9.897E-01	9.897E-01	80.300	112	112	112
Q76FR4_conserved	H6U586_conserved	9.976E-01	9.888E-01	9.888E-01	79.400	112	112	112
Q76FR4_conserved	P94629_conserved	9.925E-01	8.788E-01	9.827E-01	75.000	112	104	100
Q76FR4_conserved	Q70E71_conserved	9.497E-01	9.089E-01	9.412E-01	48.200	112	112	108
Q76FR4_conserved	Q70E72_conserved	9.481E-01	9.075E-01	9.397E-01	47.300	112	112	108
Q76FR4_conserved	Q47764_conserved	9.476E-01	9.070E-01	9.392E-01	51.700	112	112	108
