P29810_Q50_lddt	P29810_Q50_lddt	1.007E+00	1.000E+00	1.000E+00	100.000	150	150	150
P29810_Q50_lddt	Q54216_Q50_lddt	1.004E+00	9.969E-01	9.969E-01	72.000	150	150	150
P29810_Q50_lddt	P30180_Q50_lddt	1.003E+00	9.966E-01	9.966E-01	72.000	150	150	150
P29810_Q50_lddt	P29809_Q50_lddt	1.002E+00	9.958E-01	9.958E-01	65.300	150	150	150
P29810_Q50_lddt	AF-A0A742B7K0-F1-model_v4_Q50_lddt	9.925E-01	9.860E-01	9.860E-01	42.000	150	150	150
P29810_Q50_lddt	P29808_Q50_lddt	9.930E-01	9.799E-01	9.864E-01	42.600	150	150	149
P29810_Q50_lddt	Q01515_Q50_lddt	9.906E-01	9.841E-01	9.841E-01	40.000	150	150	150
P29810_Q50_lddt	Q03634_Q50_lddt	9.924E-01	9.793E-01	9.858E-01	38.600	150	150	149
P29810_Q50_lddt	A7LI78_Q50_lddt	9.918E-01	9.788E-01	9.853E-01	38.600	150	150	149
P29810_Q50_lddt	P13246_Q50_lddt	9.917E-01	9.786E-01	9.851E-01	37.300	150	150	149
P29810_Q50_lddt	A7LI79_Q50_lddt	9.910E-01	9.779E-01	9.844E-01	37.300	150	150	149
P29810_Q50_lddt	Q51406_Q50_lddt	9.930E-01	9.800E-01	9.610E-01	47.300	150	150	153
P29810_Q50_lddt	Q47030_Q50_lddt	9.818E-01	9.689E-01	9.503E-01	38.600	150	150	153
P29810_Q50_lddt	A0A5C2PMK1_Q50_lddt	9.723E-01	9.089E-01	9.459E-01	33.100	150	145	144
Q01515_Q50_lddt	Q01515_Q50_lddt	1.007E+00	1.000E+00	1.000E+00	100.000	150	150	150
Q01515_Q50_lddt	AF-A0A742B7K0-F1-model_v4_Q50_lddt	1.004E+00	9.968E-01	9.968E-01	78.600	150	150	150
Q01515_Q50_lddt	A7LI78_Q50_lddt	1.003E+00	9.893E-01	9.960E-01	72.600	150	150	149
Q01515_Q50_lddt	Q03634_Q50_lddt	1.003E+00	9.893E-01	9.959E-01	72.600	150	150	149
Q01515_Q50_lddt	P13246_Q50_lddt	1.002E+00	9.892E-01	9.958E-01	72.000	150	150	149
Q01515_Q50_lddt	A7LI79_Q50_lddt	1.001E+00	9.882E-01	9.948E-01	71.300	150	150	149
Q01515_Q50_lddt	P30180_Q50_lddt	9.917E-01	9.852E-01	9.852E-01	45.300	150	150	150
Q01515_Q50_lddt	Q54216_Q50_lddt	9.914E-01	9.849E-01	9.849E-01	44.600	150	150	150
Q01515_Q50_lddt	P29809_Q50_lddt	9.908E-01	9.843E-01	9.843E-01	46.600	150	150	150
Q01515_Q50_lddt	P29810_Q50_lddt	9.906E-01	9.841E-01	9.841E-01	40.000	150	150	150
Q01515_Q50_lddt	P29808_Q50_lddt	9.927E-01	9.797E-01	9.862E-01	45.300	150	150	149
Q01515_Q50_lddt	Q47030_Q50_lddt	9.937E-01	9.806E-01	9.616E-01	45.300	150	150	153
Q01515_Q50_lddt	Q51406_Q50_lddt	9.870E-01	9.740E-01	9.552E-01	43.300	150	150	153
Q01515_Q50_lddt	A0A5C2PMK1_Q50_lddt	9.674E-01	9.045E-01	9.412E-01	37.200	150	145	144
Q51406_Q50_lddt	Q51406_Q50_lddt	1.007E+00	1.000E+00	1.000E+00	100.000	153	153	153
Q51406_Q50_lddt	Q54216_Q50_lddt	9.953E-01	9.631E-01	9.822E-01	55.300	153	150	150
Q51406_Q50_lddt	P30180_Q50_lddt	9.951E-01	9.629E-01	9.820E-01	54.600	153	150	150
Q51406_Q50_lddt	P29808_Q50_lddt	9.913E-01	9.593E-01	9.847E-01	52.300	153	149	149
Q51406_Q50_lddt	P29810_Q50_lddt	9.930E-01	9.610E-01	9.800E-01	47.300	153	150	150
Q51406_Q50_lddt	P29809_Q50_lddt	9.920E-01	9.600E-01	9.789E-01	54.000	153	150	150
Q51406_Q50_lddt	Q03634_Q50_lddt	9.877E-01	9.560E-01	9.812E-01	42.900	153	149	149
Q51406_Q50_lddt	A7LI78_Q50_lddt	9.874E-01	9.556E-01	9.808E-01	42.900	153	149	149
Q51406_Q50_lddt	P13246_Q50_lddt	9.870E-01	9.553E-01	9.805E-01	42.200	153	149	149
Q51406_Q50_lddt	A7LI79_Q50_lddt	9.866E-01	9.549E-01	9.801E-01	41.600	153	149	149
Q51406_Q50_lddt	AF-A0A742B7K0-F1-model_v4_Q50_lddt	9.876E-01	9.558E-01	9.746E-01	45.300	153	150	150
Q51406_Q50_lddt	Q01515_Q50_lddt	9.870E-01	9.552E-01	9.740E-01	43.300	153	150	150
Q51406_Q50_lddt	Q47030_Q50_lddt	9.815E-01	9.501E-01	9.501E-01	42.200	153	149	153
Q51406_Q50_lddt	A0A5C2PMK1_Q50_lddt	9.696E-01	8.892E-01	9.433E-01	29.800	153	144	144
A7LI79_Q50_lddt	A7LI79_Q50_lddt	1.007E+00	1.000E+00	1.000E+00	100.000	149	149	149
A7LI79_Q50_lddt	A7LI78_Q50_lddt	1.006E+00	9.992E-01	9.992E-01	97.900	149	149	149
A7LI79_Q50_lddt	Q03634_Q50_lddt	1.006E+00	9.992E-01	9.992E-01	97.900	149	149	149
A7LI79_Q50_lddt	P13246_Q50_lddt	1.006E+00	9.990E-01	9.990E-01	95.300	149	149	149
A7LI79_Q50_lddt	AF-A0A742B7K0-F1-model_v4_Q50_lddt	1.004E+00	9.972E-01	9.905E-01	71.300	149	150	150
A7LI79_Q50_lddt	Q01515_Q50_lddt	1.001E+00	9.948E-01	9.882E-01	71.300	149	150	150
A7LI79_Q50_lddt	P29808_Q50_lddt	9.900E-01	9.834E-01	9.834E-01	45.600	149	149	149
A7LI79_Q50_lddt	P29809_Q50_lddt	9.916E-01	9.851E-01	9.786E-01	44.000	149	150	150
A7LI79_Q50_lddt	P29810_Q50_lddt	9.910E-01	9.844E-01	9.779E-01	37.300	149	150	150
A7LI79_Q50_lddt	P30180_Q50_lddt	9.909E-01	9.843E-01	9.779E-01	42.000	149	150	150
A7LI79_Q50_lddt	Q54216_Q50_lddt	9.908E-01	9.843E-01	9.778E-01	44.600	149	150	150
A7LI79_Q50_lddt	Q47030_Q50_lddt	9.945E-01	9.879E-01	9.623E-01	46.900	149	149	153
A7LI79_Q50_lddt	Q51406_Q50_lddt	9.866E-01	9.801E-01	9.549E-01	41.600	149	149	153
A7LI79_Q50_lddt	A0A5C2PMK1_Q50_lddt	9.726E-01	9.151E-01	9.462E-01	36.800	149	144	144
A7LI78_Q50_lddt	A7LI78_Q50_lddt	1.007E+00	1.000E+00	1.000E+00	100.000	149	149	149
A7LI78_Q50_lddt	Q03634_Q50_lddt	1.007E+00	9.999E-01	9.999E-01	100.000	149	149	149
A7LI78_Q50_lddt	P13246_Q50_lddt	1.007E+00	9.998E-01	9.998E-01	97.300	149	149	149
A7LI78_Q50_lddt	A7LI79_Q50_lddt	1.006E+00	9.992E-01	9.992E-01	97.900	149	149	149
A7LI78_Q50_lddt	AF-A0A742B7K0-F1-model_v4_Q50_lddt	1.005E+00	9.984E-01	9.918E-01	72.600	149	150	150
A7LI78_Q50_lddt	Q01515_Q50_lddt	1.003E+00	9.960E-01	9.893E-01	72.600	149	150	150
A7LI78_Q50_lddt	P29808_Q50_lddt	9.911E-01	9.846E-01	9.846E-01	46.900	149	149	149
A7LI78_Q50_lddt	P29809_Q50_lddt	9.921E-01	9.856E-01	9.791E-01	45.300	149	150	150
A7LI78_Q50_lddt	P29810_Q50_lddt	9.918E-01	9.853E-01	9.788E-01	38.600	149	150	150
A7LI78_Q50_lddt	P30180_Q50_lddt	9.917E-01	9.851E-01	9.787E-01	43.300	149	150	150
A7LI78_Q50_lddt	Q54216_Q50_lddt	9.916E-01	9.850E-01	9.785E-01	46.000	149	150	150
A7LI78_Q50_lddt	Q47030_Q50_lddt	9.948E-01	9.882E-01	9.626E-01	47.600	149	149	153
A7LI78_Q50_lddt	Q51406_Q50_lddt	9.874E-01	9.808E-01	9.556E-01	42.900	149	149	153
A7LI78_Q50_lddt	A0A5C2PMK1_Q50_lddt	9.738E-01	9.162E-01	9.473E-01	37.500	149	144	144
P29809_Q50_lddt	P29809_Q50_lddt	1.007E+00	1.000E+00	1.000E+00	100.000	150	150	150
P29809_Q50_lddt	P30180_Q50_lddt	1.003E+00	9.966E-01	9.966E-01	74.000	150	150	150
P29809_Q50_lddt	Q54216_Q50_lddt	1.003E+00	9.959E-01	9.959E-01	68.600	150	150	150
P29809_Q50_lddt	P29810_Q50_lddt	1.002E+00	9.958E-01	9.958E-01	65.300	150	150	150
P29809_Q50_lddt	P29808_Q50_lddt	9.942E-01	9.811E-01	9.876E-01	48.000	150	150	149
P29809_Q50_lddt	AF-A0A742B7K0-F1-model_v4_Q50_lddt	9.919E-01	9.853E-01	9.853E-01	46.600	150	150	150
P29809_Q50_lddt	Q01515_Q50_lddt	9.908E-01	9.843E-01	9.843E-01	46.600	150	150	150
P29809_Q50_lddt	Q03634_Q50_lddt	9.926E-01	9.796E-01	9.860E-01	45.300	150	150	149
P29809_Q50_lddt	A7LI78_Q50_lddt	9.921E-01	9.791E-01	9.856E-01	45.300	150	150	149
P29809_Q50_lddt	P13246_Q50_lddt	9.918E-01	9.788E-01	9.852E-01	44.000	150	150	149
P29809_Q50_lddt	A7LI79_Q50_lddt	9.916E-01	9.786E-01	9.851E-01	44.000	150	150	149
P29809_Q50_lddt	Q51406_Q50_lddt	9.920E-01	9.789E-01	9.600E-01	54.000	150	150	153
P29809_Q50_lddt	Q47030_Q50_lddt	9.813E-01	9.685E-01	9.499E-01	41.300	150	150	153
P29809_Q50_lddt	A0A5C2PMK1_Q50_lddt	9.714E-01	9.081E-01	9.451E-01	37.900	150	145	144
P30180_Q50_lddt	P30180_Q50_lddt	1.007E+00	1.000E+00	1.000E+00	100.000	150	150	150
P30180_Q50_lddt	Q54216_Q50_lddt	1.004E+00	9.973E-01	9.973E-01	76.000	150	150	150
P30180_Q50_lddt	P29809_Q50_lddt	1.003E+00	9.966E-01	9.966E-01	74.000	150	150	150
P30180_Q50_lddt	P29810_Q50_lddt	1.003E+00	9.966E-01	9.966E-01	72.000	150	150	150
P30180_Q50_lddt	P29808_Q50_lddt	9.956E-01	9.824E-01	9.890E-01	48.000	150	150	149
P30180_Q50_lddt	AF-A0A742B7K0-F1-model_v4_Q50_lddt	9.923E-01	9.857E-01	9.857E-01	45.300	150	150	150
P30180_Q50_lddt	Q01515_Q50_lddt	9.917E-01	9.852E-01	9.852E-01	45.300	150	150	150
P30180_Q50_lddt	Q03634_Q50_lddt	9.921E-01	9.791E-01	9.856E-01	43.300	150	150	149
P30180_Q50_lddt	A7LI78_Q50_lddt	9.917E-01	9.787E-01	9.851E-01	43.300	150	150	149
P30180_Q50_lddt	P13246_Q50_lddt	9.913E-01	9.782E-01	9.847E-01	42.000	150	150	149
P30180_Q50_lddt	A7LI79_Q50_lddt	9.909E-01	9.779E-01	9.843E-01	42.000	150	150	149
P30180_Q50_lddt	Q51406_Q50_lddt	9.951E-01	9.820E-01	9.629E-01	54.600	150	150	153
P30180_Q50_lddt	Q47030_Q50_lddt	9.847E-01	9.718E-01	9.531E-01	40.000	150	150	153
P30180_Q50_lddt	A0A5C2PMK1_Q50_lddt	9.696E-01	9.065E-01	9.433E-01	37.200	150	145	144
Q03634_Q50_lddt	Q03634_Q50_lddt	1.007E+00	1.000E+00	1.000E+00	100.000	149	149	149
Q03634_Q50_lddt	A7LI78_Q50_lddt	1.007E+00	9.999E-01	9.999E-01	100.000	149	149	149
Q03634_Q50_lddt	P13246_Q50_lddt	1.007E+00	9.998E-01	9.998E-01	97.300	149	149	149
Q03634_Q50_lddt	A7LI79_Q50_lddt	1.006E+00	9.992E-01	9.992E-01	97.900	149	149	149
Q03634_Q50_lddt	AF-A0A742B7K0-F1-model_v4_Q50_lddt	1.005E+00	9.984E-01	9.917E-01	72.600	149	150	150
Q03634_Q50_lddt	Q01515_Q50_lddt	1.003E+00	9.959E-01	9.893E-01	72.600	149	150	150
Q03634_Q50_lddt	P29808_Q50_lddt	9.911E-01	9.845E-01	9.845E-01	46.900	149	149	149
Q03634_Q50_lddt	P29809_Q50_lddt	9.926E-01	9.860E-01	9.796E-01	45.300	149	150	150
Q03634_Q50_lddt	P29810_Q50_lddt	9.924E-01	9.858E-01	9.793E-01	38.600	149	150	150
Q03634_Q50_lddt	P30180_Q50_lddt	9.921E-01	9.856E-01	9.791E-01	43.300	149	150	150
Q03634_Q50_lddt	Q54216_Q50_lddt	9.920E-01	9.854E-01	9.790E-01	46.000	149	150	150
Q03634_Q50_lddt	Q47030_Q50_lddt	9.944E-01	9.878E-01	9.622E-01	47.600	149	149	153
Q03634_Q50_lddt	Q51406_Q50_lddt	9.877E-01	9.812E-01	9.560E-01	42.900	149	149	153
Q03634_Q50_lddt	A0A5C2PMK1_Q50_lddt	9.740E-01	9.164E-01	9.475E-01	37.500	149	144	144
Q47030_Q50_lddt	Q47030_Q50_lddt	1.007E+00	1.000E+00	1.000E+00	100.000	153	153	153
Q47030_Q50_lddt	A7LI78_Q50_lddt	9.948E-01	9.626E-01	9.882E-01	47.600	153	149	149
Q47030_Q50_lddt	A7LI79_Q50_lddt	9.945E-01	9.623E-01	9.879E-01	46.900	153	149	149
Q47030_Q50_lddt	Q03634_Q50_lddt	9.944E-01	9.622E-01	9.878E-01	47.600	153	149	149
Q47030_Q50_lddt	P13246_Q50_lddt	9.941E-01	9.619E-01	9.875E-01	47.600	153	149	149
Q47030_Q50_lddt	Q01515_Q50_lddt	9.937E-01	9.616E-01	9.806E-01	45.300	153	150	150
Q47030_Q50_lddt	AF-A0A742B7K0-F1-model_v4_Q50_lddt	9.935E-01	9.614E-01	9.804E-01	45.300	153	150	150
Q47030_Q50_lddt	P29808_Q50_lddt	9.845E-01	9.529E-01	9.780E-01	37.500	153	149	149
Q47030_Q50_lddt	P30180_Q50_lddt	9.847E-01	9.531E-01	9.718E-01	40.000	153	150	150
Q47030_Q50_lddt	Q54216_Q50_lddt	9.828E-01	9.514E-01	9.700E-01	42.600	153	150	150
Q47030_Q50_lddt	P29810_Q50_lddt	9.818E-01	9.503E-01	9.689E-01	38.600	153	150	150
Q47030_Q50_lddt	P29809_Q50_lddt	9.813E-01	9.499E-01	9.685E-01	41.300	153	150	150
Q47030_Q50_lddt	Q51406_Q50_lddt	9.815E-01	9.501E-01	9.501E-01	42.200	153	149	153
Q47030_Q50_lddt	A0A5C2PMK1_Q50_lddt	9.600E-01	8.809E-01	9.342E-01	36.800	153	144	144
Q54216_Q50_lddt	Q54216_Q50_lddt	1.007E+00	1.000E+00	1.000E+00	100.000	150	150	150
Q54216_Q50_lddt	P30180_Q50_lddt	1.004E+00	9.973E-01	9.973E-01	76.000	150	150	150
Q54216_Q50_lddt	P29810_Q50_lddt	1.004E+00	9.969E-01	9.969E-01	72.000	150	150	150
Q54216_Q50_lddt	P29809_Q50_lddt	1.003E+00	9.959E-01	9.959E-01	68.600	150	150	150
Q54216_Q50_lddt	P29808_Q50_lddt	9.967E-01	9.835E-01	9.900E-01	45.300	150	150	149
Q54216_Q50_lddt	AF-A0A742B7K0-F1-model_v4_Q50_lddt	9.920E-01	9.855E-01	9.855E-01	46.000	150	150	150
Q54216_Q50_lddt	Q01515_Q50_lddt	9.914E-01	9.849E-01	9.849E-01	44.600	150	150	150
Q54216_Q50_lddt	Q03634_Q50_lddt	9.920E-01	9.790E-01	9.854E-01	46.000	150	150	149
Q54216_Q50_lddt	A7LI78_Q50_lddt	9.916E-01	9.785E-01	9.850E-01	46.000	150	150	149
Q54216_Q50_lddt	P13246_Q50_lddt	9.912E-01	9.781E-01	9.846E-01	44.600	150	150	149
Q54216_Q50_lddt	A7LI79_Q50_lddt	9.908E-01	9.778E-01	9.843E-01	44.600	150	150	149
Q54216_Q50_lddt	Q51406_Q50_lddt	9.953E-01	9.822E-01	9.631E-01	55.300	150	150	153
Q54216_Q50_lddt	Q47030_Q50_lddt	9.828E-01	9.700E-01	9.514E-01	42.600	150	150	153
Q54216_Q50_lddt	A0A5C2PMK1_Q50_lddt	9.712E-01	9.080E-01	9.449E-01	37.200	150	145	144
P29808_Q50_lddt	P29808_Q50_lddt	1.007E+00	1.000E+00	1.000E+00	100.000	149	149	149
P29808_Q50_lddt	Q54216_Q50_lddt	9.967E-01	9.900E-01	9.835E-01	45.300	149	150	150
P29808_Q50_lddt	P30180_Q50_lddt	9.956E-01	9.890E-01	9.824E-01	48.000	149	150	150
P29808_Q50_lddt	P29809_Q50_lddt	9.942E-01	9.876E-01	9.811E-01	48.000	149	150	150
P29808_Q50_lddt	A7LI78_Q50_lddt	9.911E-01	9.846E-01	9.846E-01	46.900	149	149	149
P29808_Q50_lddt	Q03634_Q50_lddt	9.911E-01	9.845E-01	9.845E-01	46.900	149	149	149
P29808_Q50_lddt	P13246_Q50_lddt	9.908E-01	9.842E-01	9.842E-01	46.300	149	149	149
P29808_Q50_lddt	P29810_Q50_lddt	9.930E-01	9.864E-01	9.799E-01	42.600	149	150	150
P29808_Q50_lddt	Q01515_Q50_lddt	9.927E-01	9.862E-01	9.797E-01	45.300	149	150	150
P29808_Q50_lddt	A7LI79_Q50_lddt	9.900E-01	9.834E-01	9.834E-01	45.600	149	149	149
P29808_Q50_lddt	AF-A0A742B7K0-F1-model_v4_Q50_lddt	9.912E-01	9.846E-01	9.781E-01	44.600	149	150	150
P29808_Q50_lddt	Q51406_Q50_lddt	9.913E-01	9.847E-01	9.593E-01	52.300	149	149	153
P29808_Q50_lddt	Q47030_Q50_lddt	9.845E-01	9.780E-01	9.529E-01	37.500	149	149	153
P29808_Q50_lddt	A0A5C2PMK1_Q50_lddt	9.705E-01	9.132E-01	9.442E-01	34.700	149	144	144
P13246_Q50_lddt	P13246_Q50_lddt	1.007E+00	1.000E+00	1.000E+00	100.000	149	149	149
P13246_Q50_lddt	A7LI78_Q50_lddt	1.007E+00	9.998E-01	9.998E-01	97.300	149	149	149
P13246_Q50_lddt	Q03634_Q50_lddt	1.007E+00	9.998E-01	9.998E-01	97.300	149	149	149
P13246_Q50_lddt	A7LI79_Q50_lddt	1.006E+00	9.990E-01	9.990E-01	95.300	149	149	149
P13246_Q50_lddt	AF-A0A742B7K0-F1-model_v4_Q50_lddt	1.005E+00	9.984E-01	9.918E-01	72.000	149	150	150
P13246_Q50_lddt	Q01515_Q50_lddt	1.002E+00	9.958E-01	9.892E-01	72.000	149	150	150
P13246_Q50_lddt	P29808_Q50_lddt	9.908E-01	9.842E-01	9.842E-01	46.300	149	149	149
P13246_Q50_lddt	P29809_Q50_lddt	9.918E-01	9.852E-01	9.788E-01	44.000	149	150	150
P13246_Q50_lddt	P29810_Q50_lddt	9.917E-01	9.851E-01	9.786E-01	37.300	149	150	150
P13246_Q50_lddt	P30180_Q50_lddt	9.913E-01	9.847E-01	9.782E-01	42.000	149	150	150
P13246_Q50_lddt	Q54216_Q50_lddt	9.912E-01	9.846E-01	9.781E-01	44.600	149	150	150
P13246_Q50_lddt	Q47030_Q50_lddt	9.941E-01	9.875E-01	9.619E-01	47.600	149	149	153
P13246_Q50_lddt	Q51406_Q50_lddt	9.870E-01	9.805E-01	9.553E-01	42.200	149	149	153
P13246_Q50_lddt	A0A5C2PMK1_Q50_lddt	9.737E-01	9.161E-01	9.472E-01	37.500	149	144	144
AF-A0A742B7K0-F1-model_v4_Q50_lddt	AF-A0A742B7K0-F1-model_v4_Q50_lddt	1.007E+00	1.000E+00	1.000E+00	100.000	150	150	150
AF-A0A742B7K0-F1-model_v4_Q50_lddt	Q01515_Q50_lddt	1.004E+00	9.968E-01	9.968E-01	78.600	150	150	150
AF-A0A742B7K0-F1-model_v4_Q50_lddt	A7LI78_Q50_lddt	1.005E+00	9.918E-01	9.984E-01	72.600	150	150	149
AF-A0A742B7K0-F1-model_v4_Q50_lddt	P13246_Q50_lddt	1.005E+00	9.918E-01	9.984E-01	72.000	150	150	149
AF-A0A742B7K0-F1-model_v4_Q50_lddt	Q03634_Q50_lddt	1.005E+00	9.917E-01	9.984E-01	72.600	150	150	149
AF-A0A742B7K0-F1-model_v4_Q50_lddt	A7LI79_Q50_lddt	1.004E+00	9.905E-01	9.972E-01	71.300	150	150	149
AF-A0A742B7K0-F1-model_v4_Q50_lddt	P29810_Q50_lddt	9.925E-01	9.860E-01	9.860E-01	42.000	150	150	150
AF-A0A742B7K0-F1-model_v4_Q50_lddt	P30180_Q50_lddt	9.923E-01	9.857E-01	9.857E-01	45.300	150	150	150
AF-A0A742B7K0-F1-model_v4_Q50_lddt	Q54216_Q50_lddt	9.920E-01	9.855E-01	9.855E-01	46.000	150	150	150
AF-A0A742B7K0-F1-model_v4_Q50_lddt	P29809_Q50_lddt	9.919E-01	9.853E-01	9.853E-01	46.600	150	150	150
AF-A0A742B7K0-F1-model_v4_Q50_lddt	P29808_Q50_lddt	9.912E-01	9.781E-01	9.846E-01	44.600	150	150	149
AF-A0A742B7K0-F1-model_v4_Q50_lddt	Q47030_Q50_lddt	9.935E-01	9.804E-01	9.614E-01	45.300	150	150	153
AF-A0A742B7K0-F1-model_v4_Q50_lddt	Q51406_Q50_lddt	9.876E-01	9.746E-01	9.558E-01	45.300	150	150	153
AF-A0A742B7K0-F1-model_v4_Q50_lddt	A0A5C2PMK1_Q50_lddt	9.711E-01	9.078E-01	9.447E-01	37.900	150	145	144
A0A5C2PMK1_Q50_lddt	A0A5C2PMK1_Q50_lddt	1.007E+00	1.000E+00	1.000E+00	100.000	144	144	144
A0A5C2PMK1_Q50_lddt	Q03634_Q50_lddt	9.740E-01	9.475E-01	9.164E-01	37.500	144	144	149
A0A5C2PMK1_Q50_lddt	A7LI78_Q50_lddt	9.738E-01	9.473E-01	9.162E-01	37.500	144	144	149
A0A5C2PMK1_Q50_lddt	P13246_Q50_lddt	9.737E-01	9.472E-01	9.161E-01	37.500	144	144	149
A0A5C2PMK1_Q50_lddt	A7LI79_Q50_lddt	9.726E-01	9.462E-01	9.151E-01	36.800	144	144	149
A0A5C2PMK1_Q50_lddt	P29808_Q50_lddt	9.705E-01	9.442E-01	9.132E-01	34.700	144	144	149
A0A5C2PMK1_Q50_lddt	P29810_Q50_lddt	9.723E-01	9.459E-01	9.089E-01	33.100	144	145	150
A0A5C2PMK1_Q50_lddt	P29809_Q50_lddt	9.714E-01	9.451E-01	9.081E-01	37.900	144	145	150
A0A5C2PMK1_Q50_lddt	AF-A0A742B7K0-F1-model_v4_Q50_lddt	9.711E-01	9.447E-01	9.078E-01	37.900	144	145	150
A0A5C2PMK1_Q50_lddt	Q54216_Q50_lddt	9.712E-01	9.449E-01	9.080E-01	37.200	144	145	150
A0A5C2PMK1_Q50_lddt	P30180_Q50_lddt	9.696E-01	9.433E-01	9.065E-01	37.200	144	145	150
A0A5C2PMK1_Q50_lddt	Q01515_Q50_lddt	9.674E-01	9.412E-01	9.045E-01	37.200	144	145	150
A0A5C2PMK1_Q50_lddt	Q51406_Q50_lddt	9.696E-01	9.433E-01	8.892E-01	29.800	144	144	153
A0A5C2PMK1_Q50_lddt	Q47030_Q50_lddt	9.600E-01	9.342E-01	8.809E-01	36.800	144	144	153
