P96762_Q50_lddt	P96762_Q50_lddt.pdb	1.006E+00	1.000E+00	1.000E+00	100.000	156	156	156
P96762_Q50_lddt	Q58M16_Q50_lddt.pdb	8.958E-01	8.905E-01	8.851E-01	36.900	156	157	157
P96762_Q50_lddt	O68183_Q50_lddt.pdb	8.924E-01	8.872E-01	8.820E-01	36.300	156	157	157
P96762_Q50_lddt	AF-A0A1L5KKZ3-F1-model_v4_Q50_lddt.pdb	8.803E-01	8.699E-01	8.751E-01	25.100	156	159	155
P96762_Q50_lddt	Q93ET9_Q50_lddt.pdb	8.779E-01	8.674E-01	8.726E-01	27.000	156	159	155
P96762_Q50_lddt	Q4VR94_Q50_lddt.pdb	8.607E-01	8.357E-01	8.556E-01	25.100	156	159	152
Q58M16_Q50_lddt	Q58M16_Q50_lddt.pdb	1.006E+00	1.000E+00	1.000E+00	100.000	157	157	157
Q58M16_Q50_lddt	O68183_Q50_lddt.pdb	1.001E+00	9.948E-01	9.948E-01	96.800	157	157	157
Q58M16_Q50_lddt	Q93ET9_Q50_lddt.pdb	9.553E-01	9.376E-01	9.494E-01	37.500	157	160	155
Q58M16_Q50_lddt	AF-A0A1L5KKZ3-F1-model_v4_Q50_lddt.pdb	9.545E-01	9.368E-01	9.485E-01	34.300	157	160	155
Q58M16_Q50_lddt	Q4VR94_Q50_lddt.pdb	9.292E-01	8.953E-01	9.234E-01	35.800	157	159	152
Q58M16_Q50_lddt	P96762_Q50_lddt.pdb	8.958E-01	8.851E-01	8.905E-01	36.900	157	157	156
Q93ET9_Q50_lddt	Q93ET9_Q50_lddt.pdb	1.006E+00	1.000E+00	1.000E+00	100.000	155	155	155
Q93ET9_Q50_lddt	AF-A0A1L5KKZ3-F1-model_v4_Q50_lddt.pdb	9.919E-01	9.856E-01	9.856E-01	54.800	155	155	155
Q93ET9_Q50_lddt	O68183_Q50_lddt.pdb	9.600E-01	9.540E-01	9.421E-01	36.800	155	160	157
Q93ET9_Q50_lddt	Q58M16_Q50_lddt.pdb	9.553E-01	9.494E-01	9.376E-01	37.500	155	160	157
Q93ET9_Q50_lddt	Q4VR94_Q50_lddt.pdb	9.258E-01	9.031E-01	9.199E-01	35.800	155	156	152
Q93ET9_Q50_lddt	P96762_Q50_lddt.pdb	8.779E-01	8.726E-01	8.674E-01	27.000	155	159	156
Q4VR94_Q50_lddt	Q4VR94_Q50_lddt.pdb	1.007E+00	1.000E+00	1.000E+00	100.000	152	152	152
Q4VR94_Q50_lddt	AF-A0A1L5KKZ3-F1-model_v4_Q50_lddt.pdb	9.429E-01	9.370E-01	9.196E-01	33.900	152	156	155
Q4VR94_Q50_lddt	O68183_Q50_lddt.pdb	9.410E-01	9.351E-01	9.066E-01	36.700	152	158	157
Q4VR94_Q50_lddt	Q58M16_Q50_lddt.pdb	9.292E-01	9.234E-01	8.953E-01	35.800	152	159	157
Q4VR94_Q50_lddt	Q93ET9_Q50_lddt.pdb	9.258E-01	9.199E-01	9.031E-01	35.800	152	156	155
Q4VR94_Q50_lddt	P96762_Q50_lddt.pdb	8.607E-01	8.556E-01	8.357E-01	25.100	152	159	156
O68183_Q50_lddt	O68183_Q50_lddt.pdb	1.006E+00	1.000E+00	1.000E+00	100.000	157	157	157
O68183_Q50_lddt	Q58M16_Q50_lddt.pdb	1.001E+00	9.948E-01	9.948E-01	96.800	157	157	157
O68183_Q50_lddt	AF-A0A1L5KKZ3-F1-model_v4_Q50_lddt.pdb	9.655E-01	9.474E-01	9.594E-01	33.700	157	160	155
O68183_Q50_lddt	Q93ET9_Q50_lddt.pdb	9.600E-01	9.421E-01	9.540E-01	36.800	157	160	155
O68183_Q50_lddt	Q4VR94_Q50_lddt.pdb	9.410E-01	9.066E-01	9.351E-01	36.700	157	158	152
O68183_Q50_lddt	P96762_Q50_lddt.pdb	8.924E-01	8.820E-01	8.872E-01	36.300	157	157	156
AF-A0A1L5KKZ3-F1-model_v4_Q50_lddt	AF-A0A1L5KKZ3-F1-model_v4_Q50_lddt.pdb	1.006E+00	1.000E+00	1.000E+00	100.000	155	155	155
AF-A0A1L5KKZ3-F1-model_v4_Q50_lddt	Q93ET9_Q50_lddt.pdb	9.919E-01	9.856E-01	9.856E-01	54.800	155	155	155
AF-A0A1L5KKZ3-F1-model_v4_Q50_lddt	O68183_Q50_lddt.pdb	9.655E-01	9.594E-01	9.474E-01	33.700	155	160	157
AF-A0A1L5KKZ3-F1-model_v4_Q50_lddt	Q58M16_Q50_lddt.pdb	9.545E-01	9.485E-01	9.368E-01	34.300	155	160	157
AF-A0A1L5KKZ3-F1-model_v4_Q50_lddt	Q4VR94_Q50_lddt.pdb	9.429E-01	9.196E-01	9.370E-01	33.900	155	156	152
AF-A0A1L5KKZ3-F1-model_v4_Q50_lddt	P96762_Q50_lddt.pdb	8.803E-01	8.751E-01	8.699E-01	25.100	155	159	156
