A0A1C7ZQH8_conserved	A0A1C7ZQH8_conserved	1.015E+00	1.000E+00	1.000E+00	100.000	68	68	68
A0A1C7ZQH8_conserved	AF-N8VSH4-F1-model_v4_conserved	1.014E+00	9.990E-01	9.990E-01	100.000	68	68	68
A0A1C7ZQH8_conserved	N8W714_conserved	1.003E+00	9.882E-01	9.882E-01	95.500	68	68	68
A0A1C7ZQH8_conserved	Q7BQ67_conserved	9.719E-01	9.444E-01	9.580E-01	83.500	68	67	67
A0A1C7ZQH8_conserved	Q766G9_conserved	9.758E-01	9.481E-01	9.481E-01	83.500	68	67	68
A0A1C7ZQH8_conserved	Q6A150_conserved	9.712E-01	9.438E-01	9.573E-01	83.500	68	67	67
A0A1C7ZQH8_conserved	Q0PWM6_conserved	9.708E-01	9.435E-01	9.570E-01	83.500	68	67	67
A0A1C7ZQH8_conserved	Q8VL12_conserved	9.745E-01	9.469E-01	9.469E-01	85.000	68	67	68
A0A1C7ZQH8_conserved	P0A0D2_conserved	9.735E-01	9.460E-01	9.460E-01	82.000	68	67	68
A0A1C7ZQH8_conserved	Q27JL8_conserved	9.727E-01	9.452E-01	9.452E-01	83.500	68	67	68
A0A1C7ZQH8_conserved	AF-A0A547E8L3-F1-model_v4_conserved	9.718E-01	9.444E-01	9.444E-01	83.500	68	67	68
A0A1C7ZQH8_conserved	Q79IE6_conserved	9.717E-01	9.443E-01	9.443E-01	83.500	68	67	68
A0A1C7ZQH8_conserved	Q4GY15_conserved	9.714E-01	9.440E-01	9.440E-01	83.500	68	67	68
A0A1C7ZQH8_conserved	Q9R3A9_conserved	9.714E-01	9.440E-01	9.440E-01	86.500	68	67	68
A0A1C7ZQH8_conserved	O70042_conserved	9.713E-01	9.439E-01	9.439E-01	83.500	68	67	68
A0A1C7ZQH8_conserved	A8VR99_conserved	9.711E-01	9.438E-01	9.438E-01	83.500	68	67	68
A0A1C7ZQH8_conserved	Q5UNL3_conserved	9.707E-01	9.433E-01	9.433E-01	83.500	68	67	68
A0A1C7ZQH8_conserved	P0AG05_conserved	9.706E-01	9.433E-01	9.433E-01	83.500	68	67	68
A0A1C7ZQH8_conserved	Q08GN0_conserved	9.705E-01	9.431E-01	9.431E-01	83.500	68	67	68
A0A1C7ZQH8_conserved	Q8GL59_conserved	9.704E-01	9.431E-01	9.431E-01	83.500	68	67	68
A0A1C7ZQH8_conserved	B7U9E7_conserved	9.704E-01	9.430E-01	9.430E-01	83.500	68	67	68
A0A1C7ZQH8_conserved	B3V3X6_conserved	9.701E-01	9.428E-01	9.428E-01	83.500	68	67	68
A0A1C7ZQH8_conserved	Q8G8F9_conserved	9.678E-01	9.406E-01	9.406E-01	86.500	68	67	68
A0A1C7ZQH8_conserved	Q8GKX3_conserved	9.675E-01	9.403E-01	9.403E-01	82.000	68	67	68
A0A1C7ZQH8_conserved	ANT9-Ic_conserved	9.670E-01	9.399E-01	9.399E-01	68.600	68	67	68
A0A1C7ZQH8_conserved	Q2A799_conserved	9.653E-01	9.382E-01	9.382E-01	82.000	68	67	68
A0A1C7ZQH8_conserved	A0A5C2PME2_conserved	9.630E-01	9.359E-01	9.359E-01	74.600	68	67	68
A0A1C7ZQH8_conserved	Q07448_conserved	9.639E-01	9.370E-01	9.370E-01	68.600	68	67	68
A0A1C7ZQH8_conserved	Q9RGC2_conserved	9.633E-01	9.363E-01	9.363E-01	82.000	68	67	68
A0A1C7ZQH8_conserved	Q5DUB9_conserved	9.631E-01	9.361E-01	9.361E-01	80.500	68	67	68
A0A1C7ZQH8_conserved	Q8GCH1_conserved	9.566E-01	9.299E-01	9.299E-01	82.000	68	67	68
A0A1C7ZQH8_conserved	Q0ZKF0_conserved	9.477E-01	9.216E-01	9.216E-01	82.000	68	67	68
A0A1C7ZQH8_conserved	AF-W1JB67-F1-model_v6_conserved	8.987E-01	8.749E-01	8.749E-01	64.100	68	67	68
P0A0D2_conserved	P0A0D2_conserved	1.015E+00	1.000E+00	1.000E+00	100.000	68	68	68
P0A0D2_conserved	A0A5C2PME2_conserved	9.716E-01	9.578E-01	9.578E-01	85.200	68	68	68
P0A0D2_conserved	Q8VL12_conserved	9.723E-01	9.585E-01	9.585E-01	80.800	68	68	68
P0A0D2_conserved	Q6A150_conserved	9.802E-01	9.523E-01	9.660E-01	79.100	68	67	67
P0A0D2_conserved	Q0PWM6_conserved	9.796E-01	9.518E-01	9.655E-01	79.100	68	67	67
P0A0D2_conserved	Q766G9_conserved	9.715E-01	9.577E-01	9.577E-01	82.300	68	68	68
P0A0D2_conserved	P0AG05_conserved	9.819E-01	9.539E-01	9.539E-01	79.100	68	67	68
P0A0D2_conserved	Q07448_conserved	9.826E-01	9.546E-01	9.546E-01	80.500	68	67	68
P0A0D2_conserved	Q7BQ67_conserved	9.767E-01	9.490E-01	9.626E-01	79.100	68	67	67
P0A0D2_conserved	Q9R3A9_conserved	9.691E-01	9.554E-01	9.554E-01	79.400	68	68	68
P0A0D2_conserved	Q08GN0_conserved	9.806E-01	9.527E-01	9.527E-01	79.100	68	67	68
P0A0D2_conserved	Q4GY15_conserved	9.792E-01	9.514E-01	9.514E-01	79.100	68	67	68
P0A0D2_conserved	AF-A0A547E8L3-F1-model_v4_conserved	9.791E-01	9.513E-01	9.513E-01	79.100	68	67	68
P0A0D2_conserved	Q79IE6_conserved	9.787E-01	9.510E-01	9.510E-01	79.100	68	67	68
P0A0D2_conserved	Q2A799_conserved	9.662E-01	9.525E-01	9.525E-01	77.900	68	68	68
P0A0D2_conserved	Q8GKX3_conserved	9.664E-01	9.527E-01	9.527E-01	77.900	68	68	68
P0A0D2_conserved	Q27JL8_conserved	9.784E-01	9.507E-01	9.507E-01	79.100	68	67	68
P0A0D2_conserved	O70042_conserved	9.784E-01	9.506E-01	9.506E-01	79.100	68	67	68
P0A0D2_conserved	Q5UNL3_conserved	9.783E-01	9.505E-01	9.505E-01	79.100	68	67	68
P0A0D2_conserved	Q8GL59_conserved	9.778E-01	9.500E-01	9.500E-01	79.100	68	67	68
P0A0D2_conserved	A8VR99_conserved	9.773E-01	9.496E-01	9.496E-01	79.100	68	67	68
P0A0D2_conserved	B7U9E7_conserved	9.771E-01	9.494E-01	9.494E-01	79.100	68	67	68
P0A0D2_conserved	B3V3X6_conserved	9.648E-01	9.511E-01	9.511E-01	79.400	68	68	68
P0A0D2_conserved	Q9RGC2_conserved	9.632E-01	9.496E-01	9.496E-01	77.900	68	68	68
P0A0D2_conserved	Q8G8F9_conserved	9.636E-01	9.500E-01	9.500E-01	79.400	68	68	68
P0A0D2_conserved	A0A1C7ZQH8_conserved	9.735E-01	9.460E-01	9.460E-01	82.000	68	67	68
P0A0D2_conserved	AF-N8VSH4-F1-model_v4_conserved	9.728E-01	9.453E-01	9.453E-01	82.000	68	67	68
P0A0D2_conserved	N8W714_conserved	9.721E-01	9.446E-01	9.446E-01	79.100	68	67	68
P0A0D2_conserved	Q5DUB9_conserved	9.625E-01	9.491E-01	9.491E-01	76.400	68	68	68
P0A0D2_conserved	Q0ZKF0_conserved	9.706E-01	9.432E-01	9.432E-01	77.600	68	67	68
P0A0D2_conserved	Q8GCH1_conserved	9.655E-01	9.384E-01	9.384E-01	77.600	68	67	68
P0A0D2_conserved	ANT9-Ic_conserved	9.631E-01	9.362E-01	9.362E-01	80.500	68	67	68
P0A0D2_conserved	AF-W1JB67-F1-model_v6_conserved	9.160E-01	8.915E-01	8.915E-01	79.100	68	67	68
Q79IE6_conserved	Q79IE6_conserved	1.015E+00	1.000E+00	1.000E+00	100.000	68	68	68
Q79IE6_conserved	Q27JL8_conserved	1.014E+00	9.993E-01	9.993E-01	100.000	68	68	68
Q79IE6_conserved	Q5UNL3_conserved	1.014E+00	9.993E-01	9.993E-01	100.000	68	68	68
Q79IE6_conserved	Q08GN0_conserved	1.014E+00	9.992E-01	9.992E-01	100.000	68	68	68
Q79IE6_conserved	B7U9E7_conserved	1.013E+00	9.984E-01	9.984E-01	100.000	68	68	68
Q79IE6_conserved	AF-A0A547E8L3-F1-model_v4_conserved	1.013E+00	9.984E-01	9.984E-01	100.000	68	68	68
Q79IE6_conserved	Q8GL59_conserved	1.013E+00	9.981E-01	9.981E-01	100.000	68	68	68
Q79IE6_conserved	Q4GY15_conserved	1.013E+00	9.979E-01	9.979E-01	100.000	68	68	68
Q79IE6_conserved	O70042_conserved	1.012E+00	9.973E-01	9.973E-01	100.000	68	68	68
Q79IE6_conserved	P0AG05_conserved	1.012E+00	9.970E-01	9.970E-01	100.000	68	68	68
Q79IE6_conserved	A8VR99_conserved	1.012E+00	9.970E-01	9.970E-01	100.000	68	68	68
Q79IE6_conserved	Q0PWM6_conserved	1.015E+00	9.848E-01	9.995E-01	100.000	68	67	67
Q79IE6_conserved	Q6A150_conserved	1.015E+00	9.848E-01	9.995E-01	100.000	68	67	67
Q79IE6_conserved	Q7BQ67_conserved	1.013E+00	9.832E-01	9.979E-01	100.000	68	67	67
Q79IE6_conserved	Q8GCH1_conserved	1.003E+00	9.883E-01	9.883E-01	98.500	68	68	68
Q79IE6_conserved	Q766G9_conserved	1.009E+00	9.794E-01	9.794E-01	97.000	68	67	68
Q79IE6_conserved	Q8VL12_conserved	9.951E-01	9.807E-01	9.807E-01	98.500	68	68	68
Q79IE6_conserved	Q8GKX3_conserved	9.906E-01	9.763E-01	9.763E-01	95.500	68	68	68
Q79IE6_conserved	B3V3X6_conserved	9.896E-01	9.753E-01	9.753E-01	97.000	68	68	68
Q79IE6_conserved	Q2A799_conserved	9.896E-01	9.753E-01	9.753E-01	95.500	68	68	68
Q79IE6_conserved	Q9RGC2_conserved	9.886E-01	9.743E-01	9.743E-01	95.500	68	68	68
Q79IE6_conserved	Q0ZKF0_conserved	9.911E-01	9.769E-01	9.769E-01	92.600	68	68	68
Q79IE6_conserved	Q9R3A9_conserved	1.000E+00	9.712E-01	9.712E-01	94.000	68	67	68
Q79IE6_conserved	Q8G8F9_conserved	1.000E+00	9.712E-01	9.712E-01	94.000	68	67	68
Q79IE6_conserved	Q5DUB9_conserved	9.937E-01	9.652E-01	9.652E-01	91.000	68	67	68
Q79IE6_conserved	Q07448_conserved	9.866E-01	9.584E-01	9.584E-01	62.600	68	67	68
Q79IE6_conserved	P0A0D2_conserved	9.787E-01	9.510E-01	9.510E-01	79.100	68	67	68
Q79IE6_conserved	A0A1C7ZQH8_conserved	9.717E-01	9.443E-01	9.443E-01	83.500	68	67	68
Q79IE6_conserved	AF-N8VSH4-F1-model_v4_conserved	9.709E-01	9.435E-01	9.435E-01	83.500	68	67	68
Q79IE6_conserved	N8W714_conserved	9.695E-01	9.421E-01	9.421E-01	79.100	68	67	68
Q79IE6_conserved	ANT9-Ic_conserved	9.635E-01	9.365E-01	9.365E-01	68.600	68	67	68
Q79IE6_conserved	A0A5C2PME2_conserved	9.631E-01	9.362E-01	9.362E-01	76.100	68	67	68
Q79IE6_conserved	AF-W1JB67-F1-model_v6_conserved	9.208E-01	8.961E-01	8.961E-01	64.100	68	67	68
Q8G8F9_conserved	Q8G8F9_conserved	1.015E+00	1.000E+00	1.000E+00	100.000	68	68	68
Q8G8F9_conserved	Q9R3A9_conserved	1.010E+00	9.951E-01	9.951E-01	97.000	68	68	68
Q8G8F9_conserved	Q7BQ67_conserved	1.001E+00	9.716E-01	9.859E-01	94.000	68	67	67
Q8G8F9_conserved	Q8VL12_conserved	9.919E-01	9.775E-01	9.775E-01	95.500	68	68	68
Q8G8F9_conserved	B3V3X6_conserved	1.005E+00	9.757E-01	9.757E-01	94.000	68	67	68
Q8G8F9_conserved	Q6A150_conserved	1.000E+00	9.711E-01	9.853E-01	94.000	68	67	67
Q8G8F9_conserved	Q0PWM6_conserved	9.998E-01	9.708E-01	9.851E-01	94.000	68	67	67
Q8G8F9_conserved	O70042_conserved	1.003E+00	9.735E-01	9.735E-01	94.000	68	67	68
Q8G8F9_conserved	Q5DUB9_conserved	9.907E-01	9.765E-01	9.765E-01	91.100	68	68	68
Q8G8F9_conserved	Q766G9_conserved	9.908E-01	9.766E-01	9.766E-01	94.100	68	68	68
Q8G8F9_conserved	Q4GY15_conserved	1.002E+00	9.728E-01	9.728E-01	94.000	68	67	68
Q8G8F9_conserved	B7U9E7_conserved	1.002E+00	9.728E-01	9.728E-01	94.000	68	67	68
Q8G8F9_conserved	A8VR99_conserved	1.002E+00	9.727E-01	9.727E-01	94.000	68	67	68
Q8G8F9_conserved	Q8GKX3_conserved	1.001E+00	9.719E-01	9.719E-01	92.500	68	67	68
Q8G8F9_conserved	Q08GN0_conserved	1.001E+00	9.719E-01	9.719E-01	94.000	68	67	68
Q8G8F9_conserved	Q8GL59_conserved	1.001E+00	9.718E-01	9.718E-01	94.000	68	67	68
Q8G8F9_conserved	Q79IE6_conserved	1.000E+00	9.712E-01	9.712E-01	94.000	68	67	68
Q8G8F9_conserved	Q5UNL3_conserved	9.996E-01	9.707E-01	9.707E-01	94.000	68	67	68
Q8G8F9_conserved	Q27JL8_conserved	9.996E-01	9.706E-01	9.706E-01	94.000	68	67	68
Q8G8F9_conserved	AF-A0A547E8L3-F1-model_v4_conserved	9.996E-01	9.706E-01	9.706E-01	94.000	68	67	68
Q8G8F9_conserved	Q9RGC2_conserved	9.988E-01	9.699E-01	9.699E-01	92.500	68	67	68
Q8G8F9_conserved	Q2A799_conserved	9.978E-01	9.689E-01	9.689E-01	92.500	68	67	68
Q8G8F9_conserved	P0AG05_conserved	9.966E-01	9.678E-01	9.678E-01	94.000	68	67	68
Q8G8F9_conserved	Q8GCH1_conserved	9.925E-01	9.640E-01	9.640E-01	92.500	68	67	68
Q8G8F9_conserved	Q0ZKF0_conserved	9.852E-01	9.571E-01	9.571E-01	92.500	68	67	68
Q8G8F9_conserved	P0A0D2_conserved	9.636E-01	9.500E-01	9.500E-01	79.400	68	68	68
Q8G8F9_conserved	Q07448_conserved	9.731E-01	9.457E-01	9.457E-01	62.600	68	67	68
Q8G8F9_conserved	A0A1C7ZQH8_conserved	9.678E-01	9.406E-01	9.406E-01	86.500	68	67	68
Q8G8F9_conserved	AF-N8VSH4-F1-model_v4_conserved	9.674E-01	9.402E-01	9.402E-01	86.500	68	67	68
Q8G8F9_conserved	N8W714_conserved	9.564E-01	9.298E-01	9.298E-01	82.000	68	67	68
Q8G8F9_conserved	ANT9-Ic_conserved	9.415E-01	9.285E-01	9.285E-01	69.100	68	68	68
Q8G8F9_conserved	A0A5C2PME2_conserved	9.532E-01	9.268E-01	9.268E-01	76.100	68	67	68
Q8G8F9_conserved	AF-W1JB67-F1-model_v6_conserved	9.051E-01	8.812E-01	8.812E-01	61.100	68	67	68
Q8GKX3_conserved	Q8GKX3_conserved	1.015E+00	1.000E+00	1.000E+00	100.000	68	68	68
Q8GKX3_conserved	Q9RGC2_conserved	1.014E+00	9.993E-01	9.993E-01	100.000	68	68	68
Q8GKX3_conserved	Q2A799_conserved	1.014E+00	9.990E-01	9.990E-01	100.000	68	68	68
Q8GKX3_conserved	B3V3X6_conserved	1.009E+00	9.947E-01	9.947E-01	95.500	68	68	68
Q8GKX3_conserved	Q8VL12_conserved	1.002E+00	9.874E-01	9.874E-01	97.000	68	68	68
Q8GKX3_conserved	Q7BQ67_conserved	1.004E+00	9.746E-01	9.890E-01	95.500	68	67	67
Q8GKX3_conserved	Q6A150_conserved	1.003E+00	9.738E-01	9.881E-01	95.500	68	67	67
Q8GKX3_conserved	Q5DUB9_conserved	9.935E-01	9.790E-01	9.790E-01	89.700	68	68	68
Q8GKX3_conserved	Q0PWM6_conserved	1.002E+00	9.729E-01	9.872E-01	95.500	68	67	67
Q8GKX3_conserved	A8VR99_conserved	9.928E-01	9.784E-01	9.784E-01	95.500	68	68	68
Q8GKX3_conserved	B7U9E7_conserved	9.929E-01	9.785E-01	9.785E-01	95.500	68	68	68
Q8GKX3_conserved	O70042_conserved	9.928E-01	9.785E-01	9.785E-01	95.500	68	68	68
Q8GKX3_conserved	Q5UNL3_conserved	9.923E-01	9.779E-01	9.779E-01	95.500	68	68	68
Q8GKX3_conserved	Q4GY15_conserved	9.917E-01	9.773E-01	9.773E-01	95.500	68	68	68
Q8GKX3_conserved	Q08GN0_conserved	9.916E-01	9.773E-01	9.773E-01	95.500	68	68	68
Q8GKX3_conserved	Q27JL8_conserved	9.914E-01	9.771E-01	9.771E-01	95.500	68	68	68
Q8GKX3_conserved	Q8GCH1_conserved	9.911E-01	9.768E-01	9.768E-01	94.100	68	68	68
Q8GKX3_conserved	AF-A0A547E8L3-F1-model_v4_conserved	9.909E-01	9.765E-01	9.765E-01	95.500	68	68	68
Q8GKX3_conserved	Q79IE6_conserved	9.906E-01	9.763E-01	9.763E-01	95.500	68	68	68
Q8GKX3_conserved	Q8GL59_conserved	9.904E-01	9.761E-01	9.761E-01	95.500	68	68	68
Q8GKX3_conserved	Q9R3A9_conserved	1.002E+00	9.726E-01	9.726E-01	92.500	68	67	68
Q8GKX3_conserved	Q8G8F9_conserved	1.001E+00	9.719E-01	9.719E-01	92.500	68	67	68
Q8GKX3_conserved	Q766G9_conserved	9.879E-01	9.737E-01	9.737E-01	95.500	68	68	68
Q8GKX3_conserved	P0AG05_conserved	9.873E-01	9.731E-01	9.731E-01	95.500	68	68	68
Q8GKX3_conserved	Q0ZKF0_conserved	9.680E-01	9.544E-01	9.544E-01	91.100	68	68	68
Q8GKX3_conserved	P0A0D2_conserved	9.664E-01	9.527E-01	9.527E-01	77.900	68	68	68
Q8GKX3_conserved	Q07448_conserved	9.741E-01	9.466E-01	9.466E-01	61.100	68	67	68
Q8GKX3_conserved	AF-N8VSH4-F1-model_v4_conserved	9.678E-01	9.406E-01	9.406E-01	82.000	68	67	68
Q8GKX3_conserved	A0A1C7ZQH8_conserved	9.675E-01	9.403E-01	9.403E-01	82.000	68	67	68
Q8GKX3_conserved	A0A5C2PME2_conserved	9.530E-01	9.398E-01	9.398E-01	75.000	68	68	68
Q8GKX3_conserved	N8W714_conserved	9.615E-01	9.346E-01	9.346E-01	77.600	68	67	68
Q8GKX3_conserved	ANT9-Ic_conserved	9.463E-01	9.203E-01	9.203E-01	67.100	68	67	68
Q8GKX3_conserved	AF-W1JB67-F1-model_v6_conserved	9.013E-01	8.776E-01	8.776E-01	59.700	68	67	68
Q8GL59_conserved	Q8GL59_conserved	1.015E+00	1.000E+00	1.000E+00	100.000	68	68	68
Q8GL59_conserved	Q4GY15_conserved	1.015E+00	9.998E-01	9.998E-01	100.000	68	68	68
Q8GL59_conserved	O70042_conserved	1.014E+00	9.993E-01	9.993E-01	100.000	68	68	68
Q8GL59_conserved	AF-A0A547E8L3-F1-model_v4_conserved	1.014E+00	9.990E-01	9.990E-01	100.000	68	68	68
Q8GL59_conserved	Q08GN0_conserved	1.014E+00	9.987E-01	9.987E-01	100.000	68	68	68
Q8GL59_conserved	B7U9E7_conserved	1.013E+00	9.985E-01	9.985E-01	100.000	68	68	68
Q8GL59_conserved	Q79IE6_conserved	1.013E+00	9.981E-01	9.981E-01	100.000	68	68	68
Q8GL59_conserved	Q5UNL3_conserved	1.013E+00	9.977E-01	9.977E-01	100.000	68	68	68
Q8GL59_conserved	A8VR99_conserved	1.012E+00	9.973E-01	9.973E-01	100.000	68	68	68
Q8GL59_conserved	Q27JL8_conserved	1.012E+00	9.973E-01	9.973E-01	100.000	68	68	68
Q8GL59_conserved	P0AG05_conserved	1.010E+00	9.953E-01	9.953E-01	100.000	68	68	68
Q8GL59_conserved	Q7BQ67_conserved	1.014E+00	9.843E-01	9.990E-01	100.000	68	67	67
Q8GL59_conserved	Q0PWM6_conserved	1.014E+00	9.840E-01	9.987E-01	100.000	68	67	67
Q8GL59_conserved	Q6A150_conserved	1.014E+00	9.840E-01	9.987E-01	100.000	68	67	67
Q8GL59_conserved	Q8GCH1_conserved	1.002E+00	9.871E-01	9.871E-01	98.500	68	68	68
Q8GL59_conserved	Q8VL12_conserved	9.959E-01	9.814E-01	9.814E-01	98.500	68	68	68
Q8GL59_conserved	Q766G9_conserved	1.008E+00	9.785E-01	9.785E-01	97.000	68	67	68
Q8GL59_conserved	Q0ZKF0_conserved	9.935E-01	9.792E-01	9.792E-01	92.600	68	68	68
Q8GL59_conserved	Q8GKX3_conserved	9.904E-01	9.761E-01	9.761E-01	95.500	68	68	68
Q8GL59_conserved	B3V3X6_conserved	9.891E-01	9.748E-01	9.748E-01	97.000	68	68	68
Q8GL59_conserved	Q9R3A9_conserved	1.001E+00	9.724E-01	9.724E-01	94.000	68	67	68
Q8GL59_conserved	Q9RGC2_conserved	9.886E-01	9.744E-01	9.744E-01	95.500	68	68	68
Q8GL59_conserved	Q2A799_conserved	9.885E-01	9.743E-01	9.743E-01	95.500	68	68	68
Q8GL59_conserved	Q8G8F9_conserved	1.001E+00	9.718E-01	9.718E-01	94.000	68	67	68
Q8GL59_conserved	Q5DUB9_conserved	9.937E-01	9.651E-01	9.651E-01	91.000	68	67	68
Q8GL59_conserved	Q07448_conserved	9.866E-01	9.585E-01	9.585E-01	62.600	68	67	68
Q8GL59_conserved	P0A0D2_conserved	9.778E-01	9.500E-01	9.500E-01	79.100	68	67	68
Q8GL59_conserved	A0A1C7ZQH8_conserved	9.704E-01	9.431E-01	9.431E-01	83.500	68	67	68
Q8GL59_conserved	AF-N8VSH4-F1-model_v4_conserved	9.699E-01	9.426E-01	9.426E-01	83.500	68	67	68
Q8GL59_conserved	N8W714_conserved	9.671E-01	9.399E-01	9.399E-01	79.100	68	67	68
Q8GL59_conserved	ANT9-Ic_conserved	9.629E-01	9.359E-01	9.359E-01	68.600	68	67	68
Q8GL59_conserved	A0A5C2PME2_conserved	9.631E-01	9.362E-01	9.362E-01	76.100	68	67	68
Q8GL59_conserved	AF-W1JB67-F1-model_v6_conserved	9.228E-01	8.980E-01	8.980E-01	64.100	68	67	68
Q8VL12_conserved	Q8VL12_conserved	1.015E+00	1.000E+00	1.000E+00	100.000	68	68	68
Q8VL12_conserved	B3V3X6_conserved	1.003E+00	9.888E-01	9.888E-01	98.500	68	68	68
Q8VL12_conserved	Q7BQ67_conserved	1.009E+00	9.793E-01	9.938E-01	98.500	68	67	67
Q8VL12_conserved	Q8GKX3_conserved	1.002E+00	9.874E-01	9.874E-01	97.000	68	68	68
Q8VL12_conserved	Q6A150_conserved	1.008E+00	9.786E-01	9.931E-01	98.500	68	67	67
Q8VL12_conserved	Q2A799_conserved	1.001E+00	9.859E-01	9.859E-01	97.000	68	68	68
Q8VL12_conserved	Q0PWM6_conserved	1.007E+00	9.778E-01	9.923E-01	98.500	68	67	67
Q8VL12_conserved	Q9RGC2_conserved	1.000E+00	9.859E-01	9.859E-01	97.000	68	68	68
Q8VL12_conserved	O70042_conserved	9.972E-01	9.827E-01	9.827E-01	98.500	68	68	68
Q8VL12_conserved	B7U9E7_conserved	9.971E-01	9.825E-01	9.825E-01	98.500	68	68	68
Q8VL12_conserved	Q4GY15_conserved	9.967E-01	9.822E-01	9.822E-01	98.500	68	68	68
Q8VL12_conserved	A8VR99_conserved	9.965E-01	9.820E-01	9.820E-01	98.500	68	68	68
Q8VL12_conserved	Q766G9_conserved	9.985E-01	9.840E-01	9.840E-01	98.500	68	68	68
Q8VL12_conserved	Q08GN0_conserved	9.962E-01	9.817E-01	9.817E-01	98.500	68	68	68
Q8VL12_conserved	Q5UNL3_conserved	9.961E-01	9.816E-01	9.816E-01	98.500	68	68	68
Q8VL12_conserved	Q8GL59_conserved	9.959E-01	9.814E-01	9.814E-01	98.500	68	68	68
Q8VL12_conserved	AF-A0A547E8L3-F1-model_v4_conserved	9.957E-01	9.813E-01	9.813E-01	98.500	68	68	68
Q8VL12_conserved	Q27JL8_conserved	9.953E-01	9.809E-01	9.809E-01	98.500	68	68	68
Q8VL12_conserved	Q79IE6_conserved	9.951E-01	9.807E-01	9.807E-01	98.500	68	68	68
Q8VL12_conserved	Q9R3A9_conserved	9.940E-01	9.796E-01	9.796E-01	95.500	68	68	68
Q8VL12_conserved	Q5DUB9_conserved	9.936E-01	9.792E-01	9.792E-01	89.700	68	68	68
Q8VL12_conserved	P0AG05_conserved	9.924E-01	9.780E-01	9.780E-01	98.500	68	68	68
Q8VL12_conserved	Q8G8F9_conserved	9.919E-01	9.775E-01	9.775E-01	95.500	68	68	68
Q8VL12_conserved	Q8GCH1_conserved	9.897E-01	9.754E-01	9.754E-01	97.000	68	68	68
Q8VL12_conserved	Q0ZKF0_conserved	9.757E-01	9.618E-01	9.618E-01	94.100	68	68	68
Q8VL12_conserved	P0A0D2_conserved	9.723E-01	9.585E-01	9.585E-01	80.800	68	68	68
Q8VL12_conserved	Q07448_conserved	9.805E-01	9.527E-01	9.527E-01	64.100	68	67	68
Q8VL12_conserved	A0A1C7ZQH8_conserved	9.745E-01	9.469E-01	9.469E-01	85.000	68	67	68
Q8VL12_conserved	AF-N8VSH4-F1-model_v4_conserved	9.738E-01	9.462E-01	9.462E-01	85.000	68	67	68
Q8VL12_conserved	N8W714_conserved	9.689E-01	9.416E-01	9.416E-01	80.500	68	67	68
Q8VL12_conserved	A0A5C2PME2_conserved	9.533E-01	9.400E-01	9.400E-01	77.900	68	68	68
Q8VL12_conserved	ANT9-Ic_conserved	9.419E-01	9.289E-01	9.289E-01	70.500	68	68	68
Q8VL12_conserved	AF-W1JB67-F1-model_v6_conserved	9.113E-01	8.870E-01	8.870E-01	62.600	68	67	68
Q9R3A9_conserved	Q9R3A9_conserved	1.015E+00	1.000E+00	1.000E+00	100.000	68	68	68
Q9R3A9_conserved	Q8G8F9_conserved	1.010E+00	9.951E-01	9.951E-01	97.000	68	68	68
Q9R3A9_conserved	Q8VL12_conserved	9.940E-01	9.796E-01	9.796E-01	95.500	68	68	68
Q9R3A9_conserved	Q7BQ67_conserved	1.001E+00	9.717E-01	9.860E-01	94.000	68	67	67
Q9R3A9_conserved	B3V3X6_conserved	9.899E-01	9.774E-01	9.774E-01	94.100	68	68	68
Q9R3A9_conserved	Q6A150_conserved	1.000E+00	9.714E-01	9.857E-01	94.000	68	67	67
Q9R3A9_conserved	Q0PWM6_conserved	1.000E+00	9.713E-01	9.855E-01	94.000	68	67	67
Q9R3A9_conserved	Q766G9_conserved	9.943E-01	9.800E-01	9.800E-01	94.100	68	68	68
Q9R3A9_conserved	O70042_conserved	1.004E+00	9.744E-01	9.744E-01	94.000	68	67	68
Q9R3A9_conserved	Q5DUB9_conserved	9.919E-01	9.776E-01	9.776E-01	91.100	68	68	68
Q9R3A9_conserved	A8VR99_conserved	1.003E+00	9.736E-01	9.736E-01	94.000	68	67	68
Q9R3A9_conserved	Q4GY15_conserved	1.003E+00	9.736E-01	9.736E-01	94.000	68	67	68
Q9R3A9_conserved	B7U9E7_conserved	1.002E+00	9.729E-01	9.729E-01	94.000	68	67	68
Q9R3A9_conserved	Q8GKX3_conserved	1.002E+00	9.726E-01	9.726E-01	92.500	68	67	68
Q9R3A9_conserved	Q8GL59_conserved	1.001E+00	9.724E-01	9.724E-01	94.000	68	67	68
Q9R3A9_conserved	Q08GN0_conserved	1.001E+00	9.724E-01	9.724E-01	94.000	68	67	68
Q9R3A9_conserved	AF-A0A547E8L3-F1-model_v4_conserved	1.000E+00	9.713E-01	9.713E-01	94.000	68	67	68
Q9R3A9_conserved	Q79IE6_conserved	1.000E+00	9.712E-01	9.712E-01	94.000	68	67	68
Q9R3A9_conserved	Q5UNL3_conserved	9.997E-01	9.708E-01	9.708E-01	94.000	68	67	68
Q9R3A9_conserved	Q9RGC2_conserved	9.993E-01	9.704E-01	9.704E-01	92.500	68	67	68
Q9R3A9_conserved	Q27JL8_conserved	9.994E-01	9.705E-01	9.705E-01	94.000	68	67	68
Q9R3A9_conserved	Q2A799_conserved	9.986E-01	9.697E-01	9.697E-01	92.500	68	67	68
Q9R3A9_conserved	P0AG05_conserved	9.971E-01	9.683E-01	9.683E-01	94.000	68	67	68
Q9R3A9_conserved	Q8GCH1_conserved	9.922E-01	9.637E-01	9.637E-01	92.500	68	67	68
Q9R3A9_conserved	Q0ZKF0_conserved	9.861E-01	9.580E-01	9.580E-01	92.500	68	67	68
Q9R3A9_conserved	P0A0D2_conserved	9.691E-01	9.554E-01	9.554E-01	79.400	68	68	68
Q9R3A9_conserved	Q07448_conserved	9.751E-01	9.476E-01	9.476E-01	65.600	68	67	68
Q9R3A9_conserved	AF-N8VSH4-F1-model_v4_conserved	9.715E-01	9.441E-01	9.441E-01	86.500	68	67	68
Q9R3A9_conserved	A0A1C7ZQH8_conserved	9.714E-01	9.440E-01	9.440E-01	86.500	68	67	68
Q9R3A9_conserved	N8W714_conserved	9.597E-01	9.329E-01	9.329E-01	82.000	68	67	68
Q9R3A9_conserved	A0A5C2PME2_conserved	9.581E-01	9.315E-01	9.315E-01	76.100	68	67	68
Q9R3A9_conserved	ANT9-Ic_conserved	9.434E-01	9.304E-01	9.304E-01	69.100	68	68	68
Q9R3A9_conserved	AF-W1JB67-F1-model_v6_conserved	9.053E-01	8.814E-01	8.814E-01	64.100	68	67	68
Q9RGC2_conserved	Q9RGC2_conserved	1.015E+00	1.000E+00	1.000E+00	100.000	68	68	68
Q9RGC2_conserved	Q2A799_conserved	1.014E+00	9.993E-01	9.993E-01	100.000	68	68	68
Q9RGC2_conserved	Q8GKX3_conserved	1.014E+00	9.993E-01	9.993E-01	100.000	68	68	68
Q9RGC2_conserved	B3V3X6_conserved	1.008E+00	9.934E-01	9.934E-01	95.500	68	68	68
Q9RGC2_conserved	Q8VL12_conserved	1.000E+00	9.859E-01	9.859E-01	97.000	68	68	68
Q9RGC2_conserved	Q7BQ67_conserved	1.002E+00	9.729E-01	9.872E-01	95.500	68	67	67
Q9RGC2_conserved	Q6A150_conserved	1.001E+00	9.718E-01	9.861E-01	95.500	68	67	67
Q9RGC2_conserved	Q5DUB9_conserved	9.921E-01	9.777E-01	9.777E-01	89.700	68	68	68
Q9RGC2_conserved	Q8GCH1_conserved	9.922E-01	9.779E-01	9.779E-01	94.100	68	68	68
Q9RGC2_conserved	Q0PWM6_conserved	9.999E-01	9.710E-01	9.852E-01	95.500	68	67	67
Q9RGC2_conserved	A8VR99_conserved	9.913E-01	9.770E-01	9.770E-01	95.500	68	68	68
Q9RGC2_conserved	B7U9E7_conserved	9.913E-01	9.769E-01	9.769E-01	95.500	68	68	68
Q9RGC2_conserved	O70042_conserved	9.912E-01	9.769E-01	9.769E-01	95.500	68	68	68
Q9RGC2_conserved	Q5UNL3_conserved	9.904E-01	9.761E-01	9.761E-01	95.500	68	68	68
Q9RGC2_conserved	Q4GY15_conserved	9.899E-01	9.756E-01	9.756E-01	95.500	68	68	68
Q9RGC2_conserved	Q08GN0_conserved	9.899E-01	9.756E-01	9.756E-01	95.500	68	68	68
Q9RGC2_conserved	Q27JL8_conserved	9.895E-01	9.752E-01	9.752E-01	95.500	68	68	68
Q9RGC2_conserved	AF-A0A547E8L3-F1-model_v4_conserved	9.888E-01	9.746E-01	9.746E-01	95.500	68	68	68
Q9RGC2_conserved	Q8GL59_conserved	9.886E-01	9.744E-01	9.744E-01	95.500	68	68	68
Q9RGC2_conserved	Q79IE6_conserved	9.886E-01	9.743E-01	9.743E-01	95.500	68	68	68
Q9RGC2_conserved	Q9R3A9_conserved	9.993E-01	9.704E-01	9.704E-01	92.500	68	67	68
Q9RGC2_conserved	Q8G8F9_conserved	9.988E-01	9.699E-01	9.699E-01	92.500	68	67	68
Q9RGC2_conserved	Q766G9_conserved	9.860E-01	9.718E-01	9.718E-01	95.500	68	68	68
Q9RGC2_conserved	P0AG05_conserved	9.854E-01	9.712E-01	9.712E-01	95.500	68	68	68
Q9RGC2_conserved	Q0ZKF0_conserved	9.679E-01	9.543E-01	9.543E-01	91.100	68	68	68
Q9RGC2_conserved	P0A0D2_conserved	9.632E-01	9.496E-01	9.496E-01	77.900	68	68	68
Q9RGC2_conserved	Q07448_conserved	9.723E-01	9.450E-01	9.450E-01	61.100	68	67	68
Q9RGC2_conserved	A0A1C7ZQH8_conserved	9.633E-01	9.363E-01	9.363E-01	82.000	68	67	68
Q9RGC2_conserved	AF-N8VSH4-F1-model_v4_conserved	9.633E-01	9.364E-01	9.364E-01	82.000	68	67	68
Q9RGC2_conserved	A0A5C2PME2_conserved	9.502E-01	9.370E-01	9.370E-01	75.000	68	68	68
Q9RGC2_conserved	N8W714_conserved	9.570E-01	9.304E-01	9.304E-01	77.600	68	67	68
Q9RGC2_conserved	ANT9-Ic_conserved	9.448E-01	9.189E-01	9.189E-01	67.100	68	67	68
Q9RGC2_conserved	AF-W1JB67-F1-model_v6_conserved	9.024E-01	8.786E-01	8.786E-01	59.700	68	67	68
A0A5C2PME2_conserved	A0A5C2PME2_conserved	1.015E+00	1.000E+00	1.000E+00	100.000	68	68	68
A0A5C2PME2_conserved	P0A0D2_conserved	9.716E-01	9.578E-01	9.578E-01	85.200	68	68	68
A0A5C2PME2_conserved	Q07448_conserved	9.738E-01	9.463E-01	9.463E-01	70.100	68	67	68
A0A5C2PME2_conserved	Q6A150_conserved	9.653E-01	9.383E-01	9.516E-01	76.100	68	67	67
A0A5C2PME2_conserved	Q0PWM6_conserved	9.651E-01	9.381E-01	9.514E-01	76.100	68	67	67
A0A5C2PME2_conserved	Q7BQ67_conserved	9.627E-01	9.358E-01	9.490E-01	76.100	68	67	67
A0A5C2PME2_conserved	Q08GN0_conserved	9.660E-01	9.389E-01	9.389E-01	76.100	68	67	68
A0A5C2PME2_conserved	AF-N8VSH4-F1-model_v4_conserved	9.639E-01	9.368E-01	9.368E-01	74.600	68	67	68
A0A5C2PME2_conserved	AF-A0A547E8L3-F1-model_v4_conserved	9.653E-01	9.383E-01	9.383E-01	76.100	68	67	68
A0A5C2PME2_conserved	A0A1C7ZQH8_conserved	9.630E-01	9.359E-01	9.359E-01	74.600	68	67	68
A0A5C2PME2_conserved	Q8VL12_conserved	9.533E-01	9.400E-01	9.400E-01	77.900	68	68	68
A0A5C2PME2_conserved	Q5UNL3_conserved	9.649E-01	9.378E-01	9.378E-01	76.100	68	67	68
A0A5C2PME2_conserved	A8VR99_conserved	9.649E-01	9.379E-01	9.379E-01	76.100	68	67	68
A0A5C2PME2_conserved	Q27JL8_conserved	9.646E-01	9.376E-01	9.376E-01	76.100	68	67	68
A0A5C2PME2_conserved	Q4GY15_conserved	9.645E-01	9.375E-01	9.375E-01	76.100	68	67	68
A0A5C2PME2_conserved	P0AG05_conserved	9.643E-01	9.373E-01	9.373E-01	76.100	68	67	68
A0A5C2PME2_conserved	ANT9-Ic_conserved	9.624E-01	9.354E-01	9.354E-01	83.500	68	67	68
A0A5C2PME2_conserved	Q8GKX3_conserved	9.530E-01	9.398E-01	9.398E-01	75.000	68	68	68
A0A5C2PME2_conserved	Q2A799_conserved	9.527E-01	9.395E-01	9.395E-01	75.000	68	68	68
A0A5C2PME2_conserved	B7U9E7_conserved	9.636E-01	9.367E-01	9.367E-01	76.100	68	67	68
A0A5C2PME2_conserved	Q79IE6_conserved	9.631E-01	9.362E-01	9.362E-01	76.100	68	67	68
A0A5C2PME2_conserved	N8W714_conserved	9.609E-01	9.339E-01	9.339E-01	71.600	68	67	68
A0A5C2PME2_conserved	Q8GL59_conserved	9.631E-01	9.362E-01	9.362E-01	76.100	68	67	68
A0A5C2PME2_conserved	O70042_conserved	9.631E-01	9.362E-01	9.362E-01	76.100	68	67	68
A0A5C2PME2_conserved	Q9RGC2_conserved	9.502E-01	9.370E-01	9.370E-01	75.000	68	68	68
A0A5C2PME2_conserved	Q766G9_conserved	9.480E-01	9.348E-01	9.348E-01	79.400	68	68	68
A0A5C2PME2_conserved	Q9R3A9_conserved	9.581E-01	9.315E-01	9.315E-01	76.100	68	67	68
A0A5C2PME2_conserved	B3V3X6_conserved	9.465E-01	9.334E-01	9.334E-01	76.400	68	68	68
A0A5C2PME2_conserved	Q0ZKF0_conserved	9.547E-01	9.282E-01	9.282E-01	74.600	68	67	68
A0A5C2PME2_conserved	Q8GCH1_conserved	9.533E-01	9.269E-01	9.269E-01	74.600	68	67	68
A0A5C2PME2_conserved	Q8G8F9_conserved	9.532E-01	9.268E-01	9.268E-01	76.100	68	67	68
A0A5C2PME2_conserved	Q5DUB9_conserved	9.522E-01	9.260E-01	9.260E-01	73.100	68	67	68
A0A5C2PME2_conserved	AF-W1JB67-F1-model_v6_conserved	9.066E-01	8.825E-01	8.825E-01	71.600	68	67	68
Q766G9_conserved	Q766G9_conserved	1.015E+00	1.000E+00	1.000E+00	100.000	68	68	68
Q766G9_conserved	Q6A150_conserved	1.008E+00	9.789E-01	9.935E-01	97.000	68	67	67
Q766G9_conserved	Q7BQ67_conserved	1.008E+00	9.788E-01	9.933E-01	97.000	68	67	67
Q766G9_conserved	Q0PWM6_conserved	1.008E+00	9.786E-01	9.931E-01	97.000	68	67	67
Q766G9_conserved	Q8VL12_conserved	9.985E-01	9.840E-01	9.840E-01	98.500	68	68	68
Q766G9_conserved	Q27JL8_conserved	1.009E+00	9.794E-01	9.794E-01	97.000	68	67	68
Q766G9_conserved	Q79IE6_conserved	1.009E+00	9.794E-01	9.794E-01	97.000	68	67	68
Q766G9_conserved	P0AG05_conserved	1.008E+00	9.787E-01	9.787E-01	97.000	68	67	68
Q766G9_conserved	Q8GL59_conserved	1.008E+00	9.785E-01	9.785E-01	97.000	68	67	68
Q766G9_conserved	Q08GN0_conserved	1.008E+00	9.784E-01	9.784E-01	97.000	68	67	68
Q766G9_conserved	Q5UNL3_conserved	1.008E+00	9.783E-01	9.783E-01	97.000	68	67	68
Q766G9_conserved	AF-A0A547E8L3-F1-model_v4_conserved	1.008E+00	9.782E-01	9.782E-01	97.000	68	67	68
Q766G9_conserved	Q4GY15_conserved	1.008E+00	9.781E-01	9.781E-01	97.000	68	67	68
Q766G9_conserved	B7U9E7_conserved	1.007E+00	9.777E-01	9.777E-01	97.000	68	67	68
Q766G9_conserved	O70042_conserved	1.007E+00	9.776E-01	9.776E-01	97.000	68	67	68
Q766G9_conserved	A8VR99_conserved	1.007E+00	9.773E-01	9.773E-01	97.000	68	67	68
Q766G9_conserved	Q9R3A9_conserved	9.943E-01	9.800E-01	9.800E-01	94.100	68	68	68
Q766G9_conserved	Q8G8F9_conserved	9.908E-01	9.766E-01	9.766E-01	94.100	68	68	68
Q766G9_conserved	Q8GKX3_conserved	9.879E-01	9.737E-01	9.737E-01	95.500	68	68	68
Q766G9_conserved	B3V3X6_conserved	9.877E-01	9.735E-01	9.735E-01	97.000	68	68	68
Q766G9_conserved	Q2A799_conserved	9.867E-01	9.725E-01	9.725E-01	95.500	68	68	68
Q766G9_conserved	Q9RGC2_conserved	9.860E-01	9.718E-01	9.718E-01	95.500	68	68	68
Q766G9_conserved	Q8GCH1_conserved	9.950E-01	9.663E-01	9.663E-01	95.500	68	67	68
Q766G9_conserved	Q5DUB9_conserved	9.831E-01	9.691E-01	9.691E-01	91.100	68	68	68
Q766G9_conserved	Q0ZKF0_conserved	9.910E-01	9.625E-01	9.625E-01	92.500	68	67	68
Q766G9_conserved	Q07448_conserved	9.897E-01	9.613E-01	9.613E-01	65.600	68	67	68
Q766G9_conserved	P0A0D2_conserved	9.715E-01	9.577E-01	9.577E-01	82.300	68	68	68
Q766G9_conserved	A0A1C7ZQH8_conserved	9.758E-01	9.481E-01	9.481E-01	83.500	68	67	68
Q766G9_conserved	AF-N8VSH4-F1-model_v4_conserved	9.740E-01	9.464E-01	9.464E-01	83.500	68	67	68
Q766G9_conserved	N8W714_conserved	9.716E-01	9.442E-01	9.442E-01	79.100	68	67	68
Q766G9_conserved	ANT9-Ic_conserved	9.494E-01	9.362E-01	9.362E-01	72.000	68	68	68
Q766G9_conserved	A0A5C2PME2_conserved	9.480E-01	9.348E-01	9.348E-01	79.400	68	68	68
Q766G9_conserved	AF-W1JB67-F1-model_v6_conserved	9.302E-01	9.050E-01	9.050E-01	64.100	68	67	68
Q7BQ67_conserved	Q7BQ67_conserved	1.015E+00	1.000E+00	1.000E+00	100.000	67	67	67
Q7BQ67_conserved	Q6A150_conserved	1.013E+00	9.983E-01	9.983E-01	100.000	67	67	67
Q7BQ67_conserved	Q0PWM6_conserved	1.013E+00	9.981E-01	9.981E-01	100.000	67	67	67
Q7BQ67_conserved	Q8GL59_conserved	1.014E+00	9.990E-01	9.843E-01	100.000	67	67	68
Q7BQ67_conserved	O70042_conserved	1.014E+00	9.989E-01	9.842E-01	100.000	67	67	68
Q7BQ67_conserved	Q4GY15_conserved	1.014E+00	9.989E-01	9.842E-01	100.000	67	67	68
Q7BQ67_conserved	AF-A0A547E8L3-F1-model_v4_conserved	1.014E+00	9.988E-01	9.841E-01	100.000	67	67	68
Q7BQ67_conserved	B7U9E7_conserved	1.014E+00	9.987E-01	9.841E-01	100.000	67	67	68
Q7BQ67_conserved	Q27JL8_conserved	1.013E+00	9.983E-01	9.836E-01	100.000	67	67	68
Q7BQ67_conserved	Q5UNL3_conserved	1.013E+00	9.982E-01	9.835E-01	100.000	67	67	68
Q7BQ67_conserved	Q79IE6_conserved	1.013E+00	9.979E-01	9.832E-01	100.000	67	67	68
Q7BQ67_conserved	Q08GN0_conserved	1.013E+00	9.979E-01	9.832E-01	100.000	67	67	68
Q7BQ67_conserved	A8VR99_conserved	1.012E+00	9.971E-01	9.825E-01	100.000	67	67	68
Q7BQ67_conserved	P0AG05_conserved	1.010E+00	9.951E-01	9.806E-01	100.000	67	67	68
Q7BQ67_conserved	Q8VL12_conserved	1.009E+00	9.938E-01	9.793E-01	98.500	67	67	68
Q7BQ67_conserved	Q766G9_conserved	1.008E+00	9.933E-01	9.788E-01	97.000	67	67	68
Q7BQ67_conserved	Q8GKX3_conserved	1.004E+00	9.890E-01	9.746E-01	95.500	67	67	68
Q7BQ67_conserved	Q8GCH1_conserved	1.003E+00	9.881E-01	9.737E-01	98.500	67	67	68
Q7BQ67_conserved	B3V3X6_conserved	1.002E+00	9.876E-01	9.732E-01	97.000	67	67	68
Q7BQ67_conserved	Q9RGC2_conserved	1.002E+00	9.872E-01	9.729E-01	95.500	67	67	68
Q7BQ67_conserved	Q2A799_conserved	1.002E+00	9.871E-01	9.727E-01	95.500	67	67	68
Q7BQ67_conserved	Q9R3A9_conserved	1.001E+00	9.860E-01	9.717E-01	94.000	67	67	68
Q7BQ67_conserved	Q8G8F9_conserved	1.001E+00	9.859E-01	9.716E-01	94.000	67	67	68
Q7BQ67_conserved	Q5DUB9_conserved	9.961E-01	9.815E-01	9.674E-01	91.000	67	67	68
Q7BQ67_conserved	Q0ZKF0_conserved	9.909E-01	9.765E-01	9.624E-01	92.500	67	67	68
Q7BQ67_conserved	Q07448_conserved	9.842E-01	9.700E-01	9.562E-01	62.600	67	67	68
Q7BQ67_conserved	P0A0D2_conserved	9.767E-01	9.626E-01	9.490E-01	79.100	67	67	68
Q7BQ67_conserved	A0A1C7ZQH8_conserved	9.719E-01	9.580E-01	9.444E-01	83.500	67	67	68
Q7BQ67_conserved	AF-N8VSH4-F1-model_v4_conserved	9.711E-01	9.572E-01	9.437E-01	83.500	67	67	68
Q7BQ67_conserved	N8W714_conserved	9.685E-01	9.547E-01	9.412E-01	79.100	67	67	68
Q7BQ67_conserved	A0A5C2PME2_conserved	9.627E-01	9.490E-01	9.358E-01	76.100	67	67	68
Q7BQ67_conserved	ANT9-Ic_conserved	9.600E-01	9.464E-01	9.332E-01	68.600	67	67	68
Q7BQ67_conserved	AF-W1JB67-F1-model_v6_conserved	9.174E-01	9.049E-01	8.928E-01	64.100	67	67	68
Q8GCH1_conserved	Q8GCH1_conserved	1.015E+00	1.000E+00	1.000E+00	100.000	68	68	68
Q8GCH1_conserved	A8VR99_conserved	1.006E+00	9.912E-01	9.912E-01	98.500	68	68	68
Q8GCH1_conserved	Q5UNL3_conserved	1.004E+00	9.894E-01	9.894E-01	98.500	68	68	68
Q8GCH1_conserved	Q08GN0_conserved	1.004E+00	9.892E-01	9.892E-01	98.500	68	68	68
Q8GCH1_conserved	B7U9E7_conserved	1.004E+00	9.890E-01	9.890E-01	98.500	68	68	68
Q8GCH1_conserved	O70042_conserved	1.003E+00	9.887E-01	9.887E-01	98.500	68	68	68
Q8GCH1_conserved	Q27JL8_conserved	1.003E+00	9.885E-01	9.885E-01	98.500	68	68	68
Q8GCH1_conserved	Q79IE6_conserved	1.003E+00	9.883E-01	9.883E-01	98.500	68	68	68
Q8GCH1_conserved	AF-A0A547E8L3-F1-model_v4_conserved	1.002E+00	9.878E-01	9.878E-01	98.500	68	68	68
Q8GCH1_conserved	Q4GY15_conserved	1.002E+00	9.879E-01	9.879E-01	98.500	68	68	68
Q8GCH1_conserved	Q8GL59_conserved	1.002E+00	9.871E-01	9.871E-01	98.500	68	68	68
Q8GCH1_conserved	P0AG05_conserved	9.986E-01	9.841E-01	9.841E-01	98.500	68	68	68
Q8GCH1_conserved	Q6A150_conserved	1.003E+00	9.743E-01	9.887E-01	98.500	68	67	67
Q8GCH1_conserved	Q0PWM6_conserved	1.003E+00	9.737E-01	9.880E-01	98.500	68	67	67
Q8GCH1_conserved	Q7BQ67_conserved	1.003E+00	9.737E-01	9.881E-01	98.500	68	67	67
Q8GCH1_conserved	Q2A799_conserved	9.925E-01	9.781E-01	9.781E-01	94.100	68	68	68
Q8GCH1_conserved	Q9RGC2_conserved	9.922E-01	9.779E-01	9.779E-01	94.100	68	68	68
Q8GCH1_conserved	Q8GKX3_conserved	9.911E-01	9.768E-01	9.768E-01	94.100	68	68	68
Q8GCH1_conserved	Q8VL12_conserved	9.897E-01	9.754E-01	9.754E-01	97.000	68	68	68
Q8GCH1_conserved	B3V3X6_conserved	9.885E-01	9.742E-01	9.742E-01	95.500	68	68	68
Q8GCH1_conserved	Q5DUB9_conserved	9.978E-01	9.690E-01	9.690E-01	89.500	68	67	68
Q8GCH1_conserved	Q766G9_conserved	9.950E-01	9.663E-01	9.663E-01	95.500	68	67	68
Q8GCH1_conserved	Q8G8F9_conserved	9.925E-01	9.640E-01	9.640E-01	92.500	68	67	68
Q8GCH1_conserved	Q9R3A9_conserved	9.922E-01	9.637E-01	9.637E-01	92.500	68	67	68
Q8GCH1_conserved	Q0ZKF0_conserved	9.789E-01	9.650E-01	9.650E-01	91.100	68	68	68
Q8GCH1_conserved	Q07448_conserved	9.712E-01	9.439E-01	9.439E-01	62.600	68	67	68
Q8GCH1_conserved	P0A0D2_conserved	9.655E-01	9.384E-01	9.384E-01	77.600	68	67	68
Q8GCH1_conserved	AF-N8VSH4-F1-model_v4_conserved	9.570E-01	9.303E-01	9.303E-01	82.000	68	67	68
Q8GCH1_conserved	A0A1C7ZQH8_conserved	9.566E-01	9.299E-01	9.299E-01	82.000	68	67	68
Q8GCH1_conserved	N8W714_conserved	9.534E-01	9.268E-01	9.268E-01	77.600	68	67	68
Q8GCH1_conserved	A0A5C2PME2_conserved	9.533E-01	9.269E-01	9.269E-01	74.600	68	67	68
Q8GCH1_conserved	ANT9-Ic_conserved	9.518E-01	9.255E-01	9.255E-01	67.100	68	67	68
Q8GCH1_conserved	AF-W1JB67-F1-model_v6_conserved	8.939E-01	8.821E-01	8.821E-01	64.700	68	68	68
Q07448_conserved	Q07448_conserved	1.015E+00	1.000E+00	1.000E+00	100.000	68	68	68
Q07448_conserved	Q6A150_conserved	9.878E-01	9.596E-01	9.735E-01	62.600	68	67	67
Q07448_conserved	Q0PWM6_conserved	9.877E-01	9.594E-01	9.733E-01	62.600	68	67	67
Q07448_conserved	Q766G9_conserved	9.897E-01	9.613E-01	9.613E-01	65.600	68	67	68
Q07448_conserved	Q7BQ67_conserved	9.842E-01	9.562E-01	9.700E-01	62.600	68	67	67
Q07448_conserved	Q08GN0_conserved	9.884E-01	9.602E-01	9.602E-01	62.600	68	67	68
Q07448_conserved	P0AG05_conserved	9.871E-01	9.589E-01	9.589E-01	62.600	68	67	68
Q07448_conserved	Q4GY15_conserved	9.868E-01	9.586E-01	9.586E-01	62.600	68	67	68
Q07448_conserved	Q8GL59_conserved	9.866E-01	9.585E-01	9.585E-01	62.600	68	67	68
Q07448_conserved	AF-A0A547E8L3-F1-model_v4_conserved	9.867E-01	9.585E-01	9.585E-01	62.600	68	67	68
Q07448_conserved	Q79IE6_conserved	9.866E-01	9.584E-01	9.584E-01	62.600	68	67	68
Q07448_conserved	Q27JL8_conserved	9.863E-01	9.582E-01	9.582E-01	62.600	68	67	68
Q07448_conserved	Q5UNL3_conserved	9.857E-01	9.576E-01	9.576E-01	62.600	68	67	68
Q07448_conserved	Q0ZKF0_conserved	9.840E-01	9.559E-01	9.559E-01	61.100	68	67	68
Q07448_conserved	O70042_conserved	9.843E-01	9.562E-01	9.562E-01	62.600	68	67	68
Q07448_conserved	A8VR99_conserved	9.843E-01	9.563E-01	9.563E-01	62.600	68	67	68
Q07448_conserved	B7U9E7_conserved	9.840E-01	9.560E-01	9.560E-01	62.600	68	67	68
Q07448_conserved	P0A0D2_conserved	9.826E-01	9.546E-01	9.546E-01	80.500	68	67	68
Q07448_conserved	Q8VL12_conserved	9.805E-01	9.527E-01	9.527E-01	64.100	68	67	68
Q07448_conserved	Q2A799_conserved	9.758E-01	9.483E-01	9.483E-01	61.100	68	67	68
Q07448_conserved	A0A5C2PME2_conserved	9.738E-01	9.463E-01	9.463E-01	70.100	68	67	68
Q07448_conserved	Q9R3A9_conserved	9.751E-01	9.476E-01	9.476E-01	65.600	68	67	68
Q07448_conserved	ANT9-Ic_conserved	9.726E-01	9.451E-01	9.451E-01	67.100	68	67	68
Q07448_conserved	Q8GKX3_conserved	9.741E-01	9.466E-01	9.466E-01	61.100	68	67	68
Q07448_conserved	Q8G8F9_conserved	9.731E-01	9.457E-01	9.457E-01	62.600	68	67	68
Q07448_conserved	Q9RGC2_conserved	9.723E-01	9.450E-01	9.450E-01	61.100	68	67	68
Q07448_conserved	Q8GCH1_conserved	9.712E-01	9.439E-01	9.439E-01	62.600	68	67	68
Q07448_conserved	B3V3X6_conserved	9.683E-01	9.412E-01	9.412E-01	62.600	68	67	68
Q07448_conserved	A0A1C7ZQH8_conserved	9.639E-01	9.370E-01	9.370E-01	68.600	68	67	68
Q07448_conserved	Q5DUB9_conserved	9.648E-01	9.379E-01	9.379E-01	59.700	68	67	68
Q07448_conserved	AF-N8VSH4-F1-model_v4_conserved	9.614E-01	9.345E-01	9.345E-01	68.600	68	67	68
Q07448_conserved	AF-W1JB67-F1-model_v6_conserved	9.600E-01	9.332E-01	9.332E-01	85.000	68	67	68
Q07448_conserved	N8W714_conserved	9.575E-01	9.308E-01	9.308E-01	65.600	68	67	68
Q08GN0_conserved	Q08GN0_conserved	1.015E+00	1.000E+00	1.000E+00	100.000	68	68	68
Q08GN0_conserved	Q79IE6_conserved	1.014E+00	9.992E-01	9.992E-01	100.000	68	68	68
Q08GN0_conserved	Q5UNL3_conserved	1.014E+00	9.991E-01	9.991E-01	100.000	68	68	68
Q08GN0_conserved	Q4GY15_conserved	1.014E+00	9.989E-01	9.989E-01	100.000	68	68	68
Q08GN0_conserved	AF-A0A547E8L3-F1-model_v4_conserved	1.014E+00	9.989E-01	9.989E-01	100.000	68	68	68
Q08GN0_conserved	B7U9E7_conserved	1.014E+00	9.988E-01	9.988E-01	100.000	68	68	68
Q08GN0_conserved	Q8GL59_conserved	1.014E+00	9.987E-01	9.987E-01	100.000	68	68	68
Q08GN0_conserved	Q27JL8_conserved	1.013E+00	9.984E-01	9.984E-01	100.000	68	68	68
Q08GN0_conserved	O70042_conserved	1.013E+00	9.983E-01	9.983E-01	100.000	68	68	68
Q08GN0_conserved	A8VR99_conserved	1.013E+00	9.977E-01	9.977E-01	100.000	68	68	68
Q08GN0_conserved	P0AG05_conserved	1.011E+00	9.963E-01	9.963E-01	100.000	68	68	68
Q08GN0_conserved	Q0PWM6_conserved	1.015E+00	9.850E-01	9.997E-01	100.000	68	67	67
Q08GN0_conserved	Q6A150_conserved	1.015E+00	9.850E-01	9.997E-01	100.000	68	67	67
Q08GN0_conserved	Q7BQ67_conserved	1.013E+00	9.832E-01	9.979E-01	100.000	68	67	67
Q08GN0_conserved	Q8GCH1_conserved	1.004E+00	9.892E-01	9.892E-01	98.500	68	68	68
Q08GN0_conserved	Q8VL12_conserved	9.962E-01	9.817E-01	9.817E-01	98.500	68	68	68
Q08GN0_conserved	Q766G9_conserved	1.008E+00	9.784E-01	9.784E-01	97.000	68	67	68
Q08GN0_conserved	Q8GKX3_conserved	9.916E-01	9.773E-01	9.773E-01	95.500	68	68	68
Q08GN0_conserved	Q0ZKF0_conserved	9.946E-01	9.803E-01	9.803E-01	92.600	68	68	68
Q08GN0_conserved	Q2A799_conserved	9.906E-01	9.763E-01	9.763E-01	95.500	68	68	68
Q08GN0_conserved	B3V3X6_conserved	9.900E-01	9.757E-01	9.757E-01	97.000	68	68	68
Q08GN0_conserved	Q9RGC2_conserved	9.899E-01	9.756E-01	9.756E-01	95.500	68	68	68
Q08GN0_conserved	Q9R3A9_conserved	1.001E+00	9.724E-01	9.724E-01	94.000	68	67	68
Q08GN0_conserved	Q8G8F9_conserved	1.001E+00	9.719E-01	9.719E-01	94.000	68	67	68
Q08GN0_conserved	Q5DUB9_conserved	9.949E-01	9.662E-01	9.662E-01	91.000	68	67	68
Q08GN0_conserved	Q07448_conserved	9.884E-01	9.602E-01	9.602E-01	62.600	68	67	68
Q08GN0_conserved	P0A0D2_conserved	9.806E-01	9.527E-01	9.527E-01	79.100	68	67	68
Q08GN0_conserved	A0A1C7ZQH8_conserved	9.705E-01	9.431E-01	9.431E-01	83.500	68	67	68
Q08GN0_conserved	AF-N8VSH4-F1-model_v4_conserved	9.699E-01	9.426E-01	9.426E-01	83.500	68	67	68
Q08GN0_conserved	N8W714_conserved	9.677E-01	9.405E-01	9.405E-01	79.100	68	67	68
Q08GN0_conserved	ANT9-Ic_conserved	9.652E-01	9.381E-01	9.381E-01	68.600	68	67	68
Q08GN0_conserved	A0A5C2PME2_conserved	9.660E-01	9.389E-01	9.389E-01	76.100	68	67	68
Q08GN0_conserved	AF-W1JB67-F1-model_v6_conserved	9.232E-01	8.984E-01	8.984E-01	64.100	68	67	68
Q0PWM6_conserved	Q0PWM6_conserved	1.015E+00	1.000E+00	1.000E+00	100.000	67	67	67
Q0PWM6_conserved	Q6A150_conserved	1.015E+00	9.998E-01	9.998E-01	100.000	67	67	67
Q0PWM6_conserved	Q7BQ67_conserved	1.013E+00	9.981E-01	9.981E-01	100.000	67	67	67
Q0PWM6_conserved	Q08GN0_conserved	1.015E+00	9.997E-01	9.850E-01	100.000	67	67	68
Q0PWM6_conserved	Q79IE6_conserved	1.015E+00	9.995E-01	9.848E-01	100.000	67	67	68
Q0PWM6_conserved	Q5UNL3_conserved	1.015E+00	9.995E-01	9.848E-01	100.000	67	67	68
Q0PWM6_conserved	B7U9E7_conserved	1.014E+00	9.989E-01	9.843E-01	100.000	67	67	68
Q0PWM6_conserved	AF-A0A547E8L3-F1-model_v4_conserved	1.014E+00	9.989E-01	9.842E-01	100.000	67	67	68
Q0PWM6_conserved	Q27JL8_conserved	1.014E+00	9.988E-01	9.841E-01	100.000	67	67	68
Q0PWM6_conserved	Q8GL59_conserved	1.014E+00	9.987E-01	9.840E-01	100.000	67	67	68
Q0PWM6_conserved	Q4GY15_conserved	1.014E+00	9.986E-01	9.840E-01	100.000	67	67	68
Q0PWM6_conserved	O70042_conserved	1.013E+00	9.978E-01	9.832E-01	100.000	67	67	68
Q0PWM6_conserved	A8VR99_conserved	1.013E+00	9.976E-01	9.830E-01	100.000	67	67	68
Q0PWM6_conserved	P0AG05_conserved	1.012E+00	9.967E-01	9.821E-01	100.000	67	67	68
Q0PWM6_conserved	Q766G9_conserved	1.008E+00	9.931E-01	9.786E-01	97.000	67	67	68
Q0PWM6_conserved	Q8VL12_conserved	1.007E+00	9.923E-01	9.778E-01	98.500	67	67	68
Q0PWM6_conserved	Q8GCH1_conserved	1.003E+00	9.880E-01	9.737E-01	98.500	67	67	68
Q0PWM6_conserved	Q8GKX3_conserved	1.002E+00	9.872E-01	9.729E-01	95.500	67	67	68
Q0PWM6_conserved	Q2A799_conserved	1.001E+00	9.860E-01	9.717E-01	95.500	67	67	68
Q0PWM6_conserved	B3V3X6_conserved	1.000E+00	9.855E-01	9.712E-01	97.000	67	67	68
Q0PWM6_conserved	Q9R3A9_conserved	1.000E+00	9.855E-01	9.713E-01	94.000	67	67	68
Q0PWM6_conserved	Q9RGC2_conserved	9.999E-01	9.852E-01	9.710E-01	95.500	67	67	68
Q0PWM6_conserved	Q8G8F9_conserved	9.998E-01	9.851E-01	9.708E-01	94.000	67	67	68
Q0PWM6_conserved	Q0ZKF0_conserved	9.945E-01	9.800E-01	9.659E-01	92.500	67	67	68
Q0PWM6_conserved	Q5DUB9_conserved	9.940E-01	9.795E-01	9.654E-01	91.000	67	67	68
Q0PWM6_conserved	Q07448_conserved	9.877E-01	9.733E-01	9.594E-01	62.600	67	67	68
Q0PWM6_conserved	P0A0D2_conserved	9.796E-01	9.655E-01	9.518E-01	79.100	67	67	68
Q0PWM6_conserved	A0A1C7ZQH8_conserved	9.708E-01	9.570E-01	9.435E-01	83.500	67	67	68
Q0PWM6_conserved	AF-N8VSH4-F1-model_v4_conserved	9.702E-01	9.563E-01	9.428E-01	83.500	67	67	68
Q0PWM6_conserved	N8W714_conserved	9.686E-01	9.547E-01	9.413E-01	79.100	67	67	68
Q0PWM6_conserved	ANT9-Ic_conserved	9.645E-01	9.508E-01	9.374E-01	68.600	67	67	68
Q0PWM6_conserved	A0A5C2PME2_conserved	9.651E-01	9.514E-01	9.381E-01	76.100	67	67	68
Q0PWM6_conserved	AF-W1JB67-F1-model_v6_conserved	9.219E-01	9.093E-01	8.971E-01	64.100	67	67	68
Q0ZKF0_conserved	Q0ZKF0_conserved	1.015E+00	1.000E+00	1.000E+00	100.000	68	68	68
Q0ZKF0_conserved	Q08GN0_conserved	9.946E-01	9.803E-01	9.803E-01	92.600	68	68	68
Q0ZKF0_conserved	P0AG05_conserved	9.943E-01	9.800E-01	9.800E-01	92.600	68	68	68
Q0ZKF0_conserved	Q4GY15_conserved	9.940E-01	9.797E-01	9.797E-01	92.600	68	68	68
Q0ZKF0_conserved	AF-A0A547E8L3-F1-model_v4_conserved	9.938E-01	9.795E-01	9.795E-01	92.600	68	68	68
Q0ZKF0_conserved	Q8GL59_conserved	9.935E-01	9.792E-01	9.792E-01	92.600	68	68	68
Q0ZKF0_conserved	O70042_conserved	9.925E-01	9.782E-01	9.782E-01	92.600	68	68	68
Q0ZKF0_conserved	A8VR99_conserved	9.921E-01	9.778E-01	9.778E-01	92.600	68	68	68
Q0ZKF0_conserved	Q79IE6_conserved	9.911E-01	9.769E-01	9.769E-01	92.600	68	68	68
Q0ZKF0_conserved	Q5UNL3_conserved	9.910E-01	9.768E-01	9.768E-01	92.600	68	68	68
Q0ZKF0_conserved	B7U9E7_conserved	9.906E-01	9.764E-01	9.764E-01	92.600	68	68	68
Q0ZKF0_conserved	Q27JL8_conserved	9.902E-01	9.760E-01	9.760E-01	92.600	68	68	68
Q0ZKF0_conserved	Q0PWM6_conserved	9.945E-01	9.659E-01	9.800E-01	92.500	68	67	67
Q0ZKF0_conserved	Q6A150_conserved	9.939E-01	9.653E-01	9.794E-01	92.500	68	67	67
Q0ZKF0_conserved	Q7BQ67_conserved	9.909E-01	9.624E-01	9.765E-01	92.500	68	67	67
Q0ZKF0_conserved	Q766G9_conserved	9.910E-01	9.625E-01	9.625E-01	92.500	68	67	68
Q0ZKF0_conserved	Q8GCH1_conserved	9.789E-01	9.650E-01	9.650E-01	91.100	68	68	68
Q0ZKF0_conserved	Q8VL12_conserved	9.757E-01	9.618E-01	9.618E-01	94.100	68	68	68
Q0ZKF0_conserved	Q9R3A9_conserved	9.861E-01	9.580E-01	9.580E-01	92.500	68	67	68
Q0ZKF0_conserved	Q8G8F9_conserved	9.852E-01	9.571E-01	9.571E-01	92.500	68	67	68
Q0ZKF0_conserved	Q07448_conserved	9.840E-01	9.559E-01	9.559E-01	61.100	68	67	68
Q0ZKF0_conserved	Q2A799_conserved	9.689E-01	9.552E-01	9.552E-01	91.100	68	68	68
Q0ZKF0_conserved	Q8GKX3_conserved	9.680E-01	9.544E-01	9.544E-01	91.100	68	68	68
Q0ZKF0_conserved	Q9RGC2_conserved	9.679E-01	9.543E-01	9.543E-01	91.100	68	68	68
Q0ZKF0_conserved	B3V3X6_conserved	9.658E-01	9.522E-01	9.522E-01	92.600	68	68	68
Q0ZKF0_conserved	P0A0D2_conserved	9.706E-01	9.432E-01	9.432E-01	77.600	68	67	68
Q0ZKF0_conserved	Q5DUB9_conserved	9.675E-01	9.404E-01	9.404E-01	88.000	68	67	68
Q0ZKF0_conserved	ANT9-Ic_conserved	9.606E-01	9.337E-01	9.337E-01	67.100	68	67	68
Q0ZKF0_conserved	A0A5C2PME2_conserved	9.547E-01	9.282E-01	9.282E-01	74.600	68	67	68
Q0ZKF0_conserved	A0A1C7ZQH8_conserved	9.477E-01	9.216E-01	9.216E-01	82.000	68	67	68
Q0ZKF0_conserved	AF-N8VSH4-F1-model_v4_conserved	9.475E-01	9.214E-01	9.214E-01	82.000	68	67	68
Q0ZKF0_conserved	N8W714_conserved	9.455E-01	9.195E-01	9.195E-01	77.600	68	67	68
Q0ZKF0_conserved	AF-W1JB67-F1-model_v6_conserved	9.319E-01	9.191E-01	9.191E-01	60.200	68	68	68
Q27JL8_conserved	Q27JL8_conserved	1.015E+00	1.000E+00	1.000E+00	100.000	68	68	68
Q27JL8_conserved	Q5UNL3_conserved	1.014E+00	9.993E-01	9.993E-01	100.000	68	68	68
Q27JL8_conserved	Q79IE6_conserved	1.014E+00	9.993E-01	9.993E-01	100.000	68	68	68
Q27JL8_conserved	Q08GN0_conserved	1.013E+00	9.984E-01	9.984E-01	100.000	68	68	68
Q27JL8_conserved	B7U9E7_conserved	1.013E+00	9.983E-01	9.983E-01	100.000	68	68	68
Q27JL8_conserved	AF-A0A547E8L3-F1-model_v4_conserved	1.013E+00	9.982E-01	9.982E-01	100.000	68	68	68
Q27JL8_conserved	Q8GL59_conserved	1.012E+00	9.973E-01	9.973E-01	100.000	68	68	68
Q27JL8_conserved	Q4GY15_conserved	1.012E+00	9.971E-01	9.971E-01	100.000	68	68	68
Q27JL8_conserved	P0AG05_conserved	1.012E+00	9.970E-01	9.970E-01	100.000	68	68	68
Q27JL8_conserved	O70042_conserved	1.012E+00	9.970E-01	9.970E-01	100.000	68	68	68
Q27JL8_conserved	A8VR99_conserved	1.012E+00	9.968E-01	9.968E-01	100.000	68	68	68
Q27JL8_conserved	Q6A150_conserved	1.014E+00	9.842E-01	9.988E-01	100.000	68	67	67
Q27JL8_conserved	Q0PWM6_conserved	1.014E+00	9.841E-01	9.988E-01	100.000	68	67	67
Q27JL8_conserved	Q7BQ67_conserved	1.013E+00	9.836E-01	9.983E-01	100.000	68	67	67
Q27JL8_conserved	Q8GCH1_conserved	1.003E+00	9.885E-01	9.885E-01	98.500	68	68	68
Q27JL8_conserved	Q766G9_conserved	1.009E+00	9.794E-01	9.794E-01	97.000	68	67	68
Q27JL8_conserved	Q8VL12_conserved	9.953E-01	9.809E-01	9.809E-01	98.500	68	68	68
Q27JL8_conserved	Q8GKX3_conserved	9.914E-01	9.771E-01	9.771E-01	95.500	68	68	68
Q27JL8_conserved	Q2A799_conserved	9.906E-01	9.763E-01	9.763E-01	95.500	68	68	68
Q27JL8_conserved	B3V3X6_conserved	9.899E-01	9.756E-01	9.756E-01	97.000	68	68	68
Q27JL8_conserved	Q9RGC2_conserved	9.895E-01	9.752E-01	9.752E-01	95.500	68	68	68
Q27JL8_conserved	Q0ZKF0_conserved	9.902E-01	9.760E-01	9.760E-01	92.600	68	68	68
Q27JL8_conserved	Q8G8F9_conserved	9.996E-01	9.706E-01	9.706E-01	94.000	68	67	68
Q27JL8_conserved	Q9R3A9_conserved	9.994E-01	9.705E-01	9.705E-01	94.000	68	67	68
Q27JL8_conserved	Q5DUB9_conserved	9.937E-01	9.651E-01	9.651E-01	91.000	68	67	68
Q27JL8_conserved	Q07448_conserved	9.863E-01	9.582E-01	9.582E-01	62.600	68	67	68
Q27JL8_conserved	P0A0D2_conserved	9.784E-01	9.507E-01	9.507E-01	79.100	68	67	68
Q27JL8_conserved	A0A1C7ZQH8_conserved	9.727E-01	9.452E-01	9.452E-01	83.500	68	67	68
Q27JL8_conserved	AF-N8VSH4-F1-model_v4_conserved	9.719E-01	9.445E-01	9.445E-01	83.500	68	67	68
Q27JL8_conserved	N8W714_conserved	9.700E-01	9.427E-01	9.427E-01	79.100	68	67	68
Q27JL8_conserved	A0A5C2PME2_conserved	9.646E-01	9.376E-01	9.376E-01	76.100	68	67	68
Q27JL8_conserved	ANT9-Ic_conserved	9.619E-01	9.350E-01	9.350E-01	68.600	68	67	68
Q27JL8_conserved	AF-W1JB67-F1-model_v6_conserved	9.195E-01	8.948E-01	8.948E-01	64.100	68	67	68
Q2A799_conserved	Q2A799_conserved	1.015E+00	1.000E+00	1.000E+00	100.000	68	68	68
Q2A799_conserved	Q9RGC2_conserved	1.014E+00	9.993E-01	9.993E-01	100.000	68	68	68
Q2A799_conserved	Q8GKX3_conserved	1.014E+00	9.990E-01	9.990E-01	100.000	68	68	68
Q2A799_conserved	B3V3X6_conserved	1.007E+00	9.928E-01	9.928E-01	95.500	68	68	68
Q2A799_conserved	Q8VL12_conserved	1.001E+00	9.859E-01	9.859E-01	97.000	68	68	68
Q2A799_conserved	Q7BQ67_conserved	1.002E+00	9.727E-01	9.871E-01	95.500	68	67	67
Q2A799_conserved	Q6A150_conserved	1.002E+00	9.725E-01	9.869E-01	95.500	68	67	67
Q2A799_conserved	Q0PWM6_conserved	1.001E+00	9.717E-01	9.860E-01	95.500	68	67	67
Q2A799_conserved	Q8GCH1_conserved	9.925E-01	9.781E-01	9.781E-01	94.100	68	68	68
Q2A799_conserved	A8VR99_conserved	9.920E-01	9.776E-01	9.776E-01	95.500	68	68	68
Q2A799_conserved	Q5DUB9_conserved	9.916E-01	9.772E-01	9.772E-01	89.700	68	68	68
Q2A799_conserved	Q5UNL3_conserved	9.914E-01	9.770E-01	9.770E-01	95.500	68	68	68
Q2A799_conserved	B7U9E7_conserved	9.912E-01	9.768E-01	9.768E-01	95.500	68	68	68
Q2A799_conserved	O70042_conserved	9.909E-01	9.766E-01	9.766E-01	95.500	68	68	68
Q2A799_conserved	Q08GN0_conserved	9.906E-01	9.763E-01	9.763E-01	95.500	68	68	68
Q2A799_conserved	Q27JL8_conserved	9.906E-01	9.763E-01	9.763E-01	95.500	68	68	68
Q2A799_conserved	Q4GY15_conserved	9.898E-01	9.755E-01	9.755E-01	95.500	68	68	68
Q2A799_conserved	AF-A0A547E8L3-F1-model_v4_conserved	9.896E-01	9.753E-01	9.753E-01	95.500	68	68	68
Q2A799_conserved	Q79IE6_conserved	9.896E-01	9.753E-01	9.753E-01	95.500	68	68	68
Q2A799_conserved	Q8GL59_conserved	9.885E-01	9.743E-01	9.743E-01	95.500	68	68	68
Q2A799_conserved	Q766G9_conserved	9.867E-01	9.725E-01	9.725E-01	95.500	68	68	68
Q2A799_conserved	P0AG05_conserved	9.869E-01	9.727E-01	9.727E-01	95.500	68	68	68
Q2A799_conserved	Q9R3A9_conserved	9.986E-01	9.697E-01	9.697E-01	92.500	68	67	68
Q2A799_conserved	Q8G8F9_conserved	9.978E-01	9.689E-01	9.689E-01	92.500	68	67	68
Q2A799_conserved	Q0ZKF0_conserved	9.689E-01	9.552E-01	9.552E-01	91.100	68	68	68
Q2A799_conserved	P0A0D2_conserved	9.662E-01	9.525E-01	9.525E-01	77.900	68	68	68
Q2A799_conserved	Q07448_conserved	9.758E-01	9.483E-01	9.483E-01	61.100	68	67	68
Q2A799_conserved	A0A1C7ZQH8_conserved	9.653E-01	9.382E-01	9.382E-01	82.000	68	67	68
Q2A799_conserved	AF-N8VSH4-F1-model_v4_conserved	9.653E-01	9.382E-01	9.382E-01	82.000	68	67	68
Q2A799_conserved	A0A5C2PME2_conserved	9.527E-01	9.395E-01	9.395E-01	75.000	68	68	68
Q2A799_conserved	N8W714_conserved	9.593E-01	9.326E-01	9.326E-01	77.600	68	67	68
Q2A799_conserved	ANT9-Ic_conserved	9.462E-01	9.202E-01	9.202E-01	67.100	68	67	68
Q2A799_conserved	AF-W1JB67-F1-model_v6_conserved	9.038E-01	8.799E-01	8.799E-01	59.700	68	67	68
Q4GY15_conserved	Q4GY15_conserved	1.015E+00	1.000E+00	1.000E+00	100.000	68	68	68
Q4GY15_conserved	Q8GL59_conserved	1.015E+00	9.998E-01	9.998E-01	100.000	68	68	68
Q4GY15_conserved	O70042_conserved	1.014E+00	9.995E-01	9.995E-01	100.000	68	68	68
Q4GY15_conserved	AF-A0A547E8L3-F1-model_v4_conserved	1.014E+00	9.991E-01	9.991E-01	100.000	68	68	68
Q4GY15_conserved	Q08GN0_conserved	1.014E+00	9.989E-01	9.989E-01	100.000	68	68	68
Q4GY15_conserved	B7U9E7_conserved	1.013E+00	9.984E-01	9.984E-01	100.000	68	68	68
Q4GY15_conserved	Q79IE6_conserved	1.013E+00	9.979E-01	9.979E-01	100.000	68	68	68
Q4GY15_conserved	Q5UNL3_conserved	1.012E+00	9.976E-01	9.976E-01	100.000	68	68	68
Q4GY15_conserved	A8VR99_conserved	1.012E+00	9.975E-01	9.975E-01	100.000	68	68	68
Q4GY15_conserved	Q27JL8_conserved	1.012E+00	9.971E-01	9.971E-01	100.000	68	68	68
Q4GY15_conserved	P0AG05_conserved	1.010E+00	9.950E-01	9.950E-01	100.000	68	68	68
Q4GY15_conserved	Q7BQ67_conserved	1.014E+00	9.842E-01	9.989E-01	100.000	68	67	67
Q4GY15_conserved	Q6A150_conserved	1.014E+00	9.840E-01	9.987E-01	100.000	68	67	67
Q4GY15_conserved	Q0PWM6_conserved	1.014E+00	9.840E-01	9.986E-01	100.000	68	67	67
Q4GY15_conserved	Q8GCH1_conserved	1.002E+00	9.879E-01	9.879E-01	98.500	68	68	68
Q4GY15_conserved	Q8VL12_conserved	9.967E-01	9.822E-01	9.822E-01	98.500	68	68	68
Q4GY15_conserved	Q766G9_conserved	1.008E+00	9.781E-01	9.781E-01	97.000	68	67	68
Q4GY15_conserved	Q8GKX3_conserved	9.917E-01	9.773E-01	9.773E-01	95.500	68	68	68
Q4GY15_conserved	Q0ZKF0_conserved	9.940E-01	9.797E-01	9.797E-01	92.600	68	68	68
Q4GY15_conserved	B3V3X6_conserved	9.902E-01	9.759E-01	9.759E-01	97.000	68	68	68
Q4GY15_conserved	Q9R3A9_conserved	1.003E+00	9.736E-01	9.736E-01	94.000	68	67	68
Q4GY15_conserved	Q9RGC2_conserved	9.899E-01	9.756E-01	9.756E-01	95.500	68	68	68
Q4GY15_conserved	Q2A799_conserved	9.898E-01	9.755E-01	9.755E-01	95.500	68	68	68
Q4GY15_conserved	Q8G8F9_conserved	1.002E+00	9.728E-01	9.728E-01	94.000	68	67	68
Q4GY15_conserved	Q5DUB9_conserved	9.952E-01	9.665E-01	9.665E-01	91.000	68	67	68
Q4GY15_conserved	Q07448_conserved	9.868E-01	9.586E-01	9.586E-01	62.600	68	67	68
Q4GY15_conserved	P0A0D2_conserved	9.792E-01	9.514E-01	9.514E-01	79.100	68	67	68
Q4GY15_conserved	A0A1C7ZQH8_conserved	9.714E-01	9.440E-01	9.440E-01	83.500	68	67	68
Q4GY15_conserved	AF-N8VSH4-F1-model_v4_conserved	9.711E-01	9.437E-01	9.437E-01	83.500	68	67	68
Q4GY15_conserved	N8W714_conserved	9.678E-01	9.406E-01	9.406E-01	79.100	68	67	68
Q4GY15_conserved	A0A5C2PME2_conserved	9.645E-01	9.375E-01	9.375E-01	76.100	68	67	68
Q4GY15_conserved	ANT9-Ic_conserved	9.631E-01	9.361E-01	9.361E-01	68.600	68	67	68
Q4GY15_conserved	AF-W1JB67-F1-model_v6_conserved	9.099E-01	8.977E-01	8.977E-01	64.700	68	68	68
Q5DUB9_conserved	Q5DUB9_conserved	1.015E+00	1.000E+00	1.000E+00	100.000	68	68	68
Q5DUB9_conserved	B3V3X6_conserved	9.948E-01	9.803E-01	9.803E-01	88.200	68	68	68
Q5DUB9_conserved	Q8GKX3_conserved	9.935E-01	9.790E-01	9.790E-01	89.700	68	68	68
Q5DUB9_conserved	Q8VL12_conserved	9.936E-01	9.792E-01	9.792E-01	89.700	68	68	68
Q5DUB9_conserved	Q9RGC2_conserved	9.921E-01	9.777E-01	9.777E-01	89.700	68	68	68
Q5DUB9_conserved	Q2A799_conserved	9.916E-01	9.772E-01	9.772E-01	89.700	68	68	68
Q5DUB9_conserved	Q9R3A9_conserved	9.919E-01	9.776E-01	9.776E-01	91.100	68	68	68
Q5DUB9_conserved	Q8G8F9_conserved	9.907E-01	9.765E-01	9.765E-01	91.100	68	68	68
Q5DUB9_conserved	Q7BQ67_conserved	9.961E-01	9.674E-01	9.815E-01	91.000	68	67	67
Q5DUB9_conserved	Q6A150_conserved	9.954E-01	9.668E-01	9.809E-01	91.000	68	67	67
Q5DUB9_conserved	Q0PWM6_conserved	9.940E-01	9.654E-01	9.795E-01	91.000	68	67	67
Q5DUB9_conserved	Q8GCH1_conserved	9.978E-01	9.690E-01	9.690E-01	89.500	68	67	68
Q5DUB9_conserved	A8VR99_conserved	9.976E-01	9.688E-01	9.688E-01	91.000	68	67	68
Q5DUB9_conserved	O70042_conserved	9.963E-01	9.676E-01	9.676E-01	91.000	68	67	68
Q5DUB9_conserved	B7U9E7_conserved	9.961E-01	9.674E-01	9.674E-01	91.000	68	67	68
Q5DUB9_conserved	Q4GY15_conserved	9.952E-01	9.665E-01	9.665E-01	91.000	68	67	68
Q5DUB9_conserved	Q08GN0_conserved	9.949E-01	9.662E-01	9.662E-01	91.000	68	67	68
Q5DUB9_conserved	Q5UNL3_conserved	9.949E-01	9.663E-01	9.663E-01	91.000	68	67	68
Q5DUB9_conserved	Q766G9_conserved	9.831E-01	9.691E-01	9.691E-01	91.100	68	68	68
Q5DUB9_conserved	Q79IE6_conserved	9.937E-01	9.652E-01	9.652E-01	91.000	68	67	68
Q5DUB9_conserved	Q8GL59_conserved	9.937E-01	9.651E-01	9.651E-01	91.000	68	67	68
Q5DUB9_conserved	Q27JL8_conserved	9.937E-01	9.651E-01	9.651E-01	91.000	68	67	68
Q5DUB9_conserved	AF-A0A547E8L3-F1-model_v4_conserved	9.934E-01	9.649E-01	9.649E-01	91.000	68	67	68
Q5DUB9_conserved	P0AG05_conserved	9.888E-01	9.605E-01	9.605E-01	91.000	68	67	68
Q5DUB9_conserved	P0A0D2_conserved	9.625E-01	9.491E-01	9.491E-01	76.400	68	68	68
Q5DUB9_conserved	Q0ZKF0_conserved	9.675E-01	9.404E-01	9.404E-01	88.000	68	67	68
Q5DUB9_conserved	Q07448_conserved	9.648E-01	9.379E-01	9.379E-01	59.700	68	67	68
Q5DUB9_conserved	AF-N8VSH4-F1-model_v4_conserved	9.630E-01	9.360E-01	9.360E-01	80.500	68	67	68
Q5DUB9_conserved	A0A1C7ZQH8_conserved	9.631E-01	9.361E-01	9.361E-01	80.500	68	67	68
Q5DUB9_conserved	A0A5C2PME2_conserved	9.522E-01	9.260E-01	9.260E-01	73.100	68	67	68
Q5DUB9_conserved	N8W714_conserved	9.507E-01	9.244E-01	9.244E-01	77.600	68	67	68
Q5DUB9_conserved	ANT9-Ic_conserved	9.426E-01	9.168E-01	9.168E-01	65.600	68	67	68
Q5DUB9_conserved	AF-W1JB67-F1-model_v6_conserved	8.930E-01	8.696E-01	8.696E-01	61.100	68	67	68
Q5UNL3_conserved	Q5UNL3_conserved	1.015E+00	1.000E+00	1.000E+00	100.000	68	68	68
Q5UNL3_conserved	Q27JL8_conserved	1.014E+00	9.993E-01	9.993E-01	100.000	68	68	68
Q5UNL3_conserved	Q79IE6_conserved	1.014E+00	9.993E-01	9.993E-01	100.000	68	68	68
Q5UNL3_conserved	Q08GN0_conserved	1.014E+00	9.991E-01	9.991E-01	100.000	68	68	68
Q5UNL3_conserved	B7U9E7_conserved	1.014E+00	9.991E-01	9.991E-01	100.000	68	68	68
Q5UNL3_conserved	AF-A0A547E8L3-F1-model_v4_conserved	1.013E+00	9.986E-01	9.986E-01	100.000	68	68	68
Q5UNL3_conserved	Q8GL59_conserved	1.013E+00	9.977E-01	9.977E-01	100.000	68	68	68
Q5UNL3_conserved	Q4GY15_conserved	1.012E+00	9.976E-01	9.976E-01	100.000	68	68	68
Q5UNL3_conserved	O70042_conserved	1.012E+00	9.974E-01	9.974E-01	100.000	68	68	68
Q5UNL3_conserved	A8VR99_conserved	1.012E+00	9.973E-01	9.973E-01	100.000	68	68	68
Q5UNL3_conserved	P0AG05_conserved	1.011E+00	9.959E-01	9.959E-01	100.000	68	68	68
Q5UNL3_conserved	Q0PWM6_conserved	1.015E+00	9.848E-01	9.995E-01	100.000	68	67	67
Q5UNL3_conserved	Q6A150_conserved	1.015E+00	9.847E-01	9.994E-01	100.000	68	67	67
Q5UNL3_conserved	Q7BQ67_conserved	1.013E+00	9.835E-01	9.982E-01	100.000	68	67	67
Q5UNL3_conserved	Q8GCH1_conserved	1.004E+00	9.894E-01	9.894E-01	98.500	68	68	68
Q5UNL3_conserved	Q8VL12_conserved	9.961E-01	9.816E-01	9.816E-01	98.500	68	68	68
Q5UNL3_conserved	Q766G9_conserved	1.008E+00	9.783E-01	9.783E-01	97.000	68	67	68
Q5UNL3_conserved	Q8GKX3_conserved	9.923E-01	9.779E-01	9.779E-01	95.500	68	68	68
Q5UNL3_conserved	Q2A799_conserved	9.914E-01	9.770E-01	9.770E-01	95.500	68	68	68
Q5UNL3_conserved	B3V3X6_conserved	9.905E-01	9.762E-01	9.762E-01	97.000	68	68	68
Q5UNL3_conserved	Q9RGC2_conserved	9.904E-01	9.761E-01	9.761E-01	95.500	68	68	68
Q5UNL3_conserved	Q0ZKF0_conserved	9.910E-01	9.768E-01	9.768E-01	92.600	68	68	68
Q5UNL3_conserved	Q9R3A9_conserved	9.997E-01	9.708E-01	9.708E-01	94.000	68	67	68
Q5UNL3_conserved	Q8G8F9_conserved	9.996E-01	9.707E-01	9.707E-01	94.000	68	67	68
Q5UNL3_conserved	Q5DUB9_conserved	9.949E-01	9.663E-01	9.663E-01	91.000	68	67	68
Q5UNL3_conserved	Q07448_conserved	9.857E-01	9.576E-01	9.576E-01	62.600	68	67	68
Q5UNL3_conserved	P0A0D2_conserved	9.783E-01	9.505E-01	9.505E-01	79.100	68	67	68
Q5UNL3_conserved	A0A1C7ZQH8_conserved	9.707E-01	9.433E-01	9.433E-01	83.500	68	67	68
Q5UNL3_conserved	AF-N8VSH4-F1-model_v4_conserved	9.701E-01	9.427E-01	9.427E-01	83.500	68	67	68
Q5UNL3_conserved	N8W714_conserved	9.687E-01	9.414E-01	9.414E-01	79.100	68	67	68
Q5UNL3_conserved	A0A5C2PME2_conserved	9.649E-01	9.378E-01	9.378E-01	76.100	68	67	68
Q5UNL3_conserved	ANT9-Ic_conserved	9.615E-01	9.346E-01	9.346E-01	68.600	68	67	68
Q5UNL3_conserved	AF-W1JB67-F1-model_v6_conserved	9.061E-01	8.940E-01	8.940E-01	64.700	68	68	68
Q6A150_conserved	Q6A150_conserved	1.015E+00	1.000E+00	1.000E+00	100.000	67	67	67
Q6A150_conserved	Q0PWM6_conserved	1.015E+00	9.998E-01	9.998E-01	100.000	67	67	67
Q6A150_conserved	Q7BQ67_conserved	1.013E+00	9.983E-01	9.983E-01	100.000	67	67	67
Q6A150_conserved	Q08GN0_conserved	1.015E+00	9.997E-01	9.850E-01	100.000	67	67	68
Q6A150_conserved	Q79IE6_conserved	1.015E+00	9.995E-01	9.848E-01	100.000	67	67	68
Q6A150_conserved	Q5UNL3_conserved	1.015E+00	9.994E-01	9.847E-01	100.000	67	67	68
Q6A150_conserved	B7U9E7_conserved	1.014E+00	9.989E-01	9.842E-01	100.000	67	67	68
Q6A150_conserved	AF-A0A547E8L3-F1-model_v4_conserved	1.014E+00	9.988E-01	9.842E-01	100.000	67	67	68
Q6A150_conserved	Q27JL8_conserved	1.014E+00	9.988E-01	9.842E-01	100.000	67	67	68
Q6A150_conserved	Q4GY15_conserved	1.014E+00	9.987E-01	9.840E-01	100.000	67	67	68
Q6A150_conserved	Q8GL59_conserved	1.014E+00	9.987E-01	9.840E-01	100.000	67	67	68
Q6A150_conserved	O70042_conserved	1.013E+00	9.979E-01	9.833E-01	100.000	67	67	68
Q6A150_conserved	A8VR99_conserved	1.013E+00	9.977E-01	9.830E-01	100.000	67	67	68
Q6A150_conserved	P0AG05_conserved	1.012E+00	9.966E-01	9.820E-01	100.000	67	67	68
Q6A150_conserved	Q766G9_conserved	1.008E+00	9.935E-01	9.789E-01	97.000	67	67	68
Q6A150_conserved	Q8VL12_conserved	1.008E+00	9.931E-01	9.786E-01	98.500	67	67	68
Q6A150_conserved	Q8GCH1_conserved	1.003E+00	9.887E-01	9.743E-01	98.500	67	67	68
Q6A150_conserved	Q8GKX3_conserved	1.003E+00	9.881E-01	9.738E-01	95.500	67	67	68
Q6A150_conserved	Q2A799_conserved	1.002E+00	9.869E-01	9.725E-01	95.500	67	67	68
Q6A150_conserved	B3V3X6_conserved	1.001E+00	9.866E-01	9.723E-01	97.000	67	67	68
Q6A150_conserved	Q9RGC2_conserved	1.001E+00	9.861E-01	9.718E-01	95.500	67	67	68
Q6A150_conserved	Q9R3A9_conserved	1.000E+00	9.857E-01	9.714E-01	94.000	67	67	68
Q6A150_conserved	Q8G8F9_conserved	1.000E+00	9.853E-01	9.711E-01	94.000	67	67	68
Q6A150_conserved	Q5DUB9_conserved	9.954E-01	9.809E-01	9.668E-01	91.000	67	67	68
Q6A150_conserved	Q0ZKF0_conserved	9.939E-01	9.794E-01	9.653E-01	92.500	67	67	68
Q6A150_conserved	Q07448_conserved	9.878E-01	9.735E-01	9.596E-01	62.600	67	67	68
Q6A150_conserved	P0A0D2_conserved	9.802E-01	9.660E-01	9.523E-01	79.100	67	67	68
Q6A150_conserved	A0A1C7ZQH8_conserved	9.712E-01	9.573E-01	9.438E-01	83.500	67	67	68
Q6A150_conserved	AF-N8VSH4-F1-model_v4_conserved	9.705E-01	9.566E-01	9.432E-01	83.500	67	67	68
Q6A150_conserved	N8W714_conserved	9.688E-01	9.549E-01	9.415E-01	79.100	67	67	68
Q6A150_conserved	A0A5C2PME2_conserved	9.653E-01	9.516E-01	9.383E-01	76.100	67	67	68
Q6A150_conserved	ANT9-Ic_conserved	9.636E-01	9.499E-01	9.366E-01	68.600	67	67	68
Q6A150_conserved	AF-W1JB67-F1-model_v6_conserved	9.215E-01	9.089E-01	8.967E-01	64.100	67	67	68
A8VR99_conserved	A8VR99_conserved	1.015E+00	1.000E+00	1.000E+00	100.000	68	68	68
A8VR99_conserved	AF-A0A547E8L3-F1-model_v4_conserved	1.013E+00	9.979E-01	9.979E-01	100.000	68	68	68
A8VR99_conserved	Q08GN0_conserved	1.013E+00	9.977E-01	9.977E-01	100.000	68	68	68
A8VR99_conserved	O70042_conserved	1.012E+00	9.976E-01	9.976E-01	100.000	68	68	68
A8VR99_conserved	Q4GY15_conserved	1.012E+00	9.975E-01	9.975E-01	100.000	68	68	68
A8VR99_conserved	Q5UNL3_conserved	1.012E+00	9.973E-01	9.973E-01	100.000	68	68	68
A8VR99_conserved	Q8GL59_conserved	1.012E+00	9.973E-01	9.973E-01	100.000	68	68	68
A8VR99_conserved	B7U9E7_conserved	1.012E+00	9.970E-01	9.970E-01	100.000	68	68	68
A8VR99_conserved	Q79IE6_conserved	1.012E+00	9.970E-01	9.970E-01	100.000	68	68	68
A8VR99_conserved	Q27JL8_conserved	1.012E+00	9.968E-01	9.968E-01	100.000	68	68	68
A8VR99_conserved	P0AG05_conserved	1.010E+00	9.948E-01	9.948E-01	100.000	68	68	68
A8VR99_conserved	Q6A150_conserved	1.013E+00	9.830E-01	9.977E-01	100.000	68	67	67
A8VR99_conserved	Q0PWM6_conserved	1.013E+00	9.830E-01	9.976E-01	100.000	68	67	67
A8VR99_conserved	Q7BQ67_conserved	1.012E+00	9.825E-01	9.971E-01	100.000	68	67	67
A8VR99_conserved	Q8GCH1_conserved	1.006E+00	9.912E-01	9.912E-01	98.500	68	68	68
A8VR99_conserved	Q8VL12_conserved	9.965E-01	9.820E-01	9.820E-01	98.500	68	68	68
A8VR99_conserved	Q766G9_conserved	1.007E+00	9.773E-01	9.773E-01	97.000	68	67	68
A8VR99_conserved	Q8GKX3_conserved	9.928E-01	9.784E-01	9.784E-01	95.500	68	68	68
A8VR99_conserved	Q2A799_conserved	9.920E-01	9.776E-01	9.776E-01	95.500	68	68	68
A8VR99_conserved	B3V3X6_conserved	9.915E-01	9.772E-01	9.772E-01	97.000	68	68	68
A8VR99_conserved	Q9RGC2_conserved	9.913E-01	9.770E-01	9.770E-01	95.500	68	68	68
A8VR99_conserved	Q9R3A9_conserved	1.003E+00	9.736E-01	9.736E-01	94.000	68	67	68
A8VR99_conserved	Q8G8F9_conserved	1.002E+00	9.727E-01	9.727E-01	94.000	68	67	68
A8VR99_conserved	Q0ZKF0_conserved	9.921E-01	9.778E-01	9.778E-01	92.600	68	68	68
A8VR99_conserved	Q5DUB9_conserved	9.976E-01	9.688E-01	9.688E-01	91.000	68	67	68
A8VR99_conserved	Q07448_conserved	9.843E-01	9.563E-01	9.563E-01	62.600	68	67	68
A8VR99_conserved	P0A0D2_conserved	9.773E-01	9.496E-01	9.496E-01	79.100	68	67	68
A8VR99_conserved	AF-N8VSH4-F1-model_v4_conserved	9.716E-01	9.442E-01	9.442E-01	83.500	68	67	68
A8VR99_conserved	A0A1C7ZQH8_conserved	9.711E-01	9.438E-01	9.438E-01	83.500	68	67	68
A8VR99_conserved	N8W714_conserved	9.670E-01	9.398E-01	9.398E-01	79.100	68	67	68
A8VR99_conserved	A0A5C2PME2_conserved	9.649E-01	9.379E-01	9.379E-01	76.100	68	67	68
A8VR99_conserved	ANT9-Ic_conserved	9.611E-01	9.343E-01	9.343E-01	68.600	68	67	68
A8VR99_conserved	AF-W1JB67-F1-model_v6_conserved	9.048E-01	8.928E-01	8.928E-01	64.700	68	68	68
AF-A0A547E8L3-F1-model_v4_conserved	AF-A0A547E8L3-F1-model_v4_conserved	1.015E+00	1.000E+00	1.000E+00	100.000	68	68	68
AF-A0A547E8L3-F1-model_v4_conserved	Q4GY15_conserved	1.014E+00	9.991E-01	9.991E-01	100.000	68	68	68
AF-A0A547E8L3-F1-model_v4_conserved	Q8GL59_conserved	1.014E+00	9.990E-01	9.990E-01	100.000	68	68	68
AF-A0A547E8L3-F1-model_v4_conserved	Q08GN0_conserved	1.014E+00	9.989E-01	9.989E-01	100.000	68	68	68
AF-A0A547E8L3-F1-model_v4_conserved	O70042_conserved	1.014E+00	9.989E-01	9.989E-01	100.000	68	68	68
AF-A0A547E8L3-F1-model_v4_conserved	Q5UNL3_conserved	1.013E+00	9.986E-01	9.986E-01	100.000	68	68	68
AF-A0A547E8L3-F1-model_v4_conserved	Q79IE6_conserved	1.013E+00	9.984E-01	9.984E-01	100.000	68	68	68
AF-A0A547E8L3-F1-model_v4_conserved	Q27JL8_conserved	1.013E+00	9.982E-01	9.982E-01	100.000	68	68	68
AF-A0A547E8L3-F1-model_v4_conserved	B7U9E7_conserved	1.013E+00	9.981E-01	9.981E-01	100.000	68	68	68
AF-A0A547E8L3-F1-model_v4_conserved	A8VR99_conserved	1.013E+00	9.979E-01	9.979E-01	100.000	68	68	68
AF-A0A547E8L3-F1-model_v4_conserved	P0AG05_conserved	1.011E+00	9.960E-01	9.960E-01	100.000	68	68	68
AF-A0A547E8L3-F1-model_v4_conserved	Q0PWM6_conserved	1.014E+00	9.842E-01	9.989E-01	100.000	68	67	67
AF-A0A547E8L3-F1-model_v4_conserved	Q6A150_conserved	1.014E+00	9.842E-01	9.988E-01	100.000	68	67	67
AF-A0A547E8L3-F1-model_v4_conserved	Q7BQ67_conserved	1.014E+00	9.841E-01	9.988E-01	100.000	68	67	67
AF-A0A547E8L3-F1-model_v4_conserved	Q8GCH1_conserved	1.002E+00	9.878E-01	9.878E-01	98.500	68	68	68
AF-A0A547E8L3-F1-model_v4_conserved	Q8VL12_conserved	9.957E-01	9.813E-01	9.813E-01	98.500	68	68	68
AF-A0A547E8L3-F1-model_v4_conserved	Q766G9_conserved	1.008E+00	9.782E-01	9.782E-01	97.000	68	67	68
AF-A0A547E8L3-F1-model_v4_conserved	Q8GKX3_conserved	9.909E-01	9.765E-01	9.765E-01	95.500	68	68	68
AF-A0A547E8L3-F1-model_v4_conserved	Q0ZKF0_conserved	9.938E-01	9.795E-01	9.795E-01	92.600	68	68	68
AF-A0A547E8L3-F1-model_v4_conserved	Q2A799_conserved	9.896E-01	9.753E-01	9.753E-01	95.500	68	68	68
AF-A0A547E8L3-F1-model_v4_conserved	Q9RGC2_conserved	9.888E-01	9.746E-01	9.746E-01	95.500	68	68	68
AF-A0A547E8L3-F1-model_v4_conserved	B3V3X6_conserved	9.887E-01	9.744E-01	9.744E-01	97.000	68	68	68
AF-A0A547E8L3-F1-model_v4_conserved	Q9R3A9_conserved	1.000E+00	9.713E-01	9.713E-01	94.000	68	67	68
AF-A0A547E8L3-F1-model_v4_conserved	Q8G8F9_conserved	9.996E-01	9.706E-01	9.706E-01	94.000	68	67	68
AF-A0A547E8L3-F1-model_v4_conserved	Q5DUB9_conserved	9.934E-01	9.649E-01	9.649E-01	91.000	68	67	68
AF-A0A547E8L3-F1-model_v4_conserved	Q07448_conserved	9.867E-01	9.585E-01	9.585E-01	62.600	68	67	68
AF-A0A547E8L3-F1-model_v4_conserved	P0A0D2_conserved	9.791E-01	9.513E-01	9.513E-01	79.100	68	67	68
AF-A0A547E8L3-F1-model_v4_conserved	A0A1C7ZQH8_conserved	9.718E-01	9.444E-01	9.444E-01	83.500	68	67	68
AF-A0A547E8L3-F1-model_v4_conserved	AF-N8VSH4-F1-model_v4_conserved	9.717E-01	9.443E-01	9.443E-01	83.500	68	67	68
AF-A0A547E8L3-F1-model_v4_conserved	N8W714_conserved	9.692E-01	9.419E-01	9.419E-01	79.100	68	67	68
AF-A0A547E8L3-F1-model_v4_conserved	A0A5C2PME2_conserved	9.653E-01	9.383E-01	9.383E-01	76.100	68	67	68
AF-A0A547E8L3-F1-model_v4_conserved	ANT9-Ic_conserved	9.626E-01	9.356E-01	9.356E-01	68.600	68	67	68
AF-A0A547E8L3-F1-model_v4_conserved	AF-W1JB67-F1-model_v6_conserved	9.077E-01	8.972E-01	8.972E-01	64.700	68	68	68
AF-N8VSH4-F1-model_v4_conserved	AF-N8VSH4-F1-model_v4_conserved	1.015E+00	1.000E+00	1.000E+00	100.000	68	68	68
AF-N8VSH4-F1-model_v4_conserved	A0A1C7ZQH8_conserved	1.014E+00	9.990E-01	9.990E-01	100.000	68	68	68
AF-N8VSH4-F1-model_v4_conserved	N8W714_conserved	1.004E+00	9.894E-01	9.894E-01	95.500	68	68	68
AF-N8VSH4-F1-model_v4_conserved	Q7BQ67_conserved	9.711E-01	9.437E-01	9.572E-01	83.500	68	67	67
AF-N8VSH4-F1-model_v4_conserved	Q6A150_conserved	9.705E-01	9.432E-01	9.566E-01	83.500	68	67	67
AF-N8VSH4-F1-model_v4_conserved	Q0PWM6_conserved	9.702E-01	9.428E-01	9.563E-01	83.500	68	67	67
AF-N8VSH4-F1-model_v4_conserved	Q766G9_conserved	9.740E-01	9.464E-01	9.464E-01	83.500	68	67	68
AF-N8VSH4-F1-model_v4_conserved	Q8VL12_conserved	9.738E-01	9.462E-01	9.462E-01	85.000	68	67	68
AF-N8VSH4-F1-model_v4_conserved	P0A0D2_conserved	9.728E-01	9.453E-01	9.453E-01	82.000	68	67	68
AF-N8VSH4-F1-model_v4_conserved	Q27JL8_conserved	9.719E-01	9.445E-01	9.445E-01	83.500	68	67	68
AF-N8VSH4-F1-model_v4_conserved	AF-A0A547E8L3-F1-model_v4_conserved	9.717E-01	9.443E-01	9.443E-01	83.500	68	67	68
AF-N8VSH4-F1-model_v4_conserved	A8VR99_conserved	9.716E-01	9.442E-01	9.442E-01	83.500	68	67	68
AF-N8VSH4-F1-model_v4_conserved	Q9R3A9_conserved	9.715E-01	9.441E-01	9.441E-01	86.500	68	67	68
AF-N8VSH4-F1-model_v4_conserved	O70042_conserved	9.711E-01	9.437E-01	9.437E-01	83.500	68	67	68
AF-N8VSH4-F1-model_v4_conserved	Q4GY15_conserved	9.711E-01	9.437E-01	9.437E-01	83.500	68	67	68
AF-N8VSH4-F1-model_v4_conserved	Q79IE6_conserved	9.709E-01	9.435E-01	9.435E-01	83.500	68	67	68
AF-N8VSH4-F1-model_v4_conserved	P0AG05_conserved	9.704E-01	9.431E-01	9.431E-01	83.500	68	67	68
AF-N8VSH4-F1-model_v4_conserved	Q5UNL3_conserved	9.701E-01	9.427E-01	9.427E-01	83.500	68	67	68
AF-N8VSH4-F1-model_v4_conserved	Q08GN0_conserved	9.699E-01	9.426E-01	9.426E-01	83.500	68	67	68
AF-N8VSH4-F1-model_v4_conserved	Q8GL59_conserved	9.699E-01	9.426E-01	9.426E-01	83.500	68	67	68
AF-N8VSH4-F1-model_v4_conserved	B3V3X6_conserved	9.696E-01	9.423E-01	9.423E-01	83.500	68	67	68
AF-N8VSH4-F1-model_v4_conserved	B7U9E7_conserved	9.694E-01	9.421E-01	9.421E-01	83.500	68	67	68
AF-N8VSH4-F1-model_v4_conserved	Q8GKX3_conserved	9.678E-01	9.406E-01	9.406E-01	82.000	68	67	68
AF-N8VSH4-F1-model_v4_conserved	Q8G8F9_conserved	9.674E-01	9.402E-01	9.402E-01	86.500	68	67	68
AF-N8VSH4-F1-model_v4_conserved	A0A5C2PME2_conserved	9.639E-01	9.368E-01	9.368E-01	74.600	68	67	68
AF-N8VSH4-F1-model_v4_conserved	Q2A799_conserved	9.653E-01	9.382E-01	9.382E-01	82.000	68	67	68
AF-N8VSH4-F1-model_v4_conserved	ANT9-Ic_conserved	9.649E-01	9.379E-01	9.379E-01	68.600	68	67	68
AF-N8VSH4-F1-model_v4_conserved	Q9RGC2_conserved	9.633E-01	9.364E-01	9.364E-01	82.000	68	67	68
AF-N8VSH4-F1-model_v4_conserved	Q5DUB9_conserved	9.630E-01	9.360E-01	9.360E-01	80.500	68	67	68
AF-N8VSH4-F1-model_v4_conserved	Q07448_conserved	9.614E-01	9.345E-01	9.345E-01	68.600	68	67	68
AF-N8VSH4-F1-model_v4_conserved	Q8GCH1_conserved	9.570E-01	9.303E-01	9.303E-01	82.000	68	67	68
AF-N8VSH4-F1-model_v4_conserved	Q0ZKF0_conserved	9.475E-01	9.214E-01	9.214E-01	82.000	68	67	68
AF-N8VSH4-F1-model_v4_conserved	AF-W1JB67-F1-model_v6_conserved	8.939E-01	8.704E-01	8.704E-01	64.100	68	67	68
AF-W1JB67-F1-model_v6_conserved	AF-W1JB67-F1-model_v6_conserved	1.015E+00	1.000E+00	1.000E+00	100.000	68	68	68
AF-W1JB67-F1-model_v6_conserved	Q07448_conserved	9.600E-01	9.332E-01	9.332E-01	85.000	68	67	68
AF-W1JB67-F1-model_v6_conserved	Q0ZKF0_conserved	9.319E-01	9.191E-01	9.191E-01	60.200	68	68	68
AF-W1JB67-F1-model_v6_conserved	ANT9-Ic_conserved	9.298E-01	9.044E-01	9.044E-01	70.100	68	67	68
AF-W1JB67-F1-model_v6_conserved	Q766G9_conserved	9.302E-01	9.050E-01	9.050E-01	64.100	68	67	68
AF-W1JB67-F1-model_v6_conserved	Q0PWM6_conserved	9.219E-01	8.971E-01	9.093E-01	64.100	68	67	67
AF-W1JB67-F1-model_v6_conserved	Q6A150_conserved	9.215E-01	8.967E-01	9.089E-01	64.100	68	67	67
AF-W1JB67-F1-model_v6_conserved	Q08GN0_conserved	9.232E-01	8.984E-01	8.984E-01	64.100	68	67	68
AF-W1JB67-F1-model_v6_conserved	Q8GL59_conserved	9.228E-01	8.980E-01	8.980E-01	64.100	68	67	68
AF-W1JB67-F1-model_v6_conserved	Q7BQ67_conserved	9.174E-01	8.928E-01	9.049E-01	64.100	68	67	67
AF-W1JB67-F1-model_v6_conserved	Q4GY15_conserved	9.099E-01	8.977E-01	8.977E-01	64.700	68	68	68
AF-W1JB67-F1-model_v6_conserved	AF-A0A547E8L3-F1-model_v4_conserved	9.077E-01	8.972E-01	8.972E-01	64.700	68	68	68
AF-W1JB67-F1-model_v6_conserved	Q79IE6_conserved	9.208E-01	8.961E-01	8.961E-01	64.100	68	67	68
AF-W1JB67-F1-model_v6_conserved	Q27JL8_conserved	9.195E-01	8.948E-01	8.948E-01	64.100	68	67	68
AF-W1JB67-F1-model_v6_conserved	Q5UNL3_conserved	9.061E-01	8.940E-01	8.940E-01	64.700	68	68	68
AF-W1JB67-F1-model_v6_conserved	P0AG05_conserved	9.194E-01	8.948E-01	8.948E-01	64.100	68	67	68
AF-W1JB67-F1-model_v6_conserved	O70042_conserved	9.063E-01	8.942E-01	8.942E-01	64.700	68	68	68
AF-W1JB67-F1-model_v6_conserved	B7U9E7_conserved	9.186E-01	8.939E-01	8.939E-01	64.100	68	67	68
AF-W1JB67-F1-model_v6_conserved	A8VR99_conserved	9.048E-01	8.928E-01	8.928E-01	64.700	68	68	68
AF-W1JB67-F1-model_v6_conserved	P0A0D2_conserved	9.160E-01	8.915E-01	8.915E-01	79.100	68	67	68
AF-W1JB67-F1-model_v6_conserved	Q8VL12_conserved	9.113E-01	8.870E-01	8.870E-01	62.600	68	67	68
AF-W1JB67-F1-model_v6_conserved	Q8GCH1_conserved	8.939E-01	8.821E-01	8.821E-01	64.700	68	68	68
AF-W1JB67-F1-model_v6_conserved	A0A5C2PME2_conserved	9.066E-01	8.825E-01	8.825E-01	71.600	68	67	68
AF-W1JB67-F1-model_v6_conserved	Q2A799_conserved	9.038E-01	8.799E-01	8.799E-01	59.700	68	67	68
AF-W1JB67-F1-model_v6_conserved	Q8G8F9_conserved	9.051E-01	8.812E-01	8.812E-01	61.100	68	67	68
AF-W1JB67-F1-model_v6_conserved	Q9R3A9_conserved	9.053E-01	8.814E-01	8.814E-01	64.100	68	67	68
AF-W1JB67-F1-model_v6_conserved	Q9RGC2_conserved	9.024E-01	8.786E-01	8.786E-01	59.700	68	67	68
AF-W1JB67-F1-model_v6_conserved	Q8GKX3_conserved	9.013E-01	8.776E-01	8.776E-01	59.700	68	67	68
AF-W1JB67-F1-model_v6_conserved	A0A1C7ZQH8_conserved	8.987E-01	8.749E-01	8.749E-01	64.100	68	67	68
AF-W1JB67-F1-model_v6_conserved	B3V3X6_conserved	8.973E-01	8.738E-01	8.738E-01	61.100	68	67	68
AF-W1JB67-F1-model_v6_conserved	N8W714_conserved	8.937E-01	8.701E-01	8.701E-01	61.100	68	67	68
AF-W1JB67-F1-model_v6_conserved	AF-N8VSH4-F1-model_v4_conserved	8.939E-01	8.704E-01	8.704E-01	64.100	68	67	68
AF-W1JB67-F1-model_v6_conserved	Q5DUB9_conserved	8.930E-01	8.696E-01	8.696E-01	61.100	68	67	68
ANT9-Ic_conserved	ANT9-Ic_conserved	1.015E+00	1.000E+00	1.000E+00	100.000	68	68	68
ANT9-Ic_conserved	Q07448_conserved	9.726E-01	9.451E-01	9.451E-01	67.100	68	67	68
ANT9-Ic_conserved	Q0PWM6_conserved	9.645E-01	9.374E-01	9.508E-01	68.600	68	67	67
ANT9-Ic_conserved	Q6A150_conserved	9.636E-01	9.366E-01	9.499E-01	68.600	68	67	67
ANT9-Ic_conserved	A0A1C7ZQH8_conserved	9.670E-01	9.399E-01	9.399E-01	68.600	68	67	68
ANT9-Ic_conserved	Q08GN0_conserved	9.652E-01	9.381E-01	9.381E-01	68.600	68	67	68
ANT9-Ic_conserved	Q7BQ67_conserved	9.600E-01	9.332E-01	9.464E-01	68.600	68	67	67
ANT9-Ic_conserved	Q79IE6_conserved	9.635E-01	9.365E-01	9.365E-01	68.600	68	67	68
ANT9-Ic_conserved	AF-N8VSH4-F1-model_v4_conserved	9.649E-01	9.379E-01	9.379E-01	68.600	68	67	68
ANT9-Ic_conserved	A0A5C2PME2_conserved	9.624E-01	9.354E-01	9.354E-01	83.500	68	67	68
ANT9-Ic_conserved	Q4GY15_conserved	9.631E-01	9.361E-01	9.361E-01	68.600	68	67	68
ANT9-Ic_conserved	Q8GL59_conserved	9.629E-01	9.359E-01	9.359E-01	68.600	68	67	68
ANT9-Ic_conserved	AF-A0A547E8L3-F1-model_v4_conserved	9.626E-01	9.356E-01	9.356E-01	68.600	68	67	68
ANT9-Ic_conserved	P0AG05_conserved	9.624E-01	9.355E-01	9.355E-01	68.600	68	67	68
ANT9-Ic_conserved	P0A0D2_conserved	9.631E-01	9.362E-01	9.362E-01	80.500	68	67	68
ANT9-Ic_conserved	Q27JL8_conserved	9.619E-01	9.350E-01	9.350E-01	68.600	68	67	68
ANT9-Ic_conserved	O70042_conserved	9.616E-01	9.347E-01	9.347E-01	68.600	68	67	68
ANT9-Ic_conserved	Q5UNL3_conserved	9.615E-01	9.346E-01	9.346E-01	68.600	68	67	68
ANT9-Ic_conserved	A8VR99_conserved	9.611E-01	9.343E-01	9.343E-01	68.600	68	67	68
ANT9-Ic_conserved	Q0ZKF0_conserved	9.606E-01	9.337E-01	9.337E-01	67.100	68	67	68
ANT9-Ic_conserved	B7U9E7_conserved	9.610E-01	9.341E-01	9.341E-01	68.600	68	67	68
ANT9-Ic_conserved	Q766G9_conserved	9.494E-01	9.362E-01	9.362E-01	72.000	68	68	68
ANT9-Ic_conserved	N8W714_conserved	9.604E-01	9.337E-01	9.337E-01	65.600	68	67	68
ANT9-Ic_conserved	Q9R3A9_conserved	9.434E-01	9.304E-01	9.304E-01	69.100	68	68	68
ANT9-Ic_conserved	Q8VL12_conserved	9.419E-01	9.289E-01	9.289E-01	70.500	68	68	68
ANT9-Ic_conserved	Q8G8F9_conserved	9.415E-01	9.285E-01	9.285E-01	69.100	68	68	68
ANT9-Ic_conserved	Q8GCH1_conserved	9.518E-01	9.255E-01	9.255E-01	67.100	68	67	68
ANT9-Ic_conserved	Q2A799_conserved	9.462E-01	9.202E-01	9.202E-01	67.100	68	67	68
ANT9-Ic_conserved	Q8GKX3_conserved	9.463E-01	9.203E-01	9.203E-01	67.100	68	67	68
ANT9-Ic_conserved	Q9RGC2_conserved	9.448E-01	9.189E-01	9.189E-01	67.100	68	67	68
ANT9-Ic_conserved	B3V3X6_conserved	9.432E-01	9.174E-01	9.174E-01	68.600	68	67	68
ANT9-Ic_conserved	Q5DUB9_conserved	9.426E-01	9.168E-01	9.168E-01	65.600	68	67	68
ANT9-Ic_conserved	AF-W1JB67-F1-model_v6_conserved	9.298E-01	9.044E-01	9.044E-01	70.100	68	67	68
B3V3X6_conserved	B3V3X6_conserved	1.015E+00	1.000E+00	1.000E+00	100.000	68	68	68
B3V3X6_conserved	Q8GKX3_conserved	1.009E+00	9.947E-01	9.947E-01	95.500	68	68	68
B3V3X6_conserved	Q9RGC2_conserved	1.008E+00	9.934E-01	9.934E-01	95.500	68	68	68
B3V3X6_conserved	Q2A799_conserved	1.007E+00	9.928E-01	9.928E-01	95.500	68	68	68
B3V3X6_conserved	Q8VL12_conserved	1.003E+00	9.888E-01	9.888E-01	98.500	68	68	68
B3V3X6_conserved	Q5DUB9_conserved	9.948E-01	9.803E-01	9.803E-01	88.200	68	68	68
B3V3X6_conserved	Q7BQ67_conserved	1.002E+00	9.732E-01	9.876E-01	97.000	68	67	67
B3V3X6_conserved	Q6A150_conserved	1.001E+00	9.723E-01	9.866E-01	97.000	68	67	67
B3V3X6_conserved	Q9R3A9_conserved	9.899E-01	9.774E-01	9.774E-01	94.100	68	68	68
B3V3X6_conserved	Q0PWM6_conserved	1.000E+00	9.712E-01	9.855E-01	97.000	68	67	67
B3V3X6_conserved	Q8G8F9_conserved	1.005E+00	9.757E-01	9.757E-01	94.000	68	67	68
B3V3X6_conserved	B7U9E7_conserved	9.919E-01	9.775E-01	9.775E-01	97.000	68	68	68
B3V3X6_conserved	A8VR99_conserved	9.915E-01	9.772E-01	9.772E-01	97.000	68	68	68
B3V3X6_conserved	O70042_conserved	9.913E-01	9.770E-01	9.770E-01	97.000	68	68	68
B3V3X6_conserved	Q5UNL3_conserved	9.905E-01	9.762E-01	9.762E-01	97.000	68	68	68
B3V3X6_conserved	Q4GY15_conserved	9.902E-01	9.759E-01	9.759E-01	97.000	68	68	68
B3V3X6_conserved	Q08GN0_conserved	9.900E-01	9.757E-01	9.757E-01	97.000	68	68	68
B3V3X6_conserved	Q27JL8_conserved	9.899E-01	9.756E-01	9.756E-01	97.000	68	68	68
B3V3X6_conserved	Q79IE6_conserved	9.896E-01	9.753E-01	9.753E-01	97.000	68	68	68
B3V3X6_conserved	Q8GL59_conserved	9.891E-01	9.748E-01	9.748E-01	97.000	68	68	68
B3V3X6_conserved	AF-A0A547E8L3-F1-model_v4_conserved	9.887E-01	9.744E-01	9.744E-01	97.000	68	68	68
B3V3X6_conserved	Q8GCH1_conserved	9.885E-01	9.742E-01	9.742E-01	95.500	68	68	68
B3V3X6_conserved	Q766G9_conserved	9.877E-01	9.735E-01	9.735E-01	97.000	68	68	68
B3V3X6_conserved	P0AG05_conserved	9.855E-01	9.714E-01	9.714E-01	97.000	68	68	68
B3V3X6_conserved	Q0ZKF0_conserved	9.658E-01	9.522E-01	9.522E-01	92.600	68	68	68
B3V3X6_conserved	P0A0D2_conserved	9.648E-01	9.511E-01	9.511E-01	79.400	68	68	68
B3V3X6_conserved	A0A1C7ZQH8_conserved	9.701E-01	9.428E-01	9.428E-01	83.500	68	67	68
B3V3X6_conserved	AF-N8VSH4-F1-model_v4_conserved	9.696E-01	9.423E-01	9.423E-01	83.500	68	67	68
B3V3X6_conserved	Q07448_conserved	9.683E-01	9.412E-01	9.412E-01	62.600	68	67	68
B3V3X6_conserved	N8W714_conserved	9.622E-01	9.353E-01	9.353E-01	79.100	68	67	68
B3V3X6_conserved	A0A5C2PME2_conserved	9.465E-01	9.334E-01	9.334E-01	76.400	68	68	68
B3V3X6_conserved	ANT9-Ic_conserved	9.432E-01	9.174E-01	9.174E-01	68.600	68	67	68
B3V3X6_conserved	AF-W1JB67-F1-model_v6_conserved	8.973E-01	8.738E-01	8.738E-01	61.100	68	67	68
B7U9E7_conserved	B7U9E7_conserved	1.015E+00	1.000E+00	1.000E+00	100.000	68	68	68
B7U9E7_conserved	Q5UNL3_conserved	1.014E+00	9.991E-01	9.991E-01	100.000	68	68	68
B7U9E7_conserved	Q08GN0_conserved	1.014E+00	9.988E-01	9.988E-01	100.000	68	68	68
B7U9E7_conserved	Q8GL59_conserved	1.013E+00	9.985E-01	9.985E-01	100.000	68	68	68
B7U9E7_conserved	Q79IE6_conserved	1.013E+00	9.984E-01	9.984E-01	100.000	68	68	68
B7U9E7_conserved	O70042_conserved	1.013E+00	9.984E-01	9.984E-01	100.000	68	68	68
B7U9E7_conserved	Q4GY15_conserved	1.013E+00	9.984E-01	9.984E-01	100.000	68	68	68
B7U9E7_conserved	Q27JL8_conserved	1.013E+00	9.983E-01	9.983E-01	100.000	68	68	68
B7U9E7_conserved	AF-A0A547E8L3-F1-model_v4_conserved	1.013E+00	9.981E-01	9.981E-01	100.000	68	68	68
B7U9E7_conserved	A8VR99_conserved	1.012E+00	9.970E-01	9.970E-01	100.000	68	68	68
B7U9E7_conserved	Q0PWM6_conserved	1.014E+00	9.843E-01	9.989E-01	100.000	68	67	67
B7U9E7_conserved	P0AG05_conserved	1.009E+00	9.944E-01	9.944E-01	100.000	68	68	68
B7U9E7_conserved	Q6A150_conserved	1.014E+00	9.842E-01	9.989E-01	100.000	68	67	67
B7U9E7_conserved	Q7BQ67_conserved	1.014E+00	9.841E-01	9.987E-01	100.000	68	67	67
B7U9E7_conserved	Q8GCH1_conserved	1.004E+00	9.890E-01	9.890E-01	98.500	68	68	68
B7U9E7_conserved	Q8VL12_conserved	9.971E-01	9.825E-01	9.825E-01	98.500	68	68	68
B7U9E7_conserved	Q766G9_conserved	1.007E+00	9.777E-01	9.777E-01	97.000	68	67	68
B7U9E7_conserved	Q8GKX3_conserved	9.929E-01	9.785E-01	9.785E-01	95.500	68	68	68
B7U9E7_conserved	B3V3X6_conserved	9.919E-01	9.775E-01	9.775E-01	97.000	68	68	68
B7U9E7_conserved	Q9RGC2_conserved	9.913E-01	9.769E-01	9.769E-01	95.500	68	68	68
B7U9E7_conserved	Q2A799_conserved	9.912E-01	9.768E-01	9.768E-01	95.500	68	68	68
B7U9E7_conserved	Q9R3A9_conserved	1.002E+00	9.729E-01	9.729E-01	94.000	68	67	68
B7U9E7_conserved	Q8G8F9_conserved	1.002E+00	9.728E-01	9.728E-01	94.000	68	67	68
B7U9E7_conserved	Q0ZKF0_conserved	9.906E-01	9.764E-01	9.764E-01	92.600	68	68	68
B7U9E7_conserved	Q5DUB9_conserved	9.961E-01	9.674E-01	9.674E-01	91.000	68	67	68
B7U9E7_conserved	Q07448_conserved	9.840E-01	9.560E-01	9.560E-01	62.600	68	67	68
B7U9E7_conserved	P0A0D2_conserved	9.771E-01	9.494E-01	9.494E-01	79.100	68	67	68
B7U9E7_conserved	A0A1C7ZQH8_conserved	9.704E-01	9.430E-01	9.430E-01	83.500	68	67	68
B7U9E7_conserved	AF-N8VSH4-F1-model_v4_conserved	9.694E-01	9.421E-01	9.421E-01	83.500	68	67	68
B7U9E7_conserved	N8W714_conserved	9.671E-01	9.399E-01	9.399E-01	79.100	68	67	68
B7U9E7_conserved	A0A5C2PME2_conserved	9.636E-01	9.367E-01	9.367E-01	76.100	68	67	68
B7U9E7_conserved	ANT9-Ic_conserved	9.610E-01	9.341E-01	9.341E-01	68.600	68	67	68
B7U9E7_conserved	AF-W1JB67-F1-model_v6_conserved	9.186E-01	8.939E-01	8.939E-01	64.100	68	67	68
N8W714_conserved	N8W714_conserved	1.015E+00	1.000E+00	1.000E+00	100.000	68	68	68
N8W714_conserved	AF-N8VSH4-F1-model_v4_conserved	1.004E+00	9.894E-01	9.894E-01	95.500	68	68	68
N8W714_conserved	A0A1C7ZQH8_conserved	1.003E+00	9.882E-01	9.882E-01	95.500	68	68	68
N8W714_conserved	Q6A150_conserved	9.688E-01	9.415E-01	9.549E-01	79.100	68	67	67
N8W714_conserved	Q0PWM6_conserved	9.686E-01	9.413E-01	9.547E-01	79.100	68	67	67
N8W714_conserved	Q7BQ67_conserved	9.685E-01	9.412E-01	9.547E-01	79.100	68	67	67
N8W714_conserved	P0A0D2_conserved	9.721E-01	9.446E-01	9.446E-01	79.100	68	67	68
N8W714_conserved	Q766G9_conserved	9.716E-01	9.442E-01	9.442E-01	79.100	68	67	68
N8W714_conserved	P0AG05_conserved	9.705E-01	9.432E-01	9.432E-01	79.100	68	67	68
N8W714_conserved	Q27JL8_conserved	9.700E-01	9.427E-01	9.427E-01	79.100	68	67	68
N8W714_conserved	Q79IE6_conserved	9.695E-01	9.421E-01	9.421E-01	79.100	68	67	68
N8W714_conserved	AF-A0A547E8L3-F1-model_v4_conserved	9.692E-01	9.419E-01	9.419E-01	79.100	68	67	68
N8W714_conserved	Q5UNL3_conserved	9.687E-01	9.414E-01	9.414E-01	79.100	68	67	68
N8W714_conserved	Q8VL12_conserved	9.689E-01	9.416E-01	9.416E-01	80.500	68	67	68
N8W714_conserved	Q4GY15_conserved	9.678E-01	9.406E-01	9.406E-01	79.100	68	67	68
N8W714_conserved	Q08GN0_conserved	9.677E-01	9.405E-01	9.405E-01	79.100	68	67	68
N8W714_conserved	A8VR99_conserved	9.670E-01	9.398E-01	9.398E-01	79.100	68	67	68
N8W714_conserved	Q8GL59_conserved	9.671E-01	9.399E-01	9.399E-01	79.100	68	67	68
N8W714_conserved	B7U9E7_conserved	9.671E-01	9.399E-01	9.399E-01	79.100	68	67	68
N8W714_conserved	O70042_conserved	9.669E-01	9.397E-01	9.397E-01	79.100	68	67	68
N8W714_conserved	A0A5C2PME2_conserved	9.609E-01	9.339E-01	9.339E-01	71.600	68	67	68
N8W714_conserved	B3V3X6_conserved	9.622E-01	9.353E-01	9.353E-01	79.100	68	67	68
N8W714_conserved	Q8GKX3_conserved	9.615E-01	9.346E-01	9.346E-01	77.600	68	67	68
N8W714_conserved	ANT9-Ic_conserved	9.604E-01	9.337E-01	9.337E-01	65.600	68	67	68
N8W714_conserved	Q2A799_conserved	9.593E-01	9.326E-01	9.326E-01	77.600	68	67	68
N8W714_conserved	Q9R3A9_conserved	9.597E-01	9.329E-01	9.329E-01	82.000	68	67	68
N8W714_conserved	Q9RGC2_conserved	9.570E-01	9.304E-01	9.304E-01	77.600	68	67	68
N8W714_conserved	Q07448_conserved	9.575E-01	9.308E-01	9.308E-01	65.600	68	67	68
N8W714_conserved	Q8G8F9_conserved	9.564E-01	9.298E-01	9.298E-01	82.000	68	67	68
N8W714_conserved	Q8GCH1_conserved	9.534E-01	9.268E-01	9.268E-01	77.600	68	67	68
N8W714_conserved	Q5DUB9_conserved	9.507E-01	9.244E-01	9.244E-01	77.600	68	67	68
N8W714_conserved	Q0ZKF0_conserved	9.455E-01	9.195E-01	9.195E-01	77.600	68	67	68
N8W714_conserved	AF-W1JB67-F1-model_v6_conserved	8.937E-01	8.701E-01	8.701E-01	61.100	68	67	68
O70042_conserved	O70042_conserved	1.015E+00	1.000E+00	1.000E+00	100.000	68	68	68
O70042_conserved	Q4GY15_conserved	1.014E+00	9.995E-01	9.995E-01	100.000	68	68	68
O70042_conserved	Q8GL59_conserved	1.014E+00	9.993E-01	9.993E-01	100.000	68	68	68
O70042_conserved	AF-A0A547E8L3-F1-model_v4_conserved	1.014E+00	9.989E-01	9.989E-01	100.000	68	68	68
O70042_conserved	B7U9E7_conserved	1.013E+00	9.984E-01	9.984E-01	100.000	68	68	68
O70042_conserved	Q08GN0_conserved	1.013E+00	9.983E-01	9.983E-01	100.000	68	68	68
O70042_conserved	A8VR99_conserved	1.012E+00	9.976E-01	9.976E-01	100.000	68	68	68
O70042_conserved	Q5UNL3_conserved	1.012E+00	9.974E-01	9.974E-01	100.000	68	68	68
O70042_conserved	Q79IE6_conserved	1.012E+00	9.973E-01	9.973E-01	100.000	68	68	68
O70042_conserved	Q27JL8_conserved	1.012E+00	9.970E-01	9.970E-01	100.000	68	68	68
O70042_conserved	Q7BQ67_conserved	1.014E+00	9.842E-01	9.989E-01	100.000	68	67	67
O70042_conserved	P0AG05_conserved	1.009E+00	9.940E-01	9.940E-01	100.000	68	68	68
O70042_conserved	Q6A150_conserved	1.013E+00	9.833E-01	9.979E-01	100.000	68	67	67
O70042_conserved	Q0PWM6_conserved	1.013E+00	9.832E-01	9.978E-01	100.000	68	67	67
O70042_conserved	Q8GCH1_conserved	1.003E+00	9.887E-01	9.887E-01	98.500	68	68	68
O70042_conserved	Q8VL12_conserved	9.972E-01	9.827E-01	9.827E-01	98.500	68	68	68
O70042_conserved	Q766G9_conserved	1.007E+00	9.776E-01	9.776E-01	97.000	68	67	68
O70042_conserved	Q8GKX3_conserved	9.928E-01	9.785E-01	9.785E-01	95.500	68	68	68
O70042_conserved	B3V3X6_conserved	9.913E-01	9.770E-01	9.770E-01	97.000	68	68	68
O70042_conserved	Q9RGC2_conserved	9.912E-01	9.769E-01	9.769E-01	95.500	68	68	68
O70042_conserved	Q9R3A9_conserved	1.004E+00	9.744E-01	9.744E-01	94.000	68	67	68
O70042_conserved	Q2A799_conserved	9.909E-01	9.766E-01	9.766E-01	95.500	68	68	68
O70042_conserved	Q8G8F9_conserved	1.003E+00	9.735E-01	9.735E-01	94.000	68	67	68
O70042_conserved	Q0ZKF0_conserved	9.925E-01	9.782E-01	9.782E-01	92.600	68	68	68
O70042_conserved	Q5DUB9_conserved	9.963E-01	9.676E-01	9.676E-01	91.000	68	67	68
O70042_conserved	Q07448_conserved	9.843E-01	9.562E-01	9.562E-01	62.600	68	67	68
O70042_conserved	P0A0D2_conserved	9.784E-01	9.506E-01	9.506E-01	79.100	68	67	68
O70042_conserved	A0A1C7ZQH8_conserved	9.713E-01	9.439E-01	9.439E-01	83.500	68	67	68
O70042_conserved	AF-N8VSH4-F1-model_v4_conserved	9.711E-01	9.437E-01	9.437E-01	83.500	68	67	68
O70042_conserved	N8W714_conserved	9.669E-01	9.397E-01	9.397E-01	79.100	68	67	68
O70042_conserved	A0A5C2PME2_conserved	9.631E-01	9.362E-01	9.362E-01	76.100	68	67	68
O70042_conserved	ANT9-Ic_conserved	9.616E-01	9.347E-01	9.347E-01	68.600	68	67	68
O70042_conserved	AF-W1JB67-F1-model_v6_conserved	9.063E-01	8.942E-01	8.942E-01	64.700	68	68	68
P0AG05_conserved	P0AG05_conserved	1.015E+00	1.000E+00	1.000E+00	100.000	68	68	68
P0AG05_conserved	Q27JL8_conserved	1.012E+00	9.970E-01	9.970E-01	100.000	68	68	68
P0AG05_conserved	Q79IE6_conserved	1.012E+00	9.970E-01	9.970E-01	100.000	68	68	68
P0AG05_conserved	Q08GN0_conserved	1.011E+00	9.963E-01	9.963E-01	100.000	68	68	68
P0AG05_conserved	AF-A0A547E8L3-F1-model_v4_conserved	1.011E+00	9.960E-01	9.960E-01	100.000	68	68	68
P0AG05_conserved	Q5UNL3_conserved	1.011E+00	9.959E-01	9.959E-01	100.000	68	68	68
P0AG05_conserved	Q8GL59_conserved	1.010E+00	9.953E-01	9.953E-01	100.000	68	68	68
P0AG05_conserved	Q4GY15_conserved	1.010E+00	9.950E-01	9.950E-01	100.000	68	68	68
P0AG05_conserved	A8VR99_conserved	1.010E+00	9.948E-01	9.948E-01	100.000	68	68	68
P0AG05_conserved	B7U9E7_conserved	1.009E+00	9.944E-01	9.944E-01	100.000	68	68	68
P0AG05_conserved	O70042_conserved	1.009E+00	9.940E-01	9.940E-01	100.000	68	68	68
P0AG05_conserved	Q0PWM6_conserved	1.012E+00	9.821E-01	9.967E-01	100.000	68	67	67
P0AG05_conserved	Q6A150_conserved	1.012E+00	9.820E-01	9.966E-01	100.000	68	67	67
P0AG05_conserved	Q7BQ67_conserved	1.010E+00	9.806E-01	9.951E-01	100.000	68	67	67
P0AG05_conserved	Q8GCH1_conserved	9.986E-01	9.841E-01	9.841E-01	98.500	68	68	68
P0AG05_conserved	Q766G9_conserved	1.008E+00	9.787E-01	9.787E-01	97.000	68	67	68
P0AG05_conserved	Q8VL12_conserved	9.924E-01	9.780E-01	9.780E-01	98.500	68	68	68
P0AG05_conserved	Q0ZKF0_conserved	9.943E-01	9.800E-01	9.800E-01	92.600	68	68	68
P0AG05_conserved	Q8GKX3_conserved	9.873E-01	9.731E-01	9.731E-01	95.500	68	68	68
P0AG05_conserved	Q2A799_conserved	9.869E-01	9.727E-01	9.727E-01	95.500	68	68	68
P0AG05_conserved	B3V3X6_conserved	9.855E-01	9.714E-01	9.714E-01	97.000	68	68	68
P0AG05_conserved	Q9RGC2_conserved	9.854E-01	9.712E-01	9.712E-01	95.500	68	68	68
P0AG05_conserved	Q9R3A9_conserved	9.971E-01	9.683E-01	9.683E-01	94.000	68	67	68
P0AG05_conserved	Q8G8F9_conserved	9.966E-01	9.678E-01	9.678E-01	94.000	68	67	68
P0AG05_conserved	Q5DUB9_conserved	9.888E-01	9.605E-01	9.605E-01	91.000	68	67	68
P0AG05_conserved	Q07448_conserved	9.871E-01	9.589E-01	9.589E-01	62.600	68	67	68
P0AG05_conserved	P0A0D2_conserved	9.819E-01	9.539E-01	9.539E-01	79.100	68	67	68
P0AG05_conserved	A0A1C7ZQH8_conserved	9.706E-01	9.433E-01	9.433E-01	83.500	68	67	68
P0AG05_conserved	N8W714_conserved	9.705E-01	9.432E-01	9.432E-01	79.100	68	67	68
P0AG05_conserved	AF-N8VSH4-F1-model_v4_conserved	9.704E-01	9.431E-01	9.431E-01	83.500	68	67	68
P0AG05_conserved	A0A5C2PME2_conserved	9.643E-01	9.373E-01	9.373E-01	76.100	68	67	68
P0AG05_conserved	ANT9-Ic_conserved	9.624E-01	9.355E-01	9.355E-01	68.600	68	67	68
P0AG05_conserved	AF-W1JB67-F1-model_v6_conserved	9.194E-01	8.948E-01	8.948E-01	64.100	68	67	68
