D8L9Z0_Q50_lddt	D8L9Z0_Q50_lddt	1.007E+00	1.000E+00	1.000E+00	100.000	150	150	150
D8L9Z0_Q50_lddt	V9Z7M4_Q50_lddt	9.941E-01	9.875E-01	9.875E-01	63.300	150	150	150
D8L9Z0_Q50_lddt	P17585_Q50_lddt	9.917E-01	9.787E-01	9.787E-01	60.000	150	150	150
D8L9Z0_Q50_lddt	Q66RP0_Q50_lddt	9.986E-01	8.730E-01	9.837E-01	68.900	150	132	133
D8L9Z0_Q50_lddt	Q03636_Q50_lddt	9.352E-01	8.942E-01	9.291E-01	28.300	150	148	144
P17585_Q50_lddt	P17585_Q50_lddt	1.007E+00	1.000E+00	1.000E+00	100.000	150	150	150
P17585_Q50_lddt	V9Z7M4_Q50_lddt	9.946E-01	9.815E-01	9.815E-01	60.000	150	150	150
P17585_Q50_lddt	D8L9Z0_Q50_lddt	9.917E-01	9.787E-01	9.787E-01	60.000	150	150	150
P17585_Q50_lddt	Q66RP0_Q50_lddt	9.965E-01	8.713E-01	9.817E-01	61.600	150	133	133
P17585_Q50_lddt	Q03636_Q50_lddt	9.515E-01	9.087E-01	9.452E-01	31.000	150	148	144
Q03636_Q50_lddt	Q03636_Q50_lddt	1.007E+00	1.000E+00	1.000E+00	100.000	144	144	144
Q03636_Q50_lddt	V9Z7M4_Q50_lddt	9.552E-01	9.489E-01	9.125E-01	28.300	144	148	150
Q03636_Q50_lddt	P17585_Q50_lddt	9.515E-01	9.452E-01	9.087E-01	31.000	144	148	150
Q03636_Q50_lddt	D8L9Z0_Q50_lddt	9.352E-01	9.291E-01	8.942E-01	28.300	144	148	150
Q03636_Q50_lddt	Q66RP0_Q50_lddt	9.700E-01	8.588E-01	9.276E-01	31.000	144	132	133
Q66RP0_Q50_lddt	Q66RP0_Q50_lddt	1.008E+00	1.000E+00	1.000E+00	100.000	133	133	133
Q66RP0_Q50_lddt	V9Z7M4_Q50_lddt	1.006E+00	9.904E-01	8.784E-01	83.300	133	132	150
Q66RP0_Q50_lddt	D8L9Z0_Q50_lddt	9.986E-01	9.837E-01	8.730E-01	68.900	133	132	150
Q66RP0_Q50_lddt	P17585_Q50_lddt	9.965E-01	9.817E-01	8.713E-01	61.600	133	133	150
Q66RP0_Q50_lddt	Q03636_Q50_lddt	9.700E-01	9.276E-01	8.588E-01	31.000	133	132	144
V9Z7M4_Q50_lddt	V9Z7M4_Q50_lddt	1.007E+00	1.000E+00	1.000E+00	100.000	150	150	150
V9Z7M4_Q50_lddt	D8L9Z0_Q50_lddt	9.941E-01	9.875E-01	9.875E-01	63.300	150	150	150
V9Z7M4_Q50_lddt	P17585_Q50_lddt	9.946E-01	9.815E-01	9.815E-01	60.000	150	150	150
V9Z7M4_Q50_lddt	Q66RP0_Q50_lddt	1.006E+00	8.784E-01	9.904E-01	83.300	150	132	133
V9Z7M4_Q50_lddt	Q03636_Q50_lddt	9.552E-01	9.125E-01	9.489E-01	28.300	150	148	144
