A0JE50_conserved	A0JE50_conserved	1.010E+00	1.000E+00	1.000E+00	100.000	97	97	97
A0JE50_conserved	Q0ZNJ3_conserved	9.749E-01	9.554E-01	9.554E-01	72.900	97	96	97
A0JE50_conserved	P18150_conserved	9.772E-01	9.576E-01	9.481E-01	76.000	97	96	98
A0JE50_conserved	AF-Q8GRG4-F1-model_v6_conserved	9.284E-01	9.105E-01	8.932E-01	51.000	97	96	99
A0JE50_conserved	Q51418_conserved	9.243E-01	9.065E-01	8.893E-01	55.200	97	96	99
A0JE50_conserved	Q9F9M5_conserved	9.089E-01	9.003E-01	8.835E-01	61.600	97	99	99
A0JE50_conserved	Q6MXT4_conserved	9.077E-01	8.905E-01	8.739E-01	54.100	97	96	99
A0JE50_conserved	E5LCR3_conserved	9.051E-01	8.879E-01	8.713E-01	60.400	97	96	99
A0JE50_conserved	Q53558_conserved	8.992E-01	8.821E-01	8.738E-01	63.500	97	96	98
A0JE50_conserved	P00553_conserved	8.901E-01	8.817E-01	8.654E-01	53.500	97	99	99
A0JE50_conserved	P00555_conserved	8.963E-01	8.793E-01	8.630E-01	63.500	97	96	99
A0JE50_conserved	P14509_conserved	8.917E-01	8.748E-01	8.586E-01	53.100	97	96	99
A0JE50_conserved	P13250_conserved	8.822E-01	8.575E-01	8.575E-01	64.500	97	96	97
A0JE50_conserved	P00552_conserved	8.755E-01	8.593E-01	8.437E-01	57.200	97	96	99
A0JE50_conserved	N8ZRE3_conserved	8.503E-01	8.347E-01	8.197E-01	36.400	97	96	99
A0JE50_conserved	P09885_conserved	8.399E-01	8.323E-01	8.175E-01	34.300	97	99	99
A0JE50_conserved	P14508_conserved	8.463E-01	8.232E-01	8.232E-01	36.400	97	96	97
A0JE50_conserved	Q4A4J8_conserved	8.328E-01	8.252E-01	8.105E-01	35.000	97	100	99
A0JE50_conserved	AF-A0A416RJZ9-F1-model_v4_conserved	8.335E-01	8.259E-01	8.113E-01	40.400	97	99	99
A0JE50_conserved	S3N4B0_conserved	8.323E-01	8.248E-01	8.101E-01	36.300	97	99	99
AF-A0A416RJZ9-F1-model_v4_conserved	AF-A0A416RJZ9-F1-model_v4_conserved	1.010E+00	1.000E+00	1.000E+00	100.000	99	99	99
AF-A0A416RJZ9-F1-model_v4_conserved	P14508_conserved	9.869E-01	9.478E-01	9.670E-01	71.400	99	98	97
AF-A0A416RJZ9-F1-model_v4_conserved	Q4A4J8_conserved	9.440E-01	9.349E-01	9.349E-01	55.500	99	99	99
AF-A0A416RJZ9-F1-model_v4_conserved	P09885_conserved	9.412E-01	9.321E-01	9.321E-01	57.500	99	99	99
AF-A0A416RJZ9-F1-model_v4_conserved	N8ZRE3_conserved	9.406E-01	9.316E-01	9.316E-01	60.600	99	99	99
AF-A0A416RJZ9-F1-model_v4_conserved	S3N4B0_conserved	9.344E-01	9.254E-01	9.254E-01	57.500	99	99	99
AF-A0A416RJZ9-F1-model_v4_conserved	P00552_conserved	9.315E-01	9.139E-01	9.139E-01	54.000	99	98	99
AF-A0A416RJZ9-F1-model_v4_conserved	P00553_conserved	9.191E-01	9.105E-01	9.105E-01	61.600	99	99	99
AF-A0A416RJZ9-F1-model_v4_conserved	E5LCR3_conserved	9.258E-01	9.084E-01	9.084E-01	53.000	99	98	99
AF-A0A416RJZ9-F1-model_v4_conserved	Q9F9M5_conserved	9.215E-01	9.042E-01	9.042E-01	47.900	99	98	99
AF-A0A416RJZ9-F1-model_v4_conserved	P00555_conserved	9.113E-01	9.033E-01	9.033E-01	52.500	99	99	99
AF-A0A416RJZ9-F1-model_v4_conserved	AF-Q8GRG4-F1-model_v6_conserved	9.129E-01	8.959E-01	8.959E-01	58.100	99	98	99
AF-A0A416RJZ9-F1-model_v4_conserved	Q6MXT4_conserved	9.114E-01	8.944E-01	8.944E-01	50.000	99	98	99
AF-A0A416RJZ9-F1-model_v4_conserved	Q53558_conserved	9.066E-01	8.897E-01	8.981E-01	50.000	99	98	98
AF-A0A416RJZ9-F1-model_v4_conserved	P13250_conserved	9.090E-01	8.835E-01	9.003E-01	48.900	99	98	97
AF-A0A416RJZ9-F1-model_v4_conserved	Q51418_conserved	9.060E-01	8.892E-01	8.892E-01	55.100	99	98	99
AF-A0A416RJZ9-F1-model_v4_conserved	P14509_conserved	8.932E-01	8.766E-01	8.766E-01	46.900	99	98	99
AF-A0A416RJZ9-F1-model_v4_conserved	P18150_conserved	8.727E-01	8.490E-01	8.568E-01	45.900	99	98	98
AF-A0A416RJZ9-F1-model_v4_conserved	Q0ZNJ3_conserved	8.618E-01	8.384E-01	8.539E-01	41.200	99	97	97
AF-A0A416RJZ9-F1-model_v4_conserved	A0JE50_conserved	8.335E-01	8.113E-01	8.259E-01	40.400	99	99	97
AF-Q8GRG4-F1-model_v6_conserved	AF-Q8GRG4-F1-model_v6_conserved	1.010E+00	1.000E+00	1.000E+00	100.000	99	99	99
AF-Q8GRG4-F1-model_v6_conserved	Q6MXT4_conserved	9.830E-01	9.636E-01	9.636E-01	68.300	99	98	99
AF-Q8GRG4-F1-model_v6_conserved	Q51418_conserved	9.727E-01	9.631E-01	9.631E-01	72.700	99	99	99
AF-Q8GRG4-F1-model_v6_conserved	Q9F9M5_conserved	9.801E-01	9.608E-01	9.608E-01	67.300	99	98	99
AF-Q8GRG4-F1-model_v6_conserved	Q53558_conserved	9.705E-01	9.514E-01	9.608E-01	68.300	99	98	98
AF-Q8GRG4-F1-model_v6_conserved	P00555_conserved	9.721E-01	9.530E-01	9.530E-01	67.300	99	98	99
AF-Q8GRG4-F1-model_v6_conserved	E5LCR3_conserved	9.715E-01	9.524E-01	9.524E-01	73.400	99	98	99
AF-Q8GRG4-F1-model_v6_conserved	P00552_conserved	9.664E-01	9.475E-01	9.475E-01	72.400	99	98	99
AF-Q8GRG4-F1-model_v6_conserved	P14509_conserved	9.648E-01	9.459E-01	9.459E-01	62.200	99	98	99
AF-Q8GRG4-F1-model_v6_conserved	P13250_conserved	9.643E-01	9.360E-01	9.546E-01	68.300	99	98	97
AF-Q8GRG4-F1-model_v6_conserved	P00553_conserved	9.573E-01	9.387E-01	9.387E-01	65.300	99	98	99
AF-Q8GRG4-F1-model_v6_conserved	P18150_conserved	9.495E-01	9.311E-01	9.402E-01	57.500	99	99	98
AF-Q8GRG4-F1-model_v6_conserved	Q0ZNJ3_conserved	9.497E-01	9.222E-01	9.403E-01	51.500	99	97	97
AF-Q8GRG4-F1-model_v6_conserved	A0JE50_conserved	9.284E-01	8.932E-01	9.105E-01	51.000	99	96	97
AF-Q8GRG4-F1-model_v6_conserved	AF-A0A416RJZ9-F1-model_v4_conserved	9.129E-01	8.959E-01	8.959E-01	58.100	99	98	99
AF-Q8GRG4-F1-model_v6_conserved	P14508_conserved	9.163E-01	8.820E-01	8.988E-01	50.000	99	98	97
AF-Q8GRG4-F1-model_v6_conserved	N8ZRE3_conserved	9.072E-01	8.902E-01	8.902E-01	50.000	99	98	99
AF-Q8GRG4-F1-model_v6_conserved	P09885_conserved	9.012E-01	8.844E-01	8.844E-01	44.800	99	98	99
AF-Q8GRG4-F1-model_v6_conserved	Q4A4J8_conserved	8.976E-01	8.809E-01	8.809E-01	43.800	99	98	99
AF-Q8GRG4-F1-model_v6_conserved	S3N4B0_conserved	8.887E-01	8.723E-01	8.723E-01	45.900	99	98	99
E5LCR3_conserved	E5LCR3_conserved	1.010E+00	1.000E+00	1.000E+00	100.000	99	99	99
E5LCR3_conserved	P00552_conserved	9.812E-01	9.619E-01	9.619E-01	80.600	99	98	99
E5LCR3_conserved	Q51418_conserved	9.741E-01	9.550E-01	9.550E-01	81.600	99	98	99
E5LCR3_conserved	P00553_conserved	9.741E-01	9.550E-01	9.550E-01	65.300	99	98	99
E5LCR3_conserved	AF-Q8GRG4-F1-model_v6_conserved	9.715E-01	9.524E-01	9.524E-01	73.400	99	98	99
E5LCR3_conserved	Q9F9M5_conserved	9.695E-01	9.504E-01	9.504E-01	68.300	99	98	99
E5LCR3_conserved	Q53558_conserved	9.511E-01	9.326E-01	9.418E-01	67.300	99	98	98
E5LCR3_conserved	P00555_conserved	9.547E-01	9.361E-01	9.361E-01	66.300	99	98	99
E5LCR3_conserved	Q6MXT4_conserved	9.531E-01	9.347E-01	9.347E-01	68.300	99	98	99
E5LCR3_conserved	P13250_conserved	9.444E-01	9.170E-01	9.351E-01	63.600	99	99	97
E5LCR3_conserved	P14509_conserved	9.311E-01	9.133E-01	9.133E-01	62.200	99	98	99
E5LCR3_conserved	P18150_conserved	9.331E-01	9.064E-01	9.151E-01	62.200	99	98	98
E5LCR3_conserved	P14508_conserved	9.355E-01	8.999E-01	9.173E-01	45.900	99	98	97
E5LCR3_conserved	Q0ZNJ3_conserved	9.250E-01	8.987E-01	9.160E-01	57.700	99	97	97
E5LCR3_conserved	AF-A0A416RJZ9-F1-model_v4_conserved	9.258E-01	9.084E-01	9.084E-01	53.000	99	98	99
E5LCR3_conserved	N8ZRE3_conserved	9.125E-01	8.954E-01	8.954E-01	46.900	99	98	99
E5LCR3_conserved	P09885_conserved	9.029E-01	8.860E-01	8.860E-01	39.700	99	98	99
E5LCR3_conserved	Q4A4J8_conserved	8.993E-01	8.825E-01	8.825E-01	41.800	99	98	99
E5LCR3_conserved	A0JE50_conserved	9.051E-01	8.713E-01	8.879E-01	60.400	99	96	97
E5LCR3_conserved	S3N4B0_conserved	8.926E-01	8.761E-01	8.761E-01	42.800	99	98	99
N8ZRE3_conserved	N8ZRE3_conserved	1.010E+00	1.000E+00	1.000E+00	100.000	99	99	99
N8ZRE3_conserved	P09885_conserved	9.970E-01	9.771E-01	9.771E-01	78.500	99	98	99
N8ZRE3_conserved	Q4A4J8_conserved	9.828E-01	9.633E-01	9.633E-01	75.700	99	99	99
N8ZRE3_conserved	S3N4B0_conserved	9.801E-01	9.607E-01	9.607E-01	74.400	99	98	99
N8ZRE3_conserved	AF-A0A416RJZ9-F1-model_v4_conserved	9.406E-01	9.316E-01	9.316E-01	60.600	99	99	99
N8ZRE3_conserved	P14508_conserved	9.400E-01	9.127E-01	9.308E-01	58.100	99	98	97
N8ZRE3_conserved	P00553_conserved	9.262E-01	9.086E-01	9.086E-01	48.900	99	98	99
N8ZRE3_conserved	P00552_conserved	9.215E-01	9.041E-01	9.041E-01	43.800	99	98	99
N8ZRE3_conserved	Q9F9M5_conserved	9.154E-01	8.981E-01	8.981E-01	42.800	99	98	99
N8ZRE3_conserved	E5LCR3_conserved	9.125E-01	8.954E-01	8.954E-01	46.900	99	98	99
N8ZRE3_conserved	P00555_conserved	9.103E-01	8.933E-01	8.933E-01	45.900	99	98	99
N8ZRE3_conserved	AF-Q8GRG4-F1-model_v6_conserved	9.072E-01	8.902E-01	8.902E-01	50.000	99	98	99
N8ZRE3_conserved	Q51418_conserved	9.039E-01	8.870E-01	8.870E-01	48.900	99	98	99
N8ZRE3_conserved	Q6MXT4_conserved	9.035E-01	8.867E-01	8.867E-01	51.000	99	98	99
N8ZRE3_conserved	Q53558_conserved	8.984E-01	8.816E-01	8.899E-01	45.900	99	98	98
N8ZRE3_conserved	P13250_conserved	9.014E-01	8.760E-01	8.928E-01	40.400	99	99	97
N8ZRE3_conserved	P14509_conserved	8.850E-01	8.686E-01	8.686E-01	41.800	99	98	99
N8ZRE3_conserved	P18150_conserved	8.788E-01	8.626E-01	8.706E-01	38.300	99	99	98
N8ZRE3_conserved	Q0ZNJ3_conserved	8.782E-01	8.539E-01	8.699E-01	35.000	99	97	97
N8ZRE3_conserved	A0JE50_conserved	8.503E-01	8.197E-01	8.347E-01	36.400	99	96	97
P00552_conserved	P00552_conserved	1.010E+00	1.000E+00	1.000E+00	100.000	99	99	99
P00552_conserved	E5LCR3_conserved	9.812E-01	9.619E-01	9.619E-01	80.600	99	98	99
P00552_conserved	P00553_conserved	9.680E-01	9.491E-01	9.491E-01	66.300	99	98	99
P00552_conserved	AF-Q8GRG4-F1-model_v6_conserved	9.664E-01	9.475E-01	9.475E-01	72.400	99	98	99
P00552_conserved	Q9F9M5_conserved	9.645E-01	9.457E-01	9.457E-01	68.300	99	98	99
P00552_conserved	P00555_conserved	9.543E-01	9.357E-01	9.357E-01	68.300	99	98	99
P00552_conserved	P13250_conserved	9.531E-01	9.252E-01	9.436E-01	63.600	99	99	97
P00552_conserved	Q6MXT4_conserved	9.502E-01	9.319E-01	9.319E-01	62.200	99	98	99
P00552_conserved	Q51418_conserved	9.513E-01	9.330E-01	9.330E-01	84.600	99	98	99
P00552_conserved	Q53558_conserved	9.424E-01	9.242E-01	9.332E-01	65.600	99	99	98
P00552_conserved	P14509_conserved	9.312E-01	9.134E-01	9.134E-01	58.100	99	98	99
P00552_conserved	AF-A0A416RJZ9-F1-model_v4_conserved	9.315E-01	9.139E-01	9.139E-01	54.000	99	98	99
P00552_conserved	P14508_conserved	9.341E-01	8.986E-01	9.160E-01	44.800	99	98	97
P00552_conserved	N8ZRE3_conserved	9.215E-01	9.041E-01	9.041E-01	43.800	99	98	99
P00552_conserved	P18150_conserved	9.184E-01	8.925E-01	9.009E-01	61.200	99	98	98
P00552_conserved	P09885_conserved	9.103E-01	8.933E-01	8.933E-01	37.700	99	98	99
P00552_conserved	Q4A4J8_conserved	9.093E-01	8.923E-01	8.923E-01	38.700	99	98	99
P00552_conserved	Q0ZNJ3_conserved	9.064E-01	8.810E-01	8.978E-01	56.700	99	97	97
P00552_conserved	S3N4B0_conserved	8.977E-01	8.810E-01	8.810E-01	41.800	99	98	99
P00552_conserved	A0JE50_conserved	8.755E-01	8.437E-01	8.593E-01	57.200	99	96	97
P00553_conserved	P00553_conserved	1.010E+00	1.000E+00	1.000E+00	100.000	99	99	99
P00553_conserved	E5LCR3_conserved	9.741E-01	9.550E-01	9.550E-01	65.300	99	98	99
P00553_conserved	P00552_conserved	9.680E-01	9.491E-01	9.491E-01	66.300	99	98	99
P00553_conserved	Q9F9M5_conserved	9.611E-01	9.424E-01	9.424E-01	62.200	99	98	99
P00553_conserved	AF-Q8GRG4-F1-model_v6_conserved	9.573E-01	9.387E-01	9.387E-01	65.300	99	98	99
P00553_conserved	Q51418_conserved	9.476E-01	9.294E-01	9.294E-01	68.300	99	98	99
P00553_conserved	P00555_conserved	9.449E-01	9.267E-01	9.267E-01	67.300	99	98	99
P00553_conserved	Q53558_conserved	9.376E-01	9.196E-01	9.285E-01	67.300	99	98	98
P00553_conserved	P13250_conserved	9.376E-01	9.107E-01	9.284E-01	63.200	99	98	97
P00553_conserved	Q6MXT4_conserved	9.309E-01	9.132E-01	9.132E-01	59.100	99	98	99
P00553_conserved	N8ZRE3_conserved	9.262E-01	9.086E-01	9.086E-01	48.900	99	98	99
P00553_conserved	AF-A0A416RJZ9-F1-model_v4_conserved	9.191E-01	9.105E-01	9.105E-01	61.600	99	99	99
P00553_conserved	P18150_conserved	9.274E-01	9.010E-01	9.096E-01	54.000	99	98	98
P00553_conserved	P14508_conserved	9.306E-01	8.952E-01	9.125E-01	47.900	99	98	97
P00553_conserved	P09885_conserved	9.117E-01	9.039E-01	9.039E-01	48.400	99	99	99
P00553_conserved	P14509_conserved	9.170E-01	8.997E-01	8.997E-01	52.000	99	98	99
P00553_conserved	Q4A4J8_conserved	9.143E-01	8.971E-01	8.971E-01	48.900	99	98	99
P00553_conserved	Q0ZNJ3_conserved	9.131E-01	8.873E-01	9.044E-01	49.400	99	97	97
P00553_conserved	S3N4B0_conserved	9.074E-01	8.904E-01	8.904E-01	45.900	99	98	99
P00553_conserved	A0JE50_conserved	8.901E-01	8.654E-01	8.817E-01	53.500	99	99	97
P00555_conserved	P00555_conserved	1.010E+00	1.000E+00	1.000E+00	100.000	99	99	99
P00555_conserved	Q53558_conserved	9.942E-01	9.744E-01	9.842E-01	91.800	99	98	98
P00555_conserved	P13250_conserved	9.902E-01	9.607E-01	9.802E-01	90.800	99	98	97
P00555_conserved	Q9F9M5_conserved	9.777E-01	9.681E-01	9.681E-01	84.800	99	99	99
P00555_conserved	AF-Q8GRG4-F1-model_v6_conserved	9.721E-01	9.530E-01	9.530E-01	67.300	99	98	99
P00555_conserved	Q51418_conserved	9.568E-01	9.382E-01	9.382E-01	66.300	99	98	99
P00555_conserved	E5LCR3_conserved	9.547E-01	9.361E-01	9.361E-01	66.300	99	98	99
P00555_conserved	P00552_conserved	9.543E-01	9.357E-01	9.357E-01	68.300	99	98	99
P00555_conserved	Q6MXT4_conserved	9.520E-01	9.335E-01	9.335E-01	62.200	99	98	99
P00555_conserved	P00553_conserved	9.449E-01	9.267E-01	9.267E-01	67.300	99	98	99
P00555_conserved	P14509_conserved	9.346E-01	9.166E-01	9.166E-01	60.200	99	98	99
P00555_conserved	P18150_conserved	9.324E-01	9.057E-01	9.144E-01	68.300	99	98	98
P00555_conserved	Q0ZNJ3_conserved	9.235E-01	8.972E-01	9.145E-01	61.800	99	97	97
P00555_conserved	AF-A0A416RJZ9-F1-model_v4_conserved	9.113E-01	9.033E-01	9.033E-01	52.500	99	99	99
P00555_conserved	P14508_conserved	9.192E-01	8.846E-01	9.016E-01	42.800	99	98	97
P00555_conserved	N8ZRE3_conserved	9.103E-01	8.933E-01	8.933E-01	45.900	99	98	99
P00555_conserved	P09885_conserved	9.022E-01	8.938E-01	8.938E-01	40.400	99	99	99
P00555_conserved	Q4A4J8_conserved	8.993E-01	8.909E-01	8.909E-01	41.400	99	99	99
P00555_conserved	S3N4B0_conserved	8.880E-01	8.798E-01	8.798E-01	41.400	99	99	99
P00555_conserved	A0JE50_conserved	8.963E-01	8.630E-01	8.793E-01	63.500	99	96	97
P09885_conserved	P09885_conserved	1.010E+00	1.000E+00	1.000E+00	100.000	99	99	99
P09885_conserved	Q4A4J8_conserved	9.953E-01	9.853E-01	9.853E-01	95.000	99	100	99
P09885_conserved	N8ZRE3_conserved	9.970E-01	9.771E-01	9.771E-01	78.500	99	98	99
P09885_conserved	S3N4B0_conserved	9.809E-01	9.712E-01	9.712E-01	78.700	99	99	99
P09885_conserved	AF-A0A416RJZ9-F1-model_v4_conserved	9.412E-01	9.321E-01	9.321E-01	57.500	99	99	99
P09885_conserved	P14508_conserved	9.361E-01	9.090E-01	9.269E-01	58.100	99	98	97
P09885_conserved	P00553_conserved	9.117E-01	9.039E-01	9.039E-01	48.400	99	99	99
P09885_conserved	Q9F9M5_conserved	9.063E-01	8.979E-01	8.979E-01	38.300	99	99	99
P09885_conserved	P00552_conserved	9.103E-01	8.933E-01	8.933E-01	37.700	99	98	99
P09885_conserved	P00555_conserved	9.022E-01	8.938E-01	8.938E-01	40.400	99	99	99
P09885_conserved	E5LCR3_conserved	9.029E-01	8.860E-01	8.860E-01	39.700	99	98	99
P09885_conserved	AF-Q8GRG4-F1-model_v6_conserved	9.012E-01	8.844E-01	8.844E-01	44.800	99	98	99
P09885_conserved	Q6MXT4_conserved	9.009E-01	8.842E-01	8.842E-01	43.800	99	98	99
P09885_conserved	Q53558_conserved	8.948E-01	8.782E-01	8.864E-01	39.700	99	98	98
P09885_conserved	P13250_conserved	8.975E-01	8.724E-01	8.890E-01	35.300	99	99	97
P09885_conserved	Q51418_conserved	8.975E-01	8.808E-01	8.808E-01	43.800	99	98	99
P09885_conserved	P14509_conserved	8.818E-01	8.655E-01	8.655E-01	36.700	99	98	99
P09885_conserved	P18150_conserved	8.788E-01	8.547E-01	8.626E-01	35.700	99	98	98
P09885_conserved	Q0ZNJ3_conserved	8.706E-01	8.468E-01	8.625E-01	32.900	99	97	97
P09885_conserved	A0JE50_conserved	8.399E-01	8.175E-01	8.323E-01	34.300	99	99	97
P13250_conserved	P13250_conserved	1.010E+00	1.000E+00	1.000E+00	100.000	97	97	97
P13250_conserved	Q53558_conserved	9.882E-01	9.782E-01	9.684E-01	90.800	97	98	98
P13250_conserved	P00555_conserved	9.902E-01	9.802E-01	9.607E-01	90.800	97	98	99
P13250_conserved	Q9F9M5_conserved	9.674E-01	9.577E-01	9.389E-01	84.600	97	98	99
P13250_conserved	AF-Q8GRG4-F1-model_v6_conserved	9.643E-01	9.546E-01	9.360E-01	68.300	97	98	99
P13250_conserved	P00552_conserved	9.531E-01	9.436E-01	9.252E-01	63.600	97	99	99
P13250_conserved	Q51418_conserved	9.476E-01	9.383E-01	9.202E-01	66.300	97	98	99
P13250_conserved	E5LCR3_conserved	9.444E-01	9.351E-01	9.170E-01	63.600	97	99	99
P13250_conserved	Q6MXT4_conserved	9.451E-01	9.358E-01	9.178E-01	62.200	97	98	99
P13250_conserved	P00553_conserved	9.376E-01	9.284E-01	9.107E-01	63.200	97	98	99
P13250_conserved	P14509_conserved	9.354E-01	9.263E-01	9.085E-01	58.100	97	98	99
P13250_conserved	P18150_conserved	9.129E-01	9.041E-01	8.955E-01	67.300	97	98	98
P13250_conserved	Q0ZNJ3_conserved	9.149E-01	8.973E-01	8.973E-01	60.800	97	97	97
P13250_conserved	AF-A0A416RJZ9-F1-model_v4_conserved	9.090E-01	9.003E-01	8.835E-01	48.900	97	98	99
P13250_conserved	P14508_conserved	9.009E-01	8.836E-01	8.836E-01	38.300	97	99	97
P13250_conserved	N8ZRE3_conserved	9.014E-01	8.928E-01	8.760E-01	40.400	97	99	99
P13250_conserved	P09885_conserved	8.975E-01	8.890E-01	8.724E-01	35.300	97	99	99
P13250_conserved	Q4A4J8_conserved	8.952E-01	8.867E-01	8.701E-01	36.300	97	99	99
P13250_conserved	S3N4B0_conserved	8.842E-01	8.759E-01	8.597E-01	36.300	97	99	99
P13250_conserved	A0JE50_conserved	8.822E-01	8.575E-01	8.575E-01	64.500	97	96	97
P14508_conserved	P14508_conserved	1.010E+00	1.000E+00	1.000E+00	100.000	97	97	97
P14508_conserved	AF-A0A416RJZ9-F1-model_v4_conserved	9.869E-01	9.670E-01	9.478E-01	71.400	97	98	99
P14508_conserved	N8ZRE3_conserved	9.400E-01	9.308E-01	9.127E-01	58.100	97	98	99
P14508_conserved	Q4A4J8_conserved	9.386E-01	9.294E-01	9.115E-01	57.100	97	98	99
P14508_conserved	P09885_conserved	9.361E-01	9.269E-01	9.090E-01	58.100	97	98	99
P14508_conserved	S3N4B0_conserved	9.321E-01	9.229E-01	9.051E-01	55.100	97	98	99
P14508_conserved	E5LCR3_conserved	9.355E-01	9.173E-01	8.999E-01	45.900	97	98	99
P14508_conserved	P00552_conserved	9.341E-01	9.160E-01	8.986E-01	44.800	97	98	99
P14508_conserved	P00553_conserved	9.306E-01	9.125E-01	8.952E-01	47.900	97	98	99
P14508_conserved	Q9F9M5_conserved	9.227E-01	9.049E-01	8.878E-01	41.800	97	98	99
P14508_conserved	P00555_conserved	9.192E-01	9.016E-01	8.846E-01	42.800	97	98	99
P14508_conserved	AF-Q8GRG4-F1-model_v6_conserved	9.163E-01	8.988E-01	8.820E-01	50.000	97	98	99
P14508_conserved	Q51418_conserved	9.069E-01	8.982E-01	8.815E-01	45.900	97	98	99
P14508_conserved	Q6MXT4_conserved	9.060E-01	8.973E-01	8.805E-01	44.800	97	98	99
P14508_conserved	Q53558_conserved	9.074E-01	8.901E-01	8.817E-01	42.800	97	98	98
P14508_conserved	P13250_conserved	9.009E-01	8.836E-01	8.836E-01	38.300	97	99	97
P14508_conserved	P14509_conserved	8.870E-01	8.786E-01	8.623E-01	39.700	97	98	99
P14508_conserved	P18150_conserved	8.794E-01	8.630E-01	8.550E-01	39.100	97	97	98
P14508_conserved	Q0ZNJ3_conserved	8.722E-01	8.478E-01	8.478E-01	36.400	97	96	97
P14508_conserved	A0JE50_conserved	8.463E-01	8.232E-01	8.232E-01	36.400	97	96	97
P18150_conserved	P18150_conserved	1.010E+00	1.000E+00	1.000E+00	100.000	98	98	98
P18150_conserved	Q0ZNJ3_conserved	9.976E-01	9.674E-01	9.773E-01	81.200	98	96	97
P18150_conserved	A0JE50_conserved	9.772E-01	9.481E-01	9.576E-01	76.000	98	96	97
P18150_conserved	AF-Q8GRG4-F1-model_v6_conserved	9.495E-01	9.402E-01	9.311E-01	57.500	98	99	99
P18150_conserved	Q51418_conserved	9.435E-01	9.342E-01	9.252E-01	60.600	98	99	99
P18150_conserved	Q9F9M5_conserved	9.486E-01	9.302E-01	9.212E-01	66.300	98	98	99
P18150_conserved	Q6MXT4_conserved	9.356E-01	9.176E-01	9.089E-01	56.100	98	98	99
P18150_conserved	E5LCR3_conserved	9.331E-01	9.151E-01	9.064E-01	62.200	98	98	99
P18150_conserved	Q53558_conserved	9.282E-01	9.103E-01	9.103E-01	68.300	98	98	98
P18150_conserved	P00555_conserved	9.324E-01	9.144E-01	9.057E-01	68.300	98	98	99
P18150_conserved	P00553_conserved	9.274E-01	9.096E-01	9.010E-01	54.000	98	98	99
P18150_conserved	P14509_conserved	9.210E-01	9.033E-01	8.947E-01	55.100	98	98	99
P18150_conserved	P13250_conserved	9.129E-01	8.955E-01	9.041E-01	67.300	98	98	97
P18150_conserved	P00552_conserved	9.184E-01	9.009E-01	8.925E-01	61.200	98	98	99
P18150_conserved	N8ZRE3_conserved	8.788E-01	8.706E-01	8.626E-01	38.300	98	99	99
P18150_conserved	P14508_conserved	8.794E-01	8.550E-01	8.630E-01	39.100	98	97	97
P18150_conserved	P09885_conserved	8.788E-01	8.626E-01	8.547E-01	35.700	98	98	99
P18150_conserved	Q4A4J8_conserved	8.727E-01	8.566E-01	8.488E-01	37.300	98	99	99
P18150_conserved	AF-A0A416RJZ9-F1-model_v4_conserved	8.727E-01	8.568E-01	8.490E-01	45.900	98	98	99
P18150_conserved	S3N4B0_conserved	8.664E-01	8.505E-01	8.428E-01	38.700	98	98	99
Q0ZNJ3_conserved	Q0ZNJ3_conserved	1.010E+00	1.000E+00	1.000E+00	100.000	97	97	97
Q0ZNJ3_conserved	P18150_conserved	9.976E-01	9.773E-01	9.674E-01	81.200	97	96	98
Q0ZNJ3_conserved	A0JE50_conserved	9.749E-01	9.554E-01	9.554E-01	72.900	97	96	97
Q0ZNJ3_conserved	AF-Q8GRG4-F1-model_v6_conserved	9.497E-01	9.403E-01	9.222E-01	51.500	97	97	99
Q0ZNJ3_conserved	Q51418_conserved	9.456E-01	9.363E-01	9.182E-01	56.700	97	97	99
Q0ZNJ3_conserved	Q9F9M5_conserved	9.378E-01	9.287E-01	9.109E-01	60.800	97	97	99
Q0ZNJ3_conserved	Q53558_conserved	9.239E-01	9.149E-01	9.061E-01	60.800	97	97	98
Q0ZNJ3_conserved	Q6MXT4_conserved	9.289E-01	9.199E-01	9.025E-01	51.500	97	97	99
Q0ZNJ3_conserved	E5LCR3_conserved	9.250E-01	9.160E-01	8.987E-01	57.700	97	97	99
Q0ZNJ3_conserved	P00555_conserved	9.235E-01	9.145E-01	8.972E-01	61.800	97	97	99
Q0ZNJ3_conserved	P14509_conserved	9.143E-01	9.055E-01	8.884E-01	51.500	97	97	99
Q0ZNJ3_conserved	P13250_conserved	9.149E-01	8.973E-01	8.973E-01	60.800	97	97	97
Q0ZNJ3_conserved	P00553_conserved	9.131E-01	9.044E-01	8.873E-01	49.400	97	97	99
Q0ZNJ3_conserved	P00552_conserved	9.064E-01	8.978E-01	8.810E-01	56.700	97	97	99
Q0ZNJ3_conserved	N8ZRE3_conserved	8.782E-01	8.699E-01	8.539E-01	35.000	97	97	99
Q0ZNJ3_conserved	P09885_conserved	8.706E-01	8.625E-01	8.468E-01	32.900	97	97	99
Q0ZNJ3_conserved	P14508_conserved	8.722E-01	8.478E-01	8.478E-01	36.400	97	96	97
Q0ZNJ3_conserved	Q4A4J8_conserved	8.634E-01	8.554E-01	8.398E-01	33.600	97	98	99
Q0ZNJ3_conserved	AF-A0A416RJZ9-F1-model_v4_conserved	8.618E-01	8.539E-01	8.384E-01	41.200	97	97	99
Q0ZNJ3_conserved	S3N4B0_conserved	8.587E-01	8.507E-01	8.353E-01	35.000	97	97	99
Q51418_conserved	Q51418_conserved	1.010E+00	1.000E+00	1.000E+00	100.000	99	99	99
Q51418_conserved	AF-Q8GRG4-F1-model_v6_conserved	9.727E-01	9.631E-01	9.631E-01	72.700	99	99	99
Q51418_conserved	E5LCR3_conserved	9.741E-01	9.550E-01	9.550E-01	81.600	99	98	99
Q51418_conserved	Q6MXT4_conserved	9.704E-01	9.514E-01	9.514E-01	61.200	99	98	99
Q51418_conserved	Q53558_conserved	9.610E-01	9.421E-01	9.515E-01	68.300	99	98	98
Q51418_conserved	Q9F9M5_conserved	9.646E-01	9.458E-01	9.458E-01	68.300	99	98	99
Q51418_conserved	P00555_conserved	9.568E-01	9.382E-01	9.382E-01	66.300	99	98	99
Q51418_conserved	P14509_conserved	9.496E-01	9.311E-01	9.311E-01	55.100	99	98	99
Q51418_conserved	P18150_conserved	9.435E-01	9.252E-01	9.342E-01	60.600	99	99	98
Q51418_conserved	P00552_conserved	9.513E-01	9.330E-01	9.330E-01	84.600	99	98	99
Q51418_conserved	P13250_conserved	9.476E-01	9.202E-01	9.383E-01	66.300	99	98	97
Q51418_conserved	Q0ZNJ3_conserved	9.456E-01	9.182E-01	9.363E-01	56.700	99	97	97
Q51418_conserved	P00553_conserved	9.476E-01	9.294E-01	9.294E-01	68.300	99	98	99
Q51418_conserved	A0JE50_conserved	9.243E-01	8.893E-01	9.065E-01	55.200	99	96	97
Q51418_conserved	P14508_conserved	9.069E-01	8.815E-01	8.982E-01	45.900	99	98	97
Q51418_conserved	N8ZRE3_conserved	9.039E-01	8.870E-01	8.870E-01	48.900	99	98	99
Q51418_conserved	AF-A0A416RJZ9-F1-model_v4_conserved	9.060E-01	8.892E-01	8.892E-01	55.100	99	98	99
Q51418_conserved	P09885_conserved	8.975E-01	8.808E-01	8.808E-01	43.800	99	98	99
Q51418_conserved	Q4A4J8_conserved	8.944E-01	8.778E-01	8.778E-01	42.800	99	98	99
Q51418_conserved	S3N4B0_conserved	8.854E-01	8.691E-01	8.691E-01	45.900	99	98	99
Q6MXT4_conserved	Q6MXT4_conserved	1.010E+00	1.000E+00	1.000E+00	100.000	99	99	99
Q6MXT4_conserved	AF-Q8GRG4-F1-model_v6_conserved	9.830E-01	9.636E-01	9.636E-01	68.300	99	98	99
Q6MXT4_conserved	P14509_conserved	9.644E-01	9.549E-01	9.549E-01	79.700	99	99	99
Q6MXT4_conserved	Q51418_conserved	9.704E-01	9.514E-01	9.514E-01	61.200	99	98	99
Q6MXT4_conserved	Q53558_conserved	9.548E-01	9.363E-01	9.455E-01	65.300	99	98	98
Q6MXT4_conserved	Q9F9M5_conserved	9.547E-01	9.363E-01	9.363E-01	61.200	99	98	99
Q6MXT4_conserved	P00555_conserved	9.520E-01	9.335E-01	9.335E-01	62.200	99	98	99
Q6MXT4_conserved	E5LCR3_conserved	9.531E-01	9.347E-01	9.347E-01	68.300	99	98	99
Q6MXT4_conserved	P00552_conserved	9.502E-01	9.319E-01	9.319E-01	62.200	99	98	99
Q6MXT4_conserved	P13250_conserved	9.451E-01	9.178E-01	9.358E-01	62.200	99	98	97
Q6MXT4_conserved	P18150_conserved	9.356E-01	9.089E-01	9.176E-01	56.100	99	98	98
Q6MXT4_conserved	P00553_conserved	9.309E-01	9.132E-01	9.132E-01	59.100	99	98	99
Q6MXT4_conserved	Q0ZNJ3_conserved	9.289E-01	9.025E-01	9.199E-01	51.500	99	97	97
Q6MXT4_conserved	AF-A0A416RJZ9-F1-model_v4_conserved	9.114E-01	8.944E-01	8.944E-01	50.000	99	98	99
Q6MXT4_conserved	P14508_conserved	9.060E-01	8.805E-01	8.973E-01	44.800	99	98	97
Q6MXT4_conserved	N8ZRE3_conserved	9.035E-01	8.867E-01	8.867E-01	51.000	99	98	99
Q6MXT4_conserved	P09885_conserved	9.009E-01	8.842E-01	8.842E-01	43.800	99	98	99
Q6MXT4_conserved	A0JE50_conserved	9.077E-01	8.739E-01	8.905E-01	54.100	99	96	97
Q6MXT4_conserved	Q4A4J8_conserved	8.983E-01	8.816E-01	8.816E-01	43.800	99	98	99
Q6MXT4_conserved	S3N4B0_conserved	8.817E-01	8.655E-01	8.655E-01	45.900	99	98	99
S3N4B0_conserved	S3N4B0_conserved	1.010E+00	1.000E+00	1.000E+00	100.000	99	99	99
S3N4B0_conserved	Q4A4J8_conserved	9.823E-01	9.725E-01	9.725E-01	78.700	99	99	99
S3N4B0_conserved	P09885_conserved	9.809E-01	9.712E-01	9.712E-01	78.700	99	99	99
S3N4B0_conserved	N8ZRE3_conserved	9.801E-01	9.607E-01	9.607E-01	74.400	99	98	99
S3N4B0_conserved	AF-A0A416RJZ9-F1-model_v4_conserved	9.344E-01	9.254E-01	9.254E-01	57.500	99	99	99
S3N4B0_conserved	P14508_conserved	9.321E-01	9.051E-01	9.229E-01	55.100	99	98	97
S3N4B0_conserved	P00553_conserved	9.074E-01	8.904E-01	8.904E-01	45.900	99	98	99
S3N4B0_conserved	Q9F9M5_conserved	8.958E-01	8.875E-01	8.875E-01	37.300	99	99	99
S3N4B0_conserved	P00552_conserved	8.977E-01	8.810E-01	8.810E-01	41.800	99	98	99
S3N4B0_conserved	P00555_conserved	8.880E-01	8.798E-01	8.798E-01	41.400	99	99	99
S3N4B0_conserved	E5LCR3_conserved	8.926E-01	8.761E-01	8.761E-01	42.800	99	98	99
S3N4B0_conserved	AF-Q8GRG4-F1-model_v6_conserved	8.887E-01	8.723E-01	8.723E-01	45.900	99	98	99
S3N4B0_conserved	Q53558_conserved	8.813E-01	8.650E-01	8.731E-01	38.300	99	99	98
S3N4B0_conserved	P13250_conserved	8.842E-01	8.597E-01	8.759E-01	36.300	99	99	97
S3N4B0_conserved	Q51418_conserved	8.854E-01	8.691E-01	8.691E-01	45.900	99	98	99
S3N4B0_conserved	Q6MXT4_conserved	8.817E-01	8.655E-01	8.655E-01	45.900	99	98	99
S3N4B0_conserved	P14509_conserved	8.649E-01	8.491E-01	8.491E-01	39.700	99	98	99
S3N4B0_conserved	P18150_conserved	8.664E-01	8.428E-01	8.505E-01	38.700	99	98	98
S3N4B0_conserved	Q0ZNJ3_conserved	8.587E-01	8.353E-01	8.507E-01	35.000	99	97	97
S3N4B0_conserved	A0JE50_conserved	8.323E-01	8.101E-01	8.248E-01	36.300	99	99	97
P14509_conserved	P14509_conserved	1.010E+00	1.000E+00	1.000E+00	100.000	99	99	99
P14509_conserved	Q6MXT4_conserved	9.644E-01	9.549E-01	9.549E-01	79.700	99	99	99
P14509_conserved	AF-Q8GRG4-F1-model_v6_conserved	9.648E-01	9.459E-01	9.459E-01	62.200	99	98	99
P14509_conserved	Q51418_conserved	9.496E-01	9.311E-01	9.311E-01	55.100	99	98	99
P14509_conserved	Q53558_conserved	9.317E-01	9.138E-01	9.227E-01	59.100	99	98	98
P14509_conserved	Q9F9M5_conserved	9.379E-01	9.199E-01	9.199E-01	58.100	99	98	99
P14509_conserved	P00555_conserved	9.346E-01	9.166E-01	9.166E-01	60.200	99	98	99
P14509_conserved	P13250_conserved	9.354E-01	9.085E-01	9.263E-01	58.100	99	98	97
P14509_conserved	P00552_conserved	9.312E-01	9.134E-01	9.134E-01	58.100	99	98	99
P14509_conserved	E5LCR3_conserved	9.311E-01	9.133E-01	9.133E-01	62.200	99	98	99
P14509_conserved	P18150_conserved	9.210E-01	8.947E-01	9.033E-01	55.100	99	98	98
P14509_conserved	P00553_conserved	9.170E-01	8.997E-01	8.997E-01	52.000	99	98	99
P14509_conserved	Q0ZNJ3_conserved	9.143E-01	8.884E-01	9.055E-01	51.500	99	97	97
P14509_conserved	AF-A0A416RJZ9-F1-model_v4_conserved	8.932E-01	8.766E-01	8.766E-01	46.900	99	98	99
P14509_conserved	P14508_conserved	8.870E-01	8.623E-01	8.786E-01	39.700	99	98	97
P14509_conserved	N8ZRE3_conserved	8.850E-01	8.686E-01	8.686E-01	41.800	99	98	99
P14509_conserved	A0JE50_conserved	8.917E-01	8.586E-01	8.748E-01	53.100	99	96	97
P14509_conserved	P09885_conserved	8.818E-01	8.655E-01	8.655E-01	36.700	99	98	99
P14509_conserved	Q4A4J8_conserved	8.789E-01	8.627E-01	8.627E-01	36.700	99	98	99
P14509_conserved	S3N4B0_conserved	8.649E-01	8.491E-01	8.491E-01	39.700	99	98	99
Q4A4J8_conserved	Q4A4J8_conserved	1.010E+00	1.000E+00	1.000E+00	100.000	99	99	99
Q4A4J8_conserved	P09885_conserved	9.953E-01	9.853E-01	9.853E-01	95.000	99	100	99
Q4A4J8_conserved	S3N4B0_conserved	9.823E-01	9.725E-01	9.725E-01	78.700	99	99	99
Q4A4J8_conserved	N8ZRE3_conserved	9.828E-01	9.633E-01	9.633E-01	75.700	99	99	99
Q4A4J8_conserved	AF-A0A416RJZ9-F1-model_v4_conserved	9.440E-01	9.349E-01	9.349E-01	55.500	99	99	99
Q4A4J8_conserved	P14508_conserved	9.386E-01	9.115E-01	9.294E-01	57.100	99	98	97
Q4A4J8_conserved	P00553_conserved	9.143E-01	8.971E-01	8.971E-01	48.900	99	98	99
Q4A4J8_conserved	P00552_conserved	9.093E-01	8.923E-01	8.923E-01	38.700	99	98	99
Q4A4J8_conserved	Q9F9M5_conserved	9.003E-01	8.919E-01	8.919E-01	39.300	99	99	99
Q4A4J8_conserved	P00555_conserved	8.993E-01	8.909E-01	8.909E-01	41.400	99	99	99
Q4A4J8_conserved	E5LCR3_conserved	8.993E-01	8.825E-01	8.825E-01	41.800	99	98	99
Q4A4J8_conserved	Q6MXT4_conserved	8.983E-01	8.816E-01	8.816E-01	43.800	99	98	99
Q4A4J8_conserved	AF-Q8GRG4-F1-model_v6_conserved	8.976E-01	8.809E-01	8.809E-01	43.800	99	98	99
Q4A4J8_conserved	Q53558_conserved	8.922E-01	8.756E-01	8.838E-01	40.800	99	98	98
Q4A4J8_conserved	P13250_conserved	8.952E-01	8.701E-01	8.867E-01	36.300	99	99	97
Q4A4J8_conserved	Q51418_conserved	8.944E-01	8.778E-01	8.778E-01	42.800	99	98	99
Q4A4J8_conserved	P14509_conserved	8.789E-01	8.627E-01	8.627E-01	36.700	99	98	99
Q4A4J8_conserved	P18150_conserved	8.727E-01	8.488E-01	8.566E-01	37.300	99	99	98
Q4A4J8_conserved	Q0ZNJ3_conserved	8.634E-01	8.398E-01	8.554E-01	33.600	99	98	97
Q4A4J8_conserved	A0JE50_conserved	8.328E-01	8.105E-01	8.252E-01	35.000	99	100	97
Q53558_conserved	Q53558_conserved	1.010E+00	1.000E+00	1.000E+00	100.000	98	98	98
Q53558_conserved	P00555_conserved	9.942E-01	9.842E-01	9.744E-01	91.800	98	98	99
Q53558_conserved	P13250_conserved	9.882E-01	9.684E-01	9.782E-01	90.800	98	98	97
Q53558_conserved	AF-Q8GRG4-F1-model_v6_conserved	9.705E-01	9.608E-01	9.514E-01	68.300	98	98	99
Q53558_conserved	Q9F9M5_conserved	9.684E-01	9.588E-01	9.493E-01	87.700	98	98	99
Q53558_conserved	Q51418_conserved	9.610E-01	9.515E-01	9.421E-01	68.300	98	98	99
Q53558_conserved	Q6MXT4_conserved	9.548E-01	9.455E-01	9.363E-01	65.300	98	98	99
Q53558_conserved	E5LCR3_conserved	9.511E-01	9.418E-01	9.326E-01	67.300	98	98	99
Q53558_conserved	P00552_conserved	9.424E-01	9.332E-01	9.242E-01	65.600	98	99	99
Q53558_conserved	P00553_conserved	9.376E-01	9.285E-01	9.196E-01	67.300	98	98	99
Q53558_conserved	P14509_conserved	9.317E-01	9.227E-01	9.138E-01	59.100	98	98	99
Q53558_conserved	P18150_conserved	9.282E-01	9.103E-01	9.103E-01	68.300	98	98	98
Q53558_conserved	Q0ZNJ3_conserved	9.239E-01	9.061E-01	9.149E-01	60.800	98	97	97
Q53558_conserved	AF-A0A416RJZ9-F1-model_v4_conserved	9.066E-01	8.981E-01	8.897E-01	50.000	98	98	99
Q53558_conserved	P14508_conserved	9.074E-01	8.817E-01	8.901E-01	42.800	98	98	97
Q53558_conserved	N8ZRE3_conserved	8.984E-01	8.899E-01	8.816E-01	45.900	98	98	99
Q53558_conserved	P09885_conserved	8.948E-01	8.864E-01	8.782E-01	39.700	98	98	99
Q53558_conserved	A0JE50_conserved	8.992E-01	8.738E-01	8.821E-01	63.500	98	96	97
Q53558_conserved	Q4A4J8_conserved	8.922E-01	8.838E-01	8.756E-01	40.800	98	98	99
Q53558_conserved	S3N4B0_conserved	8.813E-01	8.731E-01	8.650E-01	38.300	98	99	99
Q9F9M5_conserved	Q9F9M5_conserved	1.010E+00	1.000E+00	1.000E+00	100.000	99	99	99
Q9F9M5_conserved	P00555_conserved	9.777E-01	9.681E-01	9.681E-01	84.800	99	99	99
Q9F9M5_conserved	AF-Q8GRG4-F1-model_v6_conserved	9.801E-01	9.608E-01	9.608E-01	67.300	99	98	99
Q9F9M5_conserved	Q53558_conserved	9.684E-01	9.493E-01	9.588E-01	87.700	99	98	98
Q9F9M5_conserved	E5LCR3_conserved	9.695E-01	9.504E-01	9.504E-01	68.300	99	98	99
Q9F9M5_conserved	P13250_conserved	9.674E-01	9.389E-01	9.577E-01	84.600	99	98	97
Q9F9M5_conserved	Q51418_conserved	9.646E-01	9.458E-01	9.458E-01	68.300	99	98	99
Q9F9M5_conserved	P00552_conserved	9.645E-01	9.457E-01	9.457E-01	68.300	99	98	99
Q9F9M5_conserved	P00553_conserved	9.611E-01	9.424E-01	9.424E-01	62.200	99	98	99
Q9F9M5_conserved	Q6MXT4_conserved	9.547E-01	9.363E-01	9.363E-01	61.200	99	98	99
Q9F9M5_conserved	P18150_conserved	9.486E-01	9.212E-01	9.302E-01	66.300	99	98	98
Q9F9M5_conserved	P14509_conserved	9.379E-01	9.199E-01	9.199E-01	58.100	99	98	99
Q9F9M5_conserved	Q0ZNJ3_conserved	9.378E-01	9.109E-01	9.287E-01	60.800	99	97	97
Q9F9M5_conserved	AF-A0A416RJZ9-F1-model_v4_conserved	9.215E-01	9.042E-01	9.042E-01	47.900	99	98	99
Q9F9M5_conserved	N8ZRE3_conserved	9.154E-01	8.981E-01	8.981E-01	42.800	99	98	99
Q9F9M5_conserved	P14508_conserved	9.227E-01	8.878E-01	9.049E-01	41.800	99	98	97
Q9F9M5_conserved	P09885_conserved	9.063E-01	8.979E-01	8.979E-01	38.300	99	99	99
Q9F9M5_conserved	Q4A4J8_conserved	9.003E-01	8.919E-01	8.919E-01	39.300	99	99	99
Q9F9M5_conserved	A0JE50_conserved	9.089E-01	8.835E-01	9.003E-01	61.600	99	99	97
Q9F9M5_conserved	S3N4B0_conserved	8.958E-01	8.875E-01	8.875E-01	37.300	99	99	99
