Q0ZKF0_Q75_lddt	Q0ZKF0_Q75_lddt	1.014E+00	1.000E+00	1.000E+00	100.000	73	73	73
Q0ZKF0_Q75_lddt	P0AG05_Q75_lddt	9.987E-01	9.852E-01	9.852E-01	71.200	73	73	73
Q0ZKF0_Q75_lddt	Q08GN0_Q75_lddt	9.970E-01	9.836E-01	9.836E-01	71.200	73	73	73
Q0ZKF0_Q75_lddt	Q2A799_Q75_lddt	9.960E-01	9.826E-01	9.826E-01	69.800	73	73	73
Q0ZKF0_Q75_lddt	AF-A0A547E8L3-F1-model_v4_Q75_lddt	9.965E-01	9.831E-01	9.831E-01	69.800	73	73	73
Q0ZKF0_Q75_lddt	A8VR99_Q75_lddt	9.962E-01	9.828E-01	9.828E-01	71.200	73	73	73
Q0ZKF0_Q75_lddt	Q0PWM6_Q75_lddt	9.959E-01	9.825E-01	9.825E-01	71.200	73	73	73
Q0ZKF0_Q75_lddt	Q6A150_Q75_lddt	9.955E-01	9.821E-01	9.821E-01	71.200	73	73	73
Q0ZKF0_Q75_lddt	Q5UNL3_Q75_lddt	9.954E-01	9.820E-01	9.820E-01	71.200	73	73	73
Q0ZKF0_Q75_lddt	Q8VL12_Q75_lddt	9.947E-01	9.814E-01	9.814E-01	72.600	73	73	73
Q0ZKF0_Q75_lddt	Q27JL8_Q75_lddt	9.948E-01	9.815E-01	9.815E-01	71.200	73	73	73
Q0ZKF0_Q75_lddt	Q8GCH1_Q75_lddt	9.943E-01	9.810E-01	9.810E-01	71.200	73	73	73
Q0ZKF0_Q75_lddt	Q4GY15_Q75_lddt	9.944E-01	9.810E-01	9.810E-01	69.800	73	73	73
Q0ZKF0_Q75_lddt	Q79IE6_Q75_lddt	9.942E-01	9.809E-01	9.809E-01	71.200	73	73	73
Q0ZKF0_Q75_lddt	Q8GL59_Q75_lddt	9.938E-01	9.805E-01	9.805E-01	69.800	73	73	73
Q0ZKF0_Q75_lddt	O70042_Q75_lddt	9.932E-01	9.799E-01	9.799E-01	69.800	73	73	73
Q0ZKF0_Q75_lddt	B7U9E7_Q75_lddt	9.930E-01	9.797E-01	9.797E-01	71.200	73	73	73
Q0ZKF0_Q75_lddt	Q7BQ67_Q75_lddt	9.919E-01	9.786E-01	9.786E-01	69.800	73	73	73
Q0ZKF0_Q75_lddt	Q766G9_Q75_lddt	9.903E-01	9.771E-01	9.771E-01	73.900	73	73	73
Q0ZKF0_Q75_lddt	Q9R3A9_Q75_lddt	9.892E-01	9.760E-01	9.760E-01	76.700	73	73	73
Q0ZKF0_Q75_lddt	Q8G8F9_Q75_lddt	9.870E-01	9.738E-01	9.738E-01	75.300	73	73	73
Q0ZKF0_Q75_lddt	Q9RGC2_Q75_lddt	9.945E-01	9.812E-01	9.555E-01	69.800	73	73	75
Q0ZKF0_Q75_lddt	Q5DUB9_Q75_lddt	9.846E-01	9.715E-01	9.715E-01	60.200	73	73	73
Q0ZKF0_Q75_lddt	Q8GKX3_Q75_lddt	9.933E-01	9.799E-01	9.543E-01	68.400	73	73	75
Q0ZKF0_Q75_lddt	P0A0D2_Q75_lddt	9.885E-01	9.621E-01	9.751E-01	43.800	73	73	72
Q0ZKF0_Q75_lddt	B3V3X6_Q75_lddt	9.888E-01	9.756E-01	9.501E-01	71.200	73	73	75
Q0ZKF0_Q75_lddt	AF-N8VSH4-F1-model_v4_Q75_lddt	9.724E-01	9.596E-01	9.596E-01	52.000	73	73	73
Q0ZKF0_Q75_lddt	A0A5C2PME2_Q75_lddt	9.782E-01	9.523E-01	9.651E-01	39.700	73	73	72
Q0ZKF0_Q75_lddt	A0A1C7ZQH8_Q75_lddt	9.716E-01	9.587E-01	9.587E-01	53.400	73	73	73
Q0ZKF0_Q75_lddt	Q07448_Q75_lddt	9.774E-01	9.516E-01	9.644E-01	36.900	73	73	72
Q0ZKF0_Q75_lddt	AF-W1JB67-F1-model_v6_Q75_lddt	9.762E-01	9.504E-01	9.631E-01	38.300	73	73	72
Q0ZKF0_Q75_lddt	N8W714_Q75_lddt	9.670E-01	9.543E-01	9.543E-01	53.400	73	73	73
Q0ZKF0_Q75_lddt	ANT9-Ic_Q75_lddt	9.726E-01	9.471E-01	9.597E-01	38.300	73	73	72
Q766G9_Q75_lddt	Q766G9_Q75_lddt	1.014E+00	1.000E+00	1.000E+00	100.000	73	73	73
Q766G9_Q75_lddt	Q7BQ67_Q75_lddt	1.008E+00	9.946E-01	9.946E-01	84.900	73	73	73
Q766G9_Q75_lddt	AF-A0A547E8L3-F1-model_v4_Q75_lddt	1.008E+00	9.942E-01	9.942E-01	84.900	73	73	73
Q766G9_Q75_lddt	A8VR99_Q75_lddt	1.008E+00	9.941E-01	9.941E-01	86.300	73	73	73
Q766G9_Q75_lddt	Q8GL59_Q75_lddt	1.008E+00	9.940E-01	9.940E-01	84.900	73	73	73
Q766G9_Q75_lddt	Q79IE6_Q75_lddt	1.008E+00	9.939E-01	9.939E-01	86.300	73	73	73
Q766G9_Q75_lddt	Q27JL8_Q75_lddt	1.008E+00	9.939E-01	9.939E-01	86.300	73	73	73
Q766G9_Q75_lddt	Q4GY15_Q75_lddt	1.008E+00	9.938E-01	9.938E-01	84.900	73	73	73
Q766G9_Q75_lddt	Q6A150_Q75_lddt	1.007E+00	9.938E-01	9.938E-01	86.300	73	73	73
Q766G9_Q75_lddt	Q5UNL3_Q75_lddt	1.007E+00	9.937E-01	9.937E-01	86.300	73	73	73
Q766G9_Q75_lddt	O70042_Q75_lddt	1.007E+00	9.937E-01	9.937E-01	84.900	73	73	73
Q766G9_Q75_lddt	Q08GN0_Q75_lddt	1.007E+00	9.932E-01	9.932E-01	86.300	73	73	73
Q766G9_Q75_lddt	B7U9E7_Q75_lddt	1.007E+00	9.929E-01	9.929E-01	86.300	73	73	73
Q766G9_Q75_lddt	Q0PWM6_Q75_lddt	1.007E+00	9.928E-01	9.928E-01	86.300	73	73	73
Q766G9_Q75_lddt	P0AG05_Q75_lddt	1.006E+00	9.920E-01	9.920E-01	86.300	73	73	73
Q766G9_Q75_lddt	Q8GCH1_Q75_lddt	1.005E+00	9.918E-01	9.918E-01	86.300	73	73	73
Q766G9_Q75_lddt	Q8VL12_Q75_lddt	1.004E+00	9.908E-01	9.908E-01	89.000	73	73	73
Q766G9_Q75_lddt	Q2A799_Q75_lddt	1.002E+00	9.887E-01	9.887E-01	91.700	73	73	73
Q766G9_Q75_lddt	Q8GKX3_Q75_lddt	1.004E+00	9.900E-01	9.639E-01	91.700	73	73	75
Q766G9_Q75_lddt	Q5DUB9_Q75_lddt	9.950E-01	9.816E-01	9.816E-01	64.300	73	73	73
Q766G9_Q75_lddt	Q8G8F9_Q75_lddt	9.941E-01	9.807E-01	9.807E-01	68.400	73	73	73
Q766G9_Q75_lddt	Q9R3A9_Q75_lddt	9.938E-01	9.804E-01	9.804E-01	69.800	73	73	73
Q766G9_Q75_lddt	Q9RGC2_Q75_lddt	1.002E+00	9.888E-01	9.628E-01	91.700	73	73	75
Q766G9_Q75_lddt	Q0ZKF0_Q75_lddt	9.903E-01	9.771E-01	9.771E-01	73.900	73	73	73
Q766G9_Q75_lddt	B3V3X6_Q75_lddt	9.969E-01	9.834E-01	9.576E-01	89.000	73	73	75
Q766G9_Q75_lddt	A0A1C7ZQH8_Q75_lddt	9.808E-01	9.678E-01	9.678E-01	53.400	73	73	73
Q766G9_Q75_lddt	AF-N8VSH4-F1-model_v4_Q75_lddt	9.801E-01	9.670E-01	9.670E-01	52.000	73	73	73
Q766G9_Q75_lddt	Q07448_Q75_lddt	9.847E-01	9.585E-01	9.714E-01	35.600	73	73	72
Q766G9_Q75_lddt	P0A0D2_Q75_lddt	9.848E-01	9.586E-01	9.716E-01	41.000	73	73	72
Q766G9_Q75_lddt	ANT9-Ic_Q75_lddt	9.829E-01	9.568E-01	9.697E-01	41.000	73	73	72
Q766G9_Q75_lddt	A0A5C2PME2_Q75_lddt	9.771E-01	9.513E-01	9.641E-01	41.000	73	73	72
Q766G9_Q75_lddt	AF-W1JB67-F1-model_v6_Q75_lddt	9.752E-01	9.495E-01	9.622E-01	36.900	73	73	72
Q766G9_Q75_lddt	N8W714_Q75_lddt	9.655E-01	9.528E-01	9.528E-01	53.400	73	73	73
Q8GKX3_Q75_lddt	Q8GKX3_Q75_lddt	1.014E+00	1.000E+00	1.000E+00	100.000	75	75	75
Q8GKX3_Q75_lddt	Q2A799_Q75_lddt	1.013E+00	9.726E-01	9.992E-01	98.600	75	73	73
Q8GKX3_Q75_lddt	Q8VL12_Q75_lddt	1.010E+00	9.699E-01	9.964E-01	87.600	75	73	73
Q8GKX3_Q75_lddt	Q9RGC2_Q75_lddt	9.941E-01	9.809E-01	9.809E-01	97.300	75	75	75
Q8GKX3_Q75_lddt	Q8GCH1_Q75_lddt	1.007E+00	9.668E-01	9.931E-01	84.900	75	73	73
Q8GKX3_Q75_lddt	B7U9E7_Q75_lddt	1.006E+00	9.665E-01	9.928E-01	84.900	75	73	73
Q8GKX3_Q75_lddt	Q5UNL3_Q75_lddt	1.006E+00	9.661E-01	9.924E-01	84.900	75	73	73
Q8GKX3_Q75_lddt	Q6A150_Q75_lddt	1.006E+00	9.660E-01	9.922E-01	84.900	75	73	73
Q8GKX3_Q75_lddt	Q08GN0_Q75_lddt	1.006E+00	9.659E-01	9.922E-01	84.900	75	73	73
Q8GKX3_Q75_lddt	Q79IE6_Q75_lddt	1.006E+00	9.659E-01	9.921E-01	84.900	75	73	73
Q8GKX3_Q75_lddt	Q27JL8_Q75_lddt	1.006E+00	9.656E-01	9.919E-01	84.900	75	73	73
Q8GKX3_Q75_lddt	Q0PWM6_Q75_lddt	1.005E+00	9.655E-01	9.918E-01	84.900	75	73	73
Q8GKX3_Q75_lddt	A8VR99_Q75_lddt	1.004E+00	9.645E-01	9.907E-01	84.900	75	73	73
Q8GKX3_Q75_lddt	Q7BQ67_Q75_lddt	1.004E+00	9.644E-01	9.906E-01	83.500	75	73	73
Q8GKX3_Q75_lddt	Q4GY15_Q75_lddt	1.004E+00	9.643E-01	9.905E-01	83.500	75	73	73
Q8GKX3_Q75_lddt	P0AG05_Q75_lddt	1.004E+00	9.641E-01	9.902E-01	84.900	75	73	73
Q8GKX3_Q75_lddt	Q766G9_Q75_lddt	1.004E+00	9.639E-01	9.900E-01	91.700	75	73	73
Q8GKX3_Q75_lddt	Q8GL59_Q75_lddt	1.004E+00	9.638E-01	9.899E-01	83.500	75	73	73
Q8GKX3_Q75_lddt	O70042_Q75_lddt	1.003E+00	9.637E-01	9.898E-01	83.500	75	73	73
Q8GKX3_Q75_lddt	AF-A0A547E8L3-F1-model_v4_Q75_lddt	1.003E+00	9.637E-01	9.898E-01	83.500	75	73	73
Q8GKX3_Q75_lddt	Q5DUB9_Q75_lddt	1.001E+00	9.618E-01	9.878E-01	64.300	75	73	73
Q8GKX3_Q75_lddt	Q9R3A9_Q75_lddt	1.001E+00	9.611E-01	9.871E-01	67.100	75	73	73
Q8GKX3_Q75_lddt	Q8G8F9_Q75_lddt	9.998E-01	9.603E-01	9.863E-01	65.700	75	73	73
Q8GKX3_Q75_lddt	B3V3X6_Q75_lddt	1.009E+00	9.685E-01	9.685E-01	90.400	75	73	75
Q8GKX3_Q75_lddt	Q0ZKF0_Q75_lddt	9.933E-01	9.543E-01	9.799E-01	68.400	75	73	73
Q8GKX3_Q75_lddt	P0A0D2_Q75_lddt	9.887E-01	9.373E-01	9.753E-01	38.300	75	73	72
Q8GKX3_Q75_lddt	A0A1C7ZQH8_Q75_lddt	9.814E-01	9.432E-01	9.684E-01	50.600	75	73	73
Q8GKX3_Q75_lddt	AF-N8VSH4-F1-model_v4_Q75_lddt	9.798E-01	9.417E-01	9.668E-01	49.300	75	73	73
Q8GKX3_Q75_lddt	Q07448_Q75_lddt	9.817E-01	9.310E-01	9.685E-01	31.500	75	73	72
Q8GKX3_Q75_lddt	ANT9-Ic_Q75_lddt	9.791E-01	9.287E-01	9.660E-01	38.300	75	73	72
Q8GKX3_Q75_lddt	N8W714_Q75_lddt	9.707E-01	9.332E-01	9.579E-01	49.300	75	73	73
Q8GKX3_Q75_lddt	A0A5C2PME2_Q75_lddt	9.763E-01	9.261E-01	9.633E-01	38.300	75	73	72
Q8GKX3_Q75_lddt	AF-W1JB67-F1-model_v6_Q75_lddt	9.710E-01	9.213E-01	9.580E-01	34.200	75	73	72
Q0PWM6_Q75_lddt	Q0PWM6_Q75_lddt	1.014E+00	1.000E+00	1.000E+00	100.000	73	73	73
Q0PWM6_Q75_lddt	Q6A150_Q75_lddt	1.014E+00	9.998E-01	9.998E-01	100.000	73	73	73
Q0PWM6_Q75_lddt	Q08GN0_Q75_lddt	1.014E+00	9.998E-01	9.998E-01	100.000	73	73	73
Q0PWM6_Q75_lddt	Q5UNL3_Q75_lddt	1.014E+00	9.997E-01	9.997E-01	100.000	73	73	73
Q0PWM6_Q75_lddt	Q79IE6_Q75_lddt	1.013E+00	9.993E-01	9.993E-01	100.000	73	73	73
Q0PWM6_Q75_lddt	Q27JL8_Q75_lddt	1.013E+00	9.993E-01	9.993E-01	100.000	73	73	73
Q0PWM6_Q75_lddt	B7U9E7_Q75_lddt	1.013E+00	9.989E-01	9.989E-01	100.000	73	73	73
Q0PWM6_Q75_lddt	Q8GCH1_Q75_lddt	1.012E+00	9.986E-01	9.986E-01	100.000	73	73	73
Q0PWM6_Q75_lddt	AF-A0A547E8L3-F1-model_v4_Q75_lddt	1.012E+00	9.981E-01	9.981E-01	93.100	73	73	73
Q0PWM6_Q75_lddt	Q4GY15_Q75_lddt	1.012E+00	9.978E-01	9.978E-01	93.100	73	73	73
Q0PWM6_Q75_lddt	P0AG05_Q75_lddt	1.011E+00	9.976E-01	9.976E-01	100.000	73	73	73
Q0PWM6_Q75_lddt	Q8GL59_Q75_lddt	1.011E+00	9.976E-01	9.976E-01	93.100	73	73	73
Q0PWM6_Q75_lddt	Q7BQ67_Q75_lddt	1.011E+00	9.971E-01	9.971E-01	93.100	73	73	73
Q0PWM6_Q75_lddt	A8VR99_Q75_lddt	1.011E+00	9.970E-01	9.970E-01	95.800	73	73	73
Q0PWM6_Q75_lddt	O70042_Q75_lddt	1.011E+00	9.969E-01	9.969E-01	93.100	73	73	73
Q0PWM6_Q75_lddt	Q766G9_Q75_lddt	1.007E+00	9.928E-01	9.928E-01	86.300	73	73	73
Q0PWM6_Q75_lddt	Q2A799_Q75_lddt	1.005E+00	9.913E-01	9.913E-01	86.300	73	73	73
Q0PWM6_Q75_lddt	Q8VL12_Q75_lddt	1.004E+00	9.902E-01	9.902E-01	84.900	73	73	73
Q0PWM6_Q75_lddt	Q8GKX3_Q75_lddt	1.005E+00	9.918E-01	9.655E-01	84.900	73	73	75
Q0PWM6_Q75_lddt	Q9RGC2_Q75_lddt	1.005E+00	9.910E-01	9.648E-01	86.300	73	73	75
Q0PWM6_Q75_lddt	Q0ZKF0_Q75_lddt	9.959E-01	9.825E-01	9.825E-01	71.200	73	73	73
Q0PWM6_Q75_lddt	Q9R3A9_Q75_lddt	9.934E-01	9.800E-01	9.800E-01	67.100	73	73	73
Q0PWM6_Q75_lddt	Q8G8F9_Q75_lddt	9.929E-01	9.796E-01	9.796E-01	65.700	73	73	73
Q0PWM6_Q75_lddt	Q5DUB9_Q75_lddt	9.919E-01	9.786E-01	9.786E-01	65.700	73	73	73
Q0PWM6_Q75_lddt	B3V3X6_Q75_lddt	9.977E-01	9.843E-01	9.584E-01	84.900	73	73	75
Q0PWM6_Q75_lddt	A0A1C7ZQH8_Q75_lddt	9.848E-01	9.716E-01	9.716E-01	50.600	73	73	73
Q0PWM6_Q75_lddt	P0A0D2_Q75_lddt	9.913E-01	9.648E-01	9.779E-01	42.400	73	73	72
Q0PWM6_Q75_lddt	AF-N8VSH4-F1-model_v4_Q75_lddt	9.844E-01	9.712E-01	9.712E-01	49.300	73	73	73
Q0PWM6_Q75_lddt	Q07448_Q75_lddt	9.907E-01	9.642E-01	9.772E-01	35.600	73	73	72
Q0PWM6_Q75_lddt	ANT9-Ic_Q75_lddt	9.870E-01	9.607E-01	9.737E-01	38.300	73	73	72
Q0PWM6_Q75_lddt	A0A5C2PME2_Q75_lddt	9.869E-01	9.606E-01	9.736E-01	39.700	73	73	72
Q0PWM6_Q75_lddt	N8W714_Q75_lddt	9.754E-01	9.625E-01	9.625E-01	52.000	73	73	73
Q0PWM6_Q75_lddt	AF-W1JB67-F1-model_v6_Q75_lddt	9.803E-01	9.543E-01	9.671E-01	36.900	73	73	72
Q5UNL3_Q75_lddt	Q5UNL3_Q75_lddt	1.014E+00	1.000E+00	1.000E+00	100.000	73	73	73
Q5UNL3_Q75_lddt	Q0PWM6_Q75_lddt	1.014E+00	9.997E-01	9.997E-01	100.000	73	73	73
Q5UNL3_Q75_lddt	Q6A150_Q75_lddt	1.014E+00	9.997E-01	9.997E-01	100.000	73	73	73
Q5UNL3_Q75_lddt	Q08GN0_Q75_lddt	1.013E+00	9.996E-01	9.996E-01	100.000	73	73	73
Q5UNL3_Q75_lddt	Q27JL8_Q75_lddt	1.013E+00	9.995E-01	9.995E-01	100.000	73	73	73
Q5UNL3_Q75_lddt	Q79IE6_Q75_lddt	1.013E+00	9.994E-01	9.994E-01	100.000	73	73	73
Q5UNL3_Q75_lddt	B7U9E7_Q75_lddt	1.013E+00	9.989E-01	9.989E-01	100.000	73	73	73
Q5UNL3_Q75_lddt	Q8GCH1_Q75_lddt	1.012E+00	9.986E-01	9.986E-01	100.000	73	73	73
Q5UNL3_Q75_lddt	AF-A0A547E8L3-F1-model_v4_Q75_lddt	1.012E+00	9.982E-01	9.982E-01	93.100	73	73	73
Q5UNL3_Q75_lddt	Q4GY15_Q75_lddt	1.011E+00	9.975E-01	9.975E-01	93.100	73	73	73
Q5UNL3_Q75_lddt	P0AG05_Q75_lddt	1.011E+00	9.974E-01	9.974E-01	100.000	73	73	73
Q5UNL3_Q75_lddt	A8VR99_Q75_lddt	1.011E+00	9.973E-01	9.973E-01	95.800	73	73	73
Q5UNL3_Q75_lddt	Q8GL59_Q75_lddt	1.011E+00	9.973E-01	9.973E-01	93.100	73	73	73
Q5UNL3_Q75_lddt	Q7BQ67_Q75_lddt	1.011E+00	9.970E-01	9.970E-01	93.100	73	73	73
Q5UNL3_Q75_lddt	O70042_Q75_lddt	1.011E+00	9.967E-01	9.967E-01	93.100	73	73	73
Q5UNL3_Q75_lddt	Q766G9_Q75_lddt	1.007E+00	9.937E-01	9.937E-01	86.300	73	73	73
Q5UNL3_Q75_lddt	Q2A799_Q75_lddt	1.006E+00	9.919E-01	9.919E-01	86.300	73	73	73
Q5UNL3_Q75_lddt	Q8VL12_Q75_lddt	1.004E+00	9.906E-01	9.906E-01	84.900	73	73	73
Q5UNL3_Q75_lddt	Q8GKX3_Q75_lddt	1.006E+00	9.924E-01	9.661E-01	84.900	73	73	75
Q5UNL3_Q75_lddt	Q9RGC2_Q75_lddt	1.005E+00	9.915E-01	9.653E-01	86.300	73	73	75
Q5UNL3_Q75_lddt	Q0ZKF0_Q75_lddt	9.954E-01	9.820E-01	9.820E-01	71.200	73	73	73
Q5UNL3_Q75_lddt	Q9R3A9_Q75_lddt	9.939E-01	9.805E-01	9.805E-01	67.100	73	73	73
Q5UNL3_Q75_lddt	Q8G8F9_Q75_lddt	9.936E-01	9.802E-01	9.802E-01	65.700	73	73	73
Q5UNL3_Q75_lddt	Q5DUB9_Q75_lddt	9.927E-01	9.794E-01	9.794E-01	65.700	73	73	73
Q5UNL3_Q75_lddt	B3V3X6_Q75_lddt	9.981E-01	9.847E-01	9.588E-01	84.900	73	73	75
Q5UNL3_Q75_lddt	A0A1C7ZQH8_Q75_lddt	9.845E-01	9.713E-01	9.713E-01	50.600	73	73	73
Q5UNL3_Q75_lddt	P0A0D2_Q75_lddt	9.913E-01	9.647E-01	9.778E-01	42.400	73	73	72
Q5UNL3_Q75_lddt	Q07448_Q75_lddt	9.906E-01	9.641E-01	9.772E-01	35.600	73	73	72
Q5UNL3_Q75_lddt	AF-N8VSH4-F1-model_v4_Q75_lddt	9.841E-01	9.709E-01	9.709E-01	49.300	73	73	73
Q5UNL3_Q75_lddt	ANT9-Ic_Q75_lddt	9.874E-01	9.610E-01	9.740E-01	38.300	73	73	72
Q5UNL3_Q75_lddt	A0A5C2PME2_Q75_lddt	9.861E-01	9.598E-01	9.728E-01	39.700	73	73	72
Q5UNL3_Q75_lddt	N8W714_Q75_lddt	9.748E-01	9.619E-01	9.619E-01	52.000	73	73	73
Q5UNL3_Q75_lddt	AF-W1JB67-F1-model_v6_Q75_lddt	9.799E-01	9.540E-01	9.668E-01	36.900	73	73	72
Q7BQ67_Q75_lddt	Q7BQ67_Q75_lddt	1.014E+00	1.000E+00	1.000E+00	100.000	73	73	73
Q7BQ67_Q75_lddt	Q8GL59_Q75_lddt	1.013E+00	9.995E-01	9.995E-01	100.000	73	73	73
Q7BQ67_Q75_lddt	Q4GY15_Q75_lddt	1.013E+00	9.994E-01	9.994E-01	100.000	73	73	73
Q7BQ67_Q75_lddt	O70042_Q75_lddt	1.013E+00	9.993E-01	9.993E-01	100.000	73	73	73
Q7BQ67_Q75_lddt	AF-A0A547E8L3-F1-model_v4_Q75_lddt	1.012E+00	9.985E-01	9.985E-01	100.000	73	73	73
Q7BQ67_Q75_lddt	B7U9E7_Q75_lddt	1.012E+00	9.978E-01	9.978E-01	93.100	73	73	73
Q7BQ67_Q75_lddt	Q6A150_Q75_lddt	1.011E+00	9.975E-01	9.975E-01	93.100	73	73	73
Q7BQ67_Q75_lddt	Q27JL8_Q75_lddt	1.011E+00	9.974E-01	9.974E-01	93.100	73	73	73
Q7BQ67_Q75_lddt	Q79IE6_Q75_lddt	1.011E+00	9.971E-01	9.971E-01	93.100	73	73	73
Q7BQ67_Q75_lddt	Q0PWM6_Q75_lddt	1.011E+00	9.971E-01	9.971E-01	93.100	73	73	73
Q7BQ67_Q75_lddt	Q5UNL3_Q75_lddt	1.011E+00	9.970E-01	9.970E-01	93.100	73	73	73
Q7BQ67_Q75_lddt	Q08GN0_Q75_lddt	1.011E+00	9.970E-01	9.970E-01	93.100	73	73	73
Q7BQ67_Q75_lddt	A8VR99_Q75_lddt	1.010E+00	9.964E-01	9.964E-01	91.700	73	73	73
Q7BQ67_Q75_lddt	Q8GCH1_Q75_lddt	1.010E+00	9.959E-01	9.959E-01	93.100	73	73	73
Q7BQ67_Q75_lddt	P0AG05_Q75_lddt	1.009E+00	9.948E-01	9.948E-01	93.100	73	73	73
Q7BQ67_Q75_lddt	Q766G9_Q75_lddt	1.008E+00	9.946E-01	9.946E-01	84.900	73	73	73
Q7BQ67_Q75_lddt	Q8VL12_Q75_lddt	1.003E+00	9.898E-01	9.898E-01	79.400	73	73	73
Q7BQ67_Q75_lddt	Q2A799_Q75_lddt	1.002E+00	9.886E-01	9.886E-01	83.500	73	73	73
Q7BQ67_Q75_lddt	Q8GKX3_Q75_lddt	1.004E+00	9.906E-01	9.644E-01	83.500	73	73	75
Q7BQ67_Q75_lddt	Q9RGC2_Q75_lddt	1.003E+00	9.897E-01	9.636E-01	83.500	73	73	75
Q7BQ67_Q75_lddt	Q9R3A9_Q75_lddt	9.927E-01	9.794E-01	9.794E-01	67.100	73	73	73
Q7BQ67_Q75_lddt	Q8G8F9_Q75_lddt	9.925E-01	9.792E-01	9.792E-01	65.700	73	73	73
Q7BQ67_Q75_lddt	Q0ZKF0_Q75_lddt	9.919E-01	9.786E-01	9.786E-01	69.800	73	73	73
Q7BQ67_Q75_lddt	Q5DUB9_Q75_lddt	9.907E-01	9.774E-01	9.774E-01	65.700	73	73	73
Q7BQ67_Q75_lddt	B3V3X6_Q75_lddt	9.968E-01	9.834E-01	9.576E-01	80.800	73	73	75
Q7BQ67_Q75_lddt	A0A1C7ZQH8_Q75_lddt	9.841E-01	9.710E-01	9.710E-01	49.300	73	73	73
Q7BQ67_Q75_lddt	AF-N8VSH4-F1-model_v4_Q75_lddt	9.838E-01	9.707E-01	9.707E-01	47.900	73	73	73
Q7BQ67_Q75_lddt	Q07448_Q75_lddt	9.885E-01	9.621E-01	9.751E-01	35.600	73	73	72
Q7BQ67_Q75_lddt	P0A0D2_Q75_lddt	9.864E-01	9.601E-01	9.731E-01	42.400	73	73	72
Q7BQ67_Q75_lddt	ANT9-Ic_Q75_lddt	9.854E-01	9.592E-01	9.721E-01	39.700	73	73	72
Q7BQ67_Q75_lddt	A0A5C2PME2_Q75_lddt	9.832E-01	9.571E-01	9.699E-01	38.300	73	73	72
Q7BQ67_Q75_lddt	N8W714_Q75_lddt	9.715E-01	9.587E-01	9.587E-01	49.300	73	73	73
Q7BQ67_Q75_lddt	AF-W1JB67-F1-model_v6_Q75_lddt	9.780E-01	9.522E-01	9.649E-01	38.300	73	73	72
Q8GL59_Q75_lddt	Q8GL59_Q75_lddt	1.014E+00	1.000E+00	1.000E+00	100.000	73	73	73
Q8GL59_Q75_lddt	Q4GY15_Q75_lddt	1.014E+00	9.999E-01	9.999E-01	100.000	73	73	73
Q8GL59_Q75_lddt	O70042_Q75_lddt	1.014E+00	9.997E-01	9.997E-01	100.000	73	73	73
Q8GL59_Q75_lddt	Q7BQ67_Q75_lddt	1.013E+00	9.995E-01	9.995E-01	100.000	73	73	73
Q8GL59_Q75_lddt	AF-A0A547E8L3-F1-model_v4_Q75_lddt	1.013E+00	9.989E-01	9.989E-01	100.000	73	73	73
Q8GL59_Q75_lddt	B7U9E7_Q75_lddt	1.012E+00	9.979E-01	9.979E-01	93.100	73	73	73
Q8GL59_Q75_lddt	Q6A150_Q75_lddt	1.012E+00	9.978E-01	9.978E-01	93.100	73	73	73
Q8GL59_Q75_lddt	Q08GN0_Q75_lddt	1.012E+00	9.977E-01	9.977E-01	93.100	73	73	73
Q8GL59_Q75_lddt	Q0PWM6_Q75_lddt	1.011E+00	9.976E-01	9.976E-01	93.100	73	73	73
Q8GL59_Q75_lddt	Q5UNL3_Q75_lddt	1.011E+00	9.973E-01	9.973E-01	93.100	73	73	73
Q8GL59_Q75_lddt	Q79IE6_Q75_lddt	1.011E+00	9.972E-01	9.972E-01	93.100	73	73	73
Q8GL59_Q75_lddt	A8VR99_Q75_lddt	1.011E+00	9.972E-01	9.972E-01	91.700	73	73	73
Q8GL59_Q75_lddt	Q27JL8_Q75_lddt	1.011E+00	9.972E-01	9.972E-01	93.100	73	73	73
Q8GL59_Q75_lddt	Q8GCH1_Q75_lddt	1.010E+00	9.962E-01	9.962E-01	93.100	73	73	73
Q8GL59_Q75_lddt	P0AG05_Q75_lddt	1.009E+00	9.951E-01	9.951E-01	93.100	73	73	73
Q8GL59_Q75_lddt	Q766G9_Q75_lddt	1.008E+00	9.940E-01	9.940E-01	84.900	73	73	73
Q8GL59_Q75_lddt	Q8VL12_Q75_lddt	1.003E+00	9.892E-01	9.892E-01	79.400	73	73	73
Q8GL59_Q75_lddt	Q2A799_Q75_lddt	1.002E+00	9.880E-01	9.880E-01	83.500	73	73	73
Q8GL59_Q75_lddt	Q8GKX3_Q75_lddt	1.004E+00	9.899E-01	9.638E-01	83.500	73	73	75
Q8GL59_Q75_lddt	Q9RGC2_Q75_lddt	1.003E+00	9.892E-01	9.631E-01	83.500	73	73	75
Q8GL59_Q75_lddt	Q9R3A9_Q75_lddt	9.936E-01	9.802E-01	9.802E-01	67.100	73	73	73
Q8GL59_Q75_lddt	Q0ZKF0_Q75_lddt	9.938E-01	9.805E-01	9.805E-01	69.800	73	73	73
Q8GL59_Q75_lddt	Q8G8F9_Q75_lddt	9.930E-01	9.797E-01	9.797E-01	65.700	73	73	73
Q8GL59_Q75_lddt	Q5DUB9_Q75_lddt	9.905E-01	9.772E-01	9.772E-01	65.700	73	73	73
Q8GL59_Q75_lddt	B3V3X6_Q75_lddt	9.960E-01	9.826E-01	9.568E-01	80.800	73	73	75
Q8GL59_Q75_lddt	AF-N8VSH4-F1-model_v4_Q75_lddt	9.838E-01	9.707E-01	9.707E-01	47.900	73	73	73
Q8GL59_Q75_lddt	A0A1C7ZQH8_Q75_lddt	9.837E-01	9.705E-01	9.705E-01	49.300	73	73	73
Q8GL59_Q75_lddt	Q07448_Q75_lddt	9.886E-01	9.622E-01	9.752E-01	35.600	73	73	72
Q8GL59_Q75_lddt	P0A0D2_Q75_lddt	9.872E-01	9.609E-01	9.739E-01	42.400	73	73	72
Q8GL59_Q75_lddt	ANT9-Ic_Q75_lddt	9.856E-01	9.594E-01	9.723E-01	39.700	73	73	72
Q8GL59_Q75_lddt	A0A5C2PME2_Q75_lddt	9.837E-01	9.576E-01	9.705E-01	38.300	73	73	72
Q8GL59_Q75_lddt	AF-W1JB67-F1-model_v6_Q75_lddt	9.781E-01	9.522E-01	9.650E-01	38.300	73	73	72
Q8GL59_Q75_lddt	N8W714_Q75_lddt	9.713E-01	9.585E-01	9.585E-01	49.300	73	73	73
Q9RGC2_Q75_lddt	Q9RGC2_Q75_lddt	1.014E+00	1.000E+00	1.000E+00	100.000	75	75	75
Q9RGC2_Q75_lddt	Q2A799_Q75_lddt	1.013E+00	9.727E-01	9.993E-01	100.000	75	73	73
Q9RGC2_Q75_lddt	Q8VL12_Q75_lddt	1.010E+00	9.700E-01	9.965E-01	89.000	75	73	73
Q9RGC2_Q75_lddt	Q8GKX3_Q75_lddt	9.941E-01	9.809E-01	9.809E-01	97.300	75	75	75
Q9RGC2_Q75_lddt	Q8GCH1_Q75_lddt	1.006E+00	9.661E-01	9.924E-01	86.300	75	73	73
Q9RGC2_Q75_lddt	B7U9E7_Q75_lddt	1.006E+00	9.658E-01	9.921E-01	86.300	75	73	73
Q9RGC2_Q75_lddt	Q08GN0_Q75_lddt	1.005E+00	9.653E-01	9.915E-01	86.300	75	73	73
Q9RGC2_Q75_lddt	Q5UNL3_Q75_lddt	1.005E+00	9.653E-01	9.915E-01	86.300	75	73	73
Q9RGC2_Q75_lddt	Q6A150_Q75_lddt	1.005E+00	9.652E-01	9.914E-01	86.300	75	73	73
Q9RGC2_Q75_lddt	Q79IE6_Q75_lddt	1.005E+00	9.650E-01	9.912E-01	86.300	75	73	73
Q9RGC2_Q75_lddt	Q0PWM6_Q75_lddt	1.005E+00	9.648E-01	9.910E-01	86.300	75	73	73
Q9RGC2_Q75_lddt	Q27JL8_Q75_lddt	1.005E+00	9.648E-01	9.910E-01	86.300	75	73	73
Q9RGC2_Q75_lddt	A8VR99_Q75_lddt	1.004E+00	9.639E-01	9.900E-01	86.300	75	73	73
Q9RGC2_Q75_lddt	P0AG05_Q75_lddt	1.003E+00	9.637E-01	9.898E-01	86.300	75	73	73
Q9RGC2_Q75_lddt	Q4GY15_Q75_lddt	1.003E+00	9.636E-01	9.898E-01	83.500	75	73	73
Q9RGC2_Q75_lddt	Q7BQ67_Q75_lddt	1.003E+00	9.636E-01	9.897E-01	83.500	75	73	73
Q9RGC2_Q75_lddt	Q8GL59_Q75_lddt	1.003E+00	9.631E-01	9.892E-01	83.500	75	73	73
Q9RGC2_Q75_lddt	O70042_Q75_lddt	1.003E+00	9.631E-01	9.892E-01	83.500	75	73	73
Q9RGC2_Q75_lddt	AF-A0A547E8L3-F1-model_v4_Q75_lddt	1.003E+00	9.629E-01	9.890E-01	83.500	75	73	73
Q9RGC2_Q75_lddt	Q766G9_Q75_lddt	1.002E+00	9.628E-01	9.888E-01	91.700	75	73	73
Q9RGC2_Q75_lddt	Q5DUB9_Q75_lddt	1.001E+00	9.614E-01	9.874E-01	64.300	75	73	73
Q9RGC2_Q75_lddt	Q9R3A9_Q75_lddt	1.000E+00	9.608E-01	9.867E-01	67.100	75	73	73
Q9RGC2_Q75_lddt	B3V3X6_Q75_lddt	1.009E+00	9.686E-01	9.686E-01	89.000	75	73	75
Q9RGC2_Q75_lddt	Q8G8F9_Q75_lddt	9.991E-01	9.597E-01	9.856E-01	65.700	75	73	73
Q9RGC2_Q75_lddt	Q0ZKF0_Q75_lddt	9.945E-01	9.555E-01	9.812E-01	69.800	75	73	73
Q9RGC2_Q75_lddt	P0A0D2_Q75_lddt	9.881E-01	9.368E-01	9.748E-01	38.300	75	73	72
Q9RGC2_Q75_lddt	A0A1C7ZQH8_Q75_lddt	9.812E-01	9.430E-01	9.681E-01	50.600	75	73	73
Q9RGC2_Q75_lddt	AF-N8VSH4-F1-model_v4_Q75_lddt	9.795E-01	9.415E-01	9.665E-01	49.300	75	73	73
Q9RGC2_Q75_lddt	Q07448_Q75_lddt	9.801E-01	9.296E-01	9.670E-01	31.500	75	73	72
Q9RGC2_Q75_lddt	N8W714_Q75_lddt	9.704E-01	9.329E-01	9.575E-01	49.300	75	73	73
Q9RGC2_Q75_lddt	ANT9-Ic_Q75_lddt	9.776E-01	9.273E-01	9.645E-01	38.300	75	73	72
Q9RGC2_Q75_lddt	A0A5C2PME2_Q75_lddt	9.758E-01	9.256E-01	9.627E-01	38.300	75	73	72
Q9RGC2_Q75_lddt	AF-W1JB67-F1-model_v6_Q75_lddt	9.697E-01	9.201E-01	9.568E-01	34.200	75	73	72
A0A1C7ZQH8_Q75_lddt	A0A1C7ZQH8_Q75_lddt	1.014E+00	1.000E+00	1.000E+00	100.000	73	73	73
A0A1C7ZQH8_Q75_lddt	AF-N8VSH4-F1-model_v4_Q75_lddt	1.013E+00	9.990E-01	9.990E-01	95.800	73	73	73
A0A1C7ZQH8_Q75_lddt	N8W714_Q75_lddt	1.001E+00	9.875E-01	9.875E-01	78.000	73	73	73
A0A1C7ZQH8_Q75_lddt	Q79IE6_Q75_lddt	9.861E-01	9.729E-01	9.729E-01	50.600	73	73	73
A0A1C7ZQH8_Q75_lddt	Q27JL8_Q75_lddt	9.860E-01	9.728E-01	9.728E-01	50.600	73	73	73
A0A1C7ZQH8_Q75_lddt	P0AG05_Q75_lddt	9.851E-01	9.719E-01	9.719E-01	50.600	73	73	73
A0A1C7ZQH8_Q75_lddt	Q0PWM6_Q75_lddt	9.848E-01	9.716E-01	9.716E-01	50.600	73	73	73
A0A1C7ZQH8_Q75_lddt	Q6A150_Q75_lddt	9.848E-01	9.716E-01	9.716E-01	50.600	73	73	73
A0A1C7ZQH8_Q75_lddt	Q5UNL3_Q75_lddt	9.845E-01	9.713E-01	9.713E-01	50.600	73	73	73
A0A1C7ZQH8_Q75_lddt	Q08GN0_Q75_lddt	9.844E-01	9.713E-01	9.713E-01	50.600	73	73	73
A0A1C7ZQH8_Q75_lddt	Q4GY15_Q75_lddt	9.844E-01	9.713E-01	9.713E-01	49.300	73	73	73
A0A1C7ZQH8_Q75_lddt	Q7BQ67_Q75_lddt	9.841E-01	9.710E-01	9.710E-01	49.300	73	73	73
A0A1C7ZQH8_Q75_lddt	B7U9E7_Q75_lddt	9.836E-01	9.704E-01	9.704E-01	50.600	73	73	73
A0A1C7ZQH8_Q75_lddt	Q8GL59_Q75_lddt	9.837E-01	9.705E-01	9.705E-01	49.300	73	73	73
A0A1C7ZQH8_Q75_lddt	AF-A0A547E8L3-F1-model_v4_Q75_lddt	9.835E-01	9.704E-01	9.704E-01	49.300	73	73	73
A0A1C7ZQH8_Q75_lddt	Q8GCH1_Q75_lddt	9.829E-01	9.698E-01	9.698E-01	50.600	73	73	73
A0A1C7ZQH8_Q75_lddt	O70042_Q75_lddt	9.829E-01	9.697E-01	9.697E-01	49.300	73	73	73
A0A1C7ZQH8_Q75_lddt	Q2A799_Q75_lddt	9.815E-01	9.684E-01	9.684E-01	50.600	73	73	73
A0A1C7ZQH8_Q75_lddt	A8VR99_Q75_lddt	9.814E-01	9.683E-01	9.683E-01	50.600	73	73	73
A0A1C7ZQH8_Q75_lddt	Q766G9_Q75_lddt	9.808E-01	9.678E-01	9.678E-01	53.400	73	73	73
A0A1C7ZQH8_Q75_lddt	Q8VL12_Q75_lddt	9.795E-01	9.665E-01	9.665E-01	54.700	73	73	73
A0A1C7ZQH8_Q75_lddt	Q07448_Q75_lddt	9.856E-01	9.594E-01	9.723E-01	42.400	73	73	72
A0A1C7ZQH8_Q75_lddt	P0A0D2_Q75_lddt	9.837E-01	9.575E-01	9.704E-01	45.200	73	73	72
A0A1C7ZQH8_Q75_lddt	Q8GKX3_Q75_lddt	9.814E-01	9.684E-01	9.432E-01	50.600	73	73	75
A0A1C7ZQH8_Q75_lddt	Q9RGC2_Q75_lddt	9.812E-01	9.681E-01	9.430E-01	50.600	73	73	75
A0A1C7ZQH8_Q75_lddt	Q0ZKF0_Q75_lddt	9.716E-01	9.587E-01	9.587E-01	53.400	73	73	73
A0A1C7ZQH8_Q75_lddt	ANT9-Ic_Q75_lddt	9.760E-01	9.503E-01	9.630E-01	43.800	73	73	72
A0A1C7ZQH8_Q75_lddt	Q5DUB9_Q75_lddt	9.695E-01	9.568E-01	9.568E-01	46.500	73	73	73
A0A1C7ZQH8_Q75_lddt	B3V3X6_Q75_lddt	9.773E-01	9.643E-01	9.394E-01	53.400	73	73	75
A0A1C7ZQH8_Q75_lddt	Q9R3A9_Q75_lddt	9.681E-01	9.553E-01	9.553E-01	49.300	73	73	73
A0A1C7ZQH8_Q75_lddt	Q8G8F9_Q75_lddt	9.666E-01	9.539E-01	9.539E-01	47.900	73	73	73
A0A1C7ZQH8_Q75_lddt	AF-W1JB67-F1-model_v6_Q75_lddt	9.733E-01	9.477E-01	9.603E-01	38.300	73	73	72
A0A1C7ZQH8_Q75_lddt	A0A5C2PME2_Q75_lddt	9.677E-01	9.424E-01	9.549E-01	32.800	73	73	72
A0A5C2PME2_Q75_lddt	A0A5C2PME2_Q75_lddt	1.014E+00	1.000E+00	1.000E+00	100.000	72	72	72
A0A5C2PME2_Q75_lddt	ANT9-Ic_Q75_lddt	9.928E-01	9.793E-01	9.793E-01	44.400	72	72	72
A0A5C2PME2_Q75_lddt	Q07448_Q75_lddt	9.858E-01	9.725E-01	9.725E-01	38.800	72	72	72
A0A5C2PME2_Q75_lddt	P0A0D2_Q75_lddt	9.825E-01	9.693E-01	9.693E-01	45.800	72	72	72
A0A5C2PME2_Q75_lddt	Q8GCH1_Q75_lddt	9.873E-01	9.740E-01	9.610E-01	39.700	72	73	73
A0A5C2PME2_Q75_lddt	Q08GN0_Q75_lddt	9.871E-01	9.738E-01	9.608E-01	39.700	72	73	73
A0A5C2PME2_Q75_lddt	Q6A150_Q75_lddt	9.871E-01	9.737E-01	9.607E-01	39.700	72	73	73
A0A5C2PME2_Q75_lddt	Q0PWM6_Q75_lddt	9.869E-01	9.736E-01	9.606E-01	39.700	72	73	73
A0A5C2PME2_Q75_lddt	Q5UNL3_Q75_lddt	9.861E-01	9.728E-01	9.598E-01	39.700	72	73	73
A0A5C2PME2_Q75_lddt	AF-A0A547E8L3-F1-model_v4_Q75_lddt	9.858E-01	9.725E-01	9.595E-01	38.300	72	73	73
A0A5C2PME2_Q75_lddt	Q27JL8_Q75_lddt	9.851E-01	9.718E-01	9.588E-01	39.700	72	73	73
A0A5C2PME2_Q75_lddt	A8VR99_Q75_lddt	9.844E-01	9.712E-01	9.583E-01	38.300	72	73	73
A0A5C2PME2_Q75_lddt	Q79IE6_Q75_lddt	9.842E-01	9.710E-01	9.581E-01	39.700	72	73	73
A0A5C2PME2_Q75_lddt	B7U9E7_Q75_lddt	9.842E-01	9.709E-01	9.580E-01	39.700	72	73	73
A0A5C2PME2_Q75_lddt	Q4GY15_Q75_lddt	9.841E-01	9.708E-01	9.579E-01	38.300	72	73	73
A0A5C2PME2_Q75_lddt	Q8GL59_Q75_lddt	9.837E-01	9.705E-01	9.576E-01	38.300	72	73	73
A0A5C2PME2_Q75_lddt	P0AG05_Q75_lddt	9.836E-01	9.703E-01	9.574E-01	39.700	72	73	73
A0A5C2PME2_Q75_lddt	Q7BQ67_Q75_lddt	9.832E-01	9.699E-01	9.571E-01	38.300	72	73	73
A0A5C2PME2_Q75_lddt	O70042_Q75_lddt	9.826E-01	9.694E-01	9.565E-01	38.300	72	73	73
A0A5C2PME2_Q75_lddt	Q2A799_Q75_lddt	9.784E-01	9.653E-01	9.525E-01	38.300	72	73	73
A0A5C2PME2_Q75_lddt	AF-W1JB67-F1-model_v6_Q75_lddt	9.727E-01	9.597E-01	9.597E-01	37.500	72	72	72
A0A5C2PME2_Q75_lddt	Q0ZKF0_Q75_lddt	9.782E-01	9.651E-01	9.523E-01	39.700	72	73	73
A0A5C2PME2_Q75_lddt	Q8VL12_Q75_lddt	9.777E-01	9.646E-01	9.519E-01	39.700	72	73	73
A0A5C2PME2_Q75_lddt	Q766G9_Q75_lddt	9.771E-01	9.641E-01	9.513E-01	41.000	72	73	73
A0A5C2PME2_Q75_lddt	Q5DUB9_Q75_lddt	9.713E-01	9.583E-01	9.458E-01	39.700	72	73	73
A0A5C2PME2_Q75_lddt	Q8GKX3_Q75_lddt	9.763E-01	9.633E-01	9.261E-01	38.300	72	73	75
A0A5C2PME2_Q75_lddt	A0A1C7ZQH8_Q75_lddt	9.677E-01	9.549E-01	9.424E-01	32.800	72	73	73
A0A5C2PME2_Q75_lddt	AF-N8VSH4-F1-model_v4_Q75_lddt	9.676E-01	9.548E-01	9.423E-01	34.200	72	73	73
A0A5C2PME2_Q75_lddt	Q9RGC2_Q75_lddt	9.758E-01	9.627E-01	9.256E-01	38.300	72	73	75
A0A5C2PME2_Q75_lddt	Q9R3A9_Q75_lddt	9.646E-01	9.518E-01	9.394E-01	39.700	72	73	73
A0A5C2PME2_Q75_lddt	Q8G8F9_Q75_lddt	9.634E-01	9.506E-01	9.382E-01	39.700	72	73	73
A0A5C2PME2_Q75_lddt	N8W714_Q75_lddt	9.626E-01	9.499E-01	9.375E-01	34.200	72	73	73
A0A5C2PME2_Q75_lddt	B3V3X6_Q75_lddt	9.652E-01	9.524E-01	9.160E-01	39.700	72	73	75
A8VR99_Q75_lddt	A8VR99_Q75_lddt	1.014E+00	1.000E+00	1.000E+00	100.000	73	73	73
A8VR99_Q75_lddt	AF-A0A547E8L3-F1-model_v4_Q75_lddt	1.012E+00	9.979E-01	9.979E-01	91.700	73	73	73
A8VR99_Q75_lddt	Q08GN0_Q75_lddt	1.011E+00	9.976E-01	9.976E-01	95.800	73	73	73
A8VR99_Q75_lddt	O70042_Q75_lddt	1.011E+00	9.974E-01	9.974E-01	91.700	73	73	73
A8VR99_Q75_lddt	Q5UNL3_Q75_lddt	1.011E+00	9.973E-01	9.973E-01	95.800	73	73	73
A8VR99_Q75_lddt	Q79IE6_Q75_lddt	1.011E+00	9.972E-01	9.972E-01	95.800	73	73	73
A8VR99_Q75_lddt	Q4GY15_Q75_lddt	1.011E+00	9.972E-01	9.972E-01	91.700	73	73	73
A8VR99_Q75_lddt	Q6A150_Q75_lddt	1.011E+00	9.972E-01	9.972E-01	95.800	73	73	73
A8VR99_Q75_lddt	Q8GL59_Q75_lddt	1.011E+00	9.972E-01	9.972E-01	91.700	73	73	73
A8VR99_Q75_lddt	Q27JL8_Q75_lddt	1.011E+00	9.971E-01	9.971E-01	95.800	73	73	73
A8VR99_Q75_lddt	Q0PWM6_Q75_lddt	1.011E+00	9.970E-01	9.970E-01	95.800	73	73	73
A8VR99_Q75_lddt	Q8GCH1_Q75_lddt	1.011E+00	9.969E-01	9.969E-01	95.800	73	73	73
A8VR99_Q75_lddt	Q7BQ67_Q75_lddt	1.010E+00	9.964E-01	9.964E-01	91.700	73	73	73
A8VR99_Q75_lddt	P0AG05_Q75_lddt	1.010E+00	9.964E-01	9.964E-01	95.800	73	73	73
A8VR99_Q75_lddt	B7U9E7_Q75_lddt	1.010E+00	9.964E-01	9.964E-01	95.800	73	73	73
A8VR99_Q75_lddt	Q766G9_Q75_lddt	1.008E+00	9.941E-01	9.941E-01	86.300	73	73	73
A8VR99_Q75_lddt	Q8VL12_Q75_lddt	1.004E+00	9.903E-01	9.903E-01	87.600	73	73	73
A8VR99_Q75_lddt	Q2A799_Q75_lddt	1.004E+00	9.899E-01	9.899E-01	86.300	73	73	73
A8VR99_Q75_lddt	Q0ZKF0_Q75_lddt	9.962E-01	9.828E-01	9.828E-01	71.200	73	73	73
A8VR99_Q75_lddt	Q8GKX3_Q75_lddt	1.004E+00	9.907E-01	9.645E-01	84.900	73	73	75
A8VR99_Q75_lddt	Q9R3A9_Q75_lddt	9.952E-01	9.818E-01	9.818E-01	67.100	73	73	73
A8VR99_Q75_lddt	Q9RGC2_Q75_lddt	1.004E+00	9.900E-01	9.639E-01	86.300	73	73	75
A8VR99_Q75_lddt	Q8G8F9_Q75_lddt	9.942E-01	9.809E-01	9.809E-01	65.700	73	73	73
A8VR99_Q75_lddt	Q5DUB9_Q75_lddt	9.926E-01	9.793E-01	9.793E-01	65.700	73	73	73
A8VR99_Q75_lddt	B3V3X6_Q75_lddt	9.963E-01	9.829E-01	9.572E-01	84.900	73	73	75
A8VR99_Q75_lddt	AF-N8VSH4-F1-model_v4_Q75_lddt	9.821E-01	9.690E-01	9.690E-01	49.300	73	73	73
A8VR99_Q75_lddt	A0A1C7ZQH8_Q75_lddt	9.814E-01	9.683E-01	9.683E-01	50.600	73	73	73
A8VR99_Q75_lddt	P0A0D2_Q75_lddt	9.877E-01	9.614E-01	9.744E-01	42.400	73	73	72
A8VR99_Q75_lddt	ANT9-Ic_Q75_lddt	9.865E-01	9.602E-01	9.732E-01	38.300	73	73	72
A8VR99_Q75_lddt	Q07448_Q75_lddt	9.858E-01	9.595E-01	9.725E-01	36.900	73	73	72
A8VR99_Q75_lddt	A0A5C2PME2_Q75_lddt	9.844E-01	9.583E-01	9.712E-01	38.300	73	73	72
A8VR99_Q75_lddt	N8W714_Q75_lddt	9.691E-01	9.564E-01	9.564E-01	52.000	73	73	73
A8VR99_Q75_lddt	AF-W1JB67-F1-model_v6_Q75_lddt	9.748E-01	9.491E-01	9.618E-01	36.900	73	73	72
AF-A0A547E8L3-F1-model_v4_Q75_lddt	AF-A0A547E8L3-F1-model_v4_Q75_lddt	1.014E+00	1.000E+00	1.000E+00	100.000	73	73	73
AF-A0A547E8L3-F1-model_v4_Q75_lddt	Q8GL59_Q75_lddt	1.013E+00	9.989E-01	9.989E-01	100.000	73	73	73
AF-A0A547E8L3-F1-model_v4_Q75_lddt	Q4GY15_Q75_lddt	1.013E+00	9.989E-01	9.989E-01	100.000	73	73	73
AF-A0A547E8L3-F1-model_v4_Q75_lddt	O70042_Q75_lddt	1.013E+00	9.987E-01	9.987E-01	100.000	73	73	73
AF-A0A547E8L3-F1-model_v4_Q75_lddt	Q7BQ67_Q75_lddt	1.012E+00	9.985E-01	9.985E-01	100.000	73	73	73
AF-A0A547E8L3-F1-model_v4_Q75_lddt	Q08GN0_Q75_lddt	1.012E+00	9.983E-01	9.983E-01	93.100	73	73	73
AF-A0A547E8L3-F1-model_v4_Q75_lddt	Q6A150_Q75_lddt	1.012E+00	9.982E-01	9.982E-01	93.100	73	73	73
AF-A0A547E8L3-F1-model_v4_Q75_lddt	Q5UNL3_Q75_lddt	1.012E+00	9.982E-01	9.982E-01	93.100	73	73	73
AF-A0A547E8L3-F1-model_v4_Q75_lddt	Q0PWM6_Q75_lddt	1.012E+00	9.981E-01	9.981E-01	93.100	73	73	73
AF-A0A547E8L3-F1-model_v4_Q75_lddt	Q27JL8_Q75_lddt	1.012E+00	9.981E-01	9.981E-01	93.100	73	73	73
AF-A0A547E8L3-F1-model_v4_Q75_lddt	A8VR99_Q75_lddt	1.012E+00	9.979E-01	9.979E-01	91.700	73	73	73
AF-A0A547E8L3-F1-model_v4_Q75_lddt	Q79IE6_Q75_lddt	1.012E+00	9.978E-01	9.978E-01	93.100	73	73	73
AF-A0A547E8L3-F1-model_v4_Q75_lddt	Q8GCH1_Q75_lddt	1.011E+00	9.970E-01	9.970E-01	93.100	73	73	73
AF-A0A547E8L3-F1-model_v4_Q75_lddt	B7U9E7_Q75_lddt	1.011E+00	9.969E-01	9.969E-01	93.100	73	73	73
AF-A0A547E8L3-F1-model_v4_Q75_lddt	P0AG05_Q75_lddt	1.010E+00	9.966E-01	9.966E-01	93.100	73	73	73
AF-A0A547E8L3-F1-model_v4_Q75_lddt	Q766G9_Q75_lddt	1.008E+00	9.942E-01	9.942E-01	84.900	73	73	73
AF-A0A547E8L3-F1-model_v4_Q75_lddt	Q2A799_Q75_lddt	1.003E+00	9.890E-01	9.890E-01	83.500	73	73	73
AF-A0A547E8L3-F1-model_v4_Q75_lddt	Q8VL12_Q75_lddt	1.002E+00	9.888E-01	9.888E-01	79.400	73	73	73
AF-A0A547E8L3-F1-model_v4_Q75_lddt	Q0ZKF0_Q75_lddt	9.965E-01	9.831E-01	9.831E-01	69.800	73	73	73
AF-A0A547E8L3-F1-model_v4_Q75_lddt	Q8GKX3_Q75_lddt	1.003E+00	9.898E-01	9.637E-01	83.500	73	73	75
AF-A0A547E8L3-F1-model_v4_Q75_lddt	Q9RGC2_Q75_lddt	1.003E+00	9.890E-01	9.629E-01	83.500	73	73	75
AF-A0A547E8L3-F1-model_v4_Q75_lddt	Q9R3A9_Q75_lddt	9.924E-01	9.790E-01	9.790E-01	67.100	73	73	73
AF-A0A547E8L3-F1-model_v4_Q75_lddt	Q8G8F9_Q75_lddt	9.918E-01	9.785E-01	9.785E-01	65.700	73	73	73
AF-A0A547E8L3-F1-model_v4_Q75_lddt	Q5DUB9_Q75_lddt	9.903E-01	9.771E-01	9.771E-01	65.700	73	73	73
AF-A0A547E8L3-F1-model_v4_Q75_lddt	AF-N8VSH4-F1-model_v4_Q75_lddt	9.843E-01	9.711E-01	9.711E-01	47.900	73	73	73
AF-A0A547E8L3-F1-model_v4_Q75_lddt	Q07448_Q75_lddt	9.907E-01	9.642E-01	9.773E-01	35.600	73	73	72
AF-A0A547E8L3-F1-model_v4_Q75_lddt	B3V3X6_Q75_lddt	9.943E-01	9.810E-01	9.553E-01	80.800	73	73	75
AF-A0A547E8L3-F1-model_v4_Q75_lddt	A0A1C7ZQH8_Q75_lddt	9.835E-01	9.704E-01	9.704E-01	49.300	73	73	73
AF-A0A547E8L3-F1-model_v4_Q75_lddt	P0A0D2_Q75_lddt	9.894E-01	9.629E-01	9.760E-01	42.400	73	73	72
AF-A0A547E8L3-F1-model_v4_Q75_lddt	ANT9-Ic_Q75_lddt	9.876E-01	9.613E-01	9.743E-01	39.700	73	73	72
AF-A0A547E8L3-F1-model_v4_Q75_lddt	A0A5C2PME2_Q75_lddt	9.858E-01	9.595E-01	9.725E-01	38.300	73	73	72
AF-A0A547E8L3-F1-model_v4_Q75_lddt	AF-W1JB67-F1-model_v6_Q75_lddt	9.802E-01	9.542E-01	9.670E-01	38.300	73	73	72
AF-A0A547E8L3-F1-model_v4_Q75_lddt	N8W714_Q75_lddt	9.730E-01	9.601E-01	9.601E-01	49.300	73	73	73
AF-N8VSH4-F1-model_v4_Q75_lddt	AF-N8VSH4-F1-model_v4_Q75_lddt	1.014E+00	1.000E+00	1.000E+00	100.000	73	73	73
AF-N8VSH4-F1-model_v4_Q75_lddt	A0A1C7ZQH8_Q75_lddt	1.013E+00	9.990E-01	9.990E-01	95.800	73	73	73
AF-N8VSH4-F1-model_v4_Q75_lddt	N8W714_Q75_lddt	1.001E+00	9.876E-01	9.876E-01	76.700	73	73	73
AF-N8VSH4-F1-model_v4_Q75_lddt	Q27JL8_Q75_lddt	9.855E-01	9.723E-01	9.723E-01	49.300	73	73	73
AF-N8VSH4-F1-model_v4_Q75_lddt	Q79IE6_Q75_lddt	9.854E-01	9.722E-01	9.722E-01	49.300	73	73	73
AF-N8VSH4-F1-model_v4_Q75_lddt	P0AG05_Q75_lddt	9.852E-01	9.720E-01	9.720E-01	49.300	73	73	73
AF-N8VSH4-F1-model_v4_Q75_lddt	Q4GY15_Q75_lddt	9.846E-01	9.715E-01	9.715E-01	47.900	73	73	73
AF-N8VSH4-F1-model_v4_Q75_lddt	Q0PWM6_Q75_lddt	9.844E-01	9.712E-01	9.712E-01	49.300	73	73	73
AF-N8VSH4-F1-model_v4_Q75_lddt	Q6A150_Q75_lddt	9.844E-01	9.712E-01	9.712E-01	49.300	73	73	73
AF-N8VSH4-F1-model_v4_Q75_lddt	Q08GN0_Q75_lddt	9.842E-01	9.711E-01	9.711E-01	49.300	73	73	73
AF-N8VSH4-F1-model_v4_Q75_lddt	AF-A0A547E8L3-F1-model_v4_Q75_lddt	9.843E-01	9.711E-01	9.711E-01	47.900	73	73	73
AF-N8VSH4-F1-model_v4_Q75_lddt	Q5UNL3_Q75_lddt	9.841E-01	9.709E-01	9.709E-01	49.300	73	73	73
AF-N8VSH4-F1-model_v4_Q75_lddt	Q7BQ67_Q75_lddt	9.838E-01	9.707E-01	9.707E-01	47.900	73	73	73
AF-N8VSH4-F1-model_v4_Q75_lddt	Q8GL59_Q75_lddt	9.838E-01	9.707E-01	9.707E-01	47.900	73	73	73
AF-N8VSH4-F1-model_v4_Q75_lddt	O70042_Q75_lddt	9.833E-01	9.702E-01	9.702E-01	47.900	73	73	73
AF-N8VSH4-F1-model_v4_Q75_lddt	Q8GCH1_Q75_lddt	9.829E-01	9.698E-01	9.698E-01	49.300	73	73	73
AF-N8VSH4-F1-model_v4_Q75_lddt	B7U9E7_Q75_lddt	9.825E-01	9.694E-01	9.694E-01	49.300	73	73	73
AF-N8VSH4-F1-model_v4_Q75_lddt	A8VR99_Q75_lddt	9.821E-01	9.690E-01	9.690E-01	49.300	73	73	73
AF-N8VSH4-F1-model_v4_Q75_lddt	Q766G9_Q75_lddt	9.801E-01	9.670E-01	9.670E-01	52.000	73	73	73
AF-N8VSH4-F1-model_v4_Q75_lddt	Q2A799_Q75_lddt	9.799E-01	9.669E-01	9.669E-01	49.300	73	73	73
AF-N8VSH4-F1-model_v4_Q75_lddt	Q07448_Q75_lddt	9.862E-01	9.599E-01	9.729E-01	45.200	73	73	72
AF-N8VSH4-F1-model_v4_Q75_lddt	Q8VL12_Q75_lddt	9.776E-01	9.646E-01	9.646E-01	53.400	73	73	73
AF-N8VSH4-F1-model_v4_Q75_lddt	P0A0D2_Q75_lddt	9.836E-01	9.575E-01	9.704E-01	43.800	73	73	72
AF-N8VSH4-F1-model_v4_Q75_lddt	Q0ZKF0_Q75_lddt	9.724E-01	9.596E-01	9.596E-01	52.000	73	73	73
AF-N8VSH4-F1-model_v4_Q75_lddt	Q8GKX3_Q75_lddt	9.798E-01	9.668E-01	9.417E-01	49.300	73	73	75
AF-N8VSH4-F1-model_v4_Q75_lddt	Q9RGC2_Q75_lddt	9.795E-01	9.665E-01	9.415E-01	49.300	73	73	75
AF-N8VSH4-F1-model_v4_Q75_lddt	ANT9-Ic_Q75_lddt	9.755E-01	9.498E-01	9.625E-01	42.400	73	73	72
AF-N8VSH4-F1-model_v4_Q75_lddt	Q9R3A9_Q75_lddt	9.675E-01	9.548E-01	9.548E-01	49.300	73	73	73
AF-N8VSH4-F1-model_v4_Q75_lddt	Q5DUB9_Q75_lddt	9.679E-01	9.552E-01	9.552E-01	45.200	73	73	73
AF-N8VSH4-F1-model_v4_Q75_lddt	Q8G8F9_Q75_lddt	9.660E-01	9.533E-01	9.533E-01	47.900	73	73	73
AF-N8VSH4-F1-model_v4_Q75_lddt	B3V3X6_Q75_lddt	9.746E-01	9.617E-01	9.369E-01	52.000	73	73	75
AF-N8VSH4-F1-model_v4_Q75_lddt	AF-W1JB67-F1-model_v6_Q75_lddt	9.725E-01	9.470E-01	9.596E-01	36.900	73	73	72
AF-N8VSH4-F1-model_v4_Q75_lddt	A0A5C2PME2_Q75_lddt	9.676E-01	9.423E-01	9.548E-01	34.200	73	73	72
AF-W1JB67-F1-model_v6_Q75_lddt	AF-W1JB67-F1-model_v6_Q75_lddt	1.014E+00	1.000E+00	1.000E+00	100.000	72	72	72
AF-W1JB67-F1-model_v6_Q75_lddt	Q07448_Q75_lddt	9.981E-01	9.844E-01	9.844E-01	48.600	72	72	72
AF-W1JB67-F1-model_v6_Q75_lddt	P0A0D2_Q75_lddt	9.861E-01	9.728E-01	9.728E-01	47.200	72	72	72
AF-W1JB67-F1-model_v6_Q75_lddt	ANT9-Ic_Q75_lddt	9.796E-01	9.665E-01	9.665E-01	34.700	72	72	72
AF-W1JB67-F1-model_v6_Q75_lddt	Q0PWM6_Q75_lddt	9.803E-01	9.671E-01	9.543E-01	36.900	72	73	73
AF-W1JB67-F1-model_v6_Q75_lddt	AF-A0A547E8L3-F1-model_v4_Q75_lddt	9.802E-01	9.670E-01	9.542E-01	38.300	72	73	73
AF-W1JB67-F1-model_v6_Q75_lddt	Q5UNL3_Q75_lddt	9.799E-01	9.668E-01	9.540E-01	36.900	72	73	73
AF-W1JB67-F1-model_v6_Q75_lddt	Q27JL8_Q75_lddt	9.799E-01	9.668E-01	9.540E-01	36.900	72	73	73
AF-W1JB67-F1-model_v6_Q75_lddt	Q6A150_Q75_lddt	9.795E-01	9.664E-01	9.536E-01	36.900	72	73	73
AF-W1JB67-F1-model_v6_Q75_lddt	Q08GN0_Q75_lddt	9.795E-01	9.663E-01	9.535E-01	36.900	72	73	73
AF-W1JB67-F1-model_v6_Q75_lddt	Q79IE6_Q75_lddt	9.790E-01	9.659E-01	9.531E-01	36.900	72	73	73
AF-W1JB67-F1-model_v6_Q75_lddt	Q4GY15_Q75_lddt	9.783E-01	9.652E-01	9.525E-01	38.300	72	73	73
AF-W1JB67-F1-model_v6_Q75_lddt	A0A5C2PME2_Q75_lddt	9.727E-01	9.597E-01	9.597E-01	37.500	72	72	72
AF-W1JB67-F1-model_v6_Q75_lddt	Q7BQ67_Q75_lddt	9.780E-01	9.649E-01	9.522E-01	38.300	72	73	73
AF-W1JB67-F1-model_v6_Q75_lddt	Q8GL59_Q75_lddt	9.781E-01	9.650E-01	9.522E-01	38.300	72	73	73
AF-W1JB67-F1-model_v6_Q75_lddt	B7U9E7_Q75_lddt	9.776E-01	9.645E-01	9.518E-01	36.900	72	73	73
AF-W1JB67-F1-model_v6_Q75_lddt	P0AG05_Q75_lddt	9.772E-01	9.642E-01	9.514E-01	36.900	72	73	73
AF-W1JB67-F1-model_v6_Q75_lddt	O70042_Q75_lddt	9.768E-01	9.638E-01	9.510E-01	38.300	72	73	73
AF-W1JB67-F1-model_v6_Q75_lddt	Q8GCH1_Q75_lddt	9.762E-01	9.631E-01	9.504E-01	36.900	72	73	73
AF-W1JB67-F1-model_v6_Q75_lddt	Q0ZKF0_Q75_lddt	9.762E-01	9.631E-01	9.504E-01	38.300	72	73	73
AF-W1JB67-F1-model_v6_Q75_lddt	Q766G9_Q75_lddt	9.752E-01	9.622E-01	9.495E-01	36.900	72	73	73
AF-W1JB67-F1-model_v6_Q75_lddt	A8VR99_Q75_lddt	9.748E-01	9.618E-01	9.491E-01	36.900	72	73	73
AF-W1JB67-F1-model_v6_Q75_lddt	A0A1C7ZQH8_Q75_lddt	9.733E-01	9.603E-01	9.477E-01	38.300	72	73	73
AF-W1JB67-F1-model_v6_Q75_lddt	Q2A799_Q75_lddt	9.722E-01	9.593E-01	9.467E-01	34.200	72	73	73
AF-W1JB67-F1-model_v6_Q75_lddt	AF-N8VSH4-F1-model_v4_Q75_lddt	9.725E-01	9.596E-01	9.470E-01	36.900	72	73	73
AF-W1JB67-F1-model_v6_Q75_lddt	N8W714_Q75_lddt	9.696E-01	9.567E-01	9.442E-01	39.700	72	73	73
AF-W1JB67-F1-model_v6_Q75_lddt	Q8VL12_Q75_lddt	9.661E-01	9.534E-01	9.409E-01	34.200	72	73	73
AF-W1JB67-F1-model_v6_Q75_lddt	Q5DUB9_Q75_lddt	9.631E-01	9.504E-01	9.380E-01	31.500	72	73	73
AF-W1JB67-F1-model_v6_Q75_lddt	Q8GKX3_Q75_lddt	9.710E-01	9.580E-01	9.213E-01	34.200	72	73	75
AF-W1JB67-F1-model_v6_Q75_lddt	Q9RGC2_Q75_lddt	9.697E-01	9.568E-01	9.201E-01	34.200	72	73	75
AF-W1JB67-F1-model_v6_Q75_lddt	Q9R3A9_Q75_lddt	9.566E-01	9.441E-01	9.319E-01	36.900	72	73	73
AF-W1JB67-F1-model_v6_Q75_lddt	Q8G8F9_Q75_lddt	9.552E-01	9.427E-01	9.305E-01	32.800	72	73	73
AF-W1JB67-F1-model_v6_Q75_lddt	B3V3X6_Q75_lddt	9.603E-01	9.477E-01	9.116E-01	36.900	72	73	75
ANT9-Ic_Q75_lddt	ANT9-Ic_Q75_lddt	1.014E+00	1.000E+00	1.000E+00	100.000	72	72	72
ANT9-Ic_Q75_lddt	Q07448_Q75_lddt	9.946E-01	9.810E-01	9.810E-01	30.500	72	72	72
ANT9-Ic_Q75_lddt	A0A5C2PME2_Q75_lddt	9.928E-01	9.793E-01	9.793E-01	44.400	72	72	72
ANT9-Ic_Q75_lddt	AF-A0A547E8L3-F1-model_v4_Q75_lddt	9.876E-01	9.743E-01	9.613E-01	39.700	72	73	73
ANT9-Ic_Q75_lddt	Q8GCH1_Q75_lddt	9.876E-01	9.742E-01	9.612E-01	38.300	72	73	73
ANT9-Ic_Q75_lddt	Q6A150_Q75_lddt	9.875E-01	9.742E-01	9.612E-01	38.300	72	73	73
ANT9-Ic_Q75_lddt	Q08GN0_Q75_lddt	9.874E-01	9.741E-01	9.611E-01	38.300	72	73	73
ANT9-Ic_Q75_lddt	Q5UNL3_Q75_lddt	9.874E-01	9.740E-01	9.610E-01	38.300	72	73	73
ANT9-Ic_Q75_lddt	Q0PWM6_Q75_lddt	9.870E-01	9.737E-01	9.607E-01	38.300	72	73	73
ANT9-Ic_Q75_lddt	Q79IE6_Q75_lddt	9.869E-01	9.735E-01	9.606E-01	38.300	72	73	73
ANT9-Ic_Q75_lddt	Q27JL8_Q75_lddt	9.869E-01	9.735E-01	9.606E-01	38.300	72	73	73
ANT9-Ic_Q75_lddt	A8VR99_Q75_lddt	9.865E-01	9.732E-01	9.602E-01	38.300	72	73	73
ANT9-Ic_Q75_lddt	Q4GY15_Q75_lddt	9.860E-01	9.727E-01	9.598E-01	39.700	72	73	73
ANT9-Ic_Q75_lddt	Q8GL59_Q75_lddt	9.856E-01	9.723E-01	9.594E-01	39.700	72	73	73
ANT9-Ic_Q75_lddt	Q7BQ67_Q75_lddt	9.854E-01	9.721E-01	9.592E-01	39.700	72	73	73
ANT9-Ic_Q75_lddt	O70042_Q75_lddt	9.852E-01	9.719E-01	9.590E-01	39.700	72	73	73
ANT9-Ic_Q75_lddt	P0A0D2_Q75_lddt	9.810E-01	9.679E-01	9.679E-01	47.200	72	72	72
ANT9-Ic_Q75_lddt	B7U9E7_Q75_lddt	9.847E-01	9.714E-01	9.585E-01	38.300	72	73	73
ANT9-Ic_Q75_lddt	P0AG05_Q75_lddt	9.843E-01	9.710E-01	9.581E-01	38.300	72	73	73
ANT9-Ic_Q75_lddt	AF-W1JB67-F1-model_v6_Q75_lddt	9.796E-01	9.665E-01	9.665E-01	34.700	72	72	72
ANT9-Ic_Q75_lddt	Q766G9_Q75_lddt	9.829E-01	9.697E-01	9.568E-01	41.000	72	73	73
ANT9-Ic_Q75_lddt	Q2A799_Q75_lddt	9.800E-01	9.668E-01	9.540E-01	38.300	72	73	73
ANT9-Ic_Q75_lddt	A0A1C7ZQH8_Q75_lddt	9.760E-01	9.630E-01	9.503E-01	43.800	72	73	73
ANT9-Ic_Q75_lddt	AF-N8VSH4-F1-model_v4_Q75_lddt	9.755E-01	9.625E-01	9.498E-01	42.400	72	73	73
ANT9-Ic_Q75_lddt	Q8VL12_Q75_lddt	9.745E-01	9.615E-01	9.488E-01	39.700	72	73	73
ANT9-Ic_Q75_lddt	Q0ZKF0_Q75_lddt	9.726E-01	9.597E-01	9.471E-01	38.300	72	73	73
ANT9-Ic_Q75_lddt	Q5DUB9_Q75_lddt	9.718E-01	9.589E-01	9.463E-01	39.700	72	73	73
ANT9-Ic_Q75_lddt	Q8GKX3_Q75_lddt	9.791E-01	9.660E-01	9.287E-01	38.300	72	73	75
ANT9-Ic_Q75_lddt	Q9RGC2_Q75_lddt	9.776E-01	9.645E-01	9.273E-01	38.300	72	73	75
ANT9-Ic_Q75_lddt	N8W714_Q75_lddt	9.656E-01	9.529E-01	9.404E-01	41.000	72	73	73
ANT9-Ic_Q75_lddt	Q9R3A9_Q75_lddt	9.649E-01	9.521E-01	9.397E-01	36.900	72	73	73
ANT9-Ic_Q75_lddt	Q8G8F9_Q75_lddt	9.635E-01	9.508E-01	9.384E-01	36.900	72	73	73
ANT9-Ic_Q75_lddt	B3V3X6_Q75_lddt	9.643E-01	9.516E-01	9.153E-01	38.300	72	73	75
B3V3X6_Q75_lddt	B3V3X6_Q75_lddt	1.014E+00	1.000E+00	1.000E+00	100.000	75	75	75
B3V3X6_Q75_lddt	Q8VL12_Q75_lddt	1.009E+00	9.690E-01	9.954E-01	91.700	75	73	73
B3V3X6_Q75_lddt	Q2A799_Q75_lddt	1.007E+00	9.671E-01	9.934E-01	89.000	75	73	73
B3V3X6_Q75_lddt	Q9R3A9_Q75_lddt	1.002E+00	9.620E-01	9.881E-01	69.800	75	73	73
B3V3X6_Q75_lddt	Q8G8F9_Q75_lddt	1.001E+00	9.614E-01	9.874E-01	68.400	75	73	73
B3V3X6_Q75_lddt	Q5DUB9_Q75_lddt	1.001E+00	9.610E-01	9.870E-01	61.600	75	73	73
B3V3X6_Q75_lddt	B7U9E7_Q75_lddt	1.000E+00	9.608E-01	9.867E-01	84.900	75	73	73
B3V3X6_Q75_lddt	Q9RGC2_Q75_lddt	1.009E+00	9.686E-01	9.686E-01	89.000	75	73	75
B3V3X6_Q75_lddt	Q8GKX3_Q75_lddt	1.009E+00	9.685E-01	9.685E-01	90.400	75	73	75
B3V3X6_Q75_lddt	Q8GCH1_Q75_lddt	9.992E-01	9.598E-01	9.858E-01	84.900	75	73	73
B3V3X6_Q75_lddt	Q79IE6_Q75_lddt	9.984E-01	9.590E-01	9.849E-01	84.900	75	73	73
B3V3X6_Q75_lddt	Q08GN0_Q75_lddt	9.982E-01	9.589E-01	9.848E-01	84.900	75	73	73
B3V3X6_Q75_lddt	Q6A150_Q75_lddt	9.982E-01	9.589E-01	9.847E-01	84.900	75	73	73
B3V3X6_Q75_lddt	Q5UNL3_Q75_lddt	9.981E-01	9.588E-01	9.847E-01	84.900	75	73	73
B3V3X6_Q75_lddt	Q27JL8_Q75_lddt	9.979E-01	9.586E-01	9.844E-01	84.900	75	73	73
B3V3X6_Q75_lddt	Q0PWM6_Q75_lddt	9.977E-01	9.584E-01	9.843E-01	84.900	75	73	73
B3V3X6_Q75_lddt	Q766G9_Q75_lddt	9.969E-01	9.576E-01	9.834E-01	89.000	75	73	73
B3V3X6_Q75_lddt	Q7BQ67_Q75_lddt	9.968E-01	9.576E-01	9.834E-01	80.800	75	73	73
B3V3X6_Q75_lddt	Q4GY15_Q75_lddt	9.967E-01	9.575E-01	9.833E-01	80.800	75	73	73
B3V3X6_Q75_lddt	P0AG05_Q75_lddt	9.964E-01	9.572E-01	9.830E-01	84.900	75	73	73
B3V3X6_Q75_lddt	A8VR99_Q75_lddt	9.963E-01	9.572E-01	9.829E-01	84.900	75	73	73
B3V3X6_Q75_lddt	O70042_Q75_lddt	9.962E-01	9.570E-01	9.828E-01	80.800	75	73	73
B3V3X6_Q75_lddt	Q8GL59_Q75_lddt	9.960E-01	9.568E-01	9.826E-01	80.800	75	73	73
B3V3X6_Q75_lddt	AF-A0A547E8L3-F1-model_v4_Q75_lddt	9.943E-01	9.553E-01	9.810E-01	80.800	75	73	73
B3V3X6_Q75_lddt	Q0ZKF0_Q75_lddt	9.888E-01	9.501E-01	9.756E-01	71.200	75	73	73
B3V3X6_Q75_lddt	A0A1C7ZQH8_Q75_lddt	9.773E-01	9.394E-01	9.643E-01	53.400	75	73	73
B3V3X6_Q75_lddt	P0A0D2_Q75_lddt	9.838E-01	9.329E-01	9.706E-01	38.300	75	73	72
B3V3X6_Q75_lddt	AF-N8VSH4-F1-model_v4_Q75_lddt	9.746E-01	9.369E-01	9.617E-01	52.000	75	73	73
B3V3X6_Q75_lddt	N8W714_Q75_lddt	9.651E-01	9.280E-01	9.524E-01	53.400	75	73	73
B3V3X6_Q75_lddt	Q07448_Q75_lddt	9.686E-01	9.191E-01	9.557E-01	34.200	75	73	72
B3V3X6_Q75_lddt	A0A5C2PME2_Q75_lddt	9.652E-01	9.160E-01	9.524E-01	39.700	75	73	72
B3V3X6_Q75_lddt	ANT9-Ic_Q75_lddt	9.643E-01	9.153E-01	9.516E-01	38.300	75	73	72
B3V3X6_Q75_lddt	AF-W1JB67-F1-model_v6_Q75_lddt	9.603E-01	9.116E-01	9.477E-01	36.900	75	73	72
N8W714_Q75_lddt	N8W714_Q75_lddt	1.014E+00	1.000E+00	1.000E+00	100.000	73	73	73
N8W714_Q75_lddt	AF-N8VSH4-F1-model_v4_Q75_lddt	1.001E+00	9.876E-01	9.876E-01	76.700	73	73	73
N8W714_Q75_lddt	A0A1C7ZQH8_Q75_lddt	1.001E+00	9.875E-01	9.875E-01	78.000	73	73	73
N8W714_Q75_lddt	P0AG05_Q75_lddt	9.762E-01	9.632E-01	9.632E-01	52.000	73	73	73
N8W714_Q75_lddt	Q27JL8_Q75_lddt	9.756E-01	9.627E-01	9.627E-01	52.000	73	73	73
N8W714_Q75_lddt	Q79IE6_Q75_lddt	9.755E-01	9.626E-01	9.626E-01	52.000	73	73	73
N8W714_Q75_lddt	Q0PWM6_Q75_lddt	9.754E-01	9.625E-01	9.625E-01	52.000	73	73	73
N8W714_Q75_lddt	Q5UNL3_Q75_lddt	9.748E-01	9.619E-01	9.619E-01	52.000	73	73	73
N8W714_Q75_lddt	Q6A150_Q75_lddt	9.750E-01	9.621E-01	9.621E-01	52.000	73	73	73
N8W714_Q75_lddt	Q08GN0_Q75_lddt	9.747E-01	9.618E-01	9.618E-01	52.000	73	73	73
N8W714_Q75_lddt	Q8GCH1_Q75_lddt	9.735E-01	9.606E-01	9.606E-01	52.000	73	73	73
N8W714_Q75_lddt	Q2A799_Q75_lddt	9.724E-01	9.595E-01	9.595E-01	49.300	73	73	73
N8W714_Q75_lddt	AF-A0A547E8L3-F1-model_v4_Q75_lddt	9.730E-01	9.601E-01	9.601E-01	49.300	73	73	73
N8W714_Q75_lddt	P0A0D2_Q75_lddt	9.788E-01	9.529E-01	9.657E-01	43.800	73	73	72
N8W714_Q75_lddt	B7U9E7_Q75_lddt	9.725E-01	9.596E-01	9.596E-01	52.000	73	73	73
N8W714_Q75_lddt	Q4GY15_Q75_lddt	9.725E-01	9.597E-01	9.597E-01	49.300	73	73	73
N8W714_Q75_lddt	Q7BQ67_Q75_lddt	9.715E-01	9.587E-01	9.587E-01	49.300	73	73	73
N8W714_Q75_lddt	Q8GL59_Q75_lddt	9.713E-01	9.585E-01	9.585E-01	49.300	73	73	73
N8W714_Q75_lddt	Q07448_Q75_lddt	9.773E-01	9.515E-01	9.643E-01	41.000	73	73	72
N8W714_Q75_lddt	O70042_Q75_lddt	9.698E-01	9.570E-01	9.570E-01	49.300	73	73	73
N8W714_Q75_lddt	A8VR99_Q75_lddt	9.691E-01	9.564E-01	9.564E-01	52.000	73	73	73
N8W714_Q75_lddt	Q8VL12_Q75_lddt	9.672E-01	9.545E-01	9.545E-01	54.700	73	73	73
N8W714_Q75_lddt	Q0ZKF0_Q75_lddt	9.670E-01	9.543E-01	9.543E-01	53.400	73	73	73
N8W714_Q75_lddt	Q766G9_Q75_lddt	9.655E-01	9.528E-01	9.528E-01	53.400	73	73	73
N8W714_Q75_lddt	AF-W1JB67-F1-model_v6_Q75_lddt	9.696E-01	9.442E-01	9.567E-01	39.700	73	73	72
N8W714_Q75_lddt	Q8GKX3_Q75_lddt	9.707E-01	9.579E-01	9.332E-01	49.300	73	73	75
N8W714_Q75_lddt	Q9RGC2_Q75_lddt	9.704E-01	9.575E-01	9.329E-01	49.300	73	73	75
N8W714_Q75_lddt	ANT9-Ic_Q75_lddt	9.656E-01	9.404E-01	9.529E-01	41.000	73	73	72
N8W714_Q75_lddt	B3V3X6_Q75_lddt	9.651E-01	9.524E-01	9.280E-01	53.400	73	73	75
N8W714_Q75_lddt	Q5DUB9_Q75_lddt	9.567E-01	9.442E-01	9.442E-01	50.600	73	73	73
N8W714_Q75_lddt	A0A5C2PME2_Q75_lddt	9.626E-01	9.375E-01	9.499E-01	34.200	73	73	72
N8W714_Q75_lddt	Q9R3A9_Q75_lddt	9.549E-01	9.425E-01	9.425E-01	47.900	73	73	73
N8W714_Q75_lddt	Q8G8F9_Q75_lddt	9.534E-01	9.410E-01	9.410E-01	46.500	73	73	73
P0A0D2_Q75_lddt	P0A0D2_Q75_lddt	1.014E+00	1.000E+00	1.000E+00	100.000	72	72	72
P0A0D2_Q75_lddt	Q07448_Q75_lddt	9.906E-01	9.772E-01	9.772E-01	43.000	72	72	72
P0A0D2_Q75_lddt	Q08GN0_Q75_lddt	9.920E-01	9.785E-01	9.654E-01	42.400	72	73	73
P0A0D2_Q75_lddt	P0AG05_Q75_lddt	9.916E-01	9.782E-01	9.651E-01	42.400	72	73	73
P0A0D2_Q75_lddt	Q8GCH1_Q75_lddt	9.914E-01	9.780E-01	9.649E-01	42.400	72	73	73
P0A0D2_Q75_lddt	Q0PWM6_Q75_lddt	9.913E-01	9.779E-01	9.648E-01	42.400	72	73	73
P0A0D2_Q75_lddt	Q5UNL3_Q75_lddt	9.913E-01	9.778E-01	9.647E-01	42.400	72	73	73
P0A0D2_Q75_lddt	Q27JL8_Q75_lddt	9.911E-01	9.776E-01	9.646E-01	42.400	72	73	73
P0A0D2_Q75_lddt	Q6A150_Q75_lddt	9.910E-01	9.776E-01	9.645E-01	42.400	72	73	73
P0A0D2_Q75_lddt	AF-W1JB67-F1-model_v6_Q75_lddt	9.861E-01	9.728E-01	9.728E-01	47.200	72	72	72
P0A0D2_Q75_lddt	Q79IE6_Q75_lddt	9.906E-01	9.772E-01	9.641E-01	42.400	72	73	73
P0A0D2_Q75_lddt	Q2A799_Q75_lddt	9.899E-01	9.765E-01	9.635E-01	38.300	72	73	73
P0A0D2_Q75_lddt	AF-A0A547E8L3-F1-model_v4_Q75_lddt	9.894E-01	9.760E-01	9.629E-01	42.400	72	73	73
P0A0D2_Q75_lddt	B7U9E7_Q75_lddt	9.890E-01	9.756E-01	9.626E-01	42.400	72	73	73
P0A0D2_Q75_lddt	Q0ZKF0_Q75_lddt	9.885E-01	9.751E-01	9.621E-01	43.800	72	73	73
P0A0D2_Q75_lddt	Q4GY15_Q75_lddt	9.883E-01	9.749E-01	9.619E-01	42.400	72	73	73
P0A0D2_Q75_lddt	A8VR99_Q75_lddt	9.877E-01	9.744E-01	9.614E-01	42.400	72	73	73
P0A0D2_Q75_lddt	A0A5C2PME2_Q75_lddt	9.825E-01	9.693E-01	9.693E-01	45.800	72	72	72
P0A0D2_Q75_lddt	Q8GL59_Q75_lddt	9.872E-01	9.739E-01	9.609E-01	42.400	72	73	73
P0A0D2_Q75_lddt	O70042_Q75_lddt	9.870E-01	9.737E-01	9.607E-01	42.400	72	73	73
P0A0D2_Q75_lddt	Q7BQ67_Q75_lddt	9.864E-01	9.731E-01	9.601E-01	42.400	72	73	73
P0A0D2_Q75_lddt	Q8VL12_Q75_lddt	9.858E-01	9.725E-01	9.596E-01	38.300	72	73	73
P0A0D2_Q75_lddt	ANT9-Ic_Q75_lddt	9.810E-01	9.679E-01	9.679E-01	47.200	72	72	72
P0A0D2_Q75_lddt	Q766G9_Q75_lddt	9.848E-01	9.716E-01	9.586E-01	41.000	72	73	73
P0A0D2_Q75_lddt	A0A1C7ZQH8_Q75_lddt	9.837E-01	9.704E-01	9.575E-01	45.200	72	73	73
P0A0D2_Q75_lddt	AF-N8VSH4-F1-model_v4_Q75_lddt	9.836E-01	9.704E-01	9.575E-01	43.800	72	73	73
P0A0D2_Q75_lddt	Q9R3A9_Q75_lddt	9.828E-01	9.696E-01	9.567E-01	42.400	72	73	73
P0A0D2_Q75_lddt	Q5DUB9_Q75_lddt	9.818E-01	9.686E-01	9.558E-01	42.400	72	73	73
P0A0D2_Q75_lddt	Q8G8F9_Q75_lddt	9.812E-01	9.681E-01	9.552E-01	41.000	72	73	73
P0A0D2_Q75_lddt	Q8GKX3_Q75_lddt	9.887E-01	9.753E-01	9.373E-01	38.300	72	73	75
P0A0D2_Q75_lddt	Q9RGC2_Q75_lddt	9.881E-01	9.748E-01	9.368E-01	38.300	72	73	75
P0A0D2_Q75_lddt	N8W714_Q75_lddt	9.788E-01	9.657E-01	9.529E-01	43.800	72	73	73
P0A0D2_Q75_lddt	B3V3X6_Q75_lddt	9.838E-01	9.706E-01	9.329E-01	38.300	72	73	75
Q07448_Q75_lddt	Q07448_Q75_lddt	1.014E+00	1.000E+00	1.000E+00	100.000	72	72	72
Q07448_Q75_lddt	AF-W1JB67-F1-model_v6_Q75_lddt	9.981E-01	9.844E-01	9.844E-01	48.600	72	72	72
Q07448_Q75_lddt	ANT9-Ic_Q75_lddt	9.946E-01	9.810E-01	9.810E-01	30.500	72	72	72
Q07448_Q75_lddt	P0A0D2_Q75_lddt	9.906E-01	9.772E-01	9.772E-01	43.000	72	72	72
Q07448_Q75_lddt	AF-A0A547E8L3-F1-model_v4_Q75_lddt	9.907E-01	9.773E-01	9.642E-01	35.600	72	73	73
Q07448_Q75_lddt	Q6A150_Q75_lddt	9.907E-01	9.772E-01	9.642E-01	35.600	72	73	73
Q07448_Q75_lddt	Q0PWM6_Q75_lddt	9.907E-01	9.772E-01	9.642E-01	35.600	72	73	73
Q07448_Q75_lddt	Q5UNL3_Q75_lddt	9.906E-01	9.772E-01	9.641E-01	35.600	72	73	73
Q07448_Q75_lddt	A0A5C2PME2_Q75_lddt	9.858E-01	9.725E-01	9.725E-01	38.800	72	72	72
Q07448_Q75_lddt	Q27JL8_Q75_lddt	9.905E-01	9.771E-01	9.640E-01	35.600	72	73	73
Q07448_Q75_lddt	Q08GN0_Q75_lddt	9.904E-01	9.769E-01	9.639E-01	35.600	72	73	73
Q07448_Q75_lddt	Q79IE6_Q75_lddt	9.901E-01	9.766E-01	9.636E-01	35.600	72	73	73
Q07448_Q75_lddt	Q8GCH1_Q75_lddt	9.893E-01	9.759E-01	9.629E-01	35.600	72	73	73
Q07448_Q75_lddt	Q4GY15_Q75_lddt	9.891E-01	9.757E-01	9.626E-01	35.600	72	73	73
Q07448_Q75_lddt	Q8GL59_Q75_lddt	9.886E-01	9.752E-01	9.622E-01	35.600	72	73	73
Q07448_Q75_lddt	Q7BQ67_Q75_lddt	9.885E-01	9.751E-01	9.621E-01	35.600	72	73	73
Q07448_Q75_lddt	P0AG05_Q75_lddt	9.883E-01	9.750E-01	9.619E-01	35.600	72	73	73
Q07448_Q75_lddt	O70042_Q75_lddt	9.873E-01	9.740E-01	9.610E-01	35.600	72	73	73
Q07448_Q75_lddt	B7U9E7_Q75_lddt	9.873E-01	9.739E-01	9.609E-01	35.600	72	73	73
Q07448_Q75_lddt	AF-N8VSH4-F1-model_v4_Q75_lddt	9.862E-01	9.729E-01	9.599E-01	45.200	72	73	73
Q07448_Q75_lddt	A8VR99_Q75_lddt	9.858E-01	9.725E-01	9.595E-01	36.900	72	73	73
Q07448_Q75_lddt	A0A1C7ZQH8_Q75_lddt	9.856E-01	9.723E-01	9.594E-01	42.400	72	73	73
Q07448_Q75_lddt	Q766G9_Q75_lddt	9.847E-01	9.714E-01	9.585E-01	35.600	72	73	73
Q07448_Q75_lddt	Q2A799_Q75_lddt	9.830E-01	9.698E-01	9.569E-01	31.500	72	73	73
Q07448_Q75_lddt	N8W714_Q75_lddt	9.773E-01	9.643E-01	9.515E-01	41.000	72	73	73
Q07448_Q75_lddt	Q0ZKF0_Q75_lddt	9.774E-01	9.644E-01	9.516E-01	36.900	72	73	73
Q07448_Q75_lddt	Q8VL12_Q75_lddt	9.756E-01	9.625E-01	9.498E-01	35.600	72	73	73
Q07448_Q75_lddt	Q8GKX3_Q75_lddt	9.817E-01	9.685E-01	9.310E-01	31.500	72	73	75
Q07448_Q75_lddt	Q5DUB9_Q75_lddt	9.724E-01	9.594E-01	9.468E-01	36.900	72	73	73
Q07448_Q75_lddt	Q9RGC2_Q75_lddt	9.801E-01	9.670E-01	9.296E-01	31.500	72	73	75
Q07448_Q75_lddt	Q9R3A9_Q75_lddt	9.669E-01	9.541E-01	9.416E-01	39.700	72	73	73
Q07448_Q75_lddt	Q8G8F9_Q75_lddt	9.659E-01	9.532E-01	9.407E-01	35.600	72	73	73
Q07448_Q75_lddt	B3V3X6_Q75_lddt	9.686E-01	9.557E-01	9.191E-01	34.200	72	73	75
Q2A799_Q75_lddt	Q2A799_Q75_lddt	1.014E+00	1.000E+00	1.000E+00	100.000	73	73	73
Q2A799_Q75_lddt	Q8VL12_Q75_lddt	1.010E+00	9.958E-01	9.958E-01	89.000	73	73	73
Q2A799_Q75_lddt	Q8GCH1_Q75_lddt	1.006E+00	9.927E-01	9.927E-01	86.300	73	73	73
Q2A799_Q75_lddt	Q5UNL3_Q75_lddt	1.006E+00	9.919E-01	9.919E-01	86.300	73	73	73
Q2A799_Q75_lddt	Q08GN0_Q75_lddt	1.005E+00	9.917E-01	9.917E-01	86.300	73	73	73
Q2A799_Q75_lddt	Q6A150_Q75_lddt	1.005E+00	9.916E-01	9.916E-01	86.300	73	73	73
Q2A799_Q75_lddt	Q79IE6_Q75_lddt	1.005E+00	9.915E-01	9.915E-01	86.300	73	73	73
Q2A799_Q75_lddt	Q0PWM6_Q75_lddt	1.005E+00	9.913E-01	9.913E-01	86.300	73	73	73
Q2A799_Q75_lddt	Q27JL8_Q75_lddt	1.005E+00	9.913E-01	9.913E-01	86.300	73	73	73
Q2A799_Q75_lddt	B7U9E7_Q75_lddt	1.005E+00	9.912E-01	9.912E-01	86.300	73	73	73
Q2A799_Q75_lddt	Q9RGC2_Q75_lddt	1.013E+00	9.993E-01	9.727E-01	100.000	73	73	75
Q2A799_Q75_lddt	Q8GKX3_Q75_lddt	1.013E+00	9.992E-01	9.726E-01	98.600	73	73	75
Q2A799_Q75_lddt	P0AG05_Q75_lddt	1.004E+00	9.906E-01	9.906E-01	86.300	73	73	73
Q2A799_Q75_lddt	A8VR99_Q75_lddt	1.004E+00	9.899E-01	9.899E-01	86.300	73	73	73
Q2A799_Q75_lddt	AF-A0A547E8L3-F1-model_v4_Q75_lddt	1.003E+00	9.890E-01	9.890E-01	83.500	73	73	73
Q2A799_Q75_lddt	Q766G9_Q75_lddt	1.002E+00	9.887E-01	9.887E-01	91.700	73	73	73
Q2A799_Q75_lddt	Q4GY15_Q75_lddt	1.002E+00	9.887E-01	9.887E-01	83.500	73	73	73
Q2A799_Q75_lddt	Q7BQ67_Q75_lddt	1.002E+00	9.886E-01	9.886E-01	83.500	73	73	73
Q2A799_Q75_lddt	Q8GL59_Q75_lddt	1.002E+00	9.880E-01	9.880E-01	83.500	73	73	73
Q2A799_Q75_lddt	O70042_Q75_lddt	1.001E+00	9.877E-01	9.877E-01	83.500	73	73	73
Q2A799_Q75_lddt	Q5DUB9_Q75_lddt	1.001E+00	9.874E-01	9.874E-01	64.300	73	73	73
Q2A799_Q75_lddt	Q9R3A9_Q75_lddt	9.987E-01	9.852E-01	9.852E-01	67.100	73	73	73
Q2A799_Q75_lddt	B3V3X6_Q75_lddt	1.007E+00	9.934E-01	9.671E-01	89.000	73	73	75
Q2A799_Q75_lddt	Q8G8F9_Q75_lddt	9.975E-01	9.841E-01	9.841E-01	65.700	73	73	73
Q2A799_Q75_lddt	Q0ZKF0_Q75_lddt	9.960E-01	9.826E-01	9.826E-01	69.800	73	73	73
Q2A799_Q75_lddt	P0A0D2_Q75_lddt	9.899E-01	9.635E-01	9.765E-01	38.300	73	73	72
Q2A799_Q75_lddt	A0A1C7ZQH8_Q75_lddt	9.815E-01	9.684E-01	9.684E-01	50.600	73	73	73
Q2A799_Q75_lddt	AF-N8VSH4-F1-model_v4_Q75_lddt	9.799E-01	9.669E-01	9.669E-01	49.300	73	73	73
Q2A799_Q75_lddt	Q07448_Q75_lddt	9.830E-01	9.569E-01	9.698E-01	31.500	73	73	72
Q2A799_Q75_lddt	N8W714_Q75_lddt	9.724E-01	9.595E-01	9.595E-01	49.300	73	73	73
Q2A799_Q75_lddt	ANT9-Ic_Q75_lddt	9.800E-01	9.540E-01	9.668E-01	38.300	73	73	72
Q2A799_Q75_lddt	A0A5C2PME2_Q75_lddt	9.784E-01	9.525E-01	9.653E-01	38.300	73	73	72
Q2A799_Q75_lddt	AF-W1JB67-F1-model_v6_Q75_lddt	9.722E-01	9.467E-01	9.593E-01	34.200	73	73	72
Q6A150_Q75_lddt	Q6A150_Q75_lddt	1.014E+00	1.000E+00	1.000E+00	100.000	73	73	73
Q6A150_Q75_lddt	Q0PWM6_Q75_lddt	1.014E+00	9.998E-01	9.998E-01	100.000	73	73	73
Q6A150_Q75_lddt	Q08GN0_Q75_lddt	1.014E+00	9.998E-01	9.998E-01	100.000	73	73	73
Q6A150_Q75_lddt	Q5UNL3_Q75_lddt	1.014E+00	9.997E-01	9.997E-01	100.000	73	73	73
Q6A150_Q75_lddt	Q79IE6_Q75_lddt	1.013E+00	9.994E-01	9.994E-01	100.000	73	73	73
Q6A150_Q75_lddt	Q27JL8_Q75_lddt	1.013E+00	9.993E-01	9.993E-01	100.000	73	73	73
Q6A150_Q75_lddt	B7U9E7_Q75_lddt	1.013E+00	9.989E-01	9.989E-01	100.000	73	73	73
Q6A150_Q75_lddt	Q8GCH1_Q75_lddt	1.013E+00	9.988E-01	9.988E-01	100.000	73	73	73
Q6A150_Q75_lddt	AF-A0A547E8L3-F1-model_v4_Q75_lddt	1.012E+00	9.982E-01	9.982E-01	93.100	73	73	73
Q6A150_Q75_lddt	Q4GY15_Q75_lddt	1.012E+00	9.981E-01	9.981E-01	93.100	73	73	73
Q6A150_Q75_lddt	Q8GL59_Q75_lddt	1.012E+00	9.978E-01	9.978E-01	93.100	73	73	73
Q6A150_Q75_lddt	P0AG05_Q75_lddt	1.011E+00	9.975E-01	9.975E-01	100.000	73	73	73
Q6A150_Q75_lddt	Q7BQ67_Q75_lddt	1.011E+00	9.975E-01	9.975E-01	93.100	73	73	73
Q6A150_Q75_lddt	A8VR99_Q75_lddt	1.011E+00	9.972E-01	9.972E-01	95.800	73	73	73
Q6A150_Q75_lddt	O70042_Q75_lddt	1.011E+00	9.972E-01	9.972E-01	93.100	73	73	73
Q6A150_Q75_lddt	Q766G9_Q75_lddt	1.007E+00	9.938E-01	9.938E-01	86.300	73	73	73
Q6A150_Q75_lddt	Q2A799_Q75_lddt	1.005E+00	9.916E-01	9.916E-01	86.300	73	73	73
Q6A150_Q75_lddt	Q8VL12_Q75_lddt	1.004E+00	9.908E-01	9.908E-01	84.900	73	73	73
Q6A150_Q75_lddt	Q8GKX3_Q75_lddt	1.006E+00	9.922E-01	9.660E-01	84.900	73	73	75
Q6A150_Q75_lddt	Q9RGC2_Q75_lddt	1.005E+00	9.914E-01	9.652E-01	86.300	73	73	75
Q6A150_Q75_lddt	Q0ZKF0_Q75_lddt	9.955E-01	9.821E-01	9.821E-01	71.200	73	73	73
Q6A150_Q75_lddt	Q9R3A9_Q75_lddt	9.935E-01	9.802E-01	9.802E-01	67.100	73	73	73
Q6A150_Q75_lddt	Q8G8F9_Q75_lddt	9.932E-01	9.799E-01	9.799E-01	65.700	73	73	73
Q6A150_Q75_lddt	Q5DUB9_Q75_lddt	9.928E-01	9.795E-01	9.795E-01	65.700	73	73	73
Q6A150_Q75_lddt	B3V3X6_Q75_lddt	9.982E-01	9.847E-01	9.589E-01	84.900	73	73	75
Q6A150_Q75_lddt	A0A1C7ZQH8_Q75_lddt	9.848E-01	9.716E-01	9.716E-01	50.600	73	73	73
Q6A150_Q75_lddt	P0A0D2_Q75_lddt	9.910E-01	9.645E-01	9.776E-01	42.400	73	73	72
Q6A150_Q75_lddt	AF-N8VSH4-F1-model_v4_Q75_lddt	9.844E-01	9.712E-01	9.712E-01	49.300	73	73	73
Q6A150_Q75_lddt	Q07448_Q75_lddt	9.907E-01	9.642E-01	9.772E-01	35.600	73	73	72
Q6A150_Q75_lddt	ANT9-Ic_Q75_lddt	9.875E-01	9.612E-01	9.742E-01	38.300	73	73	72
Q6A150_Q75_lddt	A0A5C2PME2_Q75_lddt	9.871E-01	9.607E-01	9.737E-01	39.700	73	73	72
Q6A150_Q75_lddt	N8W714_Q75_lddt	9.750E-01	9.621E-01	9.621E-01	52.000	73	73	73
Q6A150_Q75_lddt	AF-W1JB67-F1-model_v6_Q75_lddt	9.795E-01	9.536E-01	9.664E-01	36.900	73	73	72
Q8G8F9_Q75_lddt	Q8G8F9_Q75_lddt	1.014E+00	1.000E+00	1.000E+00	100.000	73	73	73
Q8G8F9_Q75_lddt	Q9R3A9_Q75_lddt	1.013E+00	9.990E-01	9.990E-01	95.800	73	73	73
Q8G8F9_Q75_lddt	Q8VL12_Q75_lddt	9.996E-01	9.861E-01	9.861E-01	69.800	73	73	73
Q8G8F9_Q75_lddt	Q2A799_Q75_lddt	9.975E-01	9.841E-01	9.841E-01	65.700	73	73	73
Q8G8F9_Q75_lddt	B7U9E7_Q75_lddt	9.948E-01	9.814E-01	9.814E-01	65.700	73	73	73
Q8G8F9_Q75_lddt	Q79IE6_Q75_lddt	9.944E-01	9.810E-01	9.810E-01	65.700	73	73	73
Q8G8F9_Q75_lddt	P0AG05_Q75_lddt	9.941E-01	9.808E-01	9.808E-01	65.700	73	73	73
Q8G8F9_Q75_lddt	Q08GN0_Q75_lddt	9.941E-01	9.807E-01	9.807E-01	65.700	73	73	73
Q8G8F9_Q75_lddt	A8VR99_Q75_lddt	9.942E-01	9.809E-01	9.809E-01	65.700	73	73	73
Q8G8F9_Q75_lddt	Q766G9_Q75_lddt	9.941E-01	9.807E-01	9.807E-01	68.400	73	73	73
Q8G8F9_Q75_lddt	Q8GCH1_Q75_lddt	9.938E-01	9.805E-01	9.805E-01	65.700	73	73	73
Q8G8F9_Q75_lddt	Q4GY15_Q75_lddt	9.935E-01	9.801E-01	9.801E-01	65.700	73	73	73
Q8G8F9_Q75_lddt	Q5UNL3_Q75_lddt	9.936E-01	9.802E-01	9.802E-01	65.700	73	73	73
Q8G8F9_Q75_lddt	Q27JL8_Q75_lddt	9.935E-01	9.802E-01	9.802E-01	65.700	73	73	73
Q8G8F9_Q75_lddt	O70042_Q75_lddt	9.935E-01	9.801E-01	9.801E-01	65.700	73	73	73
Q8G8F9_Q75_lddt	Q6A150_Q75_lddt	9.932E-01	9.799E-01	9.799E-01	65.700	73	73	73
Q8G8F9_Q75_lddt	Q5DUB9_Q75_lddt	9.934E-01	9.801E-01	9.801E-01	61.600	73	73	73
Q8G8F9_Q75_lddt	Q8GL59_Q75_lddt	9.930E-01	9.797E-01	9.797E-01	65.700	73	73	73
Q8G8F9_Q75_lddt	Q0PWM6_Q75_lddt	9.929E-01	9.796E-01	9.796E-01	65.700	73	73	73
Q8G8F9_Q75_lddt	Q7BQ67_Q75_lddt	9.925E-01	9.792E-01	9.792E-01	65.700	73	73	73
Q8G8F9_Q75_lddt	B3V3X6_Q75_lddt	1.001E+00	9.874E-01	9.614E-01	68.400	73	73	75
Q8G8F9_Q75_lddt	AF-A0A547E8L3-F1-model_v4_Q75_lddt	9.918E-01	9.785E-01	9.785E-01	65.700	73	73	73
Q8G8F9_Q75_lddt	Q8GKX3_Q75_lddt	9.998E-01	9.863E-01	9.603E-01	65.700	73	73	75
Q8G8F9_Q75_lddt	Q9RGC2_Q75_lddt	9.991E-01	9.856E-01	9.597E-01	65.700	73	73	75
Q8G8F9_Q75_lddt	Q0ZKF0_Q75_lddt	9.870E-01	9.738E-01	9.738E-01	75.300	73	73	73
Q8G8F9_Q75_lddt	P0A0D2_Q75_lddt	9.812E-01	9.552E-01	9.681E-01	41.000	73	73	72
Q8G8F9_Q75_lddt	A0A1C7ZQH8_Q75_lddt	9.666E-01	9.539E-01	9.539E-01	47.900	73	73	73
Q8G8F9_Q75_lddt	AF-N8VSH4-F1-model_v4_Q75_lddt	9.660E-01	9.533E-01	9.533E-01	47.900	73	73	73
Q8G8F9_Q75_lddt	Q07448_Q75_lddt	9.659E-01	9.407E-01	9.532E-01	35.600	73	73	72
Q8G8F9_Q75_lddt	A0A5C2PME2_Q75_lddt	9.634E-01	9.382E-01	9.506E-01	39.700	73	73	72
Q8G8F9_Q75_lddt	ANT9-Ic_Q75_lddt	9.635E-01	9.384E-01	9.508E-01	36.900	73	73	72
Q8G8F9_Q75_lddt	N8W714_Q75_lddt	9.534E-01	9.410E-01	9.410E-01	46.500	73	73	73
Q8G8F9_Q75_lddt	AF-W1JB67-F1-model_v6_Q75_lddt	9.552E-01	9.305E-01	9.427E-01	32.800	73	73	72
Q9R3A9_Q75_lddt	Q9R3A9_Q75_lddt	1.014E+00	1.000E+00	1.000E+00	100.000	73	73	73
Q9R3A9_Q75_lddt	Q8G8F9_Q75_lddt	1.013E+00	9.990E-01	9.990E-01	95.800	73	73	73
Q9R3A9_Q75_lddt	Q8VL12_Q75_lddt	1.001E+00	9.872E-01	9.872E-01	71.200	73	73	73
Q9R3A9_Q75_lddt	Q2A799_Q75_lddt	9.987E-01	9.852E-01	9.852E-01	67.100	73	73	73
Q9R3A9_Q75_lddt	B7U9E7_Q75_lddt	9.952E-01	9.818E-01	9.818E-01	67.100	73	73	73
Q9R3A9_Q75_lddt	A8VR99_Q75_lddt	9.952E-01	9.818E-01	9.818E-01	67.100	73	73	73
Q9R3A9_Q75_lddt	Q5DUB9_Q75_lddt	9.951E-01	9.817E-01	9.817E-01	61.600	73	73	73
Q9R3A9_Q75_lddt	Q08GN0_Q75_lddt	9.946E-01	9.813E-01	9.813E-01	67.100	73	73	73
Q9R3A9_Q75_lddt	P0AG05_Q75_lddt	9.946E-01	9.812E-01	9.812E-01	67.100	73	73	73
Q9R3A9_Q75_lddt	Q79IE6_Q75_lddt	9.945E-01	9.812E-01	9.812E-01	67.100	73	73	73
Q9R3A9_Q75_lddt	Q8GCH1_Q75_lddt	9.944E-01	9.810E-01	9.810E-01	67.100	73	73	73
Q9R3A9_Q75_lddt	Q4GY15_Q75_lddt	9.941E-01	9.807E-01	9.807E-01	67.100	73	73	73
Q9R3A9_Q75_lddt	O70042_Q75_lddt	9.941E-01	9.808E-01	9.808E-01	67.100	73	73	73
Q9R3A9_Q75_lddt	Q5UNL3_Q75_lddt	9.939E-01	9.805E-01	9.805E-01	67.100	73	73	73
Q9R3A9_Q75_lddt	Q766G9_Q75_lddt	9.938E-01	9.804E-01	9.804E-01	69.800	73	73	73
Q9R3A9_Q75_lddt	Q8GL59_Q75_lddt	9.936E-01	9.802E-01	9.802E-01	67.100	73	73	73
Q9R3A9_Q75_lddt	Q6A150_Q75_lddt	9.935E-01	9.802E-01	9.802E-01	67.100	73	73	73
Q9R3A9_Q75_lddt	Q27JL8_Q75_lddt	9.936E-01	9.802E-01	9.802E-01	67.100	73	73	73
Q9R3A9_Q75_lddt	Q0PWM6_Q75_lddt	9.934E-01	9.800E-01	9.800E-01	67.100	73	73	73
Q9R3A9_Q75_lddt	B3V3X6_Q75_lddt	1.002E+00	9.881E-01	9.620E-01	69.800	73	73	75
Q9R3A9_Q75_lddt	Q7BQ67_Q75_lddt	9.927E-01	9.794E-01	9.794E-01	67.100	73	73	73
Q9R3A9_Q75_lddt	AF-A0A547E8L3-F1-model_v4_Q75_lddt	9.924E-01	9.790E-01	9.790E-01	67.100	73	73	73
Q9R3A9_Q75_lddt	Q8GKX3_Q75_lddt	1.001E+00	9.871E-01	9.611E-01	67.100	73	73	75
Q9R3A9_Q75_lddt	Q9RGC2_Q75_lddt	1.000E+00	9.867E-01	9.608E-01	67.100	73	73	75
Q9R3A9_Q75_lddt	Q0ZKF0_Q75_lddt	9.892E-01	9.760E-01	9.760E-01	76.700	73	73	73
Q9R3A9_Q75_lddt	P0A0D2_Q75_lddt	9.828E-01	9.567E-01	9.696E-01	42.400	73	73	72
Q9R3A9_Q75_lddt	A0A1C7ZQH8_Q75_lddt	9.681E-01	9.553E-01	9.553E-01	49.300	73	73	73
Q9R3A9_Q75_lddt	AF-N8VSH4-F1-model_v4_Q75_lddt	9.675E-01	9.548E-01	9.548E-01	49.300	73	73	73
Q9R3A9_Q75_lddt	Q07448_Q75_lddt	9.669E-01	9.416E-01	9.541E-01	39.700	73	73	72
Q9R3A9_Q75_lddt	A0A5C2PME2_Q75_lddt	9.646E-01	9.394E-01	9.518E-01	39.700	73	73	72
Q9R3A9_Q75_lddt	ANT9-Ic_Q75_lddt	9.649E-01	9.397E-01	9.521E-01	36.900	73	73	72
Q9R3A9_Q75_lddt	N8W714_Q75_lddt	9.549E-01	9.425E-01	9.425E-01	47.900	73	73	73
Q9R3A9_Q75_lddt	AF-W1JB67-F1-model_v6_Q75_lddt	9.566E-01	9.319E-01	9.441E-01	36.900	73	73	72
Q27JL8_Q75_lddt	Q27JL8_Q75_lddt	1.014E+00	1.000E+00	1.000E+00	100.000	73	73	73
Q27JL8_Q75_lddt	Q79IE6_Q75_lddt	1.013E+00	9.995E-01	9.995E-01	100.000	73	73	73
Q27JL8_Q75_lddt	Q5UNL3_Q75_lddt	1.013E+00	9.995E-01	9.995E-01	100.000	73	73	73
Q27JL8_Q75_lddt	Q6A150_Q75_lddt	1.013E+00	9.993E-01	9.993E-01	100.000	73	73	73
Q27JL8_Q75_lddt	Q0PWM6_Q75_lddt	1.013E+00	9.993E-01	9.993E-01	100.000	73	73	73
Q27JL8_Q75_lddt	Q08GN0_Q75_lddt	1.013E+00	9.992E-01	9.992E-01	100.000	73	73	73
Q27JL8_Q75_lddt	B7U9E7_Q75_lddt	1.012E+00	9.984E-01	9.984E-01	100.000	73	73	73
Q27JL8_Q75_lddt	Q8GCH1_Q75_lddt	1.012E+00	9.981E-01	9.981E-01	100.000	73	73	73
Q27JL8_Q75_lddt	AF-A0A547E8L3-F1-model_v4_Q75_lddt	1.012E+00	9.981E-01	9.981E-01	93.100	73	73	73
Q27JL8_Q75_lddt	P0AG05_Q75_lddt	1.012E+00	9.979E-01	9.979E-01	100.000	73	73	73
Q27JL8_Q75_lddt	Q4GY15_Q75_lddt	1.011E+00	9.974E-01	9.974E-01	93.100	73	73	73
Q27JL8_Q75_lddt	Q7BQ67_Q75_lddt	1.011E+00	9.974E-01	9.974E-01	93.100	73	73	73
Q27JL8_Q75_lddt	Q8GL59_Q75_lddt	1.011E+00	9.972E-01	9.972E-01	93.100	73	73	73
Q27JL8_Q75_lddt	A8VR99_Q75_lddt	1.011E+00	9.971E-01	9.971E-01	95.800	73	73	73
Q27JL8_Q75_lddt	O70042_Q75_lddt	1.011E+00	9.968E-01	9.968E-01	93.100	73	73	73
Q27JL8_Q75_lddt	Q766G9_Q75_lddt	1.008E+00	9.939E-01	9.939E-01	86.300	73	73	73
Q27JL8_Q75_lddt	Q2A799_Q75_lddt	1.005E+00	9.913E-01	9.913E-01	86.300	73	73	73
Q27JL8_Q75_lddt	Q8VL12_Q75_lddt	1.004E+00	9.901E-01	9.901E-01	84.900	73	73	73
Q27JL8_Q75_lddt	Q8GKX3_Q75_lddt	1.006E+00	9.919E-01	9.656E-01	84.900	73	73	75
Q27JL8_Q75_lddt	Q9RGC2_Q75_lddt	1.005E+00	9.910E-01	9.648E-01	86.300	73	73	75
Q27JL8_Q75_lddt	Q0ZKF0_Q75_lddt	9.948E-01	9.815E-01	9.815E-01	71.200	73	73	73
Q27JL8_Q75_lddt	Q9R3A9_Q75_lddt	9.936E-01	9.802E-01	9.802E-01	67.100	73	73	73
Q27JL8_Q75_lddt	Q8G8F9_Q75_lddt	9.935E-01	9.802E-01	9.802E-01	65.700	73	73	73
Q27JL8_Q75_lddt	Q5DUB9_Q75_lddt	9.907E-01	9.775E-01	9.775E-01	65.700	73	73	73
Q27JL8_Q75_lddt	B3V3X6_Q75_lddt	9.979E-01	9.844E-01	9.586E-01	84.900	73	73	75
Q27JL8_Q75_lddt	A0A1C7ZQH8_Q75_lddt	9.860E-01	9.728E-01	9.728E-01	50.600	73	73	73
Q27JL8_Q75_lddt	AF-N8VSH4-F1-model_v4_Q75_lddt	9.855E-01	9.723E-01	9.723E-01	49.300	73	73	73
Q27JL8_Q75_lddt	P0A0D2_Q75_lddt	9.911E-01	9.646E-01	9.776E-01	42.400	73	73	72
Q27JL8_Q75_lddt	Q07448_Q75_lddt	9.905E-01	9.640E-01	9.771E-01	35.600	73	73	72
Q27JL8_Q75_lddt	ANT9-Ic_Q75_lddt	9.869E-01	9.606E-01	9.735E-01	38.300	73	73	72
Q27JL8_Q75_lddt	A0A5C2PME2_Q75_lddt	9.851E-01	9.588E-01	9.718E-01	39.700	73	73	72
Q27JL8_Q75_lddt	N8W714_Q75_lddt	9.756E-01	9.627E-01	9.627E-01	52.000	73	73	73
Q27JL8_Q75_lddt	AF-W1JB67-F1-model_v6_Q75_lddt	9.799E-01	9.540E-01	9.668E-01	36.900	73	73	72
Q4GY15_Q75_lddt	Q4GY15_Q75_lddt	1.014E+00	1.000E+00	1.000E+00	100.000	73	73	73
Q4GY15_Q75_lddt	Q8GL59_Q75_lddt	1.014E+00	9.999E-01	9.999E-01	100.000	73	73	73
Q4GY15_Q75_lddt	O70042_Q75_lddt	1.014E+00	9.997E-01	9.997E-01	100.000	73	73	73
Q4GY15_Q75_lddt	Q7BQ67_Q75_lddt	1.013E+00	9.994E-01	9.994E-01	100.000	73	73	73
Q4GY15_Q75_lddt	AF-A0A547E8L3-F1-model_v4_Q75_lddt	1.013E+00	9.989E-01	9.989E-01	100.000	73	73	73
Q4GY15_Q75_lddt	B7U9E7_Q75_lddt	1.012E+00	9.981E-01	9.981E-01	93.100	73	73	73
Q4GY15_Q75_lddt	Q6A150_Q75_lddt	1.012E+00	9.981E-01	9.981E-01	93.100	73	73	73
Q4GY15_Q75_lddt	Q08GN0_Q75_lddt	1.012E+00	9.980E-01	9.980E-01	93.100	73	73	73
Q4GY15_Q75_lddt	Q0PWM6_Q75_lddt	1.012E+00	9.978E-01	9.978E-01	93.100	73	73	73
Q4GY15_Q75_lddt	Q79IE6_Q75_lddt	1.011E+00	9.975E-01	9.975E-01	93.100	73	73	73
Q4GY15_Q75_lddt	Q5UNL3_Q75_lddt	1.011E+00	9.975E-01	9.975E-01	93.100	73	73	73
Q4GY15_Q75_lddt	Q27JL8_Q75_lddt	1.011E+00	9.974E-01	9.974E-01	93.100	73	73	73
Q4GY15_Q75_lddt	A8VR99_Q75_lddt	1.011E+00	9.972E-01	9.972E-01	91.700	73	73	73
Q4GY15_Q75_lddt	Q8GCH1_Q75_lddt	1.010E+00	9.966E-01	9.966E-01	93.100	73	73	73
Q4GY15_Q75_lddt	P0AG05_Q75_lddt	1.009E+00	9.955E-01	9.955E-01	93.100	73	73	73
Q4GY15_Q75_lddt	Q766G9_Q75_lddt	1.008E+00	9.938E-01	9.938E-01	84.900	73	73	73
Q4GY15_Q75_lddt	Q8VL12_Q75_lddt	1.003E+00	9.898E-01	9.898E-01	79.400	73	73	73
Q4GY15_Q75_lddt	Q2A799_Q75_lddt	1.002E+00	9.887E-01	9.887E-01	83.500	73	73	73
Q4GY15_Q75_lddt	Q8GKX3_Q75_lddt	1.004E+00	9.905E-01	9.643E-01	83.500	73	73	75
Q4GY15_Q75_lddt	Q9RGC2_Q75_lddt	1.003E+00	9.898E-01	9.636E-01	83.500	73	73	75
Q4GY15_Q75_lddt	Q9R3A9_Q75_lddt	9.941E-01	9.807E-01	9.807E-01	67.100	73	73	73
Q4GY15_Q75_lddt	Q0ZKF0_Q75_lddt	9.944E-01	9.810E-01	9.810E-01	69.800	73	73	73
Q4GY15_Q75_lddt	Q8G8F9_Q75_lddt	9.935E-01	9.801E-01	9.801E-01	65.700	73	73	73
Q4GY15_Q75_lddt	Q5DUB9_Q75_lddt	9.910E-01	9.778E-01	9.778E-01	65.700	73	73	73
Q4GY15_Q75_lddt	B3V3X6_Q75_lddt	9.967E-01	9.833E-01	9.575E-01	80.800	73	73	75
Q4GY15_Q75_lddt	AF-N8VSH4-F1-model_v4_Q75_lddt	9.846E-01	9.715E-01	9.715E-01	47.900	73	73	73
Q4GY15_Q75_lddt	A0A1C7ZQH8_Q75_lddt	9.844E-01	9.713E-01	9.713E-01	49.300	73	73	73
Q4GY15_Q75_lddt	Q07448_Q75_lddt	9.891E-01	9.626E-01	9.757E-01	35.600	73	73	72
Q4GY15_Q75_lddt	P0A0D2_Q75_lddt	9.883E-01	9.619E-01	9.749E-01	42.400	73	73	72
Q4GY15_Q75_lddt	ANT9-Ic_Q75_lddt	9.860E-01	9.598E-01	9.727E-01	39.700	73	73	72
Q4GY15_Q75_lddt	A0A5C2PME2_Q75_lddt	9.841E-01	9.579E-01	9.708E-01	38.300	73	73	72
Q4GY15_Q75_lddt	N8W714_Q75_lddt	9.725E-01	9.597E-01	9.597E-01	49.300	73	73	73
Q4GY15_Q75_lddt	AF-W1JB67-F1-model_v6_Q75_lddt	9.783E-01	9.525E-01	9.652E-01	38.300	73	73	72
Q8GCH1_Q75_lddt	Q8GCH1_Q75_lddt	1.014E+00	1.000E+00	1.000E+00	100.000	73	73	73
Q8GCH1_Q75_lddt	Q6A150_Q75_lddt	1.013E+00	9.988E-01	9.988E-01	100.000	73	73	73
Q8GCH1_Q75_lddt	Q08GN0_Q75_lddt	1.013E+00	9.988E-01	9.988E-01	100.000	73	73	73
Q8GCH1_Q75_lddt	Q0PWM6_Q75_lddt	1.012E+00	9.986E-01	9.986E-01	100.000	73	73	73
Q8GCH1_Q75_lddt	Q5UNL3_Q75_lddt	1.012E+00	9.986E-01	9.986E-01	100.000	73	73	73
Q8GCH1_Q75_lddt	Q27JL8_Q75_lddt	1.012E+00	9.981E-01	9.981E-01	100.000	73	73	73
Q8GCH1_Q75_lddt	Q79IE6_Q75_lddt	1.012E+00	9.981E-01	9.981E-01	100.000	73	73	73
Q8GCH1_Q75_lddt	B7U9E7_Q75_lddt	1.011E+00	9.976E-01	9.976E-01	100.000	73	73	73
Q8GCH1_Q75_lddt	AF-A0A547E8L3-F1-model_v4_Q75_lddt	1.011E+00	9.970E-01	9.970E-01	93.100	73	73	73
Q8GCH1_Q75_lddt	A8VR99_Q75_lddt	1.011E+00	9.969E-01	9.969E-01	95.800	73	73	73
Q8GCH1_Q75_lddt	Q4GY15_Q75_lddt	1.010E+00	9.966E-01	9.966E-01	93.100	73	73	73
Q8GCH1_Q75_lddt	P0AG05_Q75_lddt	1.010E+00	9.965E-01	9.965E-01	100.000	73	73	73
Q8GCH1_Q75_lddt	Q8GL59_Q75_lddt	1.010E+00	9.962E-01	9.962E-01	93.100	73	73	73
Q8GCH1_Q75_lddt	O70042_Q75_lddt	1.010E+00	9.960E-01	9.960E-01	93.100	73	73	73
Q8GCH1_Q75_lddt	Q7BQ67_Q75_lddt	1.010E+00	9.959E-01	9.959E-01	93.100	73	73	73
Q8GCH1_Q75_lddt	Q2A799_Q75_lddt	1.006E+00	9.927E-01	9.927E-01	86.300	73	73	73
Q8GCH1_Q75_lddt	Q766G9_Q75_lddt	1.005E+00	9.918E-01	9.918E-01	86.300	73	73	73
Q8GCH1_Q75_lddt	Q8VL12_Q75_lddt	1.004E+00	9.908E-01	9.908E-01	84.900	73	73	73
Q8GCH1_Q75_lddt	Q8GKX3_Q75_lddt	1.007E+00	9.931E-01	9.668E-01	84.900	73	73	75
Q8GCH1_Q75_lddt	Q9RGC2_Q75_lddt	1.006E+00	9.924E-01	9.661E-01	86.300	73	73	75
Q8GCH1_Q75_lddt	Q5DUB9_Q75_lddt	9.946E-01	9.812E-01	9.812E-01	65.700	73	73	73
Q8GCH1_Q75_lddt	Q9R3A9_Q75_lddt	9.944E-01	9.810E-01	9.810E-01	67.100	73	73	73
Q8GCH1_Q75_lddt	Q0ZKF0_Q75_lddt	9.943E-01	9.810E-01	9.810E-01	71.200	73	73	73
Q8GCH1_Q75_lddt	Q8G8F9_Q75_lddt	9.938E-01	9.805E-01	9.805E-01	65.700	73	73	73
Q8GCH1_Q75_lddt	B3V3X6_Q75_lddt	9.992E-01	9.858E-01	9.598E-01	84.900	73	73	75
Q8GCH1_Q75_lddt	P0A0D2_Q75_lddt	9.914E-01	9.649E-01	9.780E-01	42.400	73	73	72
Q8GCH1_Q75_lddt	AF-N8VSH4-F1-model_v4_Q75_lddt	9.829E-01	9.698E-01	9.698E-01	49.300	73	73	73
Q8GCH1_Q75_lddt	A0A1C7ZQH8_Q75_lddt	9.829E-01	9.698E-01	9.698E-01	50.600	73	73	73
Q8GCH1_Q75_lddt	Q07448_Q75_lddt	9.893E-01	9.629E-01	9.759E-01	35.600	73	73	72
Q8GCH1_Q75_lddt	ANT9-Ic_Q75_lddt	9.876E-01	9.612E-01	9.742E-01	38.300	73	73	72
Q8GCH1_Q75_lddt	A0A5C2PME2_Q75_lddt	9.873E-01	9.610E-01	9.740E-01	39.700	73	73	72
Q8GCH1_Q75_lddt	N8W714_Q75_lddt	9.735E-01	9.606E-01	9.606E-01	52.000	73	73	73
Q8GCH1_Q75_lddt	AF-W1JB67-F1-model_v6_Q75_lddt	9.762E-01	9.504E-01	9.631E-01	36.900	73	73	72
B7U9E7_Q75_lddt	B7U9E7_Q75_lddt	1.014E+00	1.000E+00	1.000E+00	100.000	73	73	73
B7U9E7_Q75_lddt	Q6A150_Q75_lddt	1.013E+00	9.989E-01	9.989E-01	100.000	73	73	73
B7U9E7_Q75_lddt	Q0PWM6_Q75_lddt	1.013E+00	9.989E-01	9.989E-01	100.000	73	73	73
B7U9E7_Q75_lddt	Q5UNL3_Q75_lddt	1.013E+00	9.989E-01	9.989E-01	100.000	73	73	73
B7U9E7_Q75_lddt	Q08GN0_Q75_lddt	1.013E+00	9.988E-01	9.988E-01	100.000	73	73	73
B7U9E7_Q75_lddt	Q79IE6_Q75_lddt	1.012E+00	9.986E-01	9.986E-01	100.000	73	73	73
B7U9E7_Q75_lddt	Q27JL8_Q75_lddt	1.012E+00	9.984E-01	9.984E-01	100.000	73	73	73
B7U9E7_Q75_lddt	Q4GY15_Q75_lddt	1.012E+00	9.981E-01	9.981E-01	93.100	73	73	73
B7U9E7_Q75_lddt	Q8GL59_Q75_lddt	1.012E+00	9.979E-01	9.979E-01	93.100	73	73	73
B7U9E7_Q75_lddt	Q7BQ67_Q75_lddt	1.012E+00	9.978E-01	9.978E-01	93.100	73	73	73
B7U9E7_Q75_lddt	Q8GCH1_Q75_lddt	1.011E+00	9.976E-01	9.976E-01	100.000	73	73	73
B7U9E7_Q75_lddt	O70042_Q75_lddt	1.011E+00	9.976E-01	9.976E-01	93.100	73	73	73
B7U9E7_Q75_lddt	AF-A0A547E8L3-F1-model_v4_Q75_lddt	1.011E+00	9.969E-01	9.969E-01	93.100	73	73	73
B7U9E7_Q75_lddt	A8VR99_Q75_lddt	1.010E+00	9.964E-01	9.964E-01	95.800	73	73	73
B7U9E7_Q75_lddt	P0AG05_Q75_lddt	1.009E+00	9.955E-01	9.955E-01	100.000	73	73	73
B7U9E7_Q75_lddt	Q766G9_Q75_lddt	1.007E+00	9.929E-01	9.929E-01	86.300	73	73	73
B7U9E7_Q75_lddt	Q8VL12_Q75_lddt	1.005E+00	9.915E-01	9.915E-01	84.900	73	73	73
B7U9E7_Q75_lddt	Q2A799_Q75_lddt	1.005E+00	9.912E-01	9.912E-01	86.300	73	73	73
B7U9E7_Q75_lddt	Q8GKX3_Q75_lddt	1.006E+00	9.928E-01	9.665E-01	84.900	73	73	75
B7U9E7_Q75_lddt	Q9RGC2_Q75_lddt	1.006E+00	9.921E-01	9.658E-01	86.300	73	73	75
B7U9E7_Q75_lddt	Q9R3A9_Q75_lddt	9.952E-01	9.818E-01	9.818E-01	67.100	73	73	73
B7U9E7_Q75_lddt	Q8G8F9_Q75_lddt	9.948E-01	9.814E-01	9.814E-01	65.700	73	73	73
B7U9E7_Q75_lddt	Q0ZKF0_Q75_lddt	9.930E-01	9.797E-01	9.797E-01	71.200	73	73	73
B7U9E7_Q75_lddt	Q5DUB9_Q75_lddt	9.927E-01	9.794E-01	9.794E-01	65.700	73	73	73
B7U9E7_Q75_lddt	B3V3X6_Q75_lddt	1.000E+00	9.867E-01	9.608E-01	84.900	73	73	75
B7U9E7_Q75_lddt	A0A1C7ZQH8_Q75_lddt	9.836E-01	9.704E-01	9.704E-01	50.600	73	73	73
B7U9E7_Q75_lddt	AF-N8VSH4-F1-model_v4_Q75_lddt	9.825E-01	9.694E-01	9.694E-01	49.300	73	73	73
B7U9E7_Q75_lddt	P0A0D2_Q75_lddt	9.890E-01	9.626E-01	9.756E-01	42.400	73	73	72
B7U9E7_Q75_lddt	Q07448_Q75_lddt	9.873E-01	9.609E-01	9.739E-01	35.600	73	73	72
B7U9E7_Q75_lddt	ANT9-Ic_Q75_lddt	9.847E-01	9.585E-01	9.714E-01	38.300	73	73	72
B7U9E7_Q75_lddt	A0A5C2PME2_Q75_lddt	9.842E-01	9.580E-01	9.709E-01	39.700	73	73	72
B7U9E7_Q75_lddt	N8W714_Q75_lddt	9.725E-01	9.596E-01	9.596E-01	52.000	73	73	73
B7U9E7_Q75_lddt	AF-W1JB67-F1-model_v6_Q75_lddt	9.776E-01	9.518E-01	9.645E-01	36.900	73	73	72
O70042_Q75_lddt	O70042_Q75_lddt	1.014E+00	1.000E+00	1.000E+00	100.000	73	73	73
O70042_Q75_lddt	Q4GY15_Q75_lddt	1.014E+00	9.997E-01	9.997E-01	100.000	73	73	73
O70042_Q75_lddt	Q8GL59_Q75_lddt	1.014E+00	9.997E-01	9.997E-01	100.000	73	73	73
O70042_Q75_lddt	Q7BQ67_Q75_lddt	1.013E+00	9.993E-01	9.993E-01	100.000	73	73	73
O70042_Q75_lddt	AF-A0A547E8L3-F1-model_v4_Q75_lddt	1.013E+00	9.987E-01	9.987E-01	100.000	73	73	73
O70042_Q75_lddt	B7U9E7_Q75_lddt	1.011E+00	9.976E-01	9.976E-01	93.100	73	73	73
O70042_Q75_lddt	A8VR99_Q75_lddt	1.011E+00	9.974E-01	9.974E-01	91.700	73	73	73
O70042_Q75_lddt	Q08GN0_Q75_lddt	1.011E+00	9.972E-01	9.972E-01	93.100	73	73	73
O70042_Q75_lddt	Q6A150_Q75_lddt	1.011E+00	9.972E-01	9.972E-01	93.100	73	73	73
O70042_Q75_lddt	Q0PWM6_Q75_lddt	1.011E+00	9.969E-01	9.969E-01	93.100	73	73	73
O70042_Q75_lddt	Q27JL8_Q75_lddt	1.011E+00	9.968E-01	9.968E-01	93.100	73	73	73
O70042_Q75_lddt	Q5UNL3_Q75_lddt	1.011E+00	9.967E-01	9.967E-01	93.100	73	73	73
O70042_Q75_lddt	Q79IE6_Q75_lddt	1.010E+00	9.967E-01	9.967E-01	93.100	73	73	73
O70042_Q75_lddt	Q8GCH1_Q75_lddt	1.010E+00	9.960E-01	9.960E-01	93.100	73	73	73
O70042_Q75_lddt	P0AG05_Q75_lddt	1.008E+00	9.945E-01	9.945E-01	93.100	73	73	73
O70042_Q75_lddt	Q766G9_Q75_lddt	1.007E+00	9.937E-01	9.937E-01	84.900	73	73	73
O70042_Q75_lddt	Q8VL12_Q75_lddt	1.003E+00	9.891E-01	9.891E-01	79.400	73	73	73
O70042_Q75_lddt	Q2A799_Q75_lddt	1.001E+00	9.877E-01	9.877E-01	83.500	73	73	73
O70042_Q75_lddt	Q8GKX3_Q75_lddt	1.003E+00	9.898E-01	9.637E-01	83.500	73	73	75
O70042_Q75_lddt	Q9R3A9_Q75_lddt	9.941E-01	9.808E-01	9.808E-01	67.100	73	73	73
O70042_Q75_lddt	Q9RGC2_Q75_lddt	1.003E+00	9.892E-01	9.631E-01	83.500	73	73	75
O70042_Q75_lddt	Q8G8F9_Q75_lddt	9.935E-01	9.801E-01	9.801E-01	65.700	73	73	73
O70042_Q75_lddt	Q0ZKF0_Q75_lddt	9.932E-01	9.799E-01	9.799E-01	69.800	73	73	73
O70042_Q75_lddt	Q5DUB9_Q75_lddt	9.902E-01	9.769E-01	9.769E-01	65.700	73	73	73
O70042_Q75_lddt	B3V3X6_Q75_lddt	9.962E-01	9.828E-01	9.570E-01	80.800	73	73	75
O70042_Q75_lddt	AF-N8VSH4-F1-model_v4_Q75_lddt	9.833E-01	9.702E-01	9.702E-01	47.900	73	73	73
O70042_Q75_lddt	A0A1C7ZQH8_Q75_lddt	9.829E-01	9.697E-01	9.697E-01	49.300	73	73	73
O70042_Q75_lddt	Q07448_Q75_lddt	9.873E-01	9.610E-01	9.740E-01	35.600	73	73	72
O70042_Q75_lddt	P0A0D2_Q75_lddt	9.870E-01	9.607E-01	9.737E-01	42.400	73	73	72
O70042_Q75_lddt	ANT9-Ic_Q75_lddt	9.852E-01	9.590E-01	9.719E-01	39.700	73	73	72
O70042_Q75_lddt	A0A5C2PME2_Q75_lddt	9.826E-01	9.565E-01	9.694E-01	38.300	73	73	72
O70042_Q75_lddt	AF-W1JB67-F1-model_v6_Q75_lddt	9.768E-01	9.510E-01	9.638E-01	38.300	73	73	72
O70042_Q75_lddt	N8W714_Q75_lddt	9.698E-01	9.570E-01	9.570E-01	49.300	73	73	73
P0AG05_Q75_lddt	P0AG05_Q75_lddt	1.014E+00	1.000E+00	1.000E+00	100.000	73	73	73
P0AG05_Q75_lddt	Q79IE6_Q75_lddt	1.012E+00	9.980E-01	9.980E-01	100.000	73	73	73
P0AG05_Q75_lddt	Q27JL8_Q75_lddt	1.012E+00	9.979E-01	9.979E-01	100.000	73	73	73
P0AG05_Q75_lddt	Q08GN0_Q75_lddt	1.011E+00	9.977E-01	9.977E-01	100.000	73	73	73
P0AG05_Q75_lddt	Q0PWM6_Q75_lddt	1.011E+00	9.976E-01	9.976E-01	100.000	73	73	73
P0AG05_Q75_lddt	Q6A150_Q75_lddt	1.011E+00	9.975E-01	9.975E-01	100.000	73	73	73
P0AG05_Q75_lddt	Q5UNL3_Q75_lddt	1.011E+00	9.974E-01	9.974E-01	100.000	73	73	73
P0AG05_Q75_lddt	AF-A0A547E8L3-F1-model_v4_Q75_lddt	1.010E+00	9.966E-01	9.966E-01	93.100	73	73	73
P0AG05_Q75_lddt	Q8GCH1_Q75_lddt	1.010E+00	9.965E-01	9.965E-01	100.000	73	73	73
P0AG05_Q75_lddt	A8VR99_Q75_lddt	1.010E+00	9.964E-01	9.964E-01	95.800	73	73	73
P0AG05_Q75_lddt	B7U9E7_Q75_lddt	1.009E+00	9.955E-01	9.955E-01	100.000	73	73	73
P0AG05_Q75_lddt	Q4GY15_Q75_lddt	1.009E+00	9.955E-01	9.955E-01	93.100	73	73	73
P0AG05_Q75_lddt	Q8GL59_Q75_lddt	1.009E+00	9.951E-01	9.951E-01	93.100	73	73	73
P0AG05_Q75_lddt	Q7BQ67_Q75_lddt	1.009E+00	9.948E-01	9.948E-01	93.100	73	73	73
P0AG05_Q75_lddt	O70042_Q75_lddt	1.008E+00	9.945E-01	9.945E-01	93.100	73	73	73
P0AG05_Q75_lddt	Q766G9_Q75_lddt	1.006E+00	9.920E-01	9.920E-01	86.300	73	73	73
P0AG05_Q75_lddt	Q2A799_Q75_lddt	1.004E+00	9.906E-01	9.906E-01	86.300	73	73	73
P0AG05_Q75_lddt	Q8VL12_Q75_lddt	1.003E+00	9.893E-01	9.893E-01	84.900	73	73	73
P0AG05_Q75_lddt	Q0ZKF0_Q75_lddt	9.987E-01	9.852E-01	9.852E-01	71.200	73	73	73
P0AG05_Q75_lddt	Q8GKX3_Q75_lddt	1.004E+00	9.902E-01	9.641E-01	84.900	73	73	75
P0AG05_Q75_lddt	Q9RGC2_Q75_lddt	1.003E+00	9.898E-01	9.637E-01	86.300	73	73	75
P0AG05_Q75_lddt	Q9R3A9_Q75_lddt	9.946E-01	9.812E-01	9.812E-01	67.100	73	73	73
P0AG05_Q75_lddt	Q8G8F9_Q75_lddt	9.941E-01	9.808E-01	9.808E-01	65.700	73	73	73
P0AG05_Q75_lddt	Q5DUB9_Q75_lddt	9.903E-01	9.771E-01	9.771E-01	65.700	73	73	73
P0AG05_Q75_lddt	B3V3X6_Q75_lddt	9.964E-01	9.830E-01	9.572E-01	84.900	73	73	75
P0AG05_Q75_lddt	AF-N8VSH4-F1-model_v4_Q75_lddt	9.852E-01	9.720E-01	9.720E-01	49.300	73	73	73
P0AG05_Q75_lddt	A0A1C7ZQH8_Q75_lddt	9.851E-01	9.719E-01	9.719E-01	50.600	73	73	73
P0AG05_Q75_lddt	P0A0D2_Q75_lddt	9.916E-01	9.651E-01	9.782E-01	42.400	73	73	72
P0AG05_Q75_lddt	Q07448_Q75_lddt	9.883E-01	9.619E-01	9.750E-01	35.600	73	73	72
P0AG05_Q75_lddt	ANT9-Ic_Q75_lddt	9.843E-01	9.581E-01	9.710E-01	38.300	73	73	72
P0AG05_Q75_lddt	A0A5C2PME2_Q75_lddt	9.836E-01	9.574E-01	9.703E-01	39.700	73	73	72
P0AG05_Q75_lddt	N8W714_Q75_lddt	9.762E-01	9.632E-01	9.632E-01	52.000	73	73	73
P0AG05_Q75_lddt	AF-W1JB67-F1-model_v6_Q75_lddt	9.772E-01	9.514E-01	9.642E-01	36.900	73	73	72
Q08GN0_Q75_lddt	Q08GN0_Q75_lddt	1.014E+00	1.000E+00	1.000E+00	100.000	73	73	73
Q08GN0_Q75_lddt	Q6A150_Q75_lddt	1.014E+00	9.998E-01	9.998E-01	100.000	73	73	73
Q08GN0_Q75_lddt	Q0PWM6_Q75_lddt	1.014E+00	9.998E-01	9.998E-01	100.000	73	73	73
Q08GN0_Q75_lddt	Q5UNL3_Q75_lddt	1.013E+00	9.996E-01	9.996E-01	100.000	73	73	73
Q08GN0_Q75_lddt	Q79IE6_Q75_lddt	1.013E+00	9.992E-01	9.992E-01	100.000	73	73	73
Q08GN0_Q75_lddt	Q27JL8_Q75_lddt	1.013E+00	9.992E-01	9.992E-01	100.000	73	73	73
Q08GN0_Q75_lddt	Q8GCH1_Q75_lddt	1.013E+00	9.988E-01	9.988E-01	100.000	73	73	73
Q08GN0_Q75_lddt	B7U9E7_Q75_lddt	1.013E+00	9.988E-01	9.988E-01	100.000	73	73	73
Q08GN0_Q75_lddt	AF-A0A547E8L3-F1-model_v4_Q75_lddt	1.012E+00	9.983E-01	9.983E-01	93.100	73	73	73
Q08GN0_Q75_lddt	Q4GY15_Q75_lddt	1.012E+00	9.980E-01	9.980E-01	93.100	73	73	73
Q08GN0_Q75_lddt	Q8GL59_Q75_lddt	1.012E+00	9.977E-01	9.977E-01	93.100	73	73	73
Q08GN0_Q75_lddt	P0AG05_Q75_lddt	1.011E+00	9.977E-01	9.977E-01	100.000	73	73	73
Q08GN0_Q75_lddt	A8VR99_Q75_lddt	1.011E+00	9.976E-01	9.976E-01	95.800	73	73	73
Q08GN0_Q75_lddt	O70042_Q75_lddt	1.011E+00	9.972E-01	9.972E-01	93.100	73	73	73
Q08GN0_Q75_lddt	Q7BQ67_Q75_lddt	1.011E+00	9.970E-01	9.970E-01	93.100	73	73	73
Q08GN0_Q75_lddt	Q766G9_Q75_lddt	1.007E+00	9.932E-01	9.932E-01	86.300	73	73	73
Q08GN0_Q75_lddt	Q2A799_Q75_lddt	1.005E+00	9.917E-01	9.917E-01	86.300	73	73	73
Q08GN0_Q75_lddt	Q8VL12_Q75_lddt	1.004E+00	9.908E-01	9.908E-01	84.900	73	73	73
Q08GN0_Q75_lddt	Q8GKX3_Q75_lddt	1.006E+00	9.922E-01	9.659E-01	84.900	73	73	75
Q08GN0_Q75_lddt	Q0ZKF0_Q75_lddt	9.970E-01	9.836E-01	9.836E-01	71.200	73	73	73
Q08GN0_Q75_lddt	Q9RGC2_Q75_lddt	1.005E+00	9.915E-01	9.653E-01	86.300	73	73	75
Q08GN0_Q75_lddt	Q9R3A9_Q75_lddt	9.946E-01	9.813E-01	9.813E-01	67.100	73	73	73
Q08GN0_Q75_lddt	Q8G8F9_Q75_lddt	9.941E-01	9.807E-01	9.807E-01	65.700	73	73	73
Q08GN0_Q75_lddt	Q5DUB9_Q75_lddt	9.929E-01	9.796E-01	9.796E-01	65.700	73	73	73
Q08GN0_Q75_lddt	B3V3X6_Q75_lddt	9.982E-01	9.848E-01	9.589E-01	84.900	73	73	75
Q08GN0_Q75_lddt	P0A0D2_Q75_lddt	9.920E-01	9.654E-01	9.785E-01	42.400	73	73	72
Q08GN0_Q75_lddt	A0A1C7ZQH8_Q75_lddt	9.844E-01	9.713E-01	9.713E-01	50.600	73	73	73
Q08GN0_Q75_lddt	AF-N8VSH4-F1-model_v4_Q75_lddt	9.842E-01	9.711E-01	9.711E-01	49.300	73	73	73
Q08GN0_Q75_lddt	Q07448_Q75_lddt	9.904E-01	9.639E-01	9.769E-01	35.600	73	73	72
Q08GN0_Q75_lddt	ANT9-Ic_Q75_lddt	9.874E-01	9.611E-01	9.741E-01	38.300	73	73	72
Q08GN0_Q75_lddt	A0A5C2PME2_Q75_lddt	9.871E-01	9.608E-01	9.738E-01	39.700	73	73	72
Q08GN0_Q75_lddt	N8W714_Q75_lddt	9.747E-01	9.618E-01	9.618E-01	52.000	73	73	73
Q08GN0_Q75_lddt	AF-W1JB67-F1-model_v6_Q75_lddt	9.795E-01	9.535E-01	9.663E-01	36.900	73	73	72
Q5DUB9_Q75_lddt	Q5DUB9_Q75_lddt	1.014E+00	1.000E+00	1.000E+00	100.000	73	73	73
Q5DUB9_Q75_lddt	Q8VL12_Q75_lddt	1.003E+00	9.893E-01	9.893E-01	64.300	73	73	73
Q5DUB9_Q75_lddt	Q2A799_Q75_lddt	1.001E+00	9.874E-01	9.874E-01	64.300	73	73	73
Q5DUB9_Q75_lddt	Q9R3A9_Q75_lddt	9.951E-01	9.817E-01	9.817E-01	61.600	73	73	73
Q5DUB9_Q75_lddt	Q766G9_Q75_lddt	9.950E-01	9.816E-01	9.816E-01	64.300	73	73	73
Q5DUB9_Q75_lddt	Q8GCH1_Q75_lddt	9.946E-01	9.812E-01	9.812E-01	65.700	73	73	73
Q5DUB9_Q75_lddt	Q8G8F9_Q75_lddt	9.934E-01	9.801E-01	9.801E-01	61.600	73	73	73
Q5DUB9_Q75_lddt	Q08GN0_Q75_lddt	9.929E-01	9.796E-01	9.796E-01	65.700	73	73	73
Q5DUB9_Q75_lddt	Q6A150_Q75_lddt	9.928E-01	9.795E-01	9.795E-01	65.700	73	73	73
Q5DUB9_Q75_lddt	Q5UNL3_Q75_lddt	9.927E-01	9.794E-01	9.794E-01	65.700	73	73	73
Q5DUB9_Q75_lddt	B7U9E7_Q75_lddt	9.927E-01	9.794E-01	9.794E-01	65.700	73	73	73
Q5DUB9_Q75_lddt	Q8GKX3_Q75_lddt	1.001E+00	9.878E-01	9.618E-01	64.300	73	73	75
Q5DUB9_Q75_lddt	Q79IE6_Q75_lddt	9.926E-01	9.793E-01	9.793E-01	65.700	73	73	73
Q5DUB9_Q75_lddt	A8VR99_Q75_lddt	9.926E-01	9.793E-01	9.793E-01	65.700	73	73	73
Q5DUB9_Q75_lddt	Q9RGC2_Q75_lddt	1.001E+00	9.874E-01	9.614E-01	64.300	73	73	75
Q5DUB9_Q75_lddt	Q0PWM6_Q75_lddt	9.919E-01	9.786E-01	9.786E-01	65.700	73	73	73
Q5DUB9_Q75_lddt	B3V3X6_Q75_lddt	1.001E+00	9.870E-01	9.610E-01	61.600	73	73	75
Q5DUB9_Q75_lddt	Q4GY15_Q75_lddt	9.910E-01	9.778E-01	9.778E-01	65.700	73	73	73
Q5DUB9_Q75_lddt	Q27JL8_Q75_lddt	9.907E-01	9.775E-01	9.775E-01	65.700	73	73	73
Q5DUB9_Q75_lddt	Q7BQ67_Q75_lddt	9.907E-01	9.774E-01	9.774E-01	65.700	73	73	73
Q5DUB9_Q75_lddt	Q8GL59_Q75_lddt	9.905E-01	9.772E-01	9.772E-01	65.700	73	73	73
Q5DUB9_Q75_lddt	AF-A0A547E8L3-F1-model_v4_Q75_lddt	9.903E-01	9.771E-01	9.771E-01	65.700	73	73	73
Q5DUB9_Q75_lddt	P0AG05_Q75_lddt	9.903E-01	9.771E-01	9.771E-01	65.700	73	73	73
Q5DUB9_Q75_lddt	O70042_Q75_lddt	9.902E-01	9.769E-01	9.769E-01	65.700	73	73	73
Q5DUB9_Q75_lddt	Q0ZKF0_Q75_lddt	9.846E-01	9.715E-01	9.715E-01	60.200	73	73	73
Q5DUB9_Q75_lddt	P0A0D2_Q75_lddt	9.818E-01	9.558E-01	9.686E-01	42.400	73	73	72
Q5DUB9_Q75_lddt	A0A1C7ZQH8_Q75_lddt	9.695E-01	9.568E-01	9.568E-01	46.500	73	73	73
Q5DUB9_Q75_lddt	AF-N8VSH4-F1-model_v4_Q75_lddt	9.679E-01	9.552E-01	9.552E-01	45.200	73	73	73
Q5DUB9_Q75_lddt	Q07448_Q75_lddt	9.724E-01	9.468E-01	9.595E-01	36.900	73	73	72
Q5DUB9_Q75_lddt	ANT9-Ic_Q75_lddt	9.718E-01	9.463E-01	9.589E-01	39.700	73	73	72
Q5DUB9_Q75_lddt	A0A5C2PME2_Q75_lddt	9.713E-01	9.458E-01	9.583E-01	39.700	73	73	72
Q5DUB9_Q75_lddt	N8W714_Q75_lddt	9.567E-01	9.442E-01	9.442E-01	50.600	73	73	73
Q5DUB9_Q75_lddt	AF-W1JB67-F1-model_v6_Q75_lddt	9.631E-01	9.380E-01	9.504E-01	31.500	73	73	72
Q79IE6_Q75_lddt	Q79IE6_Q75_lddt	1.014E+00	1.000E+00	1.000E+00	100.000	73	73	73
Q79IE6_Q75_lddt	Q27JL8_Q75_lddt	1.013E+00	9.995E-01	9.995E-01	100.000	73	73	73
Q79IE6_Q75_lddt	Q6A150_Q75_lddt	1.013E+00	9.994E-01	9.994E-01	100.000	73	73	73
Q79IE6_Q75_lddt	Q5UNL3_Q75_lddt	1.013E+00	9.994E-01	9.994E-01	100.000	73	73	73
Q79IE6_Q75_lddt	Q0PWM6_Q75_lddt	1.013E+00	9.993E-01	9.993E-01	100.000	73	73	73
Q79IE6_Q75_lddt	Q08GN0_Q75_lddt	1.013E+00	9.992E-01	9.992E-01	100.000	73	73	73
Q79IE6_Q75_lddt	B7U9E7_Q75_lddt	1.012E+00	9.986E-01	9.986E-01	100.000	73	73	73
Q79IE6_Q75_lddt	Q8GCH1_Q75_lddt	1.012E+00	9.981E-01	9.981E-01	100.000	73	73	73
Q79IE6_Q75_lddt	P0AG05_Q75_lddt	1.012E+00	9.980E-01	9.980E-01	100.000	73	73	73
Q79IE6_Q75_lddt	AF-A0A547E8L3-F1-model_v4_Q75_lddt	1.012E+00	9.978E-01	9.978E-01	93.100	73	73	73
Q79IE6_Q75_lddt	Q4GY15_Q75_lddt	1.011E+00	9.975E-01	9.975E-01	93.100	73	73	73
Q79IE6_Q75_lddt	A8VR99_Q75_lddt	1.011E+00	9.972E-01	9.972E-01	95.800	73	73	73
Q79IE6_Q75_lddt	Q8GL59_Q75_lddt	1.011E+00	9.972E-01	9.972E-01	93.100	73	73	73
Q79IE6_Q75_lddt	Q7BQ67_Q75_lddt	1.011E+00	9.971E-01	9.971E-01	93.100	73	73	73
Q79IE6_Q75_lddt	O70042_Q75_lddt	1.010E+00	9.967E-01	9.967E-01	93.100	73	73	73
Q79IE6_Q75_lddt	Q766G9_Q75_lddt	1.008E+00	9.939E-01	9.939E-01	86.300	73	73	73
Q79IE6_Q75_lddt	Q2A799_Q75_lddt	1.005E+00	9.915E-01	9.915E-01	86.300	73	73	73
Q79IE6_Q75_lddt	Q8VL12_Q75_lddt	1.004E+00	9.906E-01	9.906E-01	84.900	73	73	73
Q79IE6_Q75_lddt	Q8GKX3_Q75_lddt	1.006E+00	9.921E-01	9.659E-01	84.900	73	73	75
Q79IE6_Q75_lddt	Q9RGC2_Q75_lddt	1.005E+00	9.912E-01	9.650E-01	86.300	73	73	75
Q79IE6_Q75_lddt	Q9R3A9_Q75_lddt	9.945E-01	9.812E-01	9.812E-01	67.100	73	73	73
Q79IE6_Q75_lddt	Q8G8F9_Q75_lddt	9.944E-01	9.810E-01	9.810E-01	65.700	73	73	73
Q79IE6_Q75_lddt	Q0ZKF0_Q75_lddt	9.942E-01	9.809E-01	9.809E-01	71.200	73	73	73
Q79IE6_Q75_lddt	Q5DUB9_Q75_lddt	9.926E-01	9.793E-01	9.793E-01	65.700	73	73	73
Q79IE6_Q75_lddt	B3V3X6_Q75_lddt	9.984E-01	9.849E-01	9.590E-01	84.900	73	73	75
Q79IE6_Q75_lddt	A0A1C7ZQH8_Q75_lddt	9.861E-01	9.729E-01	9.729E-01	50.600	73	73	73
Q79IE6_Q75_lddt	AF-N8VSH4-F1-model_v4_Q75_lddt	9.854E-01	9.722E-01	9.722E-01	49.300	73	73	73
Q79IE6_Q75_lddt	P0A0D2_Q75_lddt	9.906E-01	9.641E-01	9.772E-01	42.400	73	73	72
Q79IE6_Q75_lddt	Q07448_Q75_lddt	9.901E-01	9.636E-01	9.766E-01	35.600	73	73	72
Q79IE6_Q75_lddt	ANT9-Ic_Q75_lddt	9.869E-01	9.606E-01	9.735E-01	38.300	73	73	72
Q79IE6_Q75_lddt	A0A5C2PME2_Q75_lddt	9.842E-01	9.581E-01	9.710E-01	39.700	73	73	72
Q79IE6_Q75_lddt	N8W714_Q75_lddt	9.755E-01	9.626E-01	9.626E-01	52.000	73	73	73
Q79IE6_Q75_lddt	AF-W1JB67-F1-model_v6_Q75_lddt	9.790E-01	9.531E-01	9.659E-01	36.900	73	73	72
Q8VL12_Q75_lddt	Q8VL12_Q75_lddt	1.014E+00	1.000E+00	1.000E+00	100.000	73	73	73
Q8VL12_Q75_lddt	Q2A799_Q75_lddt	1.010E+00	9.958E-01	9.958E-01	89.000	73	73	73
Q8VL12_Q75_lddt	B7U9E7_Q75_lddt	1.005E+00	9.915E-01	9.915E-01	84.900	73	73	73
Q8VL12_Q75_lddt	Q08GN0_Q75_lddt	1.004E+00	9.908E-01	9.908E-01	84.900	73	73	73
Q8VL12_Q75_lddt	Q8GCH1_Q75_lddt	1.004E+00	9.908E-01	9.908E-01	84.900	73	73	73
Q8VL12_Q75_lddt	Q6A150_Q75_lddt	1.004E+00	9.908E-01	9.908E-01	84.900	73	73	73
Q8VL12_Q75_lddt	Q766G9_Q75_lddt	1.004E+00	9.908E-01	9.908E-01	89.000	73	73	73
Q8VL12_Q75_lddt	Q5UNL3_Q75_lddt	1.004E+00	9.906E-01	9.906E-01	84.900	73	73	73
Q8VL12_Q75_lddt	Q79IE6_Q75_lddt	1.004E+00	9.906E-01	9.906E-01	84.900	73	73	73
Q8VL12_Q75_lddt	A8VR99_Q75_lddt	1.004E+00	9.903E-01	9.903E-01	87.600	73	73	73
Q8VL12_Q75_lddt	Q0PWM6_Q75_lddt	1.004E+00	9.902E-01	9.902E-01	84.900	73	73	73
Q8VL12_Q75_lddt	Q27JL8_Q75_lddt	1.004E+00	9.901E-01	9.901E-01	84.900	73	73	73
Q8VL12_Q75_lddt	Q7BQ67_Q75_lddt	1.003E+00	9.898E-01	9.898E-01	79.400	73	73	73
Q8VL12_Q75_lddt	Q4GY15_Q75_lddt	1.003E+00	9.898E-01	9.898E-01	79.400	73	73	73
Q8VL12_Q75_lddt	P0AG05_Q75_lddt	1.003E+00	9.893E-01	9.893E-01	84.900	73	73	73
Q8VL12_Q75_lddt	Q5DUB9_Q75_lddt	1.003E+00	9.893E-01	9.893E-01	64.300	73	73	73
Q8VL12_Q75_lddt	Q8GL59_Q75_lddt	1.003E+00	9.892E-01	9.892E-01	79.400	73	73	73
Q8VL12_Q75_lddt	O70042_Q75_lddt	1.003E+00	9.891E-01	9.891E-01	79.400	73	73	73
Q8VL12_Q75_lddt	AF-A0A547E8L3-F1-model_v4_Q75_lddt	1.002E+00	9.888E-01	9.888E-01	79.400	73	73	73
Q8VL12_Q75_lddt	Q9RGC2_Q75_lddt	1.010E+00	9.965E-01	9.700E-01	89.000	73	73	75
Q8VL12_Q75_lddt	Q8GKX3_Q75_lddt	1.010E+00	9.964E-01	9.699E-01	87.600	73	73	75
Q8VL12_Q75_lddt	Q9R3A9_Q75_lddt	1.001E+00	9.872E-01	9.872E-01	71.200	73	73	73
Q8VL12_Q75_lddt	B3V3X6_Q75_lddt	1.009E+00	9.954E-01	9.690E-01	91.700	73	73	75
Q8VL12_Q75_lddt	Q8G8F9_Q75_lddt	9.996E-01	9.861E-01	9.861E-01	69.800	73	73	73
Q8VL12_Q75_lddt	Q0ZKF0_Q75_lddt	9.947E-01	9.814E-01	9.814E-01	72.600	73	73	73
Q8VL12_Q75_lddt	A0A1C7ZQH8_Q75_lddt	9.795E-01	9.665E-01	9.665E-01	54.700	73	73	73
Q8VL12_Q75_lddt	P0A0D2_Q75_lddt	9.858E-01	9.596E-01	9.725E-01	38.300	73	73	72
Q8VL12_Q75_lddt	AF-N8VSH4-F1-model_v4_Q75_lddt	9.776E-01	9.646E-01	9.646E-01	53.400	73	73	73
Q8VL12_Q75_lddt	A0A5C2PME2_Q75_lddt	9.777E-01	9.519E-01	9.646E-01	39.700	73	73	72
Q8VL12_Q75_lddt	Q07448_Q75_lddt	9.756E-01	9.498E-01	9.625E-01	35.600	73	73	72
Q8VL12_Q75_lddt	N8W714_Q75_lddt	9.672E-01	9.545E-01	9.545E-01	54.700	73	73	73
Q8VL12_Q75_lddt	ANT9-Ic_Q75_lddt	9.745E-01	9.488E-01	9.615E-01	39.700	73	73	72
Q8VL12_Q75_lddt	AF-W1JB67-F1-model_v6_Q75_lddt	9.661E-01	9.409E-01	9.534E-01	34.200	73	73	72
