P94968_conserved	P94968_conserved	1.013E+00	1.000E+00	1.000E+00	100.000	76	76	76
P94968_conserved	Q49157_conserved	1.010E+00	9.839E-01	9.839E-01	97.300	76	75	76
P94968_conserved	Q9CD24_conserved	1.009E+00	9.827E-01	9.827E-01	89.300	76	75	76
P94968_conserved	P9WQG9_conserved	1.000E+00	9.743E-01	9.743E-01	90.600	76	75	76
P94968_conserved	Q52424_conserved	9.567E-01	9.085E-01	9.441E-01	66.600	76	75	73
P9WQG9_conserved	P9WQG9_conserved	1.013E+00	1.000E+00	1.000E+00	100.000	76	76	76
P9WQG9_conserved	Q9CD24_conserved	9.975E-01	9.845E-01	9.845E-01	96.000	76	76	76
P9WQG9_conserved	P94968_conserved	1.000E+00	9.743E-01	9.743E-01	90.600	76	75	76
P9WQG9_conserved	Q49157_conserved	1.000E+00	9.742E-01	9.742E-01	90.600	76	75	76
P9WQG9_conserved	Q52424_conserved	9.620E-01	9.016E-01	9.369E-01	62.500	76	72	73
Q49157_conserved	Q49157_conserved	1.013E+00	1.000E+00	1.000E+00	100.000	76	76	76
Q49157_conserved	P94968_conserved	1.010E+00	9.839E-01	9.839E-01	97.300	76	75	76
Q49157_conserved	Q9CD24_conserved	1.010E+00	9.837E-01	9.837E-01	89.300	76	75	76
Q49157_conserved	P9WQG9_conserved	1.000E+00	9.742E-01	9.742E-01	90.600	76	75	76
Q49157_conserved	Q52424_conserved	9.599E-01	9.114E-01	9.473E-01	69.300	76	75	73
Q52424_conserved	Q52424_conserved	1.014E+00	1.000E+00	1.000E+00	100.000	73	73	73
Q52424_conserved	Q9CD24_conserved	9.609E-01	9.483E-01	9.123E-01	58.600	73	75	76
Q52424_conserved	Q49157_conserved	9.599E-01	9.473E-01	9.114E-01	69.300	73	75	76
Q52424_conserved	P94968_conserved	9.567E-01	9.441E-01	9.085E-01	66.600	73	75	76
Q52424_conserved	P9WQG9_conserved	9.620E-01	9.369E-01	9.016E-01	62.500	73	72	76
Q9CD24_conserved	Q9CD24_conserved	1.013E+00	1.000E+00	1.000E+00	100.000	76	76	76
Q9CD24_conserved	Q49157_conserved	1.010E+00	9.837E-01	9.837E-01	89.300	76	75	76
Q9CD24_conserved	P94968_conserved	1.009E+00	9.827E-01	9.827E-01	89.300	76	75	76
Q9CD24_conserved	P9WQG9_conserved	9.975E-01	9.845E-01	9.845E-01	96.000	76	76	76
Q9CD24_conserved	Q52424_conserved	9.609E-01	9.123E-01	9.483E-01	58.600	76	75	73
