P94968_Q50_lddt	P94968_Q50_lddt	1.010E+00	1.000E+00	1.000E+00	100.000	99	99	99
P94968_Q50_lddt	Q9CD24_Q50_lddt	1.008E+00	9.062E-01	9.965E-01	69.200	99	91	90
P94968_Q50_lddt	P9WQG9_Q50_lddt	1.003E+00	9.025E-01	9.920E-01	68.100	99	91	90
P94968_Q50_lddt	Q49157_Q50_lddt	1.009E+00	9.176E-01	9.176E-01	81.300	99	91	99
P94968_Q50_lddt	Q52424_Q50_lddt	9.865E-01	8.694E-01	9.755E-01	40.600	99	91	88
P9WQG9_Q50_lddt	P9WQG9_Q50_lddt	1.011E+00	1.000E+00	1.000E+00	100.000	90	90	90
P9WQG9_Q50_lddt	Q9CD24_Q50_lddt	1.004E+00	9.928E-01	9.928E-01	83.300	90	90	90
P9WQG9_Q50_lddt	Q52424_Q50_lddt	9.800E-01	9.483E-01	9.692E-01	37.700	90	90	88
P9WQG9_Q50_lddt	P94968_Q50_lddt	1.003E+00	9.920E-01	9.025E-01	68.100	90	91	99
P9WQG9_Q50_lddt	Q49157_Q50_lddt	1.002E+00	9.906E-01	9.013E-01	72.500	90	91	99
Q49157_Q50_lddt	Q49157_Q50_lddt	1.010E+00	1.000E+00	1.000E+00	100.000	99	99	99
Q49157_Q50_lddt	Q9CD24_Q50_lddt	1.007E+00	9.056E-01	9.958E-01	71.400	99	91	90
Q49157_Q50_lddt	P9WQG9_Q50_lddt	1.002E+00	9.013E-01	9.906E-01	72.500	99	91	90
Q49157_Q50_lddt	P94968_Q50_lddt	1.009E+00	9.176E-01	9.176E-01	81.300	99	91	99
Q49157_Q50_lddt	Q52424_Q50_lddt	9.897E-01	8.719E-01	9.787E-01	39.500	99	91	88
Q52424_Q50_lddt	Q52424_Q50_lddt	1.011E+00	1.000E+00	1.000E+00	100.000	88	88	88
Q52424_Q50_lddt	Q9CD24_Q50_lddt	9.885E-01	9.775E-01	9.562E-01	37.700	88	90	90
Q52424_Q50_lddt	P9WQG9_Q50_lddt	9.800E-01	9.692E-01	9.483E-01	37.700	88	90	90
Q52424_Q50_lddt	Q49157_Q50_lddt	9.897E-01	9.787E-01	8.719E-01	39.500	88	91	99
Q52424_Q50_lddt	P94968_Q50_lddt	9.865E-01	9.755E-01	8.694E-01	40.600	88	91	99
Q9CD24_Q50_lddt	Q9CD24_Q50_lddt	1.011E+00	1.000E+00	1.000E+00	100.000	90	90	90
Q9CD24_Q50_lddt	P9WQG9_Q50_lddt	1.004E+00	9.928E-01	9.928E-01	83.300	90	90	90
Q9CD24_Q50_lddt	Q52424_Q50_lddt	9.885E-01	9.562E-01	9.775E-01	37.700	90	90	88
Q9CD24_Q50_lddt	P94968_Q50_lddt	1.008E+00	9.965E-01	9.062E-01	69.200	90	91	99
Q9CD24_Q50_lddt	Q49157_Q50_lddt	1.007E+00	9.958E-01	9.056E-01	71.400	90	91	99
