Q7WTV9_Q50_lddt	Q7WTV9_Q50_lddt	1.011E+00	1.000E+00	1.000E+00	100.000	95	95	95
Q7WTV9_Q50_lddt	H6U586_Q50_lddt	1.010E+00	9.992E-01	9.992E-01	96.800	95	95	95
Q7WTV9_Q50_lddt	K0IV17_Q50_lddt	1.008E+00	9.979E-01	9.979E-01	76.800	95	95	95
Q7WTV9_Q50_lddt	Q76FR4_Q50_lddt	1.008E+00	9.972E-01	9.972E-01	70.500	95	95	95
Q7WTV9_Q50_lddt	O68484_Q50_lddt	1.007E+00	9.968E-01	9.968E-01	78.900	95	95	95
Q7WTV9_Q50_lddt	C4TGI5_Q50_lddt	1.007E+00	9.967E-01	9.967E-01	77.800	95	95	95
Q7WTV9_Q50_lddt	P10051_Q50_lddt	1.007E+00	9.966E-01	9.966E-01	75.700	95	95	95
Q7WTV9_Q50_lddt	B6D9B6_Q50_lddt	1.007E+00	9.965E-01	9.965E-01	71.500	95	95	95
Q7WTV9_Q50_lddt	F2WU95_Q50_lddt	1.006E+00	9.958E-01	9.958E-01	71.500	95	95	95
Q7WTV9_Q50_lddt	P94629_Q50_lddt	1.006E+00	9.848E-01	9.952E-01	77.600	95	94	94
Q7WTV9_Q50_lddt	Q70E71_Q50_lddt	1.001E+00	9.796E-01	9.900E-01	55.300	95	94	94
Q7WTV9_Q50_lddt	Q70E72_Q50_lddt	1.004E+00	9.723E-01	9.931E-01	51.000	95	94	93
Q7WTV9_Q50_lddt	Q47764_Q50_lddt	1.002E+00	9.702E-01	9.909E-01	56.300	95	94	93
Q70E71_Q50_lddt	Q70E71_Q50_lddt	1.011E+00	1.000E+00	1.000E+00	100.000	94	94	94
Q70E71_Q50_lddt	Q70E72_Q50_lddt	1.008E+00	9.868E-01	9.974E-01	79.700	94	94	93
Q70E71_Q50_lddt	Q47764_Q50_lddt	1.008E+00	9.862E-01	9.968E-01	75.500	94	94	93
Q70E71_Q50_lddt	P94629_Q50_lddt	9.996E-01	9.891E-01	9.891E-01	52.100	94	94	94
Q70E71_Q50_lddt	P10051_Q50_lddt	1.003E+00	9.921E-01	9.818E-01	54.200	94	94	95
Q70E71_Q50_lddt	K0IV17_Q50_lddt	1.002E+00	9.911E-01	9.808E-01	53.100	94	94	95
Q70E71_Q50_lddt	Q76FR4_Q50_lddt	1.001E+00	9.904E-01	9.801E-01	51.000	94	94	95
Q70E71_Q50_lddt	B6D9B6_Q50_lddt	1.001E+00	9.900E-01	9.797E-01	51.000	94	94	95
Q70E71_Q50_lddt	Q7WTV9_Q50_lddt	1.001E+00	9.900E-01	9.796E-01	55.300	94	94	95
Q70E71_Q50_lddt	C4TGI5_Q50_lddt	1.001E+00	9.900E-01	9.797E-01	54.200	94	94	95
Q70E71_Q50_lddt	F2WU95_Q50_lddt	1.000E+00	9.899E-01	9.795E-01	51.000	94	94	95
Q70E71_Q50_lddt	H6U586_Q50_lddt	9.998E-01	9.893E-01	9.790E-01	58.500	94	94	95
Q70E71_Q50_lddt	O68484_Q50_lddt	9.993E-01	9.888E-01	9.784E-01	53.100	94	94	95
Q76FR4_Q50_lddt	Q76FR4_Q50_lddt	1.011E+00	1.000E+00	1.000E+00	100.000	95	95	95
Q76FR4_Q50_lddt	B6D9B6_Q50_lddt	1.008E+00	9.978E-01	9.978E-01	85.200	95	95	95
Q76FR4_Q50_lddt	Q7WTV9_Q50_lddt	1.008E+00	9.972E-01	9.972E-01	70.500	95	95	95
Q76FR4_Q50_lddt	H6U586_Q50_lddt	1.008E+00	9.970E-01	9.970E-01	71.500	95	95	95
Q76FR4_Q50_lddt	C4TGI5_Q50_lddt	1.007E+00	9.965E-01	9.965E-01	68.400	95	95	95
Q76FR4_Q50_lddt	K0IV17_Q50_lddt	1.007E+00	9.965E-01	9.965E-01	65.200	95	95	95
Q76FR4_Q50_lddt	O68484_Q50_lddt	1.007E+00	9.960E-01	9.960E-01	68.400	95	95	95
Q76FR4_Q50_lddt	P10051_Q50_lddt	1.006E+00	9.955E-01	9.955E-01	69.400	95	95	95
Q76FR4_Q50_lddt	F2WU95_Q50_lddt	1.005E+00	9.949E-01	9.949E-01	66.300	95	95	95
Q76FR4_Q50_lddt	P94629_Q50_lddt	1.006E+00	9.852E-01	9.956E-01	69.100	95	94	94
Q76FR4_Q50_lddt	Q70E71_Q50_lddt	1.001E+00	9.801E-01	9.904E-01	51.000	95	94	94
Q76FR4_Q50_lddt	Q47764_Q50_lddt	1.002E+00	9.710E-01	9.917E-01	52.100	95	94	93
Q76FR4_Q50_lddt	Q70E72_Q50_lddt	1.002E+00	9.708E-01	9.915E-01	48.900	95	94	93
B6D9B6_Q50_lddt	B6D9B6_Q50_lddt	1.011E+00	1.000E+00	1.000E+00	100.000	95	95	95
B6D9B6_Q50_lddt	Q76FR4_Q50_lddt	1.008E+00	9.978E-01	9.978E-01	85.200	95	95	95
B6D9B6_Q50_lddt	Q7WTV9_Q50_lddt	1.007E+00	9.965E-01	9.965E-01	71.500	95	95	95
B6D9B6_Q50_lddt	P10051_Q50_lddt	1.007E+00	9.960E-01	9.960E-01	69.400	95	95	95
B6D9B6_Q50_lddt	H6U586_Q50_lddt	1.006E+00	9.958E-01	9.958E-01	71.500	95	95	95
B6D9B6_Q50_lddt	K0IV17_Q50_lddt	1.006E+00	9.958E-01	9.958E-01	63.100	95	95	95
B6D9B6_Q50_lddt	C4TGI5_Q50_lddt	1.006E+00	9.954E-01	9.954E-01	70.500	95	95	95
B6D9B6_Q50_lddt	O68484_Q50_lddt	1.005E+00	9.943E-01	9.943E-01	71.500	95	95	95
B6D9B6_Q50_lddt	F2WU95_Q50_lddt	1.004E+00	9.937E-01	9.937E-01	66.300	95	95	95
B6D9B6_Q50_lddt	P94629_Q50_lddt	1.007E+00	9.858E-01	9.962E-01	70.200	95	94	94
B6D9B6_Q50_lddt	Q70E71_Q50_lddt	1.001E+00	9.797E-01	9.900E-01	51.000	95	94	94
B6D9B6_Q50_lddt	Q70E72_Q50_lddt	1.002E+00	9.706E-01	9.913E-01	46.800	95	94	93
B6D9B6_Q50_lddt	Q47764_Q50_lddt	1.000E+00	9.690E-01	9.896E-01	51.000	95	94	93
C4TGI5_Q50_lddt	C4TGI5_Q50_lddt	1.011E+00	1.000E+00	1.000E+00	100.000	95	95	95
C4TGI5_Q50_lddt	O68484_Q50_lddt	1.009E+00	9.987E-01	9.987E-01	88.400	95	95	95
C4TGI5_Q50_lddt	F2WU95_Q50_lddt	1.008E+00	9.977E-01	9.977E-01	74.700	95	95	95
C4TGI5_Q50_lddt	K0IV17_Q50_lddt	1.008E+00	9.976E-01	9.976E-01	78.900	95	95	95
C4TGI5_Q50_lddt	P10051_Q50_lddt	1.007E+00	9.969E-01	9.969E-01	78.900	95	95	95
C4TGI5_Q50_lddt	Q7WTV9_Q50_lddt	1.007E+00	9.967E-01	9.967E-01	77.800	95	95	95
C4TGI5_Q50_lddt	Q76FR4_Q50_lddt	1.007E+00	9.965E-01	9.965E-01	68.400	95	95	95
C4TGI5_Q50_lddt	H6U586_Q50_lddt	1.007E+00	9.962E-01	9.962E-01	77.800	95	95	95
C4TGI5_Q50_lddt	B6D9B6_Q50_lddt	1.006E+00	9.954E-01	9.954E-01	70.500	95	95	95
C4TGI5_Q50_lddt	P94629_Q50_lddt	1.009E+00	9.879E-01	9.984E-01	94.600	95	94	94
C4TGI5_Q50_lddt	Q70E71_Q50_lddt	1.001E+00	9.797E-01	9.900E-01	54.200	95	94	94
C4TGI5_Q50_lddt	Q47764_Q50_lddt	1.002E+00	9.710E-01	9.917E-01	53.100	95	94	93
C4TGI5_Q50_lddt	Q70E72_Q50_lddt	1.002E+00	9.707E-01	9.914E-01	48.900	95	94	93
F2WU95_Q50_lddt	F2WU95_Q50_lddt	1.011E+00	1.000E+00	1.000E+00	100.000	95	95	95
F2WU95_Q50_lddt	C4TGI5_Q50_lddt	1.008E+00	9.977E-01	9.977E-01	74.700	95	95	95
F2WU95_Q50_lddt	K0IV17_Q50_lddt	1.008E+00	9.974E-01	9.974E-01	72.600	95	95	95
F2WU95_Q50_lddt	P10051_Q50_lddt	1.007E+00	9.968E-01	9.968E-01	70.500	95	95	95
F2WU95_Q50_lddt	O68484_Q50_lddt	1.007E+00	9.967E-01	9.967E-01	71.500	95	95	95
F2WU95_Q50_lddt	Q7WTV9_Q50_lddt	1.006E+00	9.958E-01	9.958E-01	71.500	95	95	95
F2WU95_Q50_lddt	Q76FR4_Q50_lddt	1.005E+00	9.949E-01	9.949E-01	66.300	95	95	95
F2WU95_Q50_lddt	H6U586_Q50_lddt	1.005E+00	9.949E-01	9.949E-01	72.600	95	95	95
F2WU95_Q50_lddt	B6D9B6_Q50_lddt	1.004E+00	9.937E-01	9.937E-01	66.300	95	95	95
F2WU95_Q50_lddt	P94629_Q50_lddt	1.007E+00	9.859E-01	9.964E-01	74.400	95	94	94
F2WU95_Q50_lddt	Q70E71_Q50_lddt	1.000E+00	9.795E-01	9.899E-01	51.000	95	94	94
F2WU95_Q50_lddt	Q47764_Q50_lddt	1.002E+00	9.711E-01	9.918E-01	52.100	95	94	93
F2WU95_Q50_lddt	Q70E72_Q50_lddt	1.002E+00	9.707E-01	9.914E-01	46.800	95	94	93
H6U586_Q50_lddt	H6U586_Q50_lddt	1.011E+00	1.000E+00	1.000E+00	100.000	95	95	95
H6U586_Q50_lddt	Q7WTV9_Q50_lddt	1.010E+00	9.992E-01	9.992E-01	96.800	95	95	95
H6U586_Q50_lddt	Q76FR4_Q50_lddt	1.008E+00	9.970E-01	9.970E-01	71.500	95	95	95
H6U586_Q50_lddt	K0IV17_Q50_lddt	1.007E+00	9.968E-01	9.968E-01	76.800	95	95	95
H6U586_Q50_lddt	O68484_Q50_lddt	1.007E+00	9.965E-01	9.965E-01	78.900	95	95	95
H6U586_Q50_lddt	C4TGI5_Q50_lddt	1.007E+00	9.962E-01	9.962E-01	77.800	95	95	95
H6U586_Q50_lddt	B6D9B6_Q50_lddt	1.006E+00	9.958E-01	9.958E-01	71.500	95	95	95
H6U586_Q50_lddt	P10051_Q50_lddt	1.006E+00	9.955E-01	9.955E-01	75.700	95	95	95
H6U586_Q50_lddt	F2WU95_Q50_lddt	1.005E+00	9.949E-01	9.949E-01	72.600	95	95	95
H6U586_Q50_lddt	P94629_Q50_lddt	1.005E+00	9.838E-01	9.942E-01	77.600	95	94	94
H6U586_Q50_lddt	Q70E71_Q50_lddt	9.998E-01	9.790E-01	9.893E-01	58.500	95	94	94
H6U586_Q50_lddt	Q70E72_Q50_lddt	1.003E+00	9.713E-01	9.920E-01	52.100	95	94	93
H6U586_Q50_lddt	Q47764_Q50_lddt	1.001E+00	9.698E-01	9.905E-01	56.300	95	94	93
K0IV17_Q50_lddt	K0IV17_Q50_lddt	1.011E+00	1.000E+00	1.000E+00	100.000	95	95	95
K0IV17_Q50_lddt	Q7WTV9_Q50_lddt	1.008E+00	9.979E-01	9.979E-01	76.800	95	95	95
K0IV17_Q50_lddt	C4TGI5_Q50_lddt	1.008E+00	9.976E-01	9.976E-01	78.900	95	95	95
K0IV17_Q50_lddt	F2WU95_Q50_lddt	1.008E+00	9.974E-01	9.974E-01	72.600	95	95	95
K0IV17_Q50_lddt	P10051_Q50_lddt	1.008E+00	9.973E-01	9.973E-01	81.000	95	95	95
K0IV17_Q50_lddt	O68484_Q50_lddt	1.008E+00	9.969E-01	9.969E-01	77.800	95	95	95
K0IV17_Q50_lddt	H6U586_Q50_lddt	1.007E+00	9.968E-01	9.968E-01	76.800	95	95	95
K0IV17_Q50_lddt	Q76FR4_Q50_lddt	1.007E+00	9.965E-01	9.965E-01	65.200	95	95	95
K0IV17_Q50_lddt	B6D9B6_Q50_lddt	1.006E+00	9.958E-01	9.958E-01	63.100	95	95	95
K0IV17_Q50_lddt	P94629_Q50_lddt	1.007E+00	9.860E-01	9.964E-01	78.700	95	94	94
K0IV17_Q50_lddt	Q70E71_Q50_lddt	1.002E+00	9.808E-01	9.911E-01	53.100	95	94	94
K0IV17_Q50_lddt	Q70E72_Q50_lddt	1.004E+00	9.729E-01	9.937E-01	51.000	95	94	93
K0IV17_Q50_lddt	Q47764_Q50_lddt	1.003E+00	9.711E-01	9.918E-01	55.300	95	94	93
O68484_Q50_lddt	O68484_Q50_lddt	1.011E+00	1.000E+00	1.000E+00	100.000	95	95	95
O68484_Q50_lddt	C4TGI5_Q50_lddt	1.009E+00	9.987E-01	9.987E-01	88.400	95	95	95
O68484_Q50_lddt	K0IV17_Q50_lddt	1.008E+00	9.969E-01	9.969E-01	77.800	95	95	95
O68484_Q50_lddt	Q7WTV9_Q50_lddt	1.007E+00	9.968E-01	9.968E-01	78.900	95	95	95
O68484_Q50_lddt	F2WU95_Q50_lddt	1.007E+00	9.967E-01	9.967E-01	71.500	95	95	95
O68484_Q50_lddt	H6U586_Q50_lddt	1.007E+00	9.965E-01	9.965E-01	78.900	95	95	95
O68484_Q50_lddt	Q76FR4_Q50_lddt	1.007E+00	9.960E-01	9.960E-01	68.400	95	95	95
O68484_Q50_lddt	P10051_Q50_lddt	1.006E+00	9.954E-01	9.954E-01	78.900	95	95	95
O68484_Q50_lddt	B6D9B6_Q50_lddt	1.005E+00	9.943E-01	9.943E-01	71.500	95	95	95
O68484_Q50_lddt	P94629_Q50_lddt	1.007E+00	9.861E-01	9.966E-01	89.300	95	94	94
O68484_Q50_lddt	Q70E71_Q50_lddt	9.993E-01	9.784E-01	9.888E-01	53.100	95	94	94
O68484_Q50_lddt	Q47764_Q50_lddt	1.001E+00	9.695E-01	9.902E-01	54.200	95	94	93
O68484_Q50_lddt	Q70E72_Q50_lddt	1.001E+00	9.694E-01	9.901E-01	47.800	95	94	93
P10051_Q50_lddt	P10051_Q50_lddt	1.011E+00	1.000E+00	1.000E+00	100.000	95	95	95
P10051_Q50_lddt	K0IV17_Q50_lddt	1.008E+00	9.973E-01	9.973E-01	81.000	95	95	95
P10051_Q50_lddt	C4TGI5_Q50_lddt	1.007E+00	9.969E-01	9.969E-01	78.900	95	95	95
P10051_Q50_lddt	F2WU95_Q50_lddt	1.007E+00	9.968E-01	9.968E-01	70.500	95	95	95
P10051_Q50_lddt	Q7WTV9_Q50_lddt	1.007E+00	9.966E-01	9.966E-01	75.700	95	95	95
P10051_Q50_lddt	B6D9B6_Q50_lddt	1.007E+00	9.959E-01	9.959E-01	69.400	95	95	95
P10051_Q50_lddt	H6U586_Q50_lddt	1.006E+00	9.955E-01	9.955E-01	75.700	95	95	95
P10051_Q50_lddt	Q76FR4_Q50_lddt	1.006E+00	9.955E-01	9.955E-01	69.400	95	95	95
P10051_Q50_lddt	O68484_Q50_lddt	1.006E+00	9.954E-01	9.954E-01	78.900	95	95	95
P10051_Q50_lddt	P94629_Q50_lddt	1.007E+00	9.859E-01	9.964E-01	78.700	95	94	94
P10051_Q50_lddt	Q70E71_Q50_lddt	1.003E+00	9.818E-01	9.921E-01	54.200	95	94	94
P10051_Q50_lddt	Q47764_Q50_lddt	1.003E+00	9.720E-01	9.928E-01	54.200	95	94	93
P10051_Q50_lddt	Q70E72_Q50_lddt	1.003E+00	9.720E-01	9.927E-01	51.000	95	94	93
P94629_Q50_lddt	P94629_Q50_lddt	1.011E+00	1.000E+00	1.000E+00	100.000	94	94	94
P94629_Q50_lddt	C4TGI5_Q50_lddt	1.009E+00	9.984E-01	9.879E-01	94.600	94	94	95
P94629_Q50_lddt	O68484_Q50_lddt	1.007E+00	9.966E-01	9.861E-01	89.300	94	94	95
P94629_Q50_lddt	K0IV17_Q50_lddt	1.007E+00	9.964E-01	9.860E-01	78.700	94	94	95
P94629_Q50_lddt	P10051_Q50_lddt	1.007E+00	9.964E-01	9.859E-01	78.700	94	94	95
P94629_Q50_lddt	F2WU95_Q50_lddt	1.007E+00	9.964E-01	9.859E-01	74.400	94	94	95
P94629_Q50_lddt	B6D9B6_Q50_lddt	1.007E+00	9.962E-01	9.858E-01	70.200	94	94	95
P94629_Q50_lddt	Q76FR4_Q50_lddt	1.006E+00	9.956E-01	9.852E-01	69.100	94	94	95
P94629_Q50_lddt	Q7WTV9_Q50_lddt	1.006E+00	9.952E-01	9.848E-01	77.600	94	94	95
P94629_Q50_lddt	H6U586_Q50_lddt	1.005E+00	9.942E-01	9.838E-01	77.600	94	94	95
P94629_Q50_lddt	Q70E71_Q50_lddt	9.996E-01	9.891E-01	9.891E-01	52.100	94	94	94
P94629_Q50_lddt	Q70E72_Q50_lddt	1.001E+00	9.797E-01	9.901E-01	46.800	94	94	93
P94629_Q50_lddt	Q47764_Q50_lddt	1.000E+00	9.791E-01	9.895E-01	52.100	94	94	93
Q47764_Q50_lddt	Q47764_Q50_lddt	1.011E+00	1.000E+00	1.000E+00	100.000	93	93	93
Q47764_Q50_lddt	Q70E72_Q50_lddt	1.006E+00	9.949E-01	9.949E-01	72.000	93	93	93
Q47764_Q50_lddt	Q70E71_Q50_lddt	1.008E+00	9.968E-01	9.862E-01	75.500	93	94	94
Q47764_Q50_lddt	P94629_Q50_lddt	1.000E+00	9.895E-01	9.791E-01	52.100	93	94	94
Q47764_Q50_lddt	P10051_Q50_lddt	1.003E+00	9.928E-01	9.720E-01	54.200	93	94	95
Q47764_Q50_lddt	K0IV17_Q50_lddt	1.003E+00	9.918E-01	9.711E-01	55.300	93	94	95
Q47764_Q50_lddt	F2WU95_Q50_lddt	1.002E+00	9.918E-01	9.711E-01	52.100	93	94	95
Q47764_Q50_lddt	C4TGI5_Q50_lddt	1.002E+00	9.917E-01	9.710E-01	53.100	93	94	95
Q47764_Q50_lddt	Q76FR4_Q50_lddt	1.002E+00	9.917E-01	9.710E-01	52.100	93	94	95
Q47764_Q50_lddt	Q7WTV9_Q50_lddt	1.002E+00	9.909E-01	9.702E-01	56.300	93	94	95
Q47764_Q50_lddt	H6U586_Q50_lddt	1.001E+00	9.905E-01	9.698E-01	56.300	93	94	95
Q47764_Q50_lddt	O68484_Q50_lddt	1.001E+00	9.902E-01	9.695E-01	54.200	93	94	95
Q47764_Q50_lddt	B6D9B6_Q50_lddt	1.000E+00	9.896E-01	9.690E-01	51.000	93	94	95
Q70E72_Q50_lddt	Q70E72_Q50_lddt	1.011E+00	1.000E+00	1.000E+00	100.000	93	93	93
Q70E72_Q50_lddt	Q47764_Q50_lddt	1.006E+00	9.949E-01	9.949E-01	72.000	93	93	93
Q70E72_Q50_lddt	Q70E71_Q50_lddt	1.008E+00	9.974E-01	9.868E-01	79.700	93	94	94
Q70E72_Q50_lddt	K0IV17_Q50_lddt	1.004E+00	9.937E-01	9.729E-01	51.000	93	94	95
Q70E72_Q50_lddt	P94629_Q50_lddt	1.001E+00	9.901E-01	9.797E-01	46.800	93	94	94
Q70E72_Q50_lddt	Q7WTV9_Q50_lddt	1.004E+00	9.931E-01	9.723E-01	51.000	93	94	95
Q70E72_Q50_lddt	P10051_Q50_lddt	1.003E+00	9.927E-01	9.720E-01	51.000	93	94	95
Q70E72_Q50_lddt	H6U586_Q50_lddt	1.003E+00	9.920E-01	9.713E-01	52.100	93	94	95
Q70E72_Q50_lddt	Q76FR4_Q50_lddt	1.002E+00	9.915E-01	9.708E-01	48.900	93	94	95
Q70E72_Q50_lddt	F2WU95_Q50_lddt	1.002E+00	9.914E-01	9.707E-01	46.800	93	94	95
Q70E72_Q50_lddt	C4TGI5_Q50_lddt	1.002E+00	9.914E-01	9.707E-01	48.900	93	94	95
Q70E72_Q50_lddt	B6D9B6_Q50_lddt	1.002E+00	9.913E-01	9.706E-01	46.800	93	94	95
Q70E72_Q50_lddt	O68484_Q50_lddt	1.001E+00	9.901E-01	9.694E-01	47.800	93	94	95
