A0JE50_Q50_lddt	A0JE50_Q50_lddt.pdb	1.007E+00	1.000E+00	1.000E+00	100.000	146	146	146
A0JE50_Q50_lddt	P18150_Q50_lddt.pdb	9.836E-01	9.770E-01	9.770E-01	54.700	146	146	146
A0JE50_Q50_lddt	Q0ZNJ3_Q50_lddt.pdb	9.700E-01	9.635E-01	9.571E-01	55.000	146	149	147
A0JE50_Q50_lddt	Q53558_Q50_lddt.pdb	9.454E-01	9.329E-01	9.391E-01	43.200	146	148	145
A0JE50_Q50_lddt	P00555_Q50_lddt.pdb	9.349E-01	9.226E-01	9.287E-01	47.900	146	148	145
A0JE50_Q50_lddt	Q51418_Q50_lddt.pdb	9.466E-01	9.027E-01	9.401E-01	36.700	146	147	140
A0JE50_Q50_lddt	Q9F9M5_Q50_lddt.pdb	9.337E-01	9.216E-01	9.275E-01	44.200	146	147	145
A0JE50_Q50_lddt	AF-Q8GRG4-F1-model_v6_Q50_lddt.pdb	9.342E-01	8.972E-01	9.278E-01	33.700	146	148	141
A0JE50_Q50_lddt	P13250_Q50_lddt.pdb	9.248E-01	8.947E-01	9.186E-01	45.900	146	148	142
A0JE50_Q50_lddt	E5LCR3_Q50_lddt.pdb	9.227E-01	8.865E-01	9.164E-01	38.500	146	148	141
A0JE50_Q50_lddt	P00553_Q50_lddt.pdb	9.170E-01	8.872E-01	9.109E-01	35.100	146	148	142
A0JE50_Q50_lddt	Q6MXT4_Q50_lddt.pdb	9.148E-01	8.733E-01	9.086E-01	32.400	146	148	140
A0JE50_Q50_lddt	P14509_Q50_lddt.pdb	8.988E-01	8.582E-01	8.928E-01	31.700	146	148	140
A0JE50_Q50_lddt	P00552_Q50_lddt.pdb	8.961E-01	8.617E-01	8.902E-01	37.800	146	148	141
A0JE50_Q50_lddt	N8ZRE3_Q50_lddt.pdb	8.779E-01	8.444E-01	8.664E-01	23.400	146	149	142
A0JE50_Q50_lddt	P14508_Q50_lddt.pdb	8.764E-01	8.321E-01	8.649E-01	21.600	146	148	140
A0JE50_Q50_lddt	P09885_Q50_lddt.pdb	8.696E-01	8.367E-01	8.583E-01	25.500	146	149	142
A0JE50_Q50_lddt	AF-A0A416RJZ9-F1-model_v4_Q50_lddt.pdb	8.708E-01	8.324E-01	8.595E-01	25.600	146	148	141
A0JE50_Q50_lddt	S3N4B0_Q50_lddt.pdb	8.658E-01	8.332E-01	8.546E-01	26.800	146	149	142
A0JE50_Q50_lddt	Q4A4J8_Q50_lddt.pdb	8.656E-01	8.330E-01	8.545E-01	24.100	146	149	142
AF-A0A416RJZ9-F1-model_v4_Q50_lddt	AF-A0A416RJZ9-F1-model_v4_Q50_lddt.pdb	1.007E+00	1.000E+00	1.000E+00	100.000	141	141	141
AF-A0A416RJZ9-F1-model_v4_Q50_lddt	P14508_Q50_lddt.pdb	9.904E-01	9.765E-01	9.834E-01	53.900	141	141	140
AF-A0A416RJZ9-F1-model_v4_Q50_lddt	P09885_Q50_lddt.pdb	9.869E-01	9.800E-01	9.732E-01	39.400	141	142	142
AF-A0A416RJZ9-F1-model_v4_Q50_lddt	Q4A4J8_Q50_lddt.pdb	9.858E-01	9.789E-01	9.721E-01	38.700	141	142	142
AF-A0A416RJZ9-F1-model_v4_Q50_lddt	S3N4B0_Q50_lddt.pdb	9.839E-01	9.770E-01	9.703E-01	40.800	141	142	142
AF-A0A416RJZ9-F1-model_v4_Q50_lddt	N8ZRE3_Q50_lddt.pdb	9.835E-01	9.766E-01	9.699E-01	42.200	141	142	142
AF-A0A416RJZ9-F1-model_v4_Q50_lddt	P00552_Q50_lddt.pdb	9.518E-01	9.388E-01	9.388E-01	37.700	141	143	141
AF-A0A416RJZ9-F1-model_v4_Q50_lddt	P00553_Q50_lddt.pdb	9.500E-01	9.370E-01	9.306E-01	43.000	141	144	142
AF-A0A416RJZ9-F1-model_v4_Q50_lddt	E5LCR3_Q50_lddt.pdb	9.435E-01	9.307E-01	9.307E-01	34.200	141	143	141
AF-A0A416RJZ9-F1-model_v4_Q50_lddt	Q9F9M5_Q50_lddt.pdb	9.482E-01	9.353E-01	9.104E-01	33.500	141	146	145
AF-A0A416RJZ9-F1-model_v4_Q50_lddt	P00555_Q50_lddt.pdb	9.480E-01	9.350E-01	9.101E-01	37.600	141	146	145
AF-A0A416RJZ9-F1-model_v4_Q50_lddt	P13250_Q50_lddt.pdb	9.391E-01	9.263E-01	9.200E-01	34.400	141	145	142
AF-A0A416RJZ9-F1-model_v4_Q50_lddt	AF-Q8GRG4-F1-model_v6_Q50_lddt.pdb	9.369E-01	9.242E-01	9.242E-01	35.600	141	143	141
AF-A0A416RJZ9-F1-model_v4_Q50_lddt	Q51418_Q50_lddt.pdb	9.291E-01	9.166E-01	9.228E-01	37.000	141	143	140
AF-A0A416RJZ9-F1-model_v4_Q50_lddt	Q6MXT4_Q50_lddt.pdb	9.292E-01	9.166E-01	9.229E-01	31.600	141	142	140
AF-A0A416RJZ9-F1-model_v4_Q50_lddt	Q53558_Q50_lddt.pdb	9.406E-01	9.279E-01	9.033E-01	35.600	141	146	145
AF-A0A416RJZ9-F1-model_v4_Q50_lddt	P14509_Q50_lddt.pdb	9.096E-01	8.974E-01	9.035E-01	29.800	141	144	140
AF-A0A416RJZ9-F1-model_v4_Q50_lddt	Q0ZNJ3_Q50_lddt.pdb	9.216E-01	9.093E-01	8.743E-01	34.000	141	147	147
AF-A0A416RJZ9-F1-model_v4_Q50_lddt	P18150_Q50_lddt.pdb	9.054E-01	8.932E-01	8.643E-01	34.800	141	149	146
AF-A0A416RJZ9-F1-model_v4_Q50_lddt	A0JE50_Q50_lddt.pdb	8.708E-01	8.595E-01	8.324E-01	25.600	141	148	146
AF-Q8GRG4-F1-model_v6_Q50_lddt	AF-Q8GRG4-F1-model_v6_Q50_lddt.pdb	1.007E+00	1.000E+00	1.000E+00	100.000	141	141	141
AF-Q8GRG4-F1-model_v6_Q50_lddt	Q51418_Q50_lddt.pdb	9.962E-01	9.822E-01	9.891E-01	46.800	141	141	140
AF-Q8GRG4-F1-model_v6_Q50_lddt	E5LCR3_Q50_lddt.pdb	9.890E-01	9.821E-01	9.821E-01	48.200	141	141	141
AF-Q8GRG4-F1-model_v6_Q50_lddt	Q6MXT4_Q50_lddt.pdb	9.917E-01	9.778E-01	9.847E-01	39.000	141	141	140
AF-Q8GRG4-F1-model_v6_Q50_lddt	Q53558_Q50_lddt.pdb	9.858E-01	9.789E-01	9.522E-01	36.500	141	145	145
AF-Q8GRG4-F1-model_v6_Q50_lddt	P00553_Q50_lddt.pdb	9.776E-01	9.708E-01	9.641E-01	38.700	141	142	142
AF-Q8GRG4-F1-model_v6_Q50_lddt	P00555_Q50_lddt.pdb	9.836E-01	9.767E-01	9.501E-01	37.200	141	145	145
AF-Q8GRG4-F1-model_v6_Q50_lddt	P00552_Q50_lddt.pdb	9.751E-01	9.684E-01	9.684E-01	41.800	141	141	141
AF-Q8GRG4-F1-model_v6_Q50_lddt	Q9F9M5_Q50_lddt.pdb	9.821E-01	9.753E-01	9.488E-01	38.600	141	145	145
AF-Q8GRG4-F1-model_v6_Q50_lddt	P13250_Q50_lddt.pdb	9.701E-01	9.633E-01	9.567E-01	38.100	141	144	142
AF-Q8GRG4-F1-model_v6_Q50_lddt	P14509_Q50_lddt.pdb	9.630E-01	9.497E-01	9.563E-01	38.700	141	142	140
AF-Q8GRG4-F1-model_v6_Q50_lddt	Q0ZNJ3_Q50_lddt.pdb	9.762E-01	9.694E-01	9.306E-01	33.500	141	146	147
AF-Q8GRG4-F1-model_v6_Q50_lddt	P18150_Q50_lddt.pdb	9.578E-01	9.512E-01	9.192E-01	32.400	141	148	146
AF-Q8GRG4-F1-model_v6_Q50_lddt	AF-A0A416RJZ9-F1-model_v4_Q50_lddt.pdb	9.369E-01	9.242E-01	9.242E-01	35.600	141	143	141
AF-Q8GRG4-F1-model_v6_Q50_lddt	N8ZRE3_Q50_lddt.pdb	9.317E-01	9.254E-01	9.192E-01	32.600	141	144	142
AF-Q8GRG4-F1-model_v6_Q50_lddt	P14508_Q50_lddt.pdb	9.350E-01	9.160E-01	9.222E-01	33.500	141	143	140
AF-Q8GRG4-F1-model_v6_Q50_lddt	P09885_Q50_lddt.pdb	9.284E-01	9.221E-01	9.159E-01	32.600	141	144	142
AF-Q8GRG4-F1-model_v6_Q50_lddt	A0JE50_Q50_lddt.pdb	9.342E-01	9.278E-01	8.972E-01	33.700	141	148	146
AF-Q8GRG4-F1-model_v6_Q50_lddt	Q4A4J8_Q50_lddt.pdb	9.239E-01	9.176E-01	9.115E-01	29.800	141	144	142
AF-Q8GRG4-F1-model_v6_Q50_lddt	S3N4B0_Q50_lddt.pdb	9.219E-01	9.157E-01	9.096E-01	31.900	141	144	142
E5LCR3_Q50_lddt	E5LCR3_Q50_lddt.pdb	1.007E+00	1.000E+00	1.000E+00	100.000	141	141	141
E5LCR3_Q50_lddt	P00552_Q50_lddt.pdb	9.916E-01	9.847E-01	9.847E-01	57.400	141	141	141
E5LCR3_Q50_lddt	AF-Q8GRG4-F1-model_v6_Q50_lddt.pdb	9.890E-01	9.821E-01	9.821E-01	48.200	141	141	141
E5LCR3_Q50_lddt	Q51418_Q50_lddt.pdb	9.905E-01	9.767E-01	9.835E-01	58.800	141	141	140
E5LCR3_Q50_lddt	P00553_Q50_lddt.pdb	9.873E-01	9.805E-01	9.737E-01	44.300	141	142	142
E5LCR3_Q50_lddt	Q9F9M5_Q50_lddt.pdb	9.814E-01	9.746E-01	9.481E-01	45.500	141	145	145
E5LCR3_Q50_lddt	P00555_Q50_lddt.pdb	9.784E-01	9.716E-01	9.452E-01	44.800	141	145	145
E5LCR3_Q50_lddt	P13250_Q50_lddt.pdb	9.661E-01	9.594E-01	9.528E-01	44.400	141	144	142
E5LCR3_Q50_lddt	Q6MXT4_Q50_lddt.pdb	9.697E-01	9.564E-01	9.630E-01	46.000	141	141	140
E5LCR3_Q50_lddt	Q53558_Q50_lddt.pdb	9.735E-01	9.668E-01	9.407E-01	46.200	141	145	145
E5LCR3_Q50_lddt	Q0ZNJ3_Q50_lddt.pdb	9.709E-01	9.642E-01	9.258E-01	38.300	141	146	147
E5LCR3_Q50_lddt	P14509_Q50_lddt.pdb	9.481E-01	9.351E-01	9.416E-01	44.300	141	142	140
E5LCR3_Q50_lddt	P18150_Q50_lddt.pdb	9.491E-01	9.426E-01	9.111E-01	42.500	141	148	146
E5LCR3_Q50_lddt	N8ZRE3_Q50_lddt.pdb	9.406E-01	9.342E-01	9.278E-01	29.800	141	144	142
E5LCR3_Q50_lddt	AF-A0A416RJZ9-F1-model_v4_Q50_lddt.pdb	9.435E-01	9.307E-01	9.307E-01	34.200	141	143	141
E5LCR3_Q50_lddt	P14508_Q50_lddt.pdb	9.451E-01	9.257E-01	9.321E-01	32.800	141	143	140
E5LCR3_Q50_lddt	P09885_Q50_lddt.pdb	9.315E-01	9.252E-01	9.190E-01	28.400	141	144	142
E5LCR3_Q50_lddt	Q4A4J8_Q50_lddt.pdb	9.268E-01	9.205E-01	9.144E-01	28.400	141	144	142
E5LCR3_Q50_lddt	S3N4B0_Q50_lddt.pdb	9.258E-01	9.196E-01	9.134E-01	34.000	141	144	142
E5LCR3_Q50_lddt	A0JE50_Q50_lddt.pdb	9.227E-01	9.164E-01	8.865E-01	38.500	141	148	146
N8ZRE3_Q50_lddt	N8ZRE3_Q50_lddt.pdb	1.007E+00	1.000E+00	1.000E+00	100.000	142	142	142
N8ZRE3_Q50_lddt	P09885_Q50_lddt.pdb	9.979E-01	9.909E-01	9.909E-01	59.100	142	142	142
N8ZRE3_Q50_lddt	S3N4B0_Q50_lddt.pdb	9.968E-01	9.899E-01	9.899E-01	56.300	142	142	142
N8ZRE3_Q50_lddt	Q4A4J8_Q50_lddt.pdb	9.933E-01	9.864E-01	9.864E-01	56.300	142	142	142
N8ZRE3_Q50_lddt	P14508_Q50_lddt.pdb	9.860E-01	9.656E-01	9.791E-01	41.500	142	142	140
N8ZRE3_Q50_lddt	AF-A0A416RJZ9-F1-model_v4_Q50_lddt.pdb	9.835E-01	9.699E-01	9.766E-01	42.200	142	142	141
N8ZRE3_Q50_lddt	P00552_Q50_lddt.pdb	9.505E-01	9.375E-01	9.440E-01	31.200	142	144	141
N8ZRE3_Q50_lddt	P00553_Q50_lddt.pdb	9.482E-01	9.353E-01	9.353E-01	32.400	142	145	142
N8ZRE3_Q50_lddt	E5LCR3_Q50_lddt.pdb	9.406E-01	9.278E-01	9.342E-01	29.800	142	144	141
N8ZRE3_Q50_lddt	P13250_Q50_lddt.pdb	9.336E-01	9.209E-01	9.209E-01	30.100	142	146	142
N8ZRE3_Q50_lddt	Q9F9M5_Q50_lddt.pdb	9.426E-01	9.298E-01	9.112E-01	29.200	142	147	145
N8ZRE3_Q50_lddt	AF-Q8GRG4-F1-model_v6_Q50_lddt.pdb	9.317E-01	9.192E-01	9.254E-01	32.600	142	144	141
N8ZRE3_Q50_lddt	P00555_Q50_lddt.pdb	9.412E-01	9.284E-01	9.099E-01	31.900	142	147	145
N8ZRE3_Q50_lddt	Q51418_Q50_lddt.pdb	9.327E-01	9.138E-01	9.263E-01	28.400	142	144	140
N8ZRE3_Q50_lddt	Q53558_Q50_lddt.pdb	9.343E-01	9.217E-01	9.034E-01	32.600	142	147	145
N8ZRE3_Q50_lddt	Q6MXT4_Q50_lddt.pdb	9.280E-01	9.093E-01	9.217E-01	32.100	142	143	140
N8ZRE3_Q50_lddt	Q0ZNJ3_Q50_lddt.pdb	9.270E-01	9.145E-01	8.849E-01	25.600	142	148	147
N8ZRE3_Q50_lddt	P14509_Q50_lddt.pdb	9.060E-01	8.879E-01	8.999E-01	28.200	142	145	140
N8ZRE3_Q50_lddt	P18150_Q50_lddt.pdb	9.119E-01	8.997E-01	8.762E-01	28.100	142	149	146
N8ZRE3_Q50_lddt	A0JE50_Q50_lddt.pdb	8.779E-01	8.664E-01	8.444E-01	23.400	142	149	146
P00552_Q50_lddt	P00552_Q50_lddt.pdb	1.007E+00	1.000E+00	1.000E+00	100.000	141	141	141
P00552_Q50_lddt	E5LCR3_Q50_lddt.pdb	9.916E-01	9.847E-01	9.847E-01	57.400	141	141	141
P00552_Q50_lddt	P00553_Q50_lddt.pdb	9.818E-01	9.750E-01	9.683E-01	41.500	141	142	142
P00552_Q50_lddt	AF-Q8GRG4-F1-model_v6_Q50_lddt.pdb	9.751E-01	9.684E-01	9.684E-01	41.800	141	141	141
P00552_Q50_lddt	Q51418_Q50_lddt.pdb	9.708E-01	9.574E-01	9.640E-01	58.800	141	141	140
P00552_Q50_lddt	P13250_Q50_lddt.pdb	9.661E-01	9.594E-01	9.528E-01	43.000	141	144	142
P00552_Q50_lddt	Q9F9M5_Q50_lddt.pdb	9.742E-01	9.674E-01	9.413E-01	45.500	141	145	145
P00552_Q50_lddt	P00555_Q50_lddt.pdb	9.697E-01	9.630E-01	9.371E-01	44.800	141	145	145
P00552_Q50_lddt	Q6MXT4_Q50_lddt.pdb	9.598E-01	9.466E-01	9.532E-01	38.200	141	141	140
P00552_Q50_lddt	N8ZRE3_Q50_lddt.pdb	9.505E-01	9.440E-01	9.375E-01	31.200	141	144	142
P00552_Q50_lddt	Q53558_Q50_lddt.pdb	9.600E-01	9.535E-01	9.280E-01	44.100	141	145	145
P00552_Q50_lddt	AF-A0A416RJZ9-F1-model_v4_Q50_lddt.pdb	9.518E-01	9.388E-01	9.388E-01	37.700	141	143	141
P00552_Q50_lddt	P14508_Q50_lddt.pdb	9.532E-01	9.336E-01	9.400E-01	31.400	141	143	140
P00552_Q50_lddt	P09885_Q50_lddt.pdb	9.405E-01	9.341E-01	9.277E-01	27.000	141	144	142
P00552_Q50_lddt	Q0ZNJ3_Q50_lddt.pdb	9.531E-01	9.466E-01	9.095E-01	41.000	141	146	147
P00552_Q50_lddt	Q4A4J8_Q50_lddt.pdb	9.361E-01	9.297E-01	9.234E-01	25.600	141	144	142
P00552_Q50_lddt	S3N4B0_Q50_lddt.pdb	9.348E-01	9.284E-01	9.222E-01	30.500	141	144	142
P00552_Q50_lddt	P14509_Q50_lddt.pdb	9.340E-01	9.214E-01	9.276E-01	38.700	141	142	140
P00552_Q50_lddt	P18150_Q50_lddt.pdb	9.341E-01	9.277E-01	8.971E-01	45.200	141	148	146
P00552_Q50_lddt	A0JE50_Q50_lddt.pdb	8.961E-01	8.902E-01	8.617E-01	37.800	141	148	146
P00553_Q50_lddt	P00553_Q50_lddt.pdb	1.007E+00	1.000E+00	1.000E+00	100.000	142	142	142
P00553_Q50_lddt	E5LCR3_Q50_lddt.pdb	9.873E-01	9.737E-01	9.805E-01	44.300	142	142	141
P00553_Q50_lddt	P00552_Q50_lddt.pdb	9.818E-01	9.683E-01	9.750E-01	41.500	142	142	141
P00553_Q50_lddt	AF-Q8GRG4-F1-model_v6_Q50_lddt.pdb	9.776E-01	9.641E-01	9.708E-01	38.700	142	142	141
P00553_Q50_lddt	Q51418_Q50_lddt.pdb	9.754E-01	9.553E-01	9.686E-01	45.700	142	142	140
P00553_Q50_lddt	Q9F9M5_Q50_lddt.pdb	9.724E-01	9.657E-01	9.461E-01	40.600	142	145	145
P00553_Q50_lddt	P13250_Q50_lddt.pdb	9.602E-01	9.536E-01	9.536E-01	37.500	142	144	142
P00553_Q50_lddt	P00555_Q50_lddt.pdb	9.693E-01	9.626E-01	9.432E-01	41.300	142	145	145
P00553_Q50_lddt	Q53558_Q50_lddt.pdb	9.653E-01	9.587E-01	9.394E-01	38.600	142	145	145
P00553_Q50_lddt	Q6MXT4_Q50_lddt.pdb	9.603E-01	9.408E-01	9.537E-01	35.200	142	142	140
P00553_Q50_lddt	Q0ZNJ3_Q50_lddt.pdb	9.604E-01	9.539E-01	9.224E-01	31.500	142	146	147
P00553_Q50_lddt	N8ZRE3_Q50_lddt.pdb	9.482E-01	9.353E-01	9.353E-01	32.400	142	145	142
P00553_Q50_lddt	AF-A0A416RJZ9-F1-model_v4_Q50_lddt.pdb	9.500E-01	9.306E-01	9.370E-01	43.000	142	144	141
P00553_Q50_lddt	P14508_Q50_lddt.pdb	9.514E-01	9.255E-01	9.383E-01	38.100	142	144	140
P00553_Q50_lddt	P09885_Q50_lddt.pdb	9.428E-01	9.300E-01	9.300E-01	37.200	142	145	142
P00553_Q50_lddt	Q4A4J8_Q50_lddt.pdb	9.389E-01	9.262E-01	9.262E-01	37.200	142	145	142
P00553_Q50_lddt	P14509_Q50_lddt.pdb	9.417E-01	9.227E-01	9.353E-01	34.500	142	142	140
P00553_Q50_lddt	P18150_Q50_lddt.pdb	9.414E-01	9.350E-01	9.102E-01	35.100	142	148	146
P00553_Q50_lddt	S3N4B0_Q50_lddt.pdb	9.367E-01	9.241E-01	9.241E-01	32.400	142	145	142
P00553_Q50_lddt	A0JE50_Q50_lddt.pdb	9.170E-01	9.109E-01	8.872E-01	35.100	142	148	146
P14508_Q50_lddt	P14508_Q50_lddt.pdb	1.007E+00	1.000E+00	1.000E+00	100.000	140	140	140
P14508_Q50_lddt	AF-A0A416RJZ9-F1-model_v4_Q50_lddt.pdb	9.904E-01	9.834E-01	9.765E-01	53.900	140	141	141
P14508_Q50_lddt	P09885_Q50_lddt.pdb	9.860E-01	9.791E-01	9.655E-01	45.700	140	142	142
P14508_Q50_lddt	N8ZRE3_Q50_lddt.pdb	9.860E-01	9.791E-01	9.656E-01	41.500	140	142	142
P14508_Q50_lddt	Q4A4J8_Q50_lddt.pdb	9.849E-01	9.780E-01	9.644E-01	46.400	140	142	142
P14508_Q50_lddt	S3N4B0_Q50_lddt.pdb	9.843E-01	9.774E-01	9.639E-01	40.800	140	142	142
P14508_Q50_lddt	P00552_Q50_lddt.pdb	9.532E-01	9.400E-01	9.336E-01	31.400	140	143	141
P14508_Q50_lddt	P00553_Q50_lddt.pdb	9.514E-01	9.383E-01	9.255E-01	38.100	140	144	142
P14508_Q50_lddt	E5LCR3_Q50_lddt.pdb	9.451E-01	9.321E-01	9.257E-01	32.800	140	143	141
P14508_Q50_lddt	P13250_Q50_lddt.pdb	9.389E-01	9.260E-01	9.134E-01	27.500	140	145	142
P14508_Q50_lddt	P00555_Q50_lddt.pdb	9.458E-01	9.328E-01	9.018E-01	30.100	140	146	145
P14508_Q50_lddt	Q9F9M5_Q50_lddt.pdb	9.458E-01	9.328E-01	9.018E-01	29.400	140	146	145
P14508_Q50_lddt	AF-Q8GRG4-F1-model_v6_Q50_lddt.pdb	9.350E-01	9.222E-01	9.160E-01	33.500	140	143	141
P14508_Q50_lddt	Q51418_Q50_lddt.pdb	9.292E-01	9.165E-01	9.165E-01	30.000	140	143	140
P14508_Q50_lddt	Q6MXT4_Q50_lddt.pdb	9.244E-01	9.119E-01	9.119E-01	25.300	140	142	140
P14508_Q50_lddt	Q53558_Q50_lddt.pdb	9.367E-01	9.240E-01	8.935E-01	29.400	140	146	145
P14508_Q50_lddt	Q0ZNJ3_Q50_lddt.pdb	9.246E-01	9.121E-01	8.709E-01	27.200	140	147	147
P14508_Q50_lddt	P14509_Q50_lddt.pdb	9.038E-01	8.916E-01	8.916E-01	22.900	140	144	140
P14508_Q50_lddt	P18150_Q50_lddt.pdb	9.106E-01	8.983E-01	8.633E-01	25.600	140	148	146
P14508_Q50_lddt	A0JE50_Q50_lddt.pdb	8.764E-01	8.649E-01	8.321E-01	21.600	140	148	146
Q0ZNJ3_Q50_lddt	Q0ZNJ3_Q50_lddt.pdb	1.007E+00	1.000E+00	1.000E+00	100.000	147	147	147
Q0ZNJ3_Q50_lddt	P18150_Q50_lddt.pdb	9.867E-01	9.734E-01	9.800E-01	63.700	147	149	146
Q0ZNJ3_Q50_lddt	Q53558_Q50_lddt.pdb	9.819E-01	9.623E-01	9.753E-01	47.900	147	146	145
Q0ZNJ3_Q50_lddt	Q9F9M5_Q50_lddt.pdb	9.763E-01	9.569E-01	9.697E-01	46.500	147	146	145
Q0ZNJ3_Q50_lddt	A0JE50_Q50_lddt.pdb	9.700E-01	9.571E-01	9.635E-01	55.000	147	149	146
Q0ZNJ3_Q50_lddt	P00555_Q50_lddt.pdb	9.757E-01	9.563E-01	9.691E-01	50.600	147	146	145
Q0ZNJ3_Q50_lddt	Q51418_Q50_lddt.pdb	9.818E-01	9.292E-01	9.749E-01	39.000	147	146	140
Q0ZNJ3_Q50_lddt	AF-Q8GRG4-F1-model_v6_Q50_lddt.pdb	9.762E-01	9.306E-01	9.694E-01	33.500	147	146	141
Q0ZNJ3_Q50_lddt	P13250_Q50_lddt.pdb	9.717E-01	9.332E-01	9.650E-01	47.200	147	146	142
Q0ZNJ3_Q50_lddt	E5LCR3_Q50_lddt.pdb	9.709E-01	9.258E-01	9.642E-01	38.300	147	146	141
Q0ZNJ3_Q50_lddt	P00553_Q50_lddt.pdb	9.604E-01	9.224E-01	9.539E-01	31.500	147	146	142
Q0ZNJ3_Q50_lddt	Q6MXT4_Q50_lddt.pdb	9.584E-01	9.079E-01	9.518E-01	33.500	147	146	140
Q0ZNJ3_Q50_lddt	P00552_Q50_lddt.pdb	9.531E-01	9.095E-01	9.466E-01	41.000	147	146	141
Q0ZNJ3_Q50_lddt	P14509_Q50_lddt.pdb	9.410E-01	8.918E-01	9.346E-01	34.200	147	146	140
Q0ZNJ3_Q50_lddt	N8ZRE3_Q50_lddt.pdb	9.270E-01	8.849E-01	9.145E-01	25.600	147	148	142
Q0ZNJ3_Q50_lddt	P09885_Q50_lddt.pdb	9.186E-01	8.772E-01	9.064E-01	27.000	147	148	142
Q0ZNJ3_Q50_lddt	P14508_Q50_lddt.pdb	9.246E-01	8.709E-01	9.121E-01	27.200	147	147	140
Q0ZNJ3_Q50_lddt	AF-A0A416RJZ9-F1-model_v4_Q50_lddt.pdb	9.216E-01	8.743E-01	9.093E-01	34.000	147	147	141
Q0ZNJ3_Q50_lddt	Q4A4J8_Q50_lddt.pdb	9.138E-01	8.728E-01	9.017E-01	27.000	147	148	142
Q0ZNJ3_Q50_lddt	S3N4B0_Q50_lddt.pdb	9.135E-01	8.726E-01	9.014E-01	25.600	147	148	142
Q9F9M5_Q50_lddt	Q9F9M5_Q50_lddt.pdb	1.007E+00	1.000E+00	1.000E+00	100.000	145	145	145
Q9F9M5_Q50_lddt	P00555_Q50_lddt.pdb	1.000E+00	9.932E-01	9.932E-01	71.000	145	145	145
Q9F9M5_Q50_lddt	Q53558_Q50_lddt.pdb	9.950E-01	9.882E-01	9.882E-01	71.700	145	145	145
Q9F9M5_Q50_lddt	P13250_Q50_lddt.pdb	9.965E-01	9.692E-01	9.895E-01	65.500	145	145	142
Q9F9M5_Q50_lddt	AF-Q8GRG4-F1-model_v6_Q50_lddt.pdb	9.821E-01	9.488E-01	9.753E-01	38.600	145	145	141
Q9F9M5_Q50_lddt	E5LCR3_Q50_lddt.pdb	9.814E-01	9.481E-01	9.746E-01	45.500	145	145	141
Q9F9M5_Q50_lddt	Q0ZNJ3_Q50_lddt.pdb	9.763E-01	9.697E-01	9.569E-01	46.500	145	146	147
Q9F9M5_Q50_lddt	Q51418_Q50_lddt.pdb	9.806E-01	9.407E-01	9.737E-01	45.500	145	145	140
Q9F9M5_Q50_lddt	P00553_Q50_lddt.pdb	9.724E-01	9.461E-01	9.657E-01	40.600	145	145	142
Q9F9M5_Q50_lddt	P00552_Q50_lddt.pdb	9.742E-01	9.413E-01	9.674E-01	45.500	145	145	141
Q9F9M5_Q50_lddt	P18150_Q50_lddt.pdb	9.579E-01	9.514E-01	9.451E-01	46.600	145	148	146
Q9F9M5_Q50_lddt	Q6MXT4_Q50_lddt.pdb	9.660E-01	9.272E-01	9.593E-01	41.300	145	145	140
Q9F9M5_Q50_lddt	P14509_Q50_lddt.pdb	9.481E-01	9.103E-01	9.416E-01	42.000	145	145	140
Q9F9M5_Q50_lddt	AF-A0A416RJZ9-F1-model_v4_Q50_lddt.pdb	9.482E-01	9.104E-01	9.353E-01	33.500	145	146	141
Q9F9M5_Q50_lddt	N8ZRE3_Q50_lddt.pdb	9.426E-01	9.112E-01	9.298E-01	29.200	145	147	142
Q9F9M5_Q50_lddt	A0JE50_Q50_lddt.pdb	9.337E-01	9.275E-01	9.216E-01	44.200	145	147	146
Q9F9M5_Q50_lddt	P14508_Q50_lddt.pdb	9.458E-01	9.018E-01	9.328E-01	29.400	145	146	140
Q9F9M5_Q50_lddt	P09885_Q50_lddt.pdb	9.372E-01	9.061E-01	9.245E-01	27.200	145	147	142
Q9F9M5_Q50_lddt	Q4A4J8_Q50_lddt.pdb	9.334E-01	9.026E-01	9.208E-01	27.800	145	147	142
Q9F9M5_Q50_lddt	S3N4B0_Q50_lddt.pdb	9.321E-01	9.013E-01	9.195E-01	29.900	145	147	142
P18150_Q50_lddt	P18150_Q50_lddt.pdb	1.007E+00	1.000E+00	1.000E+00	100.000	146	146	146
P18150_Q50_lddt	Q0ZNJ3_Q50_lddt.pdb	9.867E-01	9.800E-01	9.734E-01	63.700	146	149	147
P18150_Q50_lddt	A0JE50_Q50_lddt.pdb	9.836E-01	9.770E-01	9.770E-01	54.700	146	146	146
P18150_Q50_lddt	Q53558_Q50_lddt.pdb	9.635E-01	9.505E-01	9.570E-01	49.300	146	148	145
P18150_Q50_lddt	P00555_Q50_lddt.pdb	9.595E-01	9.466E-01	9.530E-01	53.300	146	148	145
P18150_Q50_lddt	Q9F9M5_Q50_lddt.pdb	9.579E-01	9.451E-01	9.514E-01	46.600	146	148	145
P18150_Q50_lddt	Q51418_Q50_lddt.pdb	9.691E-01	9.232E-01	9.622E-01	42.100	146	147	140
P18150_Q50_lddt	AF-Q8GRG4-F1-model_v6_Q50_lddt.pdb	9.578E-01	9.192E-01	9.512E-01	32.400	146	148	141
P18150_Q50_lddt	P13250_Q50_lddt.pdb	9.552E-01	9.233E-01	9.486E-01	48.600	146	148	142
P18150_Q50_lddt	E5LCR3_Q50_lddt.pdb	9.491E-01	9.111E-01	9.426E-01	42.500	146	148	141
P18150_Q50_lddt	P00553_Q50_lddt.pdb	9.414E-01	9.102E-01	9.350E-01	35.100	146	148	142
P18150_Q50_lddt	Q6MXT4_Q50_lddt.pdb	9.427E-01	8.988E-01	9.361E-01	33.700	146	148	140
P18150_Q50_lddt	P00552_Q50_lddt.pdb	9.341E-01	8.971E-01	9.277E-01	45.200	146	148	141
P18150_Q50_lddt	P14509_Q50_lddt.pdb	9.211E-01	8.787E-01	9.148E-01	32.400	146	148	140
P18150_Q50_lddt	N8ZRE3_Q50_lddt.pdb	9.119E-01	8.762E-01	8.997E-01	28.100	146	149	142
P18150_Q50_lddt	P14508_Q50_lddt.pdb	9.106E-01	8.633E-01	8.983E-01	25.600	146	148	140
P18150_Q50_lddt	P09885_Q50_lddt.pdb	9.050E-01	8.697E-01	8.929E-01	26.800	146	149	142
P18150_Q50_lddt	AF-A0A416RJZ9-F1-model_v4_Q50_lddt.pdb	9.054E-01	8.643E-01	8.932E-01	34.800	146	149	141
P18150_Q50_lddt	Q4A4J8_Q50_lddt.pdb	9.005E-01	8.655E-01	8.885E-01	26.100	146	149	142
P18150_Q50_lddt	S3N4B0_Q50_lddt.pdb	8.996E-01	8.647E-01	8.877E-01	27.500	146	149	142
Q53558_Q50_lddt	Q53558_Q50_lddt.pdb	1.007E+00	1.000E+00	1.000E+00	100.000	145	145	145
Q53558_Q50_lddt	P00555_Q50_lddt.pdb	9.991E-01	9.922E-01	9.922E-01	78.600	145	145	145
Q53558_Q50_lddt	Q9F9M5_Q50_lddt.pdb	9.950E-01	9.882E-01	9.882E-01	71.700	145	145	145
Q53558_Q50_lddt	P13250_Q50_lddt.pdb	9.937E-01	9.666E-01	9.868E-01	76.500	145	145	142
Q53558_Q50_lddt	AF-Q8GRG4-F1-model_v6_Q50_lddt.pdb	9.858E-01	9.522E-01	9.789E-01	36.500	145	145	141
Q53558_Q50_lddt	Q0ZNJ3_Q50_lddt.pdb	9.819E-01	9.753E-01	9.623E-01	47.900	145	146	147
Q53558_Q50_lddt	Q51418_Q50_lddt.pdb	9.846E-01	9.444E-01	9.777E-01	43.400	145	145	140
Q53558_Q50_lddt	Q6MXT4_Q50_lddt.pdb	9.800E-01	9.401E-01	9.731E-01	40.600	145	145	140
Q53558_Q50_lddt	P18150_Q50_lddt.pdb	9.635E-01	9.570E-01	9.505E-01	49.300	145	148	146
Q53558_Q50_lddt	E5LCR3_Q50_lddt.pdb	9.735E-01	9.407E-01	9.668E-01	46.200	145	145	141
Q53558_Q50_lddt	P00553_Q50_lddt.pdb	9.653E-01	9.394E-01	9.587E-01	38.600	145	145	142
Q53558_Q50_lddt	P00552_Q50_lddt.pdb	9.600E-01	9.280E-01	9.535E-01	44.100	145	145	141
Q53558_Q50_lddt	A0JE50_Q50_lddt.pdb	9.454E-01	9.391E-01	9.329E-01	43.200	145	148	146
Q53558_Q50_lddt	P14509_Q50_lddt.pdb	9.550E-01	9.167E-01	9.484E-01	38.600	145	145	140
Q53558_Q50_lddt	AF-A0A416RJZ9-F1-model_v4_Q50_lddt.pdb	9.406E-01	9.033E-01	9.279E-01	35.600	145	146	141
Q53558_Q50_lddt	N8ZRE3_Q50_lddt.pdb	9.343E-01	9.034E-01	9.217E-01	32.600	145	147	142
Q53558_Q50_lddt	P09885_Q50_lddt.pdb	9.316E-01	9.009E-01	9.191E-01	27.200	145	147	142
Q53558_Q50_lddt	P14508_Q50_lddt.pdb	9.367E-01	8.935E-01	9.240E-01	29.400	145	146	140
Q53558_Q50_lddt	Q4A4J8_Q50_lddt.pdb	9.270E-01	8.965E-01	9.146E-01	27.800	145	147	142
Q53558_Q50_lddt	S3N4B0_Q50_lddt.pdb	9.239E-01	8.936E-01	9.115E-01	30.600	145	147	142
P13250_Q50_lddt	P13250_Q50_lddt.pdb	1.007E+00	1.000E+00	1.000E+00	100.000	142	142	142
P13250_Q50_lddt	P00555_Q50_lddt.pdb	9.978E-01	9.908E-01	9.705E-01	80.000	142	145	145
P13250_Q50_lddt	Q9F9M5_Q50_lddt.pdb	9.965E-01	9.895E-01	9.692E-01	65.500	142	145	145
P13250_Q50_lddt	Q53558_Q50_lddt.pdb	9.937E-01	9.868E-01	9.666E-01	76.500	142	145	145
P13250_Q50_lddt	AF-Q8GRG4-F1-model_v6_Q50_lddt.pdb	9.701E-01	9.567E-01	9.633E-01	38.100	142	144	141
P13250_Q50_lddt	E5LCR3_Q50_lddt.pdb	9.661E-01	9.528E-01	9.594E-01	44.400	142	144	141
P13250_Q50_lddt	P00552_Q50_lddt.pdb	9.661E-01	9.528E-01	9.594E-01	43.000	142	144	141
P13250_Q50_lddt	P00553_Q50_lddt.pdb	9.602E-01	9.536E-01	9.536E-01	37.500	142	144	142
P13250_Q50_lddt	Q51418_Q50_lddt.pdb	9.656E-01	9.456E-01	9.588E-01	43.700	142	144	140
P13250_Q50_lddt	Q0ZNJ3_Q50_lddt.pdb	9.717E-01	9.650E-01	9.332E-01	47.200	142	146	147
P13250_Q50_lddt	Q6MXT4_Q50_lddt.pdb	9.600E-01	9.402E-01	9.533E-01	37.500	142	144	140
P13250_Q50_lddt	P18150_Q50_lddt.pdb	9.552E-01	9.486E-01	9.233E-01	48.600	142	148	146
P13250_Q50_lddt	P14509_Q50_lddt.pdb	9.409E-01	9.218E-01	9.345E-01	42.300	142	144	140
P13250_Q50_lddt	AF-A0A416RJZ9-F1-model_v4_Q50_lddt.pdb	9.391E-01	9.200E-01	9.263E-01	34.400	142	145	141
P13250_Q50_lddt	N8ZRE3_Q50_lddt.pdb	9.336E-01	9.209E-01	9.209E-01	30.100	142	146	142
P13250_Q50_lddt	P14508_Q50_lddt.pdb	9.389E-01	9.134E-01	9.260E-01	27.500	142	145	140
P13250_Q50_lddt	P09885_Q50_lddt.pdb	9.310E-01	9.184E-01	9.184E-01	28.000	142	146	142
P13250_Q50_lddt	Q4A4J8_Q50_lddt.pdb	9.270E-01	9.145E-01	9.145E-01	27.300	142	146	142
P13250_Q50_lddt	S3N4B0_Q50_lddt.pdb	9.238E-01	9.114E-01	9.114E-01	28.700	142	146	142
P13250_Q50_lddt	A0JE50_Q50_lddt.pdb	9.248E-01	9.186E-01	8.947E-01	45.900	142	148	146
Q6MXT4_Q50_lddt	Q6MXT4_Q50_lddt.pdb	1.007E+00	1.000E+00	1.000E+00	100.000	140	140	140
Q6MXT4_Q50_lddt	AF-Q8GRG4-F1-model_v6_Q50_lddt.pdb	9.917E-01	9.847E-01	9.778E-01	39.000	140	141	141
Q6MXT4_Q50_lddt	Q51418_Q50_lddt.pdb	9.768E-01	9.700E-01	9.700E-01	38.200	140	141	140
Q6MXT4_Q50_lddt	P14509_Q50_lddt.pdb	9.667E-01	9.600E-01	9.600E-01	65.200	140	141	140
Q6MXT4_Q50_lddt	Q53558_Q50_lddt.pdb	9.800E-01	9.731E-01	9.401E-01	40.600	140	145	145
Q6MXT4_Q50_lddt	E5LCR3_Q50_lddt.pdb	9.697E-01	9.630E-01	9.564E-01	46.000	140	141	141
Q6MXT4_Q50_lddt	P00555_Q50_lddt.pdb	9.725E-01	9.658E-01	9.332E-01	39.300	140	145	145
Q6MXT4_Q50_lddt	P13250_Q50_lddt.pdb	9.600E-01	9.533E-01	9.402E-01	37.500	140	144	142
Q6MXT4_Q50_lddt	P00552_Q50_lddt.pdb	9.598E-01	9.532E-01	9.466E-01	38.200	140	141	141
Q6MXT4_Q50_lddt	P00553_Q50_lddt.pdb	9.603E-01	9.537E-01	9.408E-01	35.200	140	142	142
Q6MXT4_Q50_lddt	Q9F9M5_Q50_lddt.pdb	9.660E-01	9.593E-01	9.272E-01	41.300	140	145	145
Q6MXT4_Q50_lddt	Q0ZNJ3_Q50_lddt.pdb	9.584E-01	9.518E-01	9.079E-01	33.500	140	146	147
Q6MXT4_Q50_lddt	P18150_Q50_lddt.pdb	9.427E-01	9.361E-01	8.988E-01	33.700	140	148	146
Q6MXT4_Q50_lddt	AF-A0A416RJZ9-F1-model_v4_Q50_lddt.pdb	9.292E-01	9.229E-01	9.166E-01	31.600	140	142	141
Q6MXT4_Q50_lddt	N8ZRE3_Q50_lddt.pdb	9.280E-01	9.217E-01	9.093E-01	32.100	140	143	142
Q6MXT4_Q50_lddt	P09885_Q50_lddt.pdb	9.281E-01	9.218E-01	9.095E-01	31.400	140	143	142
Q6MXT4_Q50_lddt	P14508_Q50_lddt.pdb	9.244E-01	9.119E-01	9.119E-01	25.300	140	142	140
Q6MXT4_Q50_lddt	Q4A4J8_Q50_lddt.pdb	9.230E-01	9.168E-01	9.046E-01	29.300	140	143	142
Q6MXT4_Q50_lddt	S3N4B0_Q50_lddt.pdb	9.183E-01	9.122E-01	9.001E-01	35.600	140	143	142
Q6MXT4_Q50_lddt	A0JE50_Q50_lddt.pdb	9.148E-01	9.086E-01	8.733E-01	32.400	140	148	146
P00555_Q50_lddt	P00555_Q50_lddt.pdb	1.007E+00	1.000E+00	1.000E+00	100.000	145	145	145
P00555_Q50_lddt	Q9F9M5_Q50_lddt.pdb	1.000E+00	9.932E-01	9.932E-01	71.000	145	145	145
P00555_Q50_lddt	Q53558_Q50_lddt.pdb	9.991E-01	9.922E-01	9.922E-01	78.600	145	145	145
P00555_Q50_lddt	P13250_Q50_lddt.pdb	9.978E-01	9.705E-01	9.908E-01	80.000	145	145	142
P00555_Q50_lddt	AF-Q8GRG4-F1-model_v6_Q50_lddt.pdb	9.836E-01	9.501E-01	9.767E-01	37.200	145	145	141
P00555_Q50_lddt	Q0ZNJ3_Q50_lddt.pdb	9.757E-01	9.691E-01	9.563E-01	50.600	145	146	147
P00555_Q50_lddt	E5LCR3_Q50_lddt.pdb	9.784E-01	9.452E-01	9.716E-01	44.800	145	145	141
P00555_Q50_lddt	Q51418_Q50_lddt.pdb	9.801E-01	9.403E-01	9.733E-01	45.500	145	145	140
P00555_Q50_lddt	P00553_Q50_lddt.pdb	9.693E-01	9.432E-01	9.626E-01	41.300	145	145	142
P00555_Q50_lddt	P18150_Q50_lddt.pdb	9.595E-01	9.530E-01	9.466E-01	53.300	145	148	146
P00555_Q50_lddt	Q6MXT4_Q50_lddt.pdb	9.725E-01	9.332E-01	9.658E-01	39.300	145	145	140
P00555_Q50_lddt	P00552_Q50_lddt.pdb	9.697E-01	9.371E-01	9.630E-01	44.800	145	145	141
P00555_Q50_lddt	P14509_Q50_lddt.pdb	9.502E-01	9.123E-01	9.437E-01	42.000	145	145	140
P00555_Q50_lddt	A0JE50_Q50_lddt.pdb	9.349E-01	9.287E-01	9.226E-01	47.900	145	148	146
P00555_Q50_lddt	AF-A0A416RJZ9-F1-model_v4_Q50_lddt.pdb	9.480E-01	9.101E-01	9.350E-01	37.600	145	146	141
P00555_Q50_lddt	N8ZRE3_Q50_lddt.pdb	9.412E-01	9.099E-01	9.284E-01	31.900	145	147	142
P00555_Q50_lddt	P14508_Q50_lddt.pdb	9.458E-01	9.018E-01	9.328E-01	30.100	145	146	140
P00555_Q50_lddt	P09885_Q50_lddt.pdb	9.374E-01	9.063E-01	9.247E-01	29.200	145	147	142
P00555_Q50_lddt	Q4A4J8_Q50_lddt.pdb	9.330E-01	9.022E-01	9.204E-01	29.200	145	147	142
P00555_Q50_lddt	S3N4B0_Q50_lddt.pdb	9.306E-01	9.000E-01	9.181E-01	28.500	145	147	142
Q51418_Q50_lddt	Q51418_Q50_lddt.pdb	1.007E+00	1.000E+00	1.000E+00	100.000	140	140	140
Q51418_Q50_lddt	AF-Q8GRG4-F1-model_v6_Q50_lddt.pdb	9.962E-01	9.891E-01	9.822E-01	46.800	140	141	141
Q51418_Q50_lddt	E5LCR3_Q50_lddt.pdb	9.905E-01	9.835E-01	9.767E-01	58.800	140	141	141
Q51418_Q50_lddt	Q6MXT4_Q50_lddt.pdb	9.768E-01	9.700E-01	9.700E-01	38.200	140	141	140
Q51418_Q50_lddt	Q53558_Q50_lddt.pdb	9.846E-01	9.777E-01	9.444E-01	43.400	140	145	145
Q51418_Q50_lddt	P00553_Q50_lddt.pdb	9.754E-01	9.686E-01	9.553E-01	45.700	140	142	142
Q51418_Q50_lddt	Q9F9M5_Q50_lddt.pdb	9.806E-01	9.737E-01	9.407E-01	45.500	140	145	145
Q51418_Q50_lddt	P00555_Q50_lddt.pdb	9.801E-01	9.733E-01	9.403E-01	45.500	140	145	145
Q51418_Q50_lddt	P00552_Q50_lddt.pdb	9.708E-01	9.640E-01	9.574E-01	58.800	140	141	141
Q51418_Q50_lddt	Q0ZNJ3_Q50_lddt.pdb	9.818E-01	9.749E-01	9.292E-01	39.000	140	146	147
Q51418_Q50_lddt	P13250_Q50_lddt.pdb	9.656E-01	9.588E-01	9.456E-01	43.700	140	144	142
Q51418_Q50_lddt	P18150_Q50_lddt.pdb	9.691E-01	9.622E-01	9.232E-01	42.100	140	147	146
Q51418_Q50_lddt	P14509_Q50_lddt.pdb	9.524E-01	9.458E-01	9.458E-01	40.100	140	142	140
Q51418_Q50_lddt	A0JE50_Q50_lddt.pdb	9.466E-01	9.401E-01	9.027E-01	36.700	140	147	146
Q51418_Q50_lddt	N8ZRE3_Q50_lddt.pdb	9.327E-01	9.263E-01	9.138E-01	28.400	140	144	142
Q51418_Q50_lddt	AF-A0A416RJZ9-F1-model_v4_Q50_lddt.pdb	9.291E-01	9.228E-01	9.166E-01	37.000	140	143	141
Q51418_Q50_lddt	P14508_Q50_lddt.pdb	9.292E-01	9.165E-01	9.165E-01	30.000	140	143	140
Q51418_Q50_lddt	P09885_Q50_lddt.pdb	9.278E-01	9.215E-01	9.092E-01	27.700	140	144	142
Q51418_Q50_lddt	Q4A4J8_Q50_lddt.pdb	9.227E-01	9.164E-01	9.042E-01	26.300	140	144	142
Q51418_Q50_lddt	S3N4B0_Q50_lddt.pdb	9.211E-01	9.149E-01	9.027E-01	30.500	140	144	142
P09885_Q50_lddt	P09885_Q50_lddt.pdb	1.007E+00	1.000E+00	1.000E+00	100.000	142	142	142
P09885_Q50_lddt	Q4A4J8_Q50_lddt.pdb	1.005E+00	9.977E-01	9.977E-01	93.600	142	142	142
P09885_Q50_lddt	S3N4B0_Q50_lddt.pdb	1.003E+00	9.960E-01	9.960E-01	66.900	142	142	142
P09885_Q50_lddt	N8ZRE3_Q50_lddt.pdb	9.979E-01	9.909E-01	9.909E-01	59.100	142	142	142
P09885_Q50_lddt	AF-A0A416RJZ9-F1-model_v4_Q50_lddt.pdb	9.869E-01	9.732E-01	9.800E-01	39.400	142	142	141
P09885_Q50_lddt	P14508_Q50_lddt.pdb	9.860E-01	9.655E-01	9.791E-01	45.700	142	142	140
P09885_Q50_lddt	P00553_Q50_lddt.pdb	9.428E-01	9.300E-01	9.300E-01	37.200	142	145	142
P09885_Q50_lddt	P00552_Q50_lddt.pdb	9.405E-01	9.277E-01	9.341E-01	27.000	142	144	141
P09885_Q50_lddt	E5LCR3_Q50_lddt.pdb	9.315E-01	9.190E-01	9.252E-01	28.400	142	144	141
P09885_Q50_lddt	P13250_Q50_lddt.pdb	9.310E-01	9.184E-01	9.184E-01	28.000	142	146	142
P09885_Q50_lddt	AF-Q8GRG4-F1-model_v6_Q50_lddt.pdb	9.284E-01	9.159E-01	9.221E-01	32.600	142	144	141
P09885_Q50_lddt	P00555_Q50_lddt.pdb	9.374E-01	9.247E-01	9.063E-01	29.200	142	147	145
P09885_Q50_lddt	Q9F9M5_Q50_lddt.pdb	9.372E-01	9.245E-01	9.061E-01	27.200	142	147	145
P09885_Q50_lddt	Q51418_Q50_lddt.pdb	9.278E-01	9.092E-01	9.215E-01	27.700	142	144	140
P09885_Q50_lddt	Q6MXT4_Q50_lddt.pdb	9.281E-01	9.095E-01	9.218E-01	31.400	142	143	140
P09885_Q50_lddt	Q53558_Q50_lddt.pdb	9.316E-01	9.191E-01	9.009E-01	27.200	142	147	145
P09885_Q50_lddt	P14509_Q50_lddt.pdb	9.097E-01	8.914E-01	9.035E-01	28.900	142	145	140
P09885_Q50_lddt	Q0ZNJ3_Q50_lddt.pdb	9.186E-01	9.064E-01	8.772E-01	27.000	142	148	147
P09885_Q50_lddt	P18150_Q50_lddt.pdb	9.050E-01	8.929E-01	8.697E-01	26.800	142	149	146
P09885_Q50_lddt	A0JE50_Q50_lddt.pdb	8.696E-01	8.583E-01	8.367E-01	25.500	142	149	146
Q4A4J8_Q50_lddt	Q4A4J8_Q50_lddt.pdb	1.007E+00	1.000E+00	1.000E+00	100.000	142	142	142
Q4A4J8_Q50_lddt	P09885_Q50_lddt.pdb	1.005E+00	9.977E-01	9.977E-01	93.600	142	142	142
Q4A4J8_Q50_lddt	S3N4B0_Q50_lddt.pdb	1.001E+00	9.944E-01	9.944E-01	66.900	142	142	142
Q4A4J8_Q50_lddt	N8ZRE3_Q50_lddt.pdb	9.933E-01	9.864E-01	9.864E-01	56.300	142	142	142
Q4A4J8_Q50_lddt	AF-A0A416RJZ9-F1-model_v4_Q50_lddt.pdb	9.858E-01	9.721E-01	9.789E-01	38.700	142	142	141
Q4A4J8_Q50_lddt	P14508_Q50_lddt.pdb	9.849E-01	9.644E-01	9.780E-01	46.400	142	142	140
Q4A4J8_Q50_lddt	P00553_Q50_lddt.pdb	9.389E-01	9.262E-01	9.262E-01	37.200	142	145	142
Q4A4J8_Q50_lddt	P00552_Q50_lddt.pdb	9.361E-01	9.234E-01	9.297E-01	25.600	142	144	141
Q4A4J8_Q50_lddt	E5LCR3_Q50_lddt.pdb	9.268E-01	9.144E-01	9.205E-01	28.400	142	144	141
Q4A4J8_Q50_lddt	P13250_Q50_lddt.pdb	9.270E-01	9.145E-01	9.145E-01	27.300	142	146	142
Q4A4J8_Q50_lddt	AF-Q8GRG4-F1-model_v6_Q50_lddt.pdb	9.239E-01	9.115E-01	9.176E-01	29.800	142	144	141
Q4A4J8_Q50_lddt	Q9F9M5_Q50_lddt.pdb	9.334E-01	9.208E-01	9.026E-01	27.800	142	147	145
Q4A4J8_Q50_lddt	P00555_Q50_lddt.pdb	9.330E-01	9.204E-01	9.022E-01	29.200	142	147	145
Q4A4J8_Q50_lddt	Q51418_Q50_lddt.pdb	9.227E-01	9.042E-01	9.164E-01	26.300	142	144	140
Q4A4J8_Q50_lddt	Q6MXT4_Q50_lddt.pdb	9.230E-01	9.046E-01	9.168E-01	29.300	142	143	140
Q4A4J8_Q50_lddt	Q53558_Q50_lddt.pdb	9.270E-01	9.146E-01	8.965E-01	27.800	142	147	145
Q4A4J8_Q50_lddt	P14509_Q50_lddt.pdb	9.055E-01	8.875E-01	8.994E-01	28.200	142	145	140
Q4A4J8_Q50_lddt	Q0ZNJ3_Q50_lddt.pdb	9.138E-01	9.017E-01	8.728E-01	27.000	142	148	147
Q4A4J8_Q50_lddt	P18150_Q50_lddt.pdb	9.005E-01	8.885E-01	8.655E-01	26.100	142	149	146
Q4A4J8_Q50_lddt	A0JE50_Q50_lddt.pdb	8.656E-01	8.545E-01	8.330E-01	24.100	142	149	146
S3N4B0_Q50_lddt	S3N4B0_Q50_lddt.pdb	1.007E+00	1.000E+00	1.000E+00	100.000	142	142	142
S3N4B0_Q50_lddt	P09885_Q50_lddt.pdb	1.003E+00	9.960E-01	9.960E-01	66.900	142	142	142
S3N4B0_Q50_lddt	Q4A4J8_Q50_lddt.pdb	1.001E+00	9.944E-01	9.944E-01	66.900	142	142	142
S3N4B0_Q50_lddt	N8ZRE3_Q50_lddt.pdb	9.968E-01	9.899E-01	9.899E-01	56.300	142	142	142
S3N4B0_Q50_lddt	AF-A0A416RJZ9-F1-model_v4_Q50_lddt.pdb	9.839E-01	9.703E-01	9.770E-01	40.800	142	142	141
S3N4B0_Q50_lddt	P14508_Q50_lddt.pdb	9.843E-01	9.639E-01	9.774E-01	40.800	142	142	140
S3N4B0_Q50_lddt	P00552_Q50_lddt.pdb	9.348E-01	9.222E-01	9.284E-01	30.500	142	144	141
S3N4B0_Q50_lddt	P00553_Q50_lddt.pdb	9.367E-01	9.241E-01	9.241E-01	32.400	142	145	142
S3N4B0_Q50_lddt	E5LCR3_Q50_lddt.pdb	9.258E-01	9.134E-01	9.196E-01	34.000	142	144	141
S3N4B0_Q50_lddt	P13250_Q50_lddt.pdb	9.238E-01	9.114E-01	9.114E-01	28.700	142	146	142
S3N4B0_Q50_lddt	Q9F9M5_Q50_lddt.pdb	9.321E-01	9.195E-01	9.013E-01	29.900	142	147	145
S3N4B0_Q50_lddt	AF-Q8GRG4-F1-model_v6_Q50_lddt.pdb	9.219E-01	9.096E-01	9.157E-01	31.900	142	144	141
S3N4B0_Q50_lddt	P00555_Q50_lddt.pdb	9.306E-01	9.181E-01	9.000E-01	28.500	142	147	145
S3N4B0_Q50_lddt	Q51418_Q50_lddt.pdb	9.211E-01	9.027E-01	9.149E-01	30.500	142	144	140
S3N4B0_Q50_lddt	Q6MXT4_Q50_lddt.pdb	9.183E-01	9.001E-01	9.122E-01	35.600	142	143	140
S3N4B0_Q50_lddt	Q53558_Q50_lddt.pdb	9.239E-01	9.115E-01	8.936E-01	30.600	142	147	145
S3N4B0_Q50_lddt	P14509_Q50_lddt.pdb	9.026E-01	8.846E-01	8.965E-01	32.400	142	145	140
S3N4B0_Q50_lddt	Q0ZNJ3_Q50_lddt.pdb	9.135E-01	9.014E-01	8.726E-01	25.600	142	148	147
S3N4B0_Q50_lddt	P18150_Q50_lddt.pdb	8.996E-01	8.877E-01	8.647E-01	27.500	142	149	146
S3N4B0_Q50_lddt	A0JE50_Q50_lddt.pdb	8.658E-01	8.546E-01	8.332E-01	26.800	142	149	146
P14509_Q50_lddt	P14509_Q50_lddt.pdb	1.007E+00	1.000E+00	1.000E+00	100.000	140	140	140
P14509_Q50_lddt	Q6MXT4_Q50_lddt.pdb	9.667E-01	9.600E-01	9.600E-01	65.200	140	141	140
P14509_Q50_lddt	AF-Q8GRG4-F1-model_v6_Q50_lddt.pdb	9.630E-01	9.563E-01	9.497E-01	38.700	140	142	141
P14509_Q50_lddt	Q51418_Q50_lddt.pdb	9.524E-01	9.458E-01	9.458E-01	40.100	140	142	140
P14509_Q50_lddt	E5LCR3_Q50_lddt.pdb	9.481E-01	9.416E-01	9.351E-01	44.300	140	142	141
P14509_Q50_lddt	Q53558_Q50_lddt.pdb	9.550E-01	9.484E-01	9.167E-01	38.600	140	145	145
P14509_Q50_lddt	P00555_Q50_lddt.pdb	9.502E-01	9.437E-01	9.123E-01	42.000	140	145	145
P14509_Q50_lddt	P13250_Q50_lddt.pdb	9.409E-01	9.345E-01	9.218E-01	42.300	140	144	142
P14509_Q50_lddt	Q9F9M5_Q50_lddt.pdb	9.481E-01	9.416E-01	9.103E-01	42.000	140	145	145
P14509_Q50_lddt	P00553_Q50_lddt.pdb	9.417E-01	9.353E-01	9.227E-01	34.500	140	142	142
P14509_Q50_lddt	P00552_Q50_lddt.pdb	9.340E-01	9.276E-01	9.214E-01	38.700	140	142	141
P14509_Q50_lddt	Q0ZNJ3_Q50_lddt.pdb	9.410E-01	9.346E-01	8.918E-01	34.200	140	146	147
P14509_Q50_lddt	P18150_Q50_lddt.pdb	9.211E-01	9.148E-01	8.787E-01	32.400	140	148	146
P14509_Q50_lddt	AF-A0A416RJZ9-F1-model_v4_Q50_lddt.pdb	9.096E-01	9.035E-01	8.974E-01	29.800	140	144	141
P14509_Q50_lddt	P09885_Q50_lddt.pdb	9.097E-01	9.035E-01	8.914E-01	28.900	140	145	142
P14509_Q50_lddt	N8ZRE3_Q50_lddt.pdb	9.060E-01	8.999E-01	8.879E-01	28.200	140	145	142
P14509_Q50_lddt	Q4A4J8_Q50_lddt.pdb	9.055E-01	8.994E-01	8.875E-01	28.200	140	145	142
P14509_Q50_lddt	P14508_Q50_lddt.pdb	9.038E-01	8.916E-01	8.916E-01	22.900	140	144	140
P14509_Q50_lddt	S3N4B0_Q50_lddt.pdb	9.026E-01	8.965E-01	8.846E-01	32.400	140	145	142
P14509_Q50_lddt	A0JE50_Q50_lddt.pdb	8.988E-01	8.928E-01	8.582E-01	31.700	140	148	146
